Unity Editor version:    2022.3.0f1 (fb119bb0b476)
Branch:                  2022.3/release
Build type:              Release
Batch mode:              YES
macOS version:           Version 26.3.1 (a) (Build 25D771280a)
Darwin version:          25.3.0
Architecture:            arm64
Running under Rosetta:   NO
Available memory:        8192 MB
[Licensing::Module] Trying to connect to existing licensing client channel...
[Licensing::IpcConnector] Connection attempt to the License Client on channel: "LicenseClient-guribbong" failed because channel doesn't exist; code: "0x80000002"
Launching external process: /Applications/Unity/Hub/Editor/2022.3.0f1/Unity.app/Contents/Frameworks/UnityLicensingClient.app/Contents/MacOS/Unity.Licensing.Client
[Licensing::Module] Successfully launched the LicensingClient (PId: 53035)
[Licensing::IpcConnector] Successfully connected to the License Client on channel: "LicenseClient-guribbong"
[Licensing::Client] Handshaking with LicensingClient:
  Version:                 1.12.1+9338cad
  Session Id:              fdbcf009d7874b02b3a14e7e2372927d
  Correlation Id:          91a3eb16a8defe7705b42c59593235b9
  External correlation Id: 4544397984198265277
  Machine Id:              kK/taOzULwH3CoqhnK6anvJ0b88=
[Licensing::Module] Successfully connected to LicensingClient on channel: "LicenseClient-guribbong" (connect: 3.55s, validation: 0.26s, handshake: 0.58s)
[Licensing::IpcConnector] Successfully connected to the License Notification on channel: "LicenseClient-guribbong-notifications"
[Licensing::Module] Connected to LicensingClient (PId: 53035, launch time: 0.00, total connection time: 4.38s)
[Licensing::Module] Error: Access token is unavailable; failed to update
[Licensing::Client] Error: Code 500 while processing request (status: Unable to update licenses. Errors: No ULF license found.,Token not found in cache)
[Licensing::Client] Error: Code 500 while updating license in client (status: Unable to update licenses. Errors: No ULF license found.,Token not found in cache)
[Licensing::Client] Successfully resolved entitlements
[Licensing::Module] Serial number assigned to: "14568638156105-UnityPersXXXX"
Pro License: NO
Launching external process: /Applications/Unity/Hub/Editor/2022.3.0f1/Unity.app/Contents/Resources/PackageManager/Server/UnityPackageManager

COMMAND LINE ARGUMENTS:
/Applications/Unity/Hub/Editor/2022.3.0f1/Unity.app/Contents/MacOS/Unity
-batchmode
-projectPath
unity/EmbodiedDebate
-executeMethod
ArgusUnity.Editor.IsolatedPrototypeSpaceBuilder.CaptureAndQuit
-logFile
tmp/isolated-capture.log
Successfully changed project path to: /Users/guribbong/code/Argus/unity/EmbodiedDebate
/Users/guribbong/code/Argus/unity/EmbodiedDebate
[UnityMemory] Configuration Parameters - Can be set up in boot.config
    "memorysetup-bucket-allocator-granularity=16"
    "memorysetup-bucket-allocator-bucket-count=8"
    "memorysetup-bucket-allocator-block-size=33554432"
    "memorysetup-bucket-allocator-block-count=8"
    "memorysetup-main-allocator-block-size=16777216"
    "memorysetup-thread-allocator-block-size=16777216"
    "memorysetup-gfx-main-allocator-block-size=16777216"
    "memorysetup-gfx-thread-allocator-block-size=16777216"
    "memorysetup-cache-allocator-block-size=4194304"
    "memorysetup-typetree-allocator-block-size=2097152"
    "memorysetup-profiler-bucket-allocator-granularity=16"
    "memorysetup-profiler-bucket-allocator-bucket-count=8"
    "memorysetup-profiler-bucket-allocator-block-size=33554432"
    "memorysetup-profiler-bucket-allocator-block-count=8"
    "memorysetup-profiler-allocator-block-size=16777216"
    "memorysetup-profiler-editor-allocator-block-size=1048576"
    "memorysetup-temp-allocator-size-main=16777216"
    "memorysetup-job-temp-allocator-block-size=2097152"
    "memorysetup-job-temp-allocator-block-size-background=1048576"
    "memorysetup-job-temp-allocator-reduction-small-platforms=262144"
    "memorysetup-allocator-temp-initial-block-size-main=262144"
    "memorysetup-allocator-temp-initial-block-size-worker=262144"
    "memorysetup-temp-allocator-size-background-worker=32768"
    "memorysetup-temp-allocator-size-job-worker=262144"
    "memorysetup-temp-allocator-size-preload-manager=33554432"
    "memorysetup-temp-allocator-size-nav-mesh-worker=65536"
    "memorysetup-temp-allocator-size-audio-worker=65536"
    "memorysetup-temp-allocator-size-cloud-worker=32768"
    "memorysetup-temp-allocator-size-gi-baking-worker=262144"
    "memorysetup-temp-allocator-size-gfx=262144"
Player connection [8649715968] Host "[IP] 192.168.3.1 [Port] 55496 [Flags] 2 [Guid] 261937040 [EditorId] 261937040 [Version] 1048832 [Id] OSXEditor(0,topabaem.local) [Debug] 1 [PackageName] OSXEditor [ProjectName] Editor" joined multi-casting on [225.0.0.222:54997]...

Player connection [8649715968] Host "[IP] 192.168.3.1 [Port] 55496 [Flags] 2 [Guid] 261937040 [EditorId] 261937040 [Version] 1048832 [Id] OSXEditor(0,topabaem.local) [Debug] 1 [PackageName] OSXEditor [ProjectName] Editor" joined alternative multi-casting on [225.0.0.222:34997]...

[Package Manager] UpmClient::Connect -- Connected to IPC stream "Upm-53033" after 1.9 seconds.
[Licensing::Client] Successfully resolved entitlements
[Package Manager] Restoring resolved packages state from cache
[Licensing::Client] Successfully resolved entitlement details
[Package Manager] Registered 8 packages:
  Packages from [https://packages.unity.com]:
    com.unity.nuget.newtonsoft-json@3.2.1 (location: /Users/guribbong/code/Argus/unity/EmbodiedDebate/Library/PackageCache/com.unity.nuget.newtonsoft-json@3.2.1)
    com.unity.test-framework@1.1.33 (location: /Users/guribbong/code/Argus/unity/EmbodiedDebate/Library/PackageCache/com.unity.test-framework@1.1.33)
    com.unity.ext.nunit@1.0.6 (location: /Users/guribbong/code/Argus/unity/EmbodiedDebate/Library/PackageCache/com.unity.ext.nunit@1.0.6)
  Built-in packages:
    com.unity.modules.imageconversion@1.0.0 (location: /Users/guribbong/code/Argus/unity/EmbodiedDebate/Library/PackageCache/com.unity.modules.imageconversion@1.0.0)
    com.unity.modules.physics@1.0.0 (location: /Users/guribbong/code/Argus/unity/EmbodiedDebate/Library/PackageCache/com.unity.modules.physics@1.0.0)
    com.unity.modules.unitywebrequest@1.0.0 (location: /Users/guribbong/code/Argus/unity/EmbodiedDebate/Library/PackageCache/com.unity.modules.unitywebrequest@1.0.0)
    com.unity.modules.imgui@1.0.0 (location: /Users/guribbong/code/Argus/unity/EmbodiedDebate/Library/PackageCache/com.unity.modules.imgui@1.0.0)
    com.unity.modules.jsonserialize@1.0.0 (location: /Users/guribbong/code/Argus/unity/EmbodiedDebate/Library/PackageCache/com.unity.modules.jsonserialize@1.0.0)
[Subsystems] No new subsystems found in resolved package list.
Package Manager log level set to [2]
[Package Manager] Done registering packages in 0.40 seconds
Refreshing native plugins compatible for Editor in 5.91 ms, found 0 plugins.
Preloading 0 native plugins for Editor in 0.00 ms.
Initialize engine version: 2022.3.0f1 (fb119bb0b476)
[Subsystems] Discovering subsystems at path /Applications/Unity/Hub/Editor/2022.3.0f1/Unity.app/Contents/Resources/UnitySubsystems
[Subsystems] Discovering subsystems at path /Users/guribbong/code/Argus/unity/EmbodiedDebate/Assets
GfxDevice: creating device client; threaded=0; jobified=0
 preferred device: Apple M2 (high power)
Metal devices available: 1
0: Apple M2 (high power)
Using device Apple M2 (high power)
Initializing Metal device caps: Apple M2
[Licensing::Client] Successfully resolved entitlements
Initialize mono
Mono path[0] = '/Applications/Unity/Hub/Editor/2022.3.0f1/Unity.app/Contents/Managed'
Mono path[1] = '/Applications/Unity/Hub/Editor/2022.3.0f1/Unity.app/Contents/MonoBleedingEdge/lib/mono/unityjit-macos'
Mono config path = '/Applications/Unity/Hub/Editor/2022.3.0f1/Unity.app/Contents/MonoBleedingEdge/etc'
Using monoOptions --debugger-agent=transport=dt_socket,embedding=1,server=y,suspend=n,address=127.0.0.1:56033
Using cacheserver namespaces - metadata:defaultmetadata, artifacts:defaultartifacts
Using cacheserver namespaces - metadata:defaultmetadata, artifacts:defaultartifacts
ImportWorker Server TCP listen port: 0
Begin MonoManager ReloadAssembly
Registering precompiled unity dll's ...
Register platform support module: /Applications/Unity/Hub/Editor/2022.3.0f1/Unity.app/Contents/PlaybackEngines/MacStandaloneSupport/UnityEditor.OSXStandalone.Extensions.dll
Registered in 0.001612 seconds.
- Loaded All Assemblies, in  0.305 seconds
Native extension for OSXStandalone target not found
Mono: successfully reloaded assembly
- Finished resetting the current domain, in  0.203 seconds
Domain Reload Profiling: 508ms
	BeginReloadAssembly (105ms)
		ExecutionOrderSort (0ms)
		DisableScriptedObjects (0ms)
		BackupInstance (0ms)
		ReleaseScriptingObjects (0ms)
		CreateAndSetChildDomain (2ms)
	RebuildCommonClasses (35ms)
	RebuildNativeTypeToScriptingClass (8ms)
	initialDomainReloadingComplete (39ms)
	LoadAllAssembliesAndSetupDomain (117ms)
		LoadAssemblies (102ms)
		RebuildTransferFunctionScriptingTraits (0ms)
		AnalyzeDomain (112ms)
			TypeCache.Refresh (112ms)
				TypeCache.ScanAssembly (97ms)
			ScanForSourceGeneratedMonoScriptInfo (0ms)
			ResolveRequiredComponents (1ms)
	FinalizeReload (204ms)
		ReleaseScriptCaches (0ms)
		RebuildScriptCaches (0ms)
		SetupLoadedEditorAssemblies (159ms)
			LogAssemblyErrors (0ms)
			InitializePlatformSupportModulesInManaged (5ms)
			SetLoadedEditorAssemblies (5ms)
			RefreshPlugins (0ms)
			BeforeProcessingInitializeOnLoad (2ms)
			ProcessInitializeOnLoadAttributes (105ms)
			ProcessInitializeOnLoadMethodAttributes (41ms)
			AfterProcessingInitializeOnLoad (0ms)
			EditorAssembliesLoaded (0ms)
		ExecutionOrderSort2 (0ms)
		AwakeInstancesAfterBackupRestoration (0ms)
[Licensing::Client] Successfully resolved entitlements
Application.AssetDatabase Initial Refresh Start
[ScriptCompilation] Requested script compilation because: Assetdatabase observed changes in script compilation related files
[40m[32minfo[39m[22m[49m: Microsoft.Hosting.Lifetime[14]
      Now listening on: http://unix:/tmp/ilpp.sock-8e16111b622e4d5ea6b5ecc926298bfd
[40m[32minfo[39m[22m[49m: Microsoft.Hosting.Lifetime[0]
      Application started. Press Ctrl+C to shut down.
[40m[32minfo[39m[22m[49m: Microsoft.Hosting.Lifetime[0]
      Hosting environment: Production
[40m[32minfo[39m[22m[49m: Microsoft.Hosting.Lifetime[0]
      Content root path: /Users/guribbong/code/Argus/unity/EmbodiedDebate/
[40m[32minfo[39m[22m[49m: Microsoft.AspNetCore.Hosting.Diagnostics[1]
      Request starting HTTP/2 POST http://ilpp/UnityILPP.PostProcessing/Ping application/grpc -
[40m[32minfo[39m[22m[49m: Microsoft.AspNetCore.Routing.EndpointMiddleware[0]
      Executing endpoint 'gRPC - /UnityILPP.PostProcessing/Ping'
[40m[32minfo[39m[22m[49m: Microsoft.AspNetCore.Routing.EndpointMiddleware[1]
      Executed endpoint 'gRPC - /UnityILPP.PostProcessing/Ping'
[40m[32minfo[39m[22m[49m: Microsoft.AspNetCore.Hosting.Diagnostics[2]
      Request finished HTTP/2 POST http://ilpp/UnityILPP.PostProcessing/Ping application/grpc - - 200 - application/grpc 81.2700ms
Starting: /Applications/Unity/Hub/Editor/2022.3.0f1/Unity.app/Contents/bee_backend --dont-print-to-structured-log --ipc --defer-dag-verification --dagfile="Library/Bee/200b0aE.dag" --continue-on-failure --profile="Library/Bee/backend1.traceevents" ScriptAssemblies
WorkingDir: /Users/guribbong/code/Argus/unity/EmbodiedDebate
DisplayProgressbar: Compiling Scripts
ExitCode: 0 Duration: 2s842ms
[134/137    2s] Csc Library/Bee/artifacts/200b0aE.dag/ArgusUnity.Editor.dll (+2 others)
[135/137    0s] CopyFiles Library/ScriptAssemblies/ArgusUnity.Editor.pdb
[136/137    0s] CopyFiles Library/ScriptAssemblies/ArgusUnity.Editor.dll
*** Tundra build success (2.81 seconds), 3 items updated, 137 evaluated
Total cache size 1512040
Total cache size after purge 1512040
AssetDatabase: script compilation time: 3.647398s
Begin MonoManager ReloadAssembly
Symbol file LoadedFromMemory is not a mono symbol file
- Loaded All Assemblies, in  0.370 seconds
Refreshing native plugins compatible for Editor in 0.29 ms, found 0 plugins.
Preloading 0 native plugins for Editor in 0.00 ms.
Start importing Assets/Editor/IsolatedPrototypeSpaceBuilder.cs using Guid(65ad05fcea7524b19b650b3010c44e9d) Importer(-1,00000000000000000000000000000000)  -> (artifact id: '397fb75f4b520f57fa7eb8277820bd47') in 0.024901 seconds
Refreshing native plugins compatible for Editor in 0.35 ms, found 0 plugins.
Native extension for OSXStandalone target not found
Mono: successfully reloaded assembly
- Finished resetting the current domain, in  0.188 seconds
Domain Reload Profiling: 558ms
	BeginReloadAssembly (140ms)
		ExecutionOrderSort (0ms)
		DisableScriptedObjects (4ms)
		BackupInstance (0ms)
		ReleaseScriptingObjects (0ms)
		CreateAndSetChildDomain (31ms)
	RebuildCommonClasses (26ms)
	RebuildNativeTypeToScriptingClass (9ms)
	initialDomainReloadingComplete (20ms)
	LoadAllAssembliesAndSetupDomain (176ms)
		LoadAssemblies (145ms)
		RebuildTransferFunctionScriptingTraits (0ms)
		AnalyzeDomain (103ms)
			TypeCache.Refresh (101ms)
				TypeCache.ScanAssembly (96ms)
			ScanForSourceGeneratedMonoScriptInfo (1ms)
			ResolveRequiredComponents (0ms)
	FinalizeReload (188ms)
		ReleaseScriptCaches (0ms)
		RebuildScriptCaches (0ms)
		SetupLoadedEditorAssemblies (113ms)
			LogAssemblyErrors (0ms)
			InitializePlatformSupportModulesInManaged (2ms)
			SetLoadedEditorAssemblies (2ms)
			RefreshPlugins (0ms)
			BeforeProcessingInitializeOnLoad (17ms)
			ProcessInitializeOnLoadAttributes (80ms)
			ProcessInitializeOnLoadMethodAttributes (11ms)
			AfterProcessingInitializeOnLoad (1ms)
			EditorAssembliesLoaded (0ms)
		ExecutionOrderSort2 (0ms)
		AwakeInstancesAfterBackupRestoration (3ms)
Refreshing native plugins compatible for Editor in 0.35 ms, found 0 plugins.
Preloading 0 native plugins for Editor in 0.00 ms.
Asset Pipeline Refresh (id=a26b252503aca4c5a9fce7b6738ebf5f): Total: 4.577 seconds - Initiated by InitialRefreshV2(ForceSynchronousImport)
	Summary:
		Imports: total=5 (actual=1, local cache=4, cache server=0)
		Asset DB Process Time: managed=1 ms, native=319 ms
		Asset DB Callback time: managed=31 ms, native=9 ms
		Scripting: domain reloads=1, domain reload time=564 ms, compile time=3648 ms, other=2 ms
		Project Asset Count: scripts=419, non-scripts=122
		Asset File Changes: new=0, changed=1, moved=0, deleted=0
		Scan Filter Count: 1
	InvokeBeforeRefreshCallbacks: 0.523ms
	ApplyChangesToAssetFolders: 0.014ms
	Scan: 146.802ms
	OnSourceAssetsModified: 2.041ms
	GetAllGuidsForCategorization: 0.031ms
	CategorizeAssets: 9.070ms
	ImportOutOfDateAssets: 220.233ms (-3457.917ms without children)
		ImportManagerImport: 29.438ms (3.713ms without children)
			ImportInProcess: 25.722ms
			UpdateCategorizedAssets: 0.003ms
		CompileScripts: 3647.503ms
		ReloadNativeAssets: 0.000ms
		UnloadImportedAssets: 0.765ms
		ReloadImportedAssets: 0.000ms
		EnsureUptoDateAssetsAreRegisteredWithGuidPM: 0.108ms
		InitializingProgressBar: 0.000ms
		PostProcessAllAssetNotificationsAddChangedAssets: 0.000ms
		OnDemandSchedulerStart: 0.336ms
	PostProcessAllAssets: 33.367ms
	Hotreload: 4.744ms
	GatherAllCurrentPrimaryArtifactRevisions: 0.000ms
	UnloadStreamsBegin: 0.209ms
	PersistCurrentRevisions: 0.067ms
	UnloadStreamsEnd: 0.003ms
	GenerateScriptTypeHashes: 0.007ms
	Untracked: 4159.826ms
Application.AssetDatabase Initial Refresh End
Launching external process: /Applications/Unity/Hub/Editor/2022.3.0f1/Unity.app/Contents/Tools/UnityShaderCompiler
Launched and connected shader compiler UnityShaderCompiler after 0.26 seconds
Scanning for USB devices : 0.224ms
Initializing Unity extensions:
[Licensing::Client] Successfully resolved entitlements
[MODES] ModeService[none].Initialize
[MODES] ModeService[none].LoadModes
[MODES] Loading mode Default (0) for mode-current-id-EmbodiedDebate
ProgressiveSceneManager::Cancel()
Unloading 3 Unused Serialized files (Serialized files now loaded: 0)
Unloading 22 unused Assets / (373.6 KB). Loaded Objects now: 835.
Memory consumption went from 81.6 MB to 81.3 MB.
Total: 4.096292 ms (FindLiveObjects: 0.038792 ms CreateObjectMapping: 0.009334 ms MarkObjects: 3.302041 ms  DeleteObjects: 0.745625 ms)

Asset Pipeline Refresh (id=c0156e9fe1923434581c9263d552db8e): Total: 0.064 seconds - Initiated by RefreshV2(NoUpdateAssetOptions)
Unloading 0 Unused Serialized files (Serialized files now loaded: 0)
Unloading 1 unused Assets / (0.8 KB). Loaded Objects now: 835.
Memory consumption went from 79.7 MB to 79.7 MB.
Total: 3.174250 ms (FindLiveObjects: 0.035125 ms CreateObjectMapping: 0.009083 ms MarkObjects: 3.117209 ms  DeleteObjects: 0.012417 ms)

Start importing Assets/Project/Materials/ArgusFloorCoolGray.mat using Guid(c8e615c82ee874b7188bd683cd1672f9) Importer(-1,00000000000000000000000000000000)  -> (artifact id: '2592df0d6728b79fe9b78297025d79fd') in 0.002082 seconds
Start importing Assets/Project/Materials/ArgusSignalAmber.mat using Guid(8b3587cbf98074f1bbcda887b4d7329c) Importer(-1,00000000000000000000000000000000)  -> (artifact id: '63a3906f77700dc6e5a01c2f4947b43b') in 0.000762 seconds
Start importing Assets/Project/Materials/ArgusExteriorWall.mat using Guid(9d7cf9c5ffbbc48498cacd3cec9581da) Importer(-1,00000000000000000000000000000000)  -> (artifact id: 'ce529d21d4dc976dfa022d0c5121a152') in 0.000608 seconds
Start importing Assets/Project/Materials/ArgusPrototypeBlue.mat using Guid(feb17f78c3f2f488c8ae5096485c07d4) Importer(-1,00000000000000000000000000000000)  -> (artifact id: 'a1be135bd09531e3ebc61e5eb1691ce2') in 0.000634 seconds
Refreshing native plugins compatible for Editor in 0.34 ms, found 0 plugins.
Preloading 0 native plugins for Editor in 0.00 ms.
Asset Pipeline Refresh (id=30e33ca31797d49dca47421a84f07ae1): Total: 0.024 seconds - Initiated by StopAssetImportingV2(NoUpdateAssetOptions)
Start importing Assets/Project/Scenes/IsolatedPrototypeSpace.unity using Guid(a9555d570c48446d3816d4dffdc2ffa9) Importer(-1,00000000000000000000000000000000)  -> (artifact id: '284f93196a371a55060a5ccdc09fad9f') in 0.001964 seconds
Refreshing native plugins compatible for Editor in 0.68 ms, found 0 plugins.
Preloading 0 native plugins for Editor in 0.00 ms.
Asset Pipeline Refresh (id=85d3d461c827a467eaa69ef092bf081c): Total: 0.018 seconds - Initiated by StopAssetImportingV2(NoUpdateAssetOptions)
IsolatedPrototypeSpaceBuilder: saved Assets/Project/Scenes/IsolatedPrototypeSpace.unity
UnityEngine.StackTraceUtility:ExtractStackTrace () (at /Users/bokken/build/output/unity/unity/Runtime/Export/Scripting/StackTrace.cs:37)
UnityEngine.DebugLogHandler:LogFormat (UnityEngine.LogType,UnityEngine.Object,string,object[])
UnityEngine.Logger:Log (UnityEngine.LogType,object)
UnityEngine.Debug:Log (object)
ArgusUnity.Editor.IsolatedPrototypeSpaceBuilder:BuildScene () (at Assets/Editor/IsolatedPrototypeSpaceBuilder.cs:44)
ArgusUnity.Editor.IsolatedPrototypeSpaceBuilder:CaptureAndQuit () (at Assets/Editor/IsolatedPrototypeSpaceBuilder.cs:49)

(Filename: Assets/Editor/IsolatedPrototypeSpaceBuilder.cs Line: 44)

Opening scene 'Assets/Project/Scenes/IsolatedPrototypeSpace.unity'
Unloading 0 Unused Serialized files (Serialized files now loaded: 0)
Loaded scene 'Assets/Project/Scenes/IsolatedPrototypeSpace.unity'
	Deserialize:            3.368 ms
	Integration:            6.513 ms
	Integration of assets:  0.002 ms
	Thread Wait Time:       0.005 ms
	Total Operation Time:   9.888 ms
Unloading 9 unused Assets / (34.5 KB). Loaded Objects now: 1340.
Memory consumption went from 78.2 MB to 78.2 MB.
Total: 2.651042 ms (FindLiveObjects: 0.061916 ms CreateObjectMapping: 0.014209 ms MarkObjects: 2.504125 ms  DeleteObjects: 0.070500 ms)

[Project] Loading completed in 14.426 seconds
	Project init time: 				8.932 seconds
		Template init time: 		0.000 seconds
		Package Manager init time: 		1.892 seconds
		Asset Database init time: 		0.723 seconds
		Global illumination init time: 	0.006 seconds
		Assemblies load time: 			0.513 seconds
		Unity extensions init time: 	0.001 seconds
		Asset Database refresh time: 	0.064 seconds
	Scene opening time: 			0.312 seconds
##utp:{"type":"ProjectInfo","version":2,"phase":"Immediate","time":1777963620922,"processId":53033,"projectLoad":14.426097875000002,"projectInit":8.931595833,"templateInit":0.0,"packageManagerInit":1.892135666,"assetDatabaseInit":0.722946333,"globalIlluminationInit":0.006398584,"assembliesLoad":0.513453416,"unityExtensionsInit":0.001112125,"assetDatabaseRefresh":0.063686459,"sceneOpening":0.311898375}
##utp:{"type":"EditorInfo","version":2,"phase":"Immediate","time":1777963620922,"processId":53033,"editorVersion":"2022.3.0f1 (fb119bb0b476)","branch":"2022.3/release","buildType":"Release","platform":"OSX"}
Subscribe to USB device events
Scanning for USB devices : 0.163ms
Thread 0x328087000 may have been prematurely finalized
Reloading assemblies for play mode.
Reloading assemblies after forced synchronous recompile.
Begin MonoManager ReloadAssembly
Symbol file LoadedFromMemory is not a mono symbol file
- Loaded All Assemblies, in  0.174 seconds
Refreshing native plugins compatible for Editor in 0.21 ms, found 0 plugins.
Native extension for OSXStandalone target not found
Mono: successfully reloaded assembly
- Finished resetting the current domain, in  0.232 seconds
Domain Reload Profiling: 408ms
	BeginReloadAssembly (114ms)
		ExecutionOrderSort (0ms)
		DisableScriptedObjects (3ms)
		BackupInstance (0ms)
		ReleaseScriptingObjects (0ms)
		CreateAndSetChildDomain (34ms)
	RebuildCommonClasses (27ms)
	RebuildNativeTypeToScriptingClass (9ms)
	initialDomainReloadingComplete (17ms)
	LoadAllAssembliesAndSetupDomain (7ms)
		LoadAssemblies (69ms)
		RebuildTransferFunctionScriptingTraits (0ms)
		AnalyzeDomain (1ms)
			TypeCache.Refresh (0ms)
				TypeCache.ScanAssembly (0ms)
			ScanForSourceGeneratedMonoScriptInfo (0ms)
			ResolveRequiredComponents (1ms)
	FinalizeReload (233ms)
		ReleaseScriptCaches (0ms)
		RebuildScriptCaches (0ms)
		SetupLoadedEditorAssemblies (129ms)
			LogAssemblyErrors (0ms)
			InitializePlatformSupportModulesInManaged (3ms)
			SetLoadedEditorAssemblies (6ms)
			RefreshPlugins (0ms)
			BeforeProcessingInitializeOnLoad (19ms)
			ProcessInitializeOnLoadAttributes (87ms)
			ProcessInitializeOnLoadMethodAttributes (15ms)
			AfterProcessingInitializeOnLoad (1ms)
			EditorAssembliesLoaded (0ms)
		ExecutionOrderSort2 (0ms)
		AwakeInstancesAfterBackupRestoration (3ms)
Asset Pipeline Refresh (id=90de1a8d59da64d769098a44125713ed): Total: 0.442 seconds - Initiated by StopAssetImportingV2(ForceSynchronousImport | ForceDomainReload)
	Summary:
		Imports: total=0 (actual=0, local cache=0, cache server=0)
		Asset DB Process Time: managed=0 ms, native=22 ms
		Asset DB Callback time: managed=8 ms, native=0 ms
		Scripting: domain reloads=1, domain reload time=410 ms, compile time=0 ms, other=0 ms
		Project Asset Count: scripts=419, non-scripts=122
		Asset File Changes: new=0, changed=0, moved=0, deleted=0
		Scan Filter Count: 0
	InvokeBeforeRefreshCallbacks: 0.459ms
	ApplyChangesToAssetFolders: 0.008ms
	Scan: 0.000ms
	OnSourceAssetsModified: 0.001ms
	GetAllGuidsForCategorization: 0.043ms
	CategorizeAssets: 1.847ms
	ImportOutOfDateAssets: 234.067ms (233.767ms without children)
		CompileScripts: 0.008ms
		CollectScriptTypesHashes: 0.003ms
		ReloadNativeAssets: 0.005ms
		UnloadImportedAssets: 0.078ms
		EnsureUptoDateAssetsAreRegisteredWithGuidPM: 0.097ms
		InitializingProgressBar: 0.000ms
		PostProcessAllAssetNotificationsAddChangedAssets: 0.000ms
		OnDemandSchedulerStart: 0.109ms
	PostProcessAllAssets: 8.159ms
	GatherAllCurrentPrimaryArtifactRevisions: 0.018ms
	UnloadStreamsBegin: 0.027ms
	PersistCurrentRevisions: 0.018ms
	UnloadStreamsEnd: 0.001ms
	GenerateScriptTypeHashes: 0.004ms
	Untracked: 197.067ms
Loaded scene 'Temp/__Backupscenes/0.backup'
	Deserialize:            1.380 ms
	Integration:            11.232 ms
	Integration of assets:  0.001 ms
	Thread Wait Time:       0.005 ms
	Total Operation Time:   12.618 ms
[MODES] ModeService[none].Initialize
[MODES] ModeService[none].LoadModes
[MODES] Loading mode Default (0) for mode-current-id-EmbodiedDebate
Created GICache directory at /Users/guribbong/Library/Caches/com.unity3d.UnityEditor/GiCache. Took: 0.004s, timestamps: [14.935 - 14.938]
Setting up 4 worker threads for Enlighten.
ArgusSmoke: capturing /Users/guribbong/code/Argus/tmp/isolated_prototype_space.png after 1201 frames.
UnityEngine.StackTraceUtility:ExtractStackTrace () (at /Users/bokken/build/output/unity/unity/Runtime/Export/Scripting/StackTrace.cs:37)
UnityEngine.DebugLogHandler:LogFormat (UnityEngine.LogType,UnityEngine.Object,string,object[])
UnityEngine.Logger:Log (UnityEngine.LogType,object)
UnityEngine.Debug:Log (object)
ArgusUnity.Runtime.SmokeScreenshot:LateUpdate () (at Assets/Project/Scripts/Runtime/SmokeScreenshot.cs:44)

(Filename: Assets/Project/Scripts/Runtime/SmokeScreenshot.cs Line: 44)

ArgusSmoke: wrote 1280x720 PNG to /Users/guribbong/code/Argus/tmp/isolated_prototype_space.png
UnityEngine.StackTraceUtility:ExtractStackTrace () (at /Users/bokken/build/output/unity/unity/Runtime/Export/Scripting/StackTrace.cs:37)
UnityEngine.DebugLogHandler:LogFormat (UnityEngine.LogType,UnityEngine.Object,string,object[])
UnityEngine.Logger:Log (UnityEngine.LogType,object)
UnityEngine.Debug:Log (object)
ArgusUnity.Runtime.SmokeScreenshot:CaptureMainCameraToPng (string,int,int) (at Assets/Project/Scripts/Runtime/SmokeScreenshot.cs:114)
ArgusUnity.Runtime.SmokeScreenshot:LateUpdate () (at Assets/Project/Scripts/Runtime/SmokeScreenshot.cs:46)

(Filename: Assets/Project/Scripts/Runtime/SmokeScreenshot.cs Line: 114)

Thread 0x3289c7000 may have been prematurely finalized
Unloading 0 Unused Serialized files (Serialized files now loaded: 0)
Loaded scene 'Temp/__Backupscenes/0.backup'
	Deserialize:            2.703 ms
	Integration:            7.297 ms
	Integration of assets:  0.002 ms
	Thread Wait Time:       0.007 ms
	Total Operation Time:   10.009 ms
Unloading 6 unused Assets / (2.3 KB). Loaded Objects now: 1347.
Memory consumption went from 78.9 MB to 78.9 MB.
Total: 3.866666 ms (FindLiveObjects: 0.079209 ms CreateObjectMapping: 0.016083 ms MarkObjects: 3.738500 ms  DeleteObjects: 0.032291 ms)

[UnityConnectServicesConfig] config is NOT valid, switching to default
gi::BakeBackendSwitch: switching bake backend from 3 to 2.
[00:00:00] Builtin Sky manager started.
Thread 0x3289c7000 may have been prematurely finalized
[Licensing::IpcConnector] License Notification channel disconnected successfully.
[Licensing::IpcConnector] License Client channel disconnected successfully.
Curl error 42: Callback aborted
Thread 0x16c5d7000 may have been prematurely finalized
Cleanup mono
[40m[32minfo[39m[22m[49m: Microsoft.Hosting.Lifetime[0]
      Application is shutting down...
debugger-agent: Unable to listen on 48
[Performance] Application.InitializeProject                                                                                                      :        1 samples, Peak.  8.93 s (1.0x), Avg.  8.93 s, Total. 8.931 s (56.4%)
[Performance] Application.PackageManager.StartServer                                                                                             :        1 samples, Peak.  9.01 ms (1.0x), Avg.  9.01 ms, Total. 9.010 ms (0.1%)
[Performance] Application.AcquireProjectLock                                                                                                     :        1 samples, Peak.  3.40 ms (1.0x), Avg.  3.40 ms, Total. 3.399 ms (0.0%)
[Performance] Application.InitializeEngineNoGraphics                                                                                             :        1 samples, Peak.   147 ms (1.0x), Avg.   147 ms, Total. 147.0 ms (0.9%)
[Performance] Application.PackageManager.Initialize                                                                                              :        1 samples, Peak.  1.89 s (1.0x), Avg.  1.89 s, Total. 1.892 s (11.9%)
[Performance] Connecting to Package Manager                                                                                                      :      190 samples, Peak.   507 us (134.3x), Avg.  3.77 us, Total. 717.1 us (0.0%)
[Performance] Application.EngineGraphics.Initialize                                                                                              :        1 samples, Peak.  83.6 ms (1.0x), Avg.  83.6 ms, Total. 83.56 ms (0.5%)
[Performance] Application.GI.Initialize                                                                                                          :        1 samples, Peak.  6.55 ms (1.0x), Avg.  6.55 ms, Total. 6.549 ms (0.0%)
[Performance] Application.LoadAllDefaultResourcesFromEditor                                                                                      :        1 samples, Peak.  2.53 ms (1.0x), Avg.  2.53 ms, Total. 2.526 ms (0.0%)
[Performance] Application.LoadMonoAssemblies                                                                                                     :        1 samples, Peak.   513 ms (1.0x), Avg.   513 ms, Total. 513.5 ms (3.2%)
[Performance] RestoreManagedReferences                                                                                                           :        3 samples, Peak.  45.6 ms (1.7x), Avg.  26.5 ms, Total. 79.41 ms (0.5%)
[Performance] InitializeOnLoad ProjectSearch                                                                                                     :        3 samples, Peak.   360 us (1.5x), Avg.   233 us, Total. 698.2 us (0.0%)
[Performance] InitializeOnLoad AssetStoreContext                                                                                                 :        3 samples, Peak.  19.3 ms (1.2x), Avg.  16.8 ms, Total. 50.27 ms (0.3%)
[Performance] InitializeOnLoad SearchService                                                                                                     :        3 samples, Peak.  91.4 us (1.1x), Avg.  83.4 us, Total. 250.1 us (0.0%)
[Performance] InitializeOnLoad ObjectSelectorSearch                                                                                              :        3 samples, Peak.   235 us (1.3x), Avg.   179 us, Total. 537.5 us (0.0%)
[Performance] InitializeOnLoad NativeFormatImporterUtility                                                                                       :        3 samples, Peak.  1.89 ms (1.3x), Avg.  1.41 ms, Total. 4.232 ms (0.0%)
[Performance] InitializeOnLoad ManagedDebuggerWindow                                                                                             :        3 samples, Peak.   507 us (1.1x), Avg.   467 us, Total. 1.401 ms (0.0%)
[Performance] InitializeOnLoad PrefabInstanceChangedListener                                                                                     :        3 samples, Peak.   451 us (1.1x), Avg.   420 us, Total. 1.260 ms (0.0%)
[Performance] InitializeOnLoad ManagedDebugger                                                                                                   :        3 samples, Peak.   375 ns (1.1x), Avg.   333 ns, Total. 1000.0 ns (0.0%)
[Performance] InitializeOnLoad CloudBuild                                                                                                        :        3 samples, Peak.  3.88 us (1.4x), Avg.  2.71 us, Total. 8.125 us (0.0%)
[Performance] InitializeOnLoad Collab                                                                                                            :        3 samples, Peak.  8.63 ms (1.6x), Avg.  5.55 ms, Total. 16.64 ms (0.1%)
[Performance] InitializeOnLoad ShortcutIntegration                                                                                               :        3 samples, Peak.  47.5 us (1.1x), Avg.  43.7 us, Total. 131.2 us (0.0%)
[Performance] InitializeOnLoad MixerEffectDefinitionReloader                                                                                     :        3 samples, Peak.  2.72 ms (1.7x), Avg.  1.62 ms, Total. 4.856 ms (0.0%)
[Performance] InitializeOnLoad DrivenRectTransformUndo                                                                                           :        3 samples, Peak.   172 us (1.0x), Avg.   168 us, Total. 504.7 us (0.0%)
[Performance] InitializeOnLoad WindowLayout                                                                                                      :        3 samples, Peak.   357 us (1.1x), Avg.   312 us, Total. 936.0 us (0.0%)
[Performance] InitializeOnLoad SettingsService                                                                                                   :        3 samples, Peak.  8.21 us (1.5x), Avg.  5.53 us, Total. 16.58 us (0.0%)
[Performance] InitializeOnLoad CacheServerWindow                                                                                                 :        3 samples, Peak.  9.25 us (1.5x), Avg.  6.37 us, Total. 19.12 us (0.0%)
[Performance] InitializeOnLoad MenuItems                                                                                                         :        3 samples, Peak.  53.5 us (1.1x), Avg.  49.0 us, Total. 146.9 us (0.0%)
[Performance] InitializeOnLoad CheckNavigationPackage                                                                                            :        3 samples, Peak.   264 us (1.2x), Avg.   226 us, Total. 678.3 us (0.0%)
[Performance] InitializeOnLoad UISystemProfilerRenderService                                                                                     :        3 samples, Peak.  6.92 us (1.3x), Avg.  5.46 us, Total. 16.37 us (0.0%)
[Performance] InitializeOnLoad EditMode                                                                                                          :        3 samples, Peak.   468 us (1.6x), Avg.   301 us, Total. 901.8 us (0.0%)
[Performance] InitializeOnLoad UnityConnect                                                                                                      :        3 samples, Peak.  42.9 us (1.3x), Avg.  33.0 us, Total. 99.13 us (0.0%)
[Performance] InitializeOnLoad AddComponentWindow                                                                                                :        3 samples, Peak.  73.8 us (1.1x), Avg.  68.3 us, Total. 204.8 us (0.0%)
[Performance] InitializeOnLoad PlayModeDownload                                                                                                  :        3 samples, Peak.  3.54 ms (2.8x), Avg.  1.29 ms, Total. 3.860 ms (0.0%)
[Performance] InitializeOnLoad SceneSearch                                                                                                       :        3 samples, Peak.  63.9 us (1.4x), Avg.  46.6 us, Total. 139.7 us (0.0%)
[Performance] InitializeOnLoad EditorDelegateRegistration                                                                                        :        3 samples, Peak.   625 us (1.2x), Avg.   504 us, Total. 1.511 ms (0.0%)
[Performance] InitializeOnLoad UxmlObjectEditorFactories                                                                                         :        3 samples, Peak.   443 us (1.3x), Avg.   342 us, Total. 1.027 ms (0.0%)
[Performance] InitializeOnLoad RetainedMode                                                                                                      :        3 samples, Peak.  2.06 ms (1.2x), Avg.  1.75 ms, Total. 5.262 ms (0.0%)
[Performance] InitializeOnLoad EditorShaderLoader                                                                                                :        3 samples, Peak.   617 us (1.4x), Avg.   445 us, Total. 1.334 ms (0.0%)
[Performance] InitializeOnLoad UIDocumentHierarchyWatcher                                                                                        :        3 samples, Peak.  50.5 us (1.1x), Avg.  44.4 us, Total. 133.1 us (0.0%)
[Performance] InitializeOnLoad EditorMonitor                                                                                                     :        3 samples, Peak.   102 us (1.1x), Avg.  95.2 us, Total. 285.7 us (0.0%)
[Performance] InitializeOnLoad LiveReloadTrackerCreator                                                                                          :        3 samples, Peak.   144 us (1.3x), Avg.   114 us, Total. 343.4 us (0.0%)
[Performance] InitializeOnLoad UXMLEditorFactories                                                                                               :        3 samples, Peak.  43.8 ms (1.1x), Avg.  38.6 ms, Total. 115.7 ms (0.7%)
[Performance] InitializeOnLoad ServicesRepository                                                                                                :        3 samples, Peak.   627 us (1.2x), Avg.   513 us, Total. 1.538 ms (0.0%)
[Performance] InitializeOnLoad UDPService                                                                                                        :        3 samples, Peak.  1.58 ms (1.2x), Avg.  1.37 ms, Total. 4.119 ms (0.0%)
[Performance] InitializeOnLoad EditorGameServicesAnalytics                                                                                       :        3 samples, Peak.  1.31 ms (1.5x), Avg.   863 us, Total. 2.588 ms (0.0%)
[Performance] InitializeOnLoad CloudBuildPoller                                                                                                  :        3 samples, Peak.  76.1 us (1.1x), Avg.  70.8 us, Total. 212.5 us (0.0%)
[Performance] InitializeOnLoad BuildService                                                                                                      :        3 samples, Peak.   534 us (1.0x), Avg.   513 us, Total. 1.540 ms (0.0%)
[Performance] InitializeOnLoad CollabService                                                                                                     :        3 samples, Peak.  1.29 ms (1.7x), Avg.   763 us, Total. 2.290 ms (0.0%)
[Performance] InitializeOnLoad PurchasingService                                                                                                 :        3 samples, Peak.  5.10 ms (1.2x), Avg.  4.22 ms, Total. 12.66 ms (0.1%)
[Performance] InitializeOnLoad CrashService                                                                                                      :        3 samples, Peak.  2.19 ms (2.0x), Avg.  1.08 ms, Total. 3.226 ms (0.0%)
[Performance] InitializeOnLoad AdsService                                                                                                        :        3 samples, Peak.  1.14 ms (1.3x), Avg.   848 us, Total. 2.543 ms (0.0%)
[Performance] InitializeOnLoad AnalyticsService                                                                                                  :        3 samples, Peak.   551 us (1.0x), Avg.   530 us, Total. 1.590 ms (0.0%)
[Performance] InitializeOnLoad SearchWindow                                                                                                      :        3 samples, Peak.   105 us (1.2x), Avg.  90.6 us, Total. 271.8 us (0.0%)
[Performance] InitializeOnLoad SearchMonitor                                                                                                     :        3 samples, Peak.  7.51 ms (2.0x), Avg.  3.74 ms, Total. 11.23 ms (0.1%)
[Performance] InitializeOnLoad ParameterControllerEditor                                                                                         :        3 samples, Peak.  17.5 us (1.3x), Avg.  13.9 us, Total. 41.83 us (0.0%)
[Performance] InitializeOnLoad LayerSettingsWindow                                                                                               :        3 samples, Peak.  18.5 us (2.3x), Avg.  8.13 us, Total. 24.38 us (0.0%)
[Performance] InitializeOnLoad PackageManagerHookGUIDConverter.RegisterPackagesEventHandler                                                      :        3 samples, Peak.   577 us (2.3x), Avg.   251 us, Total. 753.7 us (0.0%)
[Performance] InitializeOnLoad EditorDragAndDrop.RegisterEditorClient                                                                            :        3 samples, Peak.   155 us (1.1x), Avg.   142 us, Total. 426.6 us (0.0%)
[Performance] InitializeOnLoad EditorEventCallbacks.InitializeFontAssetResourceChangeCallBacks                                                   :        3 samples, Peak.   783 us (1.1x), Avg.   744 us, Total. 2.233 ms (0.0%)
[Performance] InitializeOnLoad SceneTemplateService.Init                                                                                         :        3 samples, Peak.  1.37 ms (1.5x), Avg.   924 us, Total. 2.773 ms (0.0%)
[Performance] InitializeOnLoad DiagnosticSwitchesConsoleMessage.Init                                                                             :        3 samples, Peak.  3.11 ms (1.4x), Avg.  2.17 ms, Total. 6.502 ms (0.0%)
[Performance] InitializeOnLoad ScopedRegistryAddedPopup.SubscribeToRegistriesAdded                                                               :        3 samples, Peak.  26.7 ms (2.2x), Avg.  12.4 ms, Total. 37.19 ms (0.2%)
[Performance] InitializeOnLoad PackageManagerWindow.EditorInitializedInSafeMode                                                                  :        3 samples, Peak.   138 us (1.4x), Avg.  99.0 us, Total. 297.0 us (0.0%)
[Performance] InitializeOnLoad MemoryProfilerCompilationGuard.InjectCompileGuard                                                                 :        3 samples, Peak.  96.3 us (1.0x), Avg.  94.1 us, Total. 282.3 us (0.0%)
[Performance] InitializeOnLoad SceneVisibilityManager.Initialize                                                                                 :        3 samples, Peak.  4.01 ms (2.3x), Avg.  1.75 ms, Total. 5.239 ms (0.0%)
[Performance] InitializeOnLoad AssetPostprocessingInternal.RefreshCustomDependencies                                                             :        3 samples, Peak.  2.15 ms (1.3x), Avg.  1.69 ms, Total. 5.061 ms (0.0%)
[Performance] InitializeOnLoad ToolShortcutContext.Init                                                                                          :        3 samples, Peak.   101 us (1.1x), Avg.  95.8 us, Total. 287.4 us (0.0%)
[Performance] InitializeOnLoad SysrootManager.Initialize                                                                                         :        3 samples, Peak.   366 us (1.1x), Avg.   326 us, Total. 976.6 us (0.0%)
[Performance] InitializeOnLoad EditorWindow.Initialize                                                                                           :        3 samples, Peak.   123 us (1.0x), Avg.   119 us, Total. 358.0 us (0.0%)
[Performance] AssemblyReloadEvents.afterAssemblyReload: UnityEditor.SceneTemplate.SceneTemplateService.AfterAssemblyReload                       :        3 samples, Peak.  2.51 ms (1.4x), Avg.  1.79 ms, Total. 5.385 ms (0.0%)
[Performance] ProcessService.EditorAfterLoadAllAssemblies                                                                                        :        3 samples, Peak.   498 us (1.6x), Avg.   313 us, Total. 940.2 us (0.0%)
[Performance] Application.ReadLicenseInfo                                                                                                        :        1 samples, Peak.  24.1 ms (1.0x), Avg.  24.1 ms, Total. 24.12 ms (0.2%)
[Performance] Application.InitialRefresh                                                                                                         :        1 samples, Peak.  4.58 s (1.0x), Avg.  4.58 s, Total. 4.578 s (28.9%)
[Performance] ShaderImporter.SourceAssetModified                                                                                                 :        3 samples, Peak.   500 ns (1.2x), Avg.   417 ns, Total. 1.250 us (0.0%)
[Performance] ShaderIncludeImporter.SourceAssetModified                                                                                          :        3 samples, Peak.   375 ns (1.2x), Avg.   319 ns, Total. 958.0 ns (0.0%)
[Performance] Compiling Scripts                                                                                                                  :        1 samples, Peak.  3.65 s (1.0x), Avg.  3.65 s, Total. 3.647 s (23.0%)
[Performance] AssemblyReloadEvents.beforeAssemblyReload: UnityEditor.SceneTemplate.SceneTemplateService.BeforeAssemblyReload                     :        2 samples, Peak.   575 us (1.3x), Avg.   434 us, Total. 867.9 us (0.0%)
[Performance] PresetManagerPostProcessor.OnPreprocessAsset                                                                                       :        6 samples, Peak.   665 us (5.7x), Avg.   117 us, Total. 700.2 us (0.0%)
[Performance] CancelSplashScreenOnAssetChange.OnPreprocessAsset                                                                                  :        6 samples, Peak.   237 us (5.8x), Avg.  40.9 us, Total. 245.5 us (0.0%)
[Performance] InitializeOnLoad BackgroundWatcher                                                                                                 :        2 samples, Peak.   103 us (1.1x), Avg.  90.6 us, Total. 181.2 us (0.0%)
[Performance] InitializeOnLoad UnityTestProtocolStarter                                                                                          :        2 samples, Peak.   407 us (1.1x), Avg.   379 us, Total. 757.1 us (0.0%)
[Performance] InitializeOnLoad TestStarter                                                                                                       :        2 samples, Peak.   393 us (1.0x), Avg.   389 us, Total. 777.5 us (0.0%)
[Performance] InitializeOnLoad RerunCallbackInitializer                                                                                          :        2 samples, Peak.  1.60 ms (1.3x), Avg.  1.23 ms, Total. 2.469 ms (0.0%)
[Performance] InitializeOnLoad TestJobDataHolder.ResumeRunningJobs                                                                               :        2 samples, Peak.   452 us (1.3x), Avg.   353 us, Total. 705.6 us (0.0%)
[Performance] InitializeOnLoad AnalyticsReporter.RegisterCallbacks                                                                               :        2 samples, Peak.  89.4 us (1.1x), Avg.  82.6 us, Total. 165.2 us (0.0%)
[Performance] DidReloadScriptsTestRunnerWindow.CompilationCallback                                                                               :        2 samples, Peak.   603 us (1.0x), Avg.   600 us, Total. 1.199 ms (0.0%)
[Performance] DidReloadScriptsTestListCache.ScriptReloaded                                                                                       :        2 samples, Peak.   542 us (1.7x), Avg.   316 us, Total. 632.0 us (0.0%)
[Performance] DidReloadScriptsAdvancedDropdownWindow.OnScriptReload                                                                              :        2 samples, Peak.   154 us (1.0x), Avg.   147 us, Total. 294.8 us (0.0%)
[Performance] AssetDatabase.ImportAssets                                                                                                         :        7 samples, Peak.  24.3 ms (7.0x), Avg.  3.48 ms, Total. 24.33 ms (0.2%)
[Performance] VersionControl.Task.Wait                                                                                                           :        1 samples, Peak.   165 us (1.0x), Avg.   165 us, Total. 164.7 us (0.0%)
[Performance] BuilderAssetPostprocessor.OnPostprocessAllAssets                                                                                   :        6 samples, Peak.  2.42 ms (2.8x), Avg.   854 us, Total. 5.123 ms (0.0%)
[Performance] ArtifactBrowserPostProcessor.OnPostprocessAllAssets                                                                                :        6 samples, Peak.   233 us (2.8x), Avg.  81.6 us, Total. 489.9 us (0.0%)
[Performance] AssetEvents.OnPostprocessAllAssets                                                                                                 :       12 samples, Peak.   140 us (4.4x), Avg.  31.6 us, Total. 379.2 us (0.0%)
[Performance] AudioMixerPostprocessor.OnPostprocessAllAssets                                                                                     :        6 samples, Peak.   175 us (2.9x), Avg.  59.7 us, Total. 358.3 us (0.0%)
[Performance] StyleCatalogPostProcessor.OnPostprocessAllAssets                                                                                   :        6 samples, Peak.  10.1 ms (3.0x), Avg.  3.38 ms, Total. 20.27 ms (0.1%)
[Performance] BuildCatalog                                                                                                                       :        1 samples, Peak.  9.48 ms (1.0x), Avg.  9.48 ms, Total. 9.475 ms (0.1%)
[Performance] ModelImporterPostProcessor.OnPostprocessAllAssets                                                                                  :        6 samples, Peak.  2.01 ms (2.2x), Avg.   910 us, Total. 5.462 ms (0.0%)
[Performance] RetainedModeAssetPostprocessor.OnPostprocessAllAssets                                                                              :        6 samples, Peak.  1.32 ms (2.9x), Avg.   449 us, Total. 2.696 ms (0.0%)
[Performance] AssetChangedListener.OnPostprocessAllAssets                                                                                        :        6 samples, Peak.  4.86 ms (2.8x), Avg.  1.74 ms, Total. 10.45 ms (0.1%)
[Performance] SpeedTreePostProcessor.OnPostprocessAllAssets                                                                                      :        6 samples, Peak.   164 us (2.4x), Avg.  67.8 us, Total. 406.7 us (0.0%)
[Performance] TextAssetPostProcessor.OnPostprocessAllAssets                                                                                      :        6 samples, Peak.   274 us (2.8x), Avg.  99.3 us, Total. 595.7 us (0.0%)
[Performance] SyncVS.PostprocessSyncProject                                                                                                      :        4 samples, Peak.   848 us (2.0x), Avg.   425 us, Total. 1.699 ms (0.0%)
[Performance] Selection.selectionChanged: UnityEditor.PackageManager.UI.Internal.SelectionProxy.OnSelectionChanged                               :        2 samples, Peak.   413 us (2.0x), Avg.   209 us, Total. 418.3 us (0.0%)
[Performance] Selection.selectionChanged: UnityEditorInternal.EditMode.OnSelectionChange                                                         :        2 samples, Peak.   343 us (2.0x), Avg.   172 us, Total. 343.4 us (0.0%)
[Performance] Application.ImportPackagesAndSetTemplateWhenCreatingProject                                                                        :        1 samples, Peak.  72.9 ms (1.0x), Avg.  72.9 ms, Total. 72.92 ms (0.5%)
[Performance] Application.SyncCurrentColorSpace                                                                                                  :        1 samples, Peak.   340 ms (1.0x), Avg.   340 ms, Total. 339.7 ms (2.1%)
[Performance] Application.OnUsbDevicesChanged                                                                                                    :        1 samples, Peak.   474 us (1.0x), Avg.   474 us, Total. 474.3 us (0.0%)
[Performance] Application.AssetInstanceCacheUpdate                                                                                               :        1 samples, Peak.   208 ns (1.0x), Avg.   208 ns, Total. 208.0 ns (0.0%)
[Performance] Application.UnityExtensions.Initialize                                                                                             :        1 samples, Peak.  1.11 ms (1.0x), Avg.  1.11 ms, Total. 1.113 ms (0.0%)
[Performance] CodeEditorProjectSync.SyncEditorProject                                                                                            :        1 samples, Peak.   221 us (1.0x), Avg.   221 us, Total. 221.4 us (0.0%)
[Performance] Application.ExecuteStartups                                                                                                        :        1 samples, Peak.  51.1 ms (1.0x), Avg.  51.1 ms, Total. 51.08 ms (0.3%)
[Performance] Menu.RegisterMenuInterface                                                                                                         :       26 samples, Peak.   227 us (25.3x), Avg.  8.98 us, Total. 233.4 us (0.0%)
[Performance] Gizmo.RebuildRenderers                                                                                                             :        4 samples, Peak.  48.8 ms (3.8x), Avg.  12.8 ms, Total. 51.32 ms (0.3%)
[Performance] Gizmo.AddGizmoRenderers                                                                                                            :      104 samples, Peak.  2.32 ms (39.8x), Avg.  58.2 us, Total. 6.050 ms (0.0%)
[Performance] Application.editorInitializingProject                                                                                              :        1 samples, Peak.  53.1 ms (1.0x), Avg.  53.1 ms, Total. 53.09 ms (0.3%)
[Performance] Application.FinishLoadingProject                                                                                                   :        1 samples, Peak.   312 ms (1.0x), Avg.   312 ms, Total. 311.9 ms (2.0%)
[Performance] Application.InitializeMenu                                                                                                         :        1 samples, Peak.  48.4 ms (1.0x), Avg.  48.4 ms, Total. 48.35 ms (0.3%)
[Performance] Menu.RebuildAll                                                                                                                    :        1 samples, Peak.  48.3 ms (1.0x), Avg.  48.3 ms, Total. 48.33 ms (0.3%)
[Performance] Menu.BuildRegisteredMenuInterfaces                                                                                                 :        1 samples, Peak.  44.1 ms (1.0x), Avg.  44.1 ms, Total. 44.07 ms (0.3%)
[Performance] Menu.FilterMenuItem                                                                                                                :      673 samples, Peak.  17.4 ms (661.3x), Avg.  26.3 us, Total. 17.71 ms (0.1%)
[Performance] UpdateAllMenus                                                                                                                     :        2 samples, Peak.  20.4 ms (2.0x), Avg.  10.4 ms, Total. 20.71 ms (0.1%)
[Performance] EditorSceneManager.sceneClosing: UnityEditor.SceneVisibilityManager.EditorSceneManagerOnSceneClosing                               :        5 samples, Peak.   206 us (2.7x), Avg.  75.4 us, Total. 377.2 us (0.0%)
[Performance] EditorSceneManager.sceneClosed: callback in UnityEditor.Search.SearchMonitor                                                       :        4 samples, Peak.   109 us (2.8x), Avg.  38.6 us, Total. 154.5 us (0.0%)
[Performance] EditorSceneManager.activeSceneChangedInEditMode: callback in UnityEditor.Search.SearchMonitor                                      :        4 samples, Peak.  24.7 us (2.1x), Avg.  11.5 us, Total. 46.00 us (0.0%)
[Performance] GUIView.RepaintAll.PlayerLoopController                                                                                            :     1204 samples, Peak.   792 ns (8.9x), Avg.  89.0 ns, Total. 107.1 us (0.0%)
[Performance] EditorSceneManager.newSceneCreated: UnityEditor.SceneTemplate.SceneTemplateService.OnNewSceneCreated                               :        2 samples, Peak.   177 us (2.0x), Avg.  88.9 us, Total. 177.8 us (0.0%)
[Performance] EditorSceneManager.newSceneCreated: UnityEditor.SceneVisibilityManager.EditorSceneManagerOnNewSceneCreated                         :        2 samples, Peak.   112 us (1.9x), Avg.  57.5 us, Total. 115.0 us (0.0%)
[Performance] EditorSceneManager.newSceneCreated: UnityEditor.SceneManagement.StageNavigationManager.OnNewSceneCreated                           :        2 samples, Peak.  58.7 us (2.0x), Avg.  29.9 us, Total. 59.71 us (0.0%)
[Performance] Application.InvokeFinishedLoadingProject                                                                                           :        1 samples, Peak.  1.89 ms (1.0x), Avg.  1.89 ms, Total. 1.888 ms (0.0%)
[Performance] ProcessService.OnProjectLoaded                                                                                                     :        1 samples, Peak.  48.4 us (1.0x), Avg.  48.4 us, Total. 48.37 us (0.0%)
[Performance] AssetDatabase.Refresh                                                                                                              :        1 samples, Peak.  63.7 ms (1.0x), Avg.  63.7 ms, Total. 63.68 ms (0.4%)
[Performance] SceneDataContainer.TransformHierarchyChangedSetParentCallback                                                                      :      153 samples, Peak.  9.29 us (25.6x), Avg.   362 ns, Total. 55.45 us (0.0%)
[Performance] SceneVisibilityState.IsFlagSetInParents                                                                                            :      276 samples, Peak.  1.25 us (11.9x), Avg.   105 ns, Total. 28.99 us (0.0%)
[Performance] BuilderAssetModificationProcessor.OnWillSaveAssets                                                                                 :        2 samples, Peak.   323 us (1.1x), Avg.   290 us, Total. 579.4 us (0.0%)
[Performance] TerrainModificationProcessor.OnWillSaveAssets                                                                                      :        2 samples, Peak.   460 us (1.1x), Avg.   433 us, Total. 865.5 us (0.0%)
[Performance] EditorSceneManager.sceneSaving: UnityEditor.SceneTemplate.SceneTemplateService.OnSceneSaving                                       :        1 samples, Peak.   190 us (1.0x), Avg.   190 us, Total. 189.8 us (0.0%)
[Performance] EditorSceneManager.sceneSaving: UnityEditor.SceneVisibilityManager.EditorSceneManagerOnSceneSaving                                 :        1 samples, Peak.  77.0 us (1.0x), Avg.  77.0 us, Total. 77.04 us (0.0%)
[Performance] BuilderAssetModificationProcessor.OnWillCreateAsset                                                                                :        1 samples, Peak.   437 us (1.0x), Avg.   437 us, Total. 436.7 us (0.0%)
[Performance] AssetDatabase.ImportAsset                                                                                                          :        1 samples, Peak.  18.3 ms (1.0x), Avg.  18.3 ms, Total. 18.32 ms (0.1%)
[Performance] EditorSceneManager.sceneSaved: UnityEditor.SceneTemplate.SceneTemplateService.OnSceneSaved                                         :        1 samples, Peak.  12.0 ms (1.0x), Avg.  12.0 ms, Total. 11.95 ms (0.1%)
[Performance] EditorSceneManager.sceneSaved: UnityEditor.SceneVisibilityManager.EditorSceneManagerOnSceneSaved                                   :        1 samples, Peak.  88.5 us (1.0x), Avg.  88.5 us, Total. 88.46 us (0.0%)
[Performance] EditorSceneManager.sceneOpening: UnityEditor.SceneVisibilityManager.EditorSceneManagerOnSceneOpening                               :        1 samples, Peak.  90.6 us (1.0x), Avg.  90.6 us, Total. 90.63 us (0.0%)
[Performance] Inspector.InitOrRebuild                                                                                                            :        3 samples, Peak.   986 us (2.1x), Avg.   467 us, Total. 1.400 ms (0.0%)
[Performance] EditorSceneManager.sceneOpened: callback in UnityEditor.Search.SearchMonitor                                                       :        1 samples, Peak.  44.3 us (1.0x), Avg.  44.3 us, Total. 44.33 us (0.0%)
[Performance] EditorSceneManager.sceneOpened: UnityEditor.SceneTemplate.SceneTemplateService.OnSceneOpened                                       :        1 samples, Peak.   249 us (1.0x), Avg.   249 us, Total. 249.0 us (0.0%)
[Performance] EditorSceneManager.sceneOpened: UnityEditor.SceneVisibilityManager.EditorSceneManagerOnSceneOpened                                 :        1 samples, Peak.   121 us (1.0x), Avg.   121 us, Total. 121.4 us (0.0%)
[Performance] EditorSceneManager.sceneOpened: UnityEditor.SceneManagement.StageNavigationManager.OnSceneOpened                                   :        1 samples, Peak.  42.6 us (1.0x), Avg.  42.6 us, Total. 42.58 us (0.0%)
[Performance] EditorApplication.playModeStateChanged                                                                                             :        2 samples, Peak.  1.77 ms (1.5x), Avg.  1.18 ms, Total. 2.357 ms (0.0%)
[Performance] EditorApplication.playModeStateChanged: UnityEditor.PackageManager.UI.Internal.PlayModeDownload.PlayModeStateChanged               :        4 samples, Peak.   538 us (3.4x), Avg.   159 us, Total. 636.8 us (0.0%)
[Performance] EditorApplication.playModeStateChanged: UnityEditor.SceneManagement.EditorSceneManager.PlayModeStateChangedCallback                :        4 samples, Peak.  27.2 us (2.2x), Avg.  12.2 us, Total. 48.96 us (0.0%)
[Performance] EditorApplication.playModeStateChanged: UnityEditor.Search.SearchMonitor.OnPlayModeChanged                                         :        3 samples, Peak.   249 us (2.2x), Avg.   113 us, Total. 340.3 us (0.0%)
[Performance] EditorApplication.playModeStateChanged: UnityEditor.TestTools.TestRunner.PlaymodeLauncher+BackgroundWatcher.OnPlayModeStateChanged :        4 samples, Peak.   459 us (2.1x), Avg.   223 us, Total. 893.3 us (0.0%)
[Performance] EditorApplication.playModeStateChanged: UnityEditor.PackageManager.UI.Internal.ApplicationProxy.PlayModeStateChanged               :        4 samples, Peak.   108 us (2.0x), Avg.  53.4 us, Total. 213.7 us (0.0%)
[Performance] EditorApplication.playModeStateChanged: UnityEditor.SceneVisibilityManager.EditorApplicationPlayModeStateChanged                   :        4 samples, Peak.  19.8 us (2.0x), Avg.  9.95 us, Total. 39.79 us (0.0%)
[Performance] EditorApplication.playModeStateChanged: UnityEditor.TestTools.TestRunner.TestRunnerWindow.OnPlayModeStateChanged                   :        4 samples, Peak.  66.7 us (2.0x), Avg.  33.7 us, Total. 134.7 us (0.0%)
[Performance] Application.InvokeProjectWasLoaded                                                                                                 :        1 samples, Peak.  21.0 us (1.0x), Avg.  21.0 us, Total. 21.04 us (0.0%)
[Performance] Application.Tick                                                                                                                   :     1200 samples, Peak.   583 ms (648.0x), Avg.   900 us, Total. 1.080 s (6.8%)
[Performance] CheckLicensingClient                                                                                                               :        1 samples, Peak.  3.54 us (1.0x), Avg.  3.54 us, Total. 3.541 us (0.0%)
[Performance] CheckLicensingClientNotification                                                                                                   :        1 samples, Peak.  2.79 us (1.0x), Avg.  2.79 us, Total. 2.792 us (0.0%)
[Performance] Application.TickVersionControl                                                                                                     :     1201 samples, Peak.  2.50 us (20.6x), Avg.   121 ns, Total. 145.7 us (0.0%)
[Performance] MonoCompiler.Tick                                                                                                                  :        3 samples, Peak.   498 ms (3.0x), Avg.   166 ms, Total. 499.2 ms (3.2%)
[Performance] Application.EnterPlayMode                                                                                                          :        1 samples, Peak.   495 ms (1.0x), Avg.   495 ms, Total. 495.4 ms (3.1%)
[Performance] Application.Reload                                                                                                                 :        1 samples, Peak.   442 ms (1.0x), Avg.   442 ms, Total. 441.8 ms (2.8%)
[Performance] AssemblyReloadEvents.beforeAssemblyReload: UnityEditor.Search.SearchMonitor.OnBeforeAssemblyReload                                 :        1 samples, Peak.  1.20 ms (1.0x), Avg.  1.20 ms, Total. 1.198 ms (0.0%)
[Performance] UnityBuildPostprocessor.OnProcessScene                                                                                             :        1 samples, Peak.   663 us (1.0x), Avg.   663 us, Total. 663.2 us (0.0%)
[Performance] UnityConnect.Tick                                                                                                                  :        2 samples, Peak.  4.87 ms (1.9x), Avg.  2.62 ms, Total. 5.243 ms (0.0%)
[Performance] Collab.Tick                                                                                                                        :        2 samples, Peak.  1.62 us (1.0x), Avg.  1.62 us, Total. 3.250 us (0.0%)
[Performance] CurlRequest.Tick                                                                                                                   :        4 samples, Peak.  41.5 us (3.8x), Avg.  11.0 us, Total. 44.00 us (0.0%)
[Performance] WebSocketClient.Tick                                                                                                               :        4 samples, Peak.  1.13 us (1.8x), Avg.   625 ns, Total. 2.499 us (0.0%)
[Performance] AssetDatabase.Tick                                                                                                                 :        4 samples, Peak.  32.5 us (3.9x), Avg.  8.34 us, Total. 33.37 us (0.0%)
[Performance] SceneBackgroundTask.Tick                                                                                                           :        3 samples, Peak.   208 ns (1.7x), Avg.   125 ns, Total. 374.0 ns (0.0%)
[Performance] Scheduler.Tick                                                                                                                     :       19 samples, Peak.  1.62 ms (18.0x), Avg.  89.9 us, Total. 1.708 ms (0.0%)
[Performance] RepaintAllProfilerWindows                                                                                                          :        2 samples, Peak.   180 us (2.0x), Avg.  90.4 us, Total. 180.9 us (0.0%)
[Performance] PlayerUpdates.Tick                                                                                                                 :        6 samples, Peak.  10.8 us (1.8x), Avg.  5.88 us, Total. 35.29 us (0.0%)
[Performance] Application.TickGlobalCallbacks                                                                                                    :     1201 samples, Peak.  50.7 ms (1004.0x), Avg.  50.5 us, Total. 60.62 ms (0.4%)
[Performance] EditorAnalytics.Tick                                                                                                               :        3 samples, Peak.  24.1 us (2.4x), Avg.  9.86 us, Total. 29.58 us (0.0%)
[Performance] Video.Update                                                                                                                       :     1201 samples, Peak.  16.0 us (157.3x), Avg.   102 ns, Total. 122.1 us (0.0%)
[Performance] Application.TickProgress                                                                                                           :     1201 samples, Peak.  1.88 ms (1118.5x), Avg.  1.68 us, Total. 2.021 ms (0.0%)
[Performance] Application.TickSceneTracker                                                                                                       :     1201 samples, Peak.  1.33 ms (445.5x), Avg.  3.00 us, Total. 3.598 ms (0.0%)
[Performance] EditorApplication.update                                                                                                           :     1201 samples, Peak.  1.29 ms (606.5x), Avg.  2.13 us, Total. 2.564 ms (0.0%)
[Performance] EditorApplication.update: UnityEditor.PackageManager.UI.Internal.ApplicationProxy.OnUpdate                                         :     1201 samples, Peak.   408 us (652.4x), Avg.   625 ns, Total. 751.1 us (0.0%)
[Performance] EditorApplication.update: UnityEditor.SceneManagement.StageNavigationManager.Update                                                :     1201 samples, Peak.   251 us (704.1x), Avg.   357 ns, Total. 429.0 us (0.0%)
[Performance] ConsoleLog.Tick                                                                                                                    :        3 samples, Peak.   152 us (2.8x), Avg.  54.5 us, Total. 163.5 us (0.0%)
[Performance] HierarchyWindow.Tick                                                                                                               :        3 samples, Peak.   381 us (1.9x), Avg.   199 us, Total. 597.6 us (0.0%)
[Performance] EditorApplication.hierarchyChanged: Unity.UIElements.Editor.UIDocumentHierarchyWatcher.OnHierarchyChanged                          :        2 samples, Peak.   157 us (1.1x), Avg.   140 us, Total. 280.3 us (0.0%)
[Performance] Inspector.Tick                                                                                                                     :        2 samples, Peak.  22.0 ms (2.0x), Avg.  11.0 ms, Total. 22.04 ms (0.1%)
[Performance] EditorApplication.delayCall: UnityEditor.ShortcutManagement.ShortcutIntegration.EnsureShortcutsAreInitialized                      :        1 samples, Peak.  20.9 ms (1.0x), Avg.  20.9 ms, Total. 20.90 ms (0.1%)
[Performance] EditorApplication.delayCall: callback in UnityEditor.SceneVisibilityManager                                                        :        1 samples, Peak.   902 us (1.0x), Avg.   902 us, Total. 901.8 us (0.0%)
[Performance] EditorApplication.delayCall: callback in UnityEditor.EditorTools.ToolShortcutContext                                               :        1 samples, Peak.  58.8 us (1.0x), Avg.  58.8 us, Total. 58.79 us (0.0%)
[Performance] EditorApplication.delayCall: callback in UnityEditor.EditorWindow                                                                  :        1 samples, Peak.  23.1 us (1.0x), Avg.  23.1 us, Total. 23.08 us (0.0%)
[Performance] Tooltip.Tick                                                                                                                       :        4 samples, Peak.  5.08 us (3.6x), Avg.  1.42 us, Total. 5.667 us (0.0%)
[Performance] Application.RequestRepaintForPanels                                                                                                :     1200 samples, Peak.   221 us (328.4x), Avg.   674 ns, Total. 808.2 us (0.0%)
[Performance] Application.UpdateScene                                                                                                            :     1200 samples, Peak.   378 ms (1022.5x), Avg.   370 us, Total. 444.0 ms (2.8%)
[Performance] PackageImporter.Tick                                                                                                               :        2 samples, Peak.   459 ns (1.1x), Avg.   417 ns, Total. 834.0 ns (0.0%)
[Performance] InspectorBackground.Tick                                                                                                           :        3 samples, Peak.   958 ns (1.9x), Avg.   513 ns, Total. 1.540 us (0.0%)
[Performance] BurstDebug.Tick                                                                                                                    :        2 samples, Peak.  2.29 us (1.6x), Avg.  1.42 us, Total. 2.833 us (0.0%)
[Performance] Application.ChangeLayoutIfNeeded                                                                                                   :     1200 samples, Peak.   125 ns (4.1x), Avg.  30.8 ns, Total. 36.96 us (0.0%)
[Performance] AsyncReadManager.ForceCloseFiles                                                                                                   :        1 samples, Peak.   750 ns (1.0x), Avg.   750 ns, Total. 750.0 ns (0.0%)
[Performance] Application.Message                                                                                                                :     1200 samples, Peak.   667 ns (10.0x), Avg.  66.8 ns, Total. 80.17 us (0.0%)
[Performance] Application.ExitPlayMode                                                                                                           :        1 samples, Peak.  35.4 ms (1.0x), Avg.  35.4 ms, Total. 35.38 ms (0.2%)
[Performance] CoreBusinessMetrics.Tick                                                                                                           :        1 samples, Peak.  42.9 us (1.0x), Avg.  42.9 us, Total. 42.92 us (0.0%)
[Performance] GI.Tick                                                                                                                            :        1 samples, Peak.  1.05 ms (1.0x), Avg.  1.05 ms, Total. 1.054 ms (0.0%)
[Performance] UnitySynchronization.ExecuteTasks                                                                                                  :        1 samples, Peak.  1.96 us (1.0x), Avg.  1.96 us, Total. 1.958 us (0.0%)
[Performance] Application.TickPreloadManager                                                                                                     :        1 samples, Peak.  2.12 us (1.0x), Avg.  2.12 us, Total. 2.125 us (0.0%)
[Performance] Application.Shutdown.CollabTerminate                                                                                               :        1 samples, Peak.   177 us (1.0x), Avg.   177 us, Total. 177.1 us (0.0%)
[Performance] Application.Shutdown.CollabCleanup                                                                                                 :        1 samples, Peak.  1.11 ms (1.0x), Avg.  1.11 ms, Total. 1.107 ms (0.0%)
[Performance] Application.Shutdown.SaveDefaultWindowPreferences                                                                                  :        1 samples, Peak.   148 us (1.0x), Avg.   148 us, Total. 147.5 us (0.0%)
[Performance] Application.Shutdown.SaveSceneManagerSetup                                                                                         :        1 samples, Peak.   194 us (1.0x), Avg.   194 us, Total. 193.9 us (0.0%)
[Performance] Application.Shutdown.CleanupAllContainerWindows                                                                                    :        1 samples, Peak.  1.96 us (1.0x), Avg.  1.96 us, Total. 1.958 us (0.0%)
[Performance] EditorApplication.quitting: callback in UnityEditor.TextCore.Text.EditorEventCallbacks                                             :        1 samples, Peak.  3.72 ms (1.0x), Avg.  3.72 ms, Total. 3.718 ms (0.0%)
[Performance] EditorApplication.quitting: UnityEditor.Search.SearchMonitor.OnQuitting                                                            :        1 samples, Peak.   716 us (1.0x), Avg.   716 us, Total. 716.2 us (0.0%)
[Performance] Application.Shutdown.PauseProfilerSession                                                                                          :        1 samples, Peak.  14.0 us (1.0x), Avg.  14.0 us, Total. 13.96 us (0.0%)
[Performance] Application.Shutdown.PauseAssetImportWorkers                                                                                       :        1 samples, Peak.  95.5 us (1.0x), Avg.  95.5 us, Total. 95.46 us (0.0%)
[Performance] Application.Shutdown.SaveAssets                                                                                                    :        1 samples, Peak.  3.00 ms (1.0x), Avg.  3.00 ms, Total. 3.000 ms (0.0%)
[Performance] Application.Shutdown.CleanupRenderPipeline                                                                                         :        1 samples, Peak.  1.96 us (1.0x), Avg.  1.96 us, Total. 1.959 us (0.0%)
[Performance] Application.Shutdown.StopPreloadManager                                                                                            :        1 samples, Peak.  11.0 ms (1.0x), Avg.  11.0 ms, Total. 11.04 ms (0.1%)
[Performance] Application.Shutdown.DestroyWorld                                                                                                  :        1 samples, Peak.   377 us (1.0x), Avg.   377 us, Total. 377.5 us (0.0%)
[Performance] Application.Shutdown.CleanupAfterLoad                                                                                              :        1 samples, Peak.  2.12 ms (1.0x), Avg.  2.12 ms, Total. 2.121 ms (0.0%)
[Performance] Application.Shutdown.Progress                                                                                                      :        1 samples, Peak.  10.3 us (1.0x), Avg.  10.3 us, Total. 10.29 us (0.0%)
[Performance] Application.Shutdown.GICleanupManagers                                                                                             :        1 samples, Peak.  4.05 ms (1.0x), Avg.  4.05 ms, Total. 4.046 ms (0.0%)
[Performance] Application.Shutdown.MenuCleanupClass                                                                                              :        1 samples, Peak.  84.7 us (1.0x), Avg.  84.7 us, Total. 84.75 us (0.0%)
[Performance] Application.Shutdown.ADBSaveStateBeforeShutdown                                                                                    :        1 samples, Peak.  3.88 us (1.0x), Avg.  3.88 us, Total. 3.875 us (0.0%)
[Performance] Application.Shutdown.RemoteShutdown                                                                                                :        1 samples, Peak.   791 ns (1.0x), Avg.   791 ns, Total. 791.0 ns (0.0%)
[Performance] Application.Shutdown.CleanupVCProvider                                                                                             :        1 samples, Peak.  9.37 us (1.0x), Avg.  9.37 us, Total. 9.375 us (0.0%)
[Performance] Application.Shutdown.InputShutdown                                                                                                 :        1 samples, Peak.  97.3 us (1.0x), Avg.  97.3 us, Total. 97.33 us (0.0%)
[Performance] Application.Shutdown.GizmoManagerDestroy                                                                                           :        1 samples, Peak.  1.19 ms (1.0x), Avg.  1.19 ms, Total. 1.192 ms (0.0%)
[Performance] Application.Shutdown.ProfilerSession                                                                                               :        1 samples, Peak.   668 us (1.0x), Avg.   668 us, Total. 667.5 us (0.0%)
[Performance] Application.Shutdown.ReleaseGfxWindowOnAllGUIViews                                                                                 :        1 samples, Peak.   500 ns (1.0x), Avg.   500 ns, Total. 500.0 ns (0.0%)
[Performance] Application.Shutdown.CleanupEngine                                                                                                 :        1 samples, Peak.   130 ms (1.0x), Avg.   130 ms, Total. 130.1 ms (0.8%)
[Performance] Application.Shutdown.CleanupAssetDatabase                                                                                          :        1 samples, Peak.  2.48 ms (1.0x), Avg.  2.48 ms, Total. 2.482 ms (0.0%)
[Performance] Application.Shutdown.ScriptCompilationCleanUp                                                                                      :        1 samples, Peak.  11.5 us (1.0x), Avg.  11.5 us, Total. 11.46 us (0.0%)
[Performance] Application.Shutdown.DestroyJobSystem                                                                                              :        1 samples, Peak.  52.1 us (1.0x), Avg.  52.1 us, Total. 52.12 us (0.0%)
[Performance] Application.Shutdown.CleanupPersistentManager                                                                                      :        1 samples, Peak.   597 us (1.0x), Avg.   597 us, Total. 597.3 us (0.0%)
[Performance] Application.Shutdown.CleanupAsyncReadManager                                                                                       :        1 samples, Peak.  42.5 us (1.0x), Avg.  42.5 us, Total. 42.54 us (0.0%)
[Performance] Application.Shutdown.CleanupMono                                                                                                   :        1 samples, Peak.  36.9 ms (1.0x), Avg.  36.9 ms, Total. 36.91 ms (0.2%)
[Performance] Application.Shutdown.CleanupStdConverters                                                                                          :        1 samples, Peak.  5.54 us (1.0x), Avg.  5.54 us, Total. 5.542 us (0.0%)
[Performance] Application.Shutdown.UnloadAllPlatformSupportModuleNativeDlls                                                                      :        1 samples, Peak.   625 ns (1.0x), Avg.   625 ns, Total. 625.0 ns (0.0%)
[Performance] Application.Shutdown.UnloadAllPlatformSupportNativeLibraries                                                                       :        1 samples, Peak.   209 ns (1.0x), Avg.   209 ns, Total. 209.0 ns (0.0%)
[Performance] Application.Shutdown.CleanupAutoDocumentation                                                                                      :        1 samples, Peak.   338 us (1.0x), Avg.   338 us, Total. 338.2 us (0.0%)
[Performance] Application.Shutdown.ShaderNameManagerDestroy                                                                                      :        1 samples, Peak.  28.6 us (1.0x), Avg.  28.6 us, Total. 28.62 us (0.0%)
[Performance] Application.Shutdown.CleanupCacheServer                                                                                            :        1 samples, Peak.   250 ns (1.0x), Avg.   250 ns, Total. 250.0 ns (0.0%)
[Performance] Application.Shutdown.Virtualization_Shutdown                                                                                       :        1 samples, Peak.   155 us (1.0x), Avg.   155 us, Total. 155.5 us (0.0%)
[Performance] Application.Shutdown.DevConnections                                                                                                :        1 samples, Peak.   187 us (1.0x), Avg.   187 us, Total. 187.2 us (0.0%)
[Package Manager] Server::Kill -- Server was shutdown
Checking for leaked weakptr:
  Found no leaked weakptrs.
Memory Statistics:
[ALLOC_TEMP_TLS] TLS Allocator
  StackAllocators : 
    [ALLOC_TEMP_CurlRequest]
      Initial Block Size 64.0 KB
      Current Block Size 64.0 KB
      Peak Allocated Bytes 0 B
      Overflow Count 0
    [ALLOC_TEMP_MAIN]
      Peak usage frame count: [4.0 KB-8.0 KB]: 1198 frames, [2.0 MB-4.0 MB]: 1 frames, [8.0 MB-16.0 MB]: 1 frames
      Initial Block Size 16.0 MB
      Current Block Size 16.0 MB
      Peak Allocated Bytes 9.3 MB
      Overflow Count 0
    [ALLOC_TEMP_Background Job.worker 6]
      Initial Block Size 32.0 KB
      Current Block Size 32.0 KB
      Peak Allocated Bytes 0 B
      Overflow Count 0
    [ALLOC_TEMP_Background Job.worker 15]
      Initial Block Size 32.0 KB
      Current Block Size 32.0 KB
      Peak Allocated Bytes 0 B
      Overflow Count 0
    [ALLOC_TEMP_BakingJobs.worker 0]
      Initial Block Size 256.0 KB
      Current Block Size 256.0 KB
      Peak Allocated Bytes 0 B
      Overflow Count 0
    [ALLOC_TEMP_AssetDatabase.FileHasherReader] x 4
      Initial Block Size 64.0 KB
      Current Block Size 64.0 KB
      Peak Allocated Bytes 31 B
      Overflow Count 0
    [ALLOC_TEMP_BakingJobs.worker 1]
      Initial Block Size 256.0 KB
      Current Block Size 256.0 KB
      Peak Allocated Bytes 301 B
      Overflow Count 0
    [ALLOC_TEMP_BatchDeleteObjects]
      Initial Block Size 64.0 KB
      Current Block Size 64.0 KB
      Peak Allocated Bytes 0 B
      Overflow Count 0
    [ALLOC_TEMP_CoreBusinessMetricsCache]
      Initial Block Size 64.0 KB
      Current Block Size 64.0 KB
      Peak Allocated Bytes 7.9 KB
      Overflow Count 0
    [ALLOC_TEMP_REST Message Handler]
      Initial Block Size 64.0 KB
      Current Block Size 64.0 KB
      Peak Allocated Bytes 0 B
      Overflow Count 0
    [ALLOC_TEMP_Job.worker 4]
      Initial Block Size 256.0 KB
      Current Block Size 384.0 KB
      Peak Allocated Bytes 368.0 KB
      Overflow Count 0
    [ALLOC_TEMP_Background Job.worker 1]
      Initial Block Size 32.0 KB
      Current Block Size 32.0 KB
      Peak Allocated Bytes 14.7 KB
      Overflow Count 0
    [ALLOC_TEMP_AssetDatabase.IOService]
      Initial Block Size 64.0 KB
      Current Block Size 64.0 KB
      Peak Allocated Bytes 0 B
      Overflow Count 0
    [ALLOC_TEMP_Loading.PreloadManager] x 3
      Initial Block Size 32.0 MB
      Current Block Size 32.0 MB
      Peak Allocated Bytes 2.0 MB
      Overflow Count 0
    [ALLOC_TEMP_Background Job.worker 4]
      Initial Block Size 32.0 KB
      Current Block Size 32.0 KB
      Peak Allocated Bytes 0 B
      Overflow Count 0
    [ALLOC_TEMP_Background Job.worker 7]
      Initial Block Size 32.0 KB
      Current Block Size 32.0 KB
      Peak Allocated Bytes 0 B
      Overflow Count 0
    [ALLOC_TEMP_CloudJob.worker 0]
      Initial Block Size 32.0 KB
      Current Block Size 32.0 KB
      Peak Allocated Bytes 5.0 KB
      Overflow Count 0
    [ALLOC_TEMP_Background Job.worker 10]
      Initial Block Size 32.0 KB
      Current Block Size 32.0 KB
      Peak Allocated Bytes 0 B
      Overflow Count 0
    [ALLOC_TEMP_Background Job.worker 12]
      Initial Block Size 32.0 KB
      Current Block Size 32.0 KB
      Peak Allocated Bytes 0 B
      Overflow Count 0
    [ALLOC_TEMP_Background Job.worker 13]
      Initial Block Size 32.0 KB
      Current Block Size 32.0 KB
      Peak Allocated Bytes 0 B
      Overflow Count 0
    [ALLOC_TEMP_CurlRequest]
      Initial Block Size 64.0 KB
      Current Block Size 64.0 KB
      Peak Allocated Bytes 0 B
      Overflow Count 0
    [ALLOC_TEMP_BakingJobs.worker 4]
      Initial Block Size 256.0 KB
      Current Block Size 256.0 KB
      Peak Allocated Bytes 0 B
      Overflow Count 0
    [ALLOC_TEMP_Profiler.Dispatcher]
      Initial Block Size 64.0 KB
      Current Block Size 64.0 KB
      Peak Allocated Bytes 0 B
      Overflow Count 0
    [ALLOC_TEMP_Background Job.worker 14]
      Initial Block Size 32.0 KB
      Current Block Size 32.0 KB
      Peak Allocated Bytes 0 B
      Overflow Count 0
    [ALLOC_TEMP_ReadCacheIndex] x 3
      Initial Block Size 64.0 KB
      Current Block Size 64.0 KB
      Peak Allocated Bytes 1.0 KB
      Overflow Count 0
    [ALLOC_TEMP_Background Job.worker 9]
      Initial Block Size 32.0 KB
      Current Block Size 32.0 KB
      Peak Allocated Bytes 0 B
      Overflow Count 0
    [ALLOC_TEMP_EnlightenWorker] x 4
      Initial Block Size 64.0 KB
      Current Block Size 64.0 KB
      Peak Allocated Bytes 0 B
      Overflow Count 0
    [ALLOC_TEMP_Job.worker 3]
      Initial Block Size 256.0 KB
      Current Block Size 384.0 KB
      Peak Allocated Bytes 368.0 KB
      Overflow Count 0
    [ALLOC_TEMP_Job.worker 2]
      Initial Block Size 256.0 KB
      Current Block Size 0.8 MB
      Peak Allocated Bytes 0.8 MB
      Overflow Count 0
    [ALLOC_TEMP_Loading.AsyncRead]
      Initial Block Size 64.0 KB
      Current Block Size 64.0 KB
      Peak Allocated Bytes 128 B
      Overflow Count 0
    [ALLOC_TEMP_Background Job.worker 3]
      Initial Block Size 32.0 KB
      Current Block Size 32.0 KB
      Peak Allocated Bytes 0 B
      Overflow Count 0
    [ALLOC_TEMP_Background Job.worker 2]
      Initial Block Size 32.0 KB
      Current Block Size 32.0 KB
      Peak Allocated Bytes 103 B
      Overflow Count 0
    [ALLOC_TEMP_Background Job.worker 8]
      Initial Block Size 32.0 KB
      Current Block Size 32.0 KB
      Peak Allocated Bytes 0 B
      Overflow Count 0
    [ALLOC_TEMP_OSX HID Input]
      Initial Block Size 64.0 KB
      Current Block Size 64.0 KB
      Peak Allocated Bytes 0 B
      Overflow Count 0
    [ALLOC_TEMP_BakingJobs.worker 6]
      Initial Block Size 256.0 KB
      Current Block Size 256.0 KB
      Peak Allocated Bytes 0 B
      Overflow Count 0
    [ALLOC_TEMP_BakingJobs.worker 7]
      Initial Block Size 256.0 KB
      Current Block Size 256.0 KB
      Peak Allocated Bytes 0 B
      Overflow Count 0
    [ALLOC_TEMP_Job.worker 6]
      Initial Block Size 256.0 KB
      Current Block Size 0.8 MB
      Peak Allocated Bytes 0.8 MB
      Overflow Count 0
    [ALLOC_TEMP_Background Job.worker 0]
      Initial Block Size 32.0 KB
      Current Block Size 32.0 KB
      Peak Allocated Bytes 0 B
      Overflow Count 0
    [ALLOC_TEMP_AUDIO_FMOD stream thread]
      Initial Block Size 64.0 KB
      Current Block Size 64.0 KB
      Peak Allocated Bytes 0 B
      Overflow Count 0
    [ALLOC_TEMP_AssetDatabase.FileHasherHasher] x 4
      Initial Block Size 64.0 KB
      Current Block Size 64.0 KB
      Peak Allocated Bytes 31 B
      Overflow Count 0
    [ALLOC_TEMP_BakingJobs.worker 3]
      Initial Block Size 256.0 KB
      Current Block Size 256.0 KB
      Peak Allocated Bytes 0 B
      Overflow Count 0
    [ALLOC_TEMP_Job.worker 1]
      Initial Block Size 256.0 KB
      Current Block Size 384.0 KB
      Peak Allocated Bytes 368.0 KB
      Overflow Count 0
    [ALLOC_TEMP_Background Job.worker 5]
      Initial Block Size 32.0 KB
      Current Block Size 32.0 KB
      Peak Allocated Bytes 0 B
      Overflow Count 0
    [ALLOC_TEMP_BakingJobs.worker 2]
      Initial Block Size 256.0 KB
      Current Block Size 256.0 KB
      Peak Allocated Bytes 0 B
      Overflow Count 0
    [ALLOC_TEMP_Background Job.worker 11]
      Initial Block Size 32.0 KB
      Current Block Size 32.0 KB
      Peak Allocated Bytes 0 B
      Overflow Count 0
    [ALLOC_TEMP_EditorTaskManager]
      Initial Block Size 64.0 KB
      Current Block Size 80.0 KB
      Peak Allocated Bytes 64.0 KB
      Overflow Count 0
    [ALLOC_TEMP_Job.worker 5]
      Initial Block Size 256.0 KB
      Current Block Size 0.8 MB
      Peak Allocated Bytes 0.8 MB
      Overflow Count 0
    [ALLOC_TEMP_HTTP REST Server]
      Initial Block Size 64.0 KB
      Current Block Size 64.0 KB
      Peak Allocated Bytes 70 B
      Overflow Count 0
    [ALLOC_TEMP_AssetGarbageCollectorHelper] x 7
      Initial Block Size 64.0 KB
      Current Block Size 64.0 KB
      Peak Allocated Bytes 0 B
      Overflow Count 0
    [ALLOC_TEMP_AUDIO_Audio Mixer Thread]
      Initial Block Size 64.0 KB
      Current Block Size 64.0 KB
      Peak Allocated Bytes 0 B
      Overflow Count 0
    [ALLOC_TEMP_BakingJobs.worker 5]
      Initial Block Size 256.0 KB
      Current Block Size 256.0 KB
      Peak Allocated Bytes 0 B
      Overflow Count 0
    [ALLOC_TEMP_Job.worker 0]
      Initial Block Size 256.0 KB
      Current Block Size 256.0 KB
      Peak Allocated Bytes 17.3 KB
      Overflow Count 0
[ALLOC_MEMORYPROFILER]
  Peak usage frame count: [32.0 KB-64.0 KB]: 1199 frames, [64.0 KB-128.0 KB]: 1 frames
  Requested Block Size 1.0 MB
  Peak Block count 1
  Peak Allocated memory 80.0 KB
  Peak Large allocation bytes 0 B
[ALLOC_DEFAULT] Dual Thread Allocator
  Peak main deferred allocation count 243
    [ALLOC_BUCKET]
      Large Block size 32.0 MB
      Used Block count 1
      Peak Allocated bytes 4.7 MB
    [ALLOC_DEFAULT_MAIN]
      Peak usage frame count: [32.0 MB-64.0 MB]: 1200 frames
      Requested Block Size 16.0 MB
      Peak Block count 3
      Peak Allocated memory 42.1 MB
      Peak Large allocation bytes 0 B
    [ALLOC_DEFAULT_THREAD]
      Peak usage frame count: [0.5 MB-1.0 MB]: 1200 frames
      Requested Block Size 16.0 MB
      Peak Block count 1
      Peak Allocated memory 0.9 MB
      Peak Large allocation bytes 0 B
[ALLOC_TEMP_JOB_1_FRAME]
  Initial Block Size 2.0 MB
  Used Block Count 0
  Overflow Count (too large) 0
  Overflow Count (full) 0
[ALLOC_TEMP_JOB_2_FRAMES]
  Initial Block Size 2.0 MB
  Used Block Count 0
  Overflow Count (too large) 0
  Overflow Count (full) 0
[ALLOC_TEMP_JOB_4_FRAMES (JobTemp)]
  Initial Block Size 2.0 MB
  Used Block Count 1
  Overflow Count (too large) 0
  Overflow Count (full) 0
[ALLOC_TEMP_JOB_ASYNC (Background)]
  Initial Block Size 1.0 MB
  Used Block Count 1
  Overflow Count (too large) 0
  Overflow Count (full) 0
[ALLOC_GFX] Dual Thread Allocator
  Peak main deferred allocation count 0
    [ALLOC_BUCKET]
      Large Block size 32.0 MB
      Used Block count 1
      Peak Allocated bytes 4.7 MB
    [ALLOC_GFX_MAIN]
      Peak usage frame count: [4.0 MB-8.0 MB]: 1199 frames, [8.0 MB-16.0 MB]: 1 frames
      Requested Block Size 16.0 MB
      Peak Block count 1
      Peak Allocated memory 8.7 MB
      Peak Large allocation bytes 0 B
    [ALLOC_GFX_THREAD]
      Peak usage frame count: [1.0 KB-2.0 KB]: 1199 frames, [2.0 KB-4.0 KB]: 1 frames
      Requested Block Size 16.0 MB
      Peak Block count 1
      Peak Allocated memory 2.1 KB
      Peak Large allocation bytes 0 B
[ALLOC_CACHEOBJECTS] Dual Thread Allocator
  Peak main deferred allocation count 71
    [ALLOC_BUCKET]
      Large Block size 32.0 MB
      Used Block count 1
      Peak Allocated bytes 4.7 MB
    [ALLOC_CACHEOBJECTS_MAIN]
      Peak usage frame count: [8.0 MB-16.0 MB]: 1200 frames
      Requested Block Size 4.0 MB
      Peak Block count 2
      Peak Allocated memory 15.1 MB
      Peak Large allocation bytes 10.7 MB
    [ALLOC_CACHEOBJECTS_THREAD]
      Peak usage frame count: [64.0 KB-128.0 KB]: 1199 frames, [256.0 KB-0.5 MB]: 1 frames
      Requested Block Size 4.0 MB
      Peak Block count 1
      Peak Allocated memory 481.8 KB
      Peak Large allocation bytes 0 B
[ALLOC_TYPETREE] Dual Thread Allocator
  Peak main deferred allocation count 497
    [ALLOC_BUCKET]
      Large Block size 32.0 MB
      Used Block count 1
      Peak Allocated bytes 4.7 MB
    [ALLOC_TYPETREE_MAIN]
      Peak usage frame count: [64.0 KB-128.0 KB]: 1199 frames, [2.0 MB-4.0 MB]: 1 frames
      Requested Block Size 2.0 MB
      Peak Block count 2
      Peak Allocated memory 2.6 MB
      Peak Large allocation bytes 0 B
    [ALLOC_TYPETREE_THREAD]
      Peak usage frame count: [32.0 KB-64.0 KB]: 1200 frames
      Requested Block Size 2.0 MB
      Peak Block count 1
      Peak Allocated memory 116.7 KB
      Peak Large allocation bytes 0 B
[ALLOC_PROFILER]
  Peak usage frame count: [256.0 KB-0.5 MB]: 1200 frames
  Requested Block Size 16.0 MB
  Peak Block count 1
  Peak Allocated memory 490.7 KB
  Peak Large allocation bytes 0 B
    [ALLOC_PROFILER_BUCKET]
      Large Block size 32.0 MB
      Used Block count 1
      Peak Allocated bytes 4.4 KB
[ALLOC_PROFILER_EDITOR]
  Peak usage frame count: [0-1.0 KB]: 1200 frames
  Requested Block Size 1.0 MB
  Peak Block count 0
  Peak Allocated memory 0 B
  Peak Large allocation bytes 0 B
    [ALLOC_PROFILER_BUCKET]
      Large Block size 32.0 MB
      Used Block count 1
      Peak Allocated bytes 4.4 KB
##utp:{"type":"MemoryLeaks","version":2,"phase":"Immediate","time":1777963622406,"processId":53033,"allocatedMemory":12546061,"memoryLabels":[{"Default":11375},{"Permanent":15536},{"Thread":1083508},{"Manager":29631},{"VertexData":12},{"Geometry":280},{"Texture":168},{"Shader":67451},{"Material":24},{"GfxDevice":38432},{"Animation":304},{"Audio":3904},{"FontEngine":288},{"Physics":561},{"Serialization":612},{"Input":9024},{"JobScheduler":232},{"Mono":40},{"ScriptingNativeRuntime":7924888},{"BaseObject":1618916},{"Resource":912},{"Renderer":2272},{"Transform":24},{"File":3661},{"WebCam":40},{"Culling":40},{"Terrain":1025},{"Wind":24},{"String":19076},{"DynamicArray":118820},{"HashMap":77006},{"Utility":289286},{"Curl":2047},{"PoolAlloc":1464},{"AI":40},{"TypeTree":4533},{"ScriptManager":528},{"RuntimeInitializeOnLoadManager":72},{"SpriteAtlas":112},{"GI":3656},{"Director":7880},{"CloudService":2552},{"WebRequest":816},{"VR":45641},{"SceneManager":616},{"Video":2120},{"LazyScriptCache":32},{"NativeArray":12},{"Camera":25},{"Secure":9817},{"SerializationCache":1576},{"APIUpdating":11856},{"Subsystems":384},{"VirtualTexturing":57512},{"StaticSafetyDebugInfo":327680},{"Baselib":16},{"EditorGui":80},{"EditorUtility":6359},{"VersionControl":4},{"Undo":720},{"AssetDatabase":693023},{"RestService":1310},{"EditorGi":376},{"License":3616},{"UnityConnect":25512},{"Collab":785},{"Upm":1600},{"DrivenProperties":80},{"LocalIPC":222},{"ProfilerEditor":10967},{"CoreBusinessMetrics":2984},{"AssetReference":32},{"IPCStream":32}]}
