Unity Editor version:    2022.3.0f1 (fb119bb0b476)
Branch:                  2022.3/release
Build type:              Release
Batch mode:              YES
macOS version:           Version 26.3.1 (a) (Build 25D771280a)
Darwin version:          25.3.0
Architecture:            arm64
Running under Rosetta:   NO
Available memory:        8192 MB
[Licensing::Module] Trying to connect to existing licensing client channel...
[Licensing::IpcConnector] Connection attempt to the License Client on channel: "LicenseClient-guribbong" failed because channel doesn't exist; code: "0x80000002"
Launching external process: /Applications/Unity/Hub/Editor/2022.3.0f1/Unity.app/Contents/Frameworks/UnityLicensingClient.app/Contents/MacOS/Unity.Licensing.Client
[Licensing::Module] Successfully launched the LicensingClient (PId: 64332)
[Licensing::IpcConnector] Successfully connected to the License Client on channel: "LicenseClient-guribbong"
[Licensing::Client] Handshaking with LicensingClient:
  Version:                 1.12.1+9338cad
  Session Id:              3b029e0f0e79425dadfa407e0ef2cf9c
  Correlation Id:          3870163de109dfdceaf8f45b62022d82
  External correlation Id: 8005082467498180504
  Machine Id:              kK/taOzULwH3CoqhnK6anvJ0b88=
[Licensing::Module] Successfully connected to LicensingClient on channel: "LicenseClient-guribbong" (connect: 2.80s, validation: 0.15s, handshake: 0.35s)
[Licensing::IpcConnector] Successfully connected to the License Notification on channel: "LicenseClient-guribbong-notifications"
[Licensing::Module] Connected to LicensingClient (PId: 64332, launch time: 0.00, total connection time: 3.30s)
[Licensing::Module] Error: Access token is unavailable; failed to update
[Licensing::Client] Error: Code 500 while processing request (status: Unable to update licenses. Errors: No ULF license found.,Token not found in cache)
[Licensing::Client] Error: Code 500 while updating license in client (status: Unable to update licenses. Errors: No ULF license found.,Token not found in cache)
[Licensing::Client] Successfully resolved entitlements
[Licensing::Module] Serial number assigned to: "14568638156105-UnityPersXXXX"
Pro License: NO
Launching external process: /Applications/Unity/Hub/Editor/2022.3.0f1/Unity.app/Contents/Resources/PackageManager/Server/UnityPackageManager

COMMAND LINE ARGUMENTS:
/Applications/Unity/Hub/Editor/2022.3.0f1/Unity.app/Contents/MacOS/Unity
-batchmode
-projectPath
unity/EmbodiedDebate
-executeMethod
ArgusUnity.Editor.MiniBotScenarioBuilder.CaptureFootstepPreview
-logFile
tmp/mini-bot-footstep.log
Successfully changed project path to: /Users/guribbong/code/Argus/unity/EmbodiedDebate
/Users/guribbong/code/Argus/unity/EmbodiedDebate
[UnityMemory] Configuration Parameters - Can be set up in boot.config
    "memorysetup-bucket-allocator-granularity=16"
    "memorysetup-bucket-allocator-bucket-count=8"
    "memorysetup-bucket-allocator-block-size=33554432"
    "memorysetup-bucket-allocator-block-count=8"
    "memorysetup-main-allocator-block-size=16777216"
    "memorysetup-thread-allocator-block-size=16777216"
    "memorysetup-gfx-main-allocator-block-size=16777216"
    "memorysetup-gfx-thread-allocator-block-size=16777216"
    "memorysetup-cache-allocator-block-size=4194304"
    "memorysetup-typetree-allocator-block-size=2097152"
    "memorysetup-profiler-bucket-allocator-granularity=16"
    "memorysetup-profiler-bucket-allocator-bucket-count=8"
    "memorysetup-profiler-bucket-allocator-block-size=33554432"
    "memorysetup-profiler-bucket-allocator-block-count=8"
    "memorysetup-profiler-allocator-block-size=16777216"
    "memorysetup-profiler-editor-allocator-block-size=1048576"
    "memorysetup-temp-allocator-size-main=16777216"
    "memorysetup-job-temp-allocator-block-size=2097152"
    "memorysetup-job-temp-allocator-block-size-background=1048576"
    "memorysetup-job-temp-allocator-reduction-small-platforms=262144"
    "memorysetup-allocator-temp-initial-block-size-main=262144"
    "memorysetup-allocator-temp-initial-block-size-worker=262144"
    "memorysetup-temp-allocator-size-background-worker=32768"
    "memorysetup-temp-allocator-size-job-worker=262144"
    "memorysetup-temp-allocator-size-preload-manager=33554432"
    "memorysetup-temp-allocator-size-nav-mesh-worker=65536"
    "memorysetup-temp-allocator-size-audio-worker=65536"
    "memorysetup-temp-allocator-size-cloud-worker=32768"
    "memorysetup-temp-allocator-size-gi-baking-worker=262144"
    "memorysetup-temp-allocator-size-gfx=262144"
Player connection [8649715968] Host "[IP] 192.168.3.1 [Port] 55496 [Flags] 2 [Guid] 2220993209 [EditorId] 2220993209 [Version] 1048832 [Id] OSXEditor(0,topabaem.local) [Debug] 1 [PackageName] OSXEditor [ProjectName] Editor" joined multi-casting on [225.0.0.222:54997]...

Player connection [8649715968] Host "[IP] 192.168.3.1 [Port] 55496 [Flags] 2 [Guid] 2220993209 [EditorId] 2220993209 [Version] 1048832 [Id] OSXEditor(0,topabaem.local) [Debug] 1 [PackageName] OSXEditor [ProjectName] Editor" joined alternative multi-casting on [225.0.0.222:34997]...

[Package Manager] UpmClient::Connect -- Connected to IPC stream "Upm-64330" after 0.8 seconds.
[Licensing::Client] Successfully resolved entitlements
[Package Manager] Restoring resolved packages state from cache
[Licensing::Client] Successfully resolved entitlement details
[Package Manager] Registered 8 packages:
  Packages from [https://packages.unity.com]:
    com.unity.nuget.newtonsoft-json@3.2.1 (location: /Users/guribbong/code/Argus/unity/EmbodiedDebate/Library/PackageCache/com.unity.nuget.newtonsoft-json@3.2.1)
    com.unity.test-framework@1.1.33 (location: /Users/guribbong/code/Argus/unity/EmbodiedDebate/Library/PackageCache/com.unity.test-framework@1.1.33)
    com.unity.ext.nunit@1.0.6 (location: /Users/guribbong/code/Argus/unity/EmbodiedDebate/Library/PackageCache/com.unity.ext.nunit@1.0.6)
  Built-in packages:
    com.unity.modules.imageconversion@1.0.0 (location: /Users/guribbong/code/Argus/unity/EmbodiedDebate/Library/PackageCache/com.unity.modules.imageconversion@1.0.0)
    com.unity.modules.physics@1.0.0 (location: /Users/guribbong/code/Argus/unity/EmbodiedDebate/Library/PackageCache/com.unity.modules.physics@1.0.0)
    com.unity.modules.unitywebrequest@1.0.0 (location: /Users/guribbong/code/Argus/unity/EmbodiedDebate/Library/PackageCache/com.unity.modules.unitywebrequest@1.0.0)
    com.unity.modules.imgui@1.0.0 (location: /Users/guribbong/code/Argus/unity/EmbodiedDebate/Library/PackageCache/com.unity.modules.imgui@1.0.0)
    com.unity.modules.jsonserialize@1.0.0 (location: /Users/guribbong/code/Argus/unity/EmbodiedDebate/Library/PackageCache/com.unity.modules.jsonserialize@1.0.0)
[Subsystems] No new subsystems found in resolved package list.
Package Manager log level set to [2]
[Package Manager] Done registering packages in 0.22 seconds
Refreshing native plugins compatible for Editor in 4.11 ms, found 0 plugins.
Preloading 0 native plugins for Editor in 0.00 ms.
Initialize engine version: 2022.3.0f1 (fb119bb0b476)
[Subsystems] Discovering subsystems at path /Applications/Unity/Hub/Editor/2022.3.0f1/Unity.app/Contents/Resources/UnitySubsystems
[Subsystems] Discovering subsystems at path /Users/guribbong/code/Argus/unity/EmbodiedDebate/Assets
GfxDevice: creating device client; threaded=0; jobified=0
 preferred device: Apple M2 (high power)
Metal devices available: 1
0: Apple M2 (high power)
Using device Apple M2 (high power)
Initializing Metal device caps: Apple M2
[Licensing::Client] Successfully resolved entitlements
Initialize mono
Mono path[0] = '/Applications/Unity/Hub/Editor/2022.3.0f1/Unity.app/Contents/Managed'
Mono path[1] = '/Applications/Unity/Hub/Editor/2022.3.0f1/Unity.app/Contents/MonoBleedingEdge/lib/mono/unityjit-macos'
Mono config path = '/Applications/Unity/Hub/Editor/2022.3.0f1/Unity.app/Contents/MonoBleedingEdge/etc'
Using monoOptions --debugger-agent=transport=dt_socket,embedding=1,server=y,suspend=n,address=127.0.0.1:56330
Using cacheserver namespaces - metadata:defaultmetadata, artifacts:defaultartifacts
Using cacheserver namespaces - metadata:defaultmetadata, artifacts:defaultartifacts
ImportWorker Server TCP listen port: 0
Begin MonoManager ReloadAssembly
Registering precompiled unity dll's ...
Register platform support module: /Applications/Unity/Hub/Editor/2022.3.0f1/Unity.app/Contents/PlaybackEngines/MacStandaloneSupport/UnityEditor.OSXStandalone.Extensions.dll
Registered in 0.001428 seconds.
- Loaded All Assemblies, in  0.280 seconds
Native extension for OSXStandalone target not found
Mono: successfully reloaded assembly
- Finished resetting the current domain, in  0.168 seconds
Domain Reload Profiling: 449ms
	BeginReloadAssembly (98ms)
		ExecutionOrderSort (0ms)
		DisableScriptedObjects (0ms)
		BackupInstance (0ms)
		ReleaseScriptingObjects (0ms)
		CreateAndSetChildDomain (1ms)
	RebuildCommonClasses (31ms)
	RebuildNativeTypeToScriptingClass (8ms)
	initialDomainReloadingComplete (35ms)
	LoadAllAssembliesAndSetupDomain (108ms)
		LoadAssemblies (98ms)
		RebuildTransferFunctionScriptingTraits (0ms)
		AnalyzeDomain (105ms)
			TypeCache.Refresh (104ms)
				TypeCache.ScanAssembly (91ms)
			ScanForSourceGeneratedMonoScriptInfo (0ms)
			ResolveRequiredComponents (1ms)
	FinalizeReload (168ms)
		ReleaseScriptCaches (0ms)
		RebuildScriptCaches (0ms)
		SetupLoadedEditorAssemblies (130ms)
			LogAssemblyErrors (0ms)
			InitializePlatformSupportModulesInManaged (5ms)
			SetLoadedEditorAssemblies (5ms)
			RefreshPlugins (0ms)
			BeforeProcessingInitializeOnLoad (1ms)
			ProcessInitializeOnLoadAttributes (89ms)
			ProcessInitializeOnLoadMethodAttributes (30ms)
			AfterProcessingInitializeOnLoad (0ms)
			EditorAssembliesLoaded (0ms)
		ExecutionOrderSort2 (0ms)
		AwakeInstancesAfterBackupRestoration (0ms)
[Licensing::Client] Successfully resolved entitlements
Application.AssetDatabase Initial Refresh Start
[ScriptCompilation] Requested script compilation because: Assetdatabase observed changes in script compilation related files
[40m[32minfo[39m[22m[49m: Microsoft.Hosting.Lifetime[14]
      Now listening on: http://unix:/tmp/ilpp.sock-8e16111b622e4d5ea6b5ecc926298bfd
[40m[32minfo[39m[22m[49m: Microsoft.Hosting.Lifetime[0]
      Application started. Press Ctrl+C to shut down.
[40m[32minfo[39m[22m[49m: Microsoft.Hosting.Lifetime[0]
      Hosting environment: Production
[40m[32minfo[39m[22m[49m: Microsoft.Hosting.Lifetime[0]
      Content root path: /Users/guribbong/code/Argus/unity/EmbodiedDebate/
[40m[32minfo[39m[22m[49m: Microsoft.AspNetCore.Hosting.Diagnostics[1]
      Request starting HTTP/2 POST http://ilpp/UnityILPP.PostProcessing/Ping application/grpc -
[40m[32minfo[39m[22m[49m: Microsoft.AspNetCore.Routing.EndpointMiddleware[0]
      Executing endpoint 'gRPC - /UnityILPP.PostProcessing/Ping'
[40m[32minfo[39m[22m[49m: Microsoft.AspNetCore.Routing.EndpointMiddleware[1]
      Executed endpoint 'gRPC - /UnityILPP.PostProcessing/Ping'
[40m[32minfo[39m[22m[49m: Microsoft.AspNetCore.Hosting.Diagnostics[2]
      Request finished HTTP/2 POST http://ilpp/UnityILPP.PostProcessing/Ping application/grpc - - 200 - application/grpc 54.0087ms
Starting: /Applications/Unity/Hub/Editor/2022.3.0f1/Unity.app/Contents/bee_backend --dont-print-to-structured-log --ipc --defer-dag-verification --dagfile="Library/Bee/200b0aE.dag" --continue-on-failure --profile="Library/Bee/backend1.traceevents" ScriptAssemblies
WorkingDir: /Users/guribbong/code/Argus/unity/EmbodiedDebate
DisplayProgressbar: Compiling Scripts
ExitCode: 0 Duration: 2s292ms
[134/137    2s] Csc Library/Bee/artifacts/200b0aE.dag/ArgusUnity.Editor.dll (+2 others)
[135/137    0s] CopyFiles Library/ScriptAssemblies/ArgusUnity.Editor.pdb
[136/137    0s] CopyFiles Library/ScriptAssemblies/ArgusUnity.Editor.dll
*** Tundra build success (2.27 seconds), 3 items updated, 137 evaluated
Total cache size 1512040
Total cache size after purge 1512040
AssetDatabase: script compilation time: 2.965277s
Begin MonoManager ReloadAssembly
Symbol file LoadedFromMemory is not a mono symbol file
- Loaded All Assemblies, in  0.295 seconds
Refreshing native plugins compatible for Editor in 0.24 ms, found 0 plugins.
Preloading 0 native plugins for Editor in 0.00 ms.
Start importing Assets/Editor/MiniBotScenarioBuilder.cs using Guid(41b45c58bffaa4784b56fd27d2808d44) Importer(-1,00000000000000000000000000000000)  -> (artifact id: '293daec333138a152e9b120bc52d563a') in 0.013520 seconds
Refreshing native plugins compatible for Editor in 0.22 ms, found 0 plugins.
Native extension for OSXStandalone target not found
Mono: successfully reloaded assembly
- Finished resetting the current domain, in  0.174 seconds
Domain Reload Profiling: 470ms
	BeginReloadAssembly (91ms)
		ExecutionOrderSort (0ms)
		DisableScriptedObjects (3ms)
		BackupInstance (0ms)
		ReleaseScriptingObjects (0ms)
		CreateAndSetChildDomain (23ms)
	RebuildCommonClasses (25ms)
	RebuildNativeTypeToScriptingClass (8ms)
	initialDomainReloadingComplete (15ms)
	LoadAllAssembliesAndSetupDomain (157ms)
		LoadAssemblies (93ms)
		RebuildTransferFunctionScriptingTraits (0ms)
		AnalyzeDomain (100ms)
			TypeCache.Refresh (98ms)
				TypeCache.ScanAssembly (92ms)
			ScanForSourceGeneratedMonoScriptInfo (1ms)
			ResolveRequiredComponents (0ms)
	FinalizeReload (175ms)
		ReleaseScriptCaches (0ms)
		RebuildScriptCaches (0ms)
		SetupLoadedEditorAssemblies (105ms)
			LogAssemblyErrors (0ms)
			InitializePlatformSupportModulesInManaged (2ms)
			SetLoadedEditorAssemblies (1ms)
			RefreshPlugins (0ms)
			BeforeProcessingInitializeOnLoad (16ms)
			ProcessInitializeOnLoadAttributes (76ms)
			ProcessInitializeOnLoadMethodAttributes (9ms)
			AfterProcessingInitializeOnLoad (1ms)
			EditorAssembliesLoaded (0ms)
		ExecutionOrderSort2 (0ms)
		AwakeInstancesAfterBackupRestoration (2ms)
Refreshing native plugins compatible for Editor in 0.26 ms, found 0 plugins.
Preloading 0 native plugins for Editor in 0.00 ms.
Asset Pipeline Refresh (id=5f9a5d5bc7c984b7a8972ed2d4fc127f): Total: 3.636 seconds - Initiated by InitialRefreshV2(ForceSynchronousImport)
	Summary:
		Imports: total=5 (actual=1, local cache=4, cache server=0)
		Asset DB Process Time: managed=1 ms, native=156 ms
		Asset DB Callback time: managed=28 ms, native=5 ms
		Scripting: domain reloads=1, domain reload time=475 ms, compile time=2965 ms, other=2 ms
		Project Asset Count: scripts=422, non-scripts=127
		Asset File Changes: new=0, changed=1, moved=0, deleted=0
		Scan Filter Count: 1
	InvokeBeforeRefreshCallbacks: 0.138ms
	ApplyChangesToAssetFolders: 0.008ms
	Scan: 24.626ms
	OnSourceAssetsModified: 1.646ms
	GetAllGuidsForCategorization: 0.031ms
	CategorizeAssets: 7.844ms
	ImportOutOfDateAssets: 194.756ms (-2789.468ms without children)
		ImportManagerImport: 17.823ms (3.486ms without children)
			ImportInProcess: 14.335ms
			UpdateCategorizedAssets: 0.002ms
		CompileScripts: 2965.341ms
		ReloadNativeAssets: 0.000ms
		UnloadImportedAssets: 0.692ms
		ReloadImportedAssets: 0.000ms
		EnsureUptoDateAssetsAreRegisteredWithGuidPM: 0.118ms
		InitializingProgressBar: 0.000ms
		OnDemandSchedulerStart: 0.249ms
	PostProcessAllAssets: 29.150ms
	Hotreload: 3.189ms
	GatherAllCurrentPrimaryArtifactRevisions: 0.000ms
	UnloadStreamsBegin: 0.110ms
	PersistCurrentRevisions: 0.051ms
	UnloadStreamsEnd: 0.001ms
	GenerateScriptTypeHashes: 0.004ms
	Untracked: 3374.117ms
Application.AssetDatabase Initial Refresh End
Launching external process: /Applications/Unity/Hub/Editor/2022.3.0f1/Unity.app/Contents/Tools/UnityShaderCompiler
Launched and connected shader compiler UnityShaderCompiler after 0.20 seconds
Scanning for USB devices : 0.174ms
Initializing Unity extensions:
[Licensing::Client] Successfully resolved entitlements
[MODES] ModeService[none].Initialize
[MODES] ModeService[none].LoadModes
[MODES] Loading mode Default (0) for mode-current-id-EmbodiedDebate
ProgressiveSceneManager::Cancel()
Unloading 3 Unused Serialized files (Serialized files now loaded: 0)
Unloading 22 unused Assets / (372.8 KB). Loaded Objects now: 838.
Memory consumption went from 81.8 MB to 81.5 MB.
Total: 2.712125 ms (FindLiveObjects: 0.039583 ms CreateObjectMapping: 0.008291 ms MarkObjects: 2.514459 ms  DeleteObjects: 0.149375 ms)

Asset Pipeline Refresh (id=0e27f15b512274726b3348ad852dff45): Total: 0.026 seconds - Initiated by RefreshV2(NoUpdateAssetOptions)
MiniBotScenarioBuilder: mini-bot import animationType=Generic, importAnimation=True, avatarValid=False, avatarHuman=False.
UnityEngine.StackTraceUtility:ExtractStackTrace () (at /Users/bokken/build/output/unity/unity/Runtime/Export/Scripting/StackTrace.cs:37)
UnityEngine.DebugLogHandler:LogFormat (UnityEngine.LogType,UnityEngine.Object,string,object[])
UnityEngine.Logger:Log (UnityEngine.LogType,object)
UnityEngine.Debug:Log (object)
ArgusUnity.Editor.MiniBotScenarioBuilder:LogRigInfo () (at Assets/Editor/MiniBotScenarioBuilder.cs:278)
ArgusUnity.Editor.MiniBotScenarioBuilder:BuildFootstepPreview () (at Assets/Editor/MiniBotScenarioBuilder.cs:49)
ArgusUnity.Editor.MiniBotScenarioBuilder:CaptureFootstepPreview () (at Assets/Editor/MiniBotScenarioBuilder.cs:67)

(Filename: Assets/Editor/MiniBotScenarioBuilder.cs Line: 278)

Unloading 1 Unused Serialized files (Serialized files now loaded: 0)
Unloading 63 unused Assets / (9.8 KB). Loaded Objects now: 838.
Memory consumption went from 82.0 MB to 82.0 MB.
Total: 2.228625 ms (FindLiveObjects: 0.030958 ms CreateObjectMapping: 0.008667 ms MarkObjects: 2.145875 ms  DeleteObjects: 0.042583 ms)

Start importing Assets/Project/Materials/RightFootMarker.mat using Guid(b884605d8646b487db53820f765856e5) Importer(-1,00000000000000000000000000000000)  -> (artifact id: 'be7e8a2f7a07c7f44a5b54d3216a1cec') in 0.001481 seconds
Start importing Assets/Project/Materials/MiniBotFloor.mat using Guid(c9b9da44181b64d019136d6424cdf19d) Importer(-1,00000000000000000000000000000000)  -> (artifact id: 'd221150920a531c7c9db591e76d470be') in 0.000708 seconds
Start importing Assets/Project/Materials/MiniBotWall.mat using Guid(9dfcfbc7ebd394f94995719dd7f08111) Importer(-1,00000000000000000000000000000000)  -> (artifact id: 'baf25b3c01946e8c8328076758ff86de') in 0.000649 seconds
Start importing Assets/Project/Materials/LeftFootMarker.mat using Guid(bee4c6fe8682f4239824780cec3e30d3) Importer(-1,00000000000000000000000000000000)  -> (artifact id: '4406a362c593bedace1b648adcb25c5c') in 0.000758 seconds
Refreshing native plugins compatible for Editor in 0.37 ms, found 0 plugins.
Preloading 0 native plugins for Editor in 0.00 ms.
Asset Pipeline Refresh (id=99a8852e393a74725ad90cb1dbed33a7): Total: 0.018 seconds - Initiated by StopAssetImportingV2(NoUpdateAssetOptions)
Start importing Assets/Project/Scenes/MiniBotFootstepPreview.unity using Guid(5f1b0585b0303492eac839d068a03b1e) Importer(-1,00000000000000000000000000000000)  -> (artifact id: '9d1bbf0ef55ab59193eaf8e9087c29c1') in 0.000538 seconds
Refreshing native plugins compatible for Editor in 0.21 ms, found 0 plugins.
Preloading 0 native plugins for Editor in 0.00 ms.
Asset Pipeline Refresh (id=91289f82c82314c729fee5586e8def16): Total: 0.011 seconds - Initiated by StopAssetImportingV2(NoUpdateAssetOptions)
MiniBotScenarioBuilder: saved Assets/Project/Scenes/MiniBotFootstepPreview.unity
UnityEngine.StackTraceUtility:ExtractStackTrace () (at /Users/bokken/build/output/unity/unity/Runtime/Export/Scripting/StackTrace.cs:37)
UnityEngine.DebugLogHandler:LogFormat (UnityEngine.LogType,UnityEngine.Object,string,object[])
UnityEngine.Logger:Log (UnityEngine.LogType,object)
UnityEngine.Debug:Log (object)
ArgusUnity.Editor.MiniBotScenarioBuilder:BuildFootstepPreview () (at Assets/Editor/MiniBotScenarioBuilder.cs:62)
ArgusUnity.Editor.MiniBotScenarioBuilder:CaptureFootstepPreview () (at Assets/Editor/MiniBotScenarioBuilder.cs:67)

(Filename: Assets/Editor/MiniBotScenarioBuilder.cs Line: 62)

Opening scene 'Assets/Project/Scenes/MiniBotFootstepPreview.unity'
Unloading 0 Unused Serialized files (Serialized files now loaded: 0)
Loaded scene 'Assets/Project/Scenes/MiniBotFootstepPreview.unity'
	Deserialize:            1.070 ms
	Integration:            5.423 ms
	Integration of assets:  0.001 ms
	Thread Wait Time:       0.006 ms
	Total Operation Time:   6.499 ms
Unloading 10 unused Assets / (21.4 KB). Loaded Objects now: 1009.
Memory consumption went from 79.7 MB to 79.7 MB.
Total: 2.147916 ms (FindLiveObjects: 0.039125 ms CreateObjectMapping: 0.009792 ms MarkObjects: 2.086500 ms  DeleteObjects: 0.012125 ms)

[Project] Loading completed in 9.873 seconds
	Project init time: 				6.003 seconds
		Template init time: 		0.000 seconds
		Package Manager init time: 		0.770 seconds
		Asset Database init time: 		0.357 seconds
		Global illumination init time: 	0.004 seconds
		Assemblies load time: 			0.452 seconds
		Unity extensions init time: 	0.000 seconds
		Asset Database refresh time: 	0.026 seconds
	Scene opening time: 			0.200 seconds
##utp:{"type":"ProjectInfo","version":2,"phase":"Immediate","time":1777964105280,"processId":64330,"projectLoad":9.872916292000001,"projectInit":6.003188458,"templateInit":0.0,"packageManagerInit":0.770292458,"assetDatabaseInit":0.35725525,"globalIlluminationInit":0.004086125,"assembliesLoad":0.451927958,"unityExtensionsInit":0.000422958,"assetDatabaseRefresh":0.025749792,"sceneOpening":0.200055083}
##utp:{"type":"EditorInfo","version":2,"phase":"Immediate","time":1777964105280,"processId":64330,"editorVersion":"2022.3.0f1 (fb119bb0b476)","branch":"2022.3/release","buildType":"Release","platform":"OSX"}
Subscribe to USB device events
Scanning for USB devices : 0.137ms
Thread 0x320587000 may have been prematurely finalized
Reloading assemblies for play mode.
Reloading assemblies after forced synchronous recompile.
Begin MonoManager ReloadAssembly
Symbol file LoadedFromMemory is not a mono symbol file
- Loaded All Assemblies, in  0.139 seconds
Refreshing native plugins compatible for Editor in 0.19 ms, found 0 plugins.
Native extension for OSXStandalone target not found
Mono: successfully reloaded assembly
- Finished resetting the current domain, in  0.226 seconds
Domain Reload Profiling: 366ms
	BeginReloadAssembly (86ms)
		ExecutionOrderSort (0ms)
		DisableScriptedObjects (2ms)
		BackupInstance (0ms)
		ReleaseScriptingObjects (0ms)
		CreateAndSetChildDomain (32ms)
	RebuildCommonClasses (25ms)
	RebuildNativeTypeToScriptingClass (9ms)
	initialDomainReloadingComplete (14ms)
	LoadAllAssembliesAndSetupDomain (6ms)
		LoadAssemblies (43ms)
		RebuildTransferFunctionScriptingTraits (0ms)
		AnalyzeDomain (1ms)
			TypeCache.Refresh (0ms)
				TypeCache.ScanAssembly (0ms)
			ScanForSourceGeneratedMonoScriptInfo (0ms)
			ResolveRequiredComponents (1ms)
	FinalizeReload (226ms)
		ReleaseScriptCaches (0ms)
		RebuildScriptCaches (0ms)
		SetupLoadedEditorAssemblies (128ms)
			LogAssemblyErrors (0ms)
			InitializePlatformSupportModulesInManaged (2ms)
			SetLoadedEditorAssemblies (5ms)
			RefreshPlugins (0ms)
			BeforeProcessingInitializeOnLoad (20ms)
			ProcessInitializeOnLoadAttributes (86ms)
			ProcessInitializeOnLoadMethodAttributes (14ms)
			AfterProcessingInitializeOnLoad (1ms)
			EditorAssembliesLoaded (0ms)
		ExecutionOrderSort2 (0ms)
		AwakeInstancesAfterBackupRestoration (3ms)
Asset Pipeline Refresh (id=a04b3fa53c00a4c698bbe92ffcb20069): Total: 0.397 seconds - Initiated by StopAssetImportingV2(ForceSynchronousImport | ForceDomainReload)
	Summary:
		Imports: total=0 (actual=0, local cache=0, cache server=0)
		Asset DB Process Time: managed=0 ms, native=20 ms
		Asset DB Callback time: managed=7 ms, native=0 ms
		Scripting: domain reloads=1, domain reload time=368 ms, compile time=0 ms, other=0 ms
		Project Asset Count: scripts=422, non-scripts=127
		Asset File Changes: new=0, changed=0, moved=0, deleted=0
		Scan Filter Count: 0
	InvokeBeforeRefreshCallbacks: 0.170ms
	ApplyChangesToAssetFolders: 0.008ms
	Scan: 0.000ms
	OnSourceAssetsModified: 0.001ms
	GetAllGuidsForCategorization: 0.043ms
	CategorizeAssets: 1.765ms
	ImportOutOfDateAssets: 227.738ms (227.454ms without children)
		CompileScripts: 0.009ms
		CollectScriptTypesHashes: 0.003ms
		ReloadNativeAssets: 0.005ms
		UnloadImportedAssets: 0.073ms
		EnsureUptoDateAssetsAreRegisteredWithGuidPM: 0.094ms
		InitializingProgressBar: 0.000ms
		PostProcessAllAssetNotificationsAddChangedAssets: 0.000ms
		OnDemandSchedulerStart: 0.100ms
	PostProcessAllAssets: 7.367ms
	GatherAllCurrentPrimaryArtifactRevisions: 0.028ms
	UnloadStreamsBegin: 0.030ms
	PersistCurrentRevisions: 0.020ms
	UnloadStreamsEnd: 0.001ms
	GenerateScriptTypeHashes: 0.004ms
	Untracked: 159.455ms
MiniBotFootstepPreview: rig bones leftFoot=True, rightFoot=True, leftLeg=True, rightLeg=True.
UnityEngine.StackTraceUtility:ExtractStackTrace () (at /Users/bokken/build/output/unity/unity/Runtime/Export/Scripting/StackTrace.cs:37)
UnityEngine.DebugLogHandler:LogFormat (UnityEngine.LogType,UnityEngine.Object,string,object[])
UnityEngine.Logger:Log (UnityEngine.LogType,object)
UnityEngine.Debug:Log (object)
ArgusUnity.Runtime.MiniBotFootstepPreview:Awake () (at Assets/Project/Scripts/Runtime/MiniBotFootstepPreview.cs:35)

(Filename: Assets/Project/Scripts/Runtime/MiniBotFootstepPreview.cs Line: 35)

Loaded scene 'Temp/__Backupscenes/0.backup'
	Deserialize:            0.820 ms
	Integration:            11.603 ms
	Integration of assets:  0.001 ms
	Thread Wait Time:       0.006 ms
	Total Operation Time:   12.429 ms
[MODES] ModeService[none].Initialize
[MODES] ModeService[none].LoadModes
[MODES] Loading mode Default (0) for mode-current-id-EmbodiedDebate
Created GICache directory at /Users/guribbong/Library/Caches/com.unity3d.UnityEditor/GiCache. Took: 0.002s, timestamps: [10.335 - 10.337]
Setting up 4 worker threads for Enlighten.
ArgusSmoke: capturing /Users/guribbong/code/Argus/tmp/mini_bot_footstep_preview.png after 1201 frames.
UnityEngine.StackTraceUtility:ExtractStackTrace () (at /Users/bokken/build/output/unity/unity/Runtime/Export/Scripting/StackTrace.cs:37)
UnityEngine.DebugLogHandler:LogFormat (UnityEngine.LogType,UnityEngine.Object,string,object[])
UnityEngine.Logger:Log (UnityEngine.LogType,object)
UnityEngine.Debug:Log (object)
ArgusUnity.Runtime.SmokeScreenshot:LateUpdate () (at Assets/Project/Scripts/Runtime/SmokeScreenshot.cs:44)

(Filename: Assets/Project/Scripts/Runtime/SmokeScreenshot.cs Line: 44)

ArgusSmoke: wrote 1280x720 PNG to /Users/guribbong/code/Argus/tmp/mini_bot_footstep_preview.png
UnityEngine.StackTraceUtility:ExtractStackTrace () (at /Users/bokken/build/output/unity/unity/Runtime/Export/Scripting/StackTrace.cs:37)
UnityEngine.DebugLogHandler:LogFormat (UnityEngine.LogType,UnityEngine.Object,string,object[])
UnityEngine.Logger:Log (UnityEngine.LogType,object)
UnityEngine.Debug:Log (object)
ArgusUnity.Runtime.SmokeScreenshot:CaptureMainCameraToPng (string,int,int) (at Assets/Project/Scripts/Runtime/SmokeScreenshot.cs:114)
ArgusUnity.Runtime.SmokeScreenshot:LateUpdate () (at Assets/Project/Scripts/Runtime/SmokeScreenshot.cs:46)

(Filename: Assets/Project/Scripts/Runtime/SmokeScreenshot.cs Line: 114)

Thread 0x333387000 may have been prematurely finalized
Unloading 0 Unused Serialized files (Serialized files now loaded: 0)
Loaded scene 'Temp/__Backupscenes/0.backup'
	Deserialize:            0.714 ms
	Integration:            2.722 ms
	Integration of assets:  0.001 ms
	Thread Wait Time:       0.006 ms
	Total Operation Time:   3.442 ms
Unloading 6 unused Assets / (2.4 KB). Loaded Objects now: 1016.
Memory consumption went from 80.2 MB to 80.2 MB.
Total: 3.148792 ms (FindLiveObjects: 0.042500 ms CreateObjectMapping: 0.009708 ms MarkObjects: 3.082625 ms  DeleteObjects: 0.013333 ms)

[UnityConnectServicesConfig] config is NOT valid, switching to default
gi::BakeBackendSwitch: switching bake backend from 3 to 2.
[00:00:00] Builtin Sky manager started.
Thread 0x334c07000 may have been prematurely finalized
[Licensing::IpcConnector] License Notification channel disconnected successfully.
[Licensing::IpcConnector] License Client channel disconnected successfully.
Curl error 42: Callback aborted
Thread 0x17bf53000 may have been prematurely finalized
[40m[32minfo[39m[22m[49m: Microsoft.Hosting.Lifetime[0]
      Application is shutting down...
Cleanup mono
debugger-agent: Unable to listen on 48
[Performance] Application.InitializeProject                                                                                                      :        1 samples, Peak.  6.00 s (1.0x), Avg.  6.00 s, Total. 6.003 s (54.3%)
[Performance] Application.PackageManager.StartServer                                                                                             :        1 samples, Peak.  2.87 ms (1.0x), Avg.  2.87 ms, Total. 2.875 ms (0.0%)
[Performance] Application.AcquireProjectLock                                                                                                     :        1 samples, Peak.  2.07 ms (1.0x), Avg.  2.07 ms, Total. 2.073 ms (0.0%)
[Performance] Application.InitializeEngineNoGraphics                                                                                             :        1 samples, Peak.  80.0 ms (1.0x), Avg.  80.0 ms, Total. 80.04 ms (0.7%)
[Performance] Application.PackageManager.Initialize                                                                                              :        1 samples, Peak.   770 ms (1.0x), Avg.   770 ms, Total. 770.3 ms (7.0%)
[Performance] Connecting to Package Manager                                                                                                      :       78 samples, Peak.   151 us (62.9x), Avg.  2.40 us, Total. 187.5 us (0.0%)
[Performance] Application.EngineGraphics.Initialize                                                                                              :        1 samples, Peak.  48.5 ms (1.0x), Avg.  48.5 ms, Total. 48.47 ms (0.4%)
[Performance] Application.GI.Initialize                                                                                                          :        1 samples, Peak.  4.09 ms (1.0x), Avg.  4.09 ms, Total. 4.088 ms (0.0%)
[Performance] Application.LoadAllDefaultResourcesFromEditor                                                                                      :        1 samples, Peak.  1.58 ms (1.0x), Avg.  1.58 ms, Total. 1.578 ms (0.0%)
[Performance] Application.LoadMonoAssemblies                                                                                                     :        1 samples, Peak.   452 ms (1.0x), Avg.   452 ms, Total. 451.9 ms (4.1%)
[Performance] RestoreManagedReferences                                                                                                           :        3 samples, Peak.  44.1 ms (1.7x), Avg.  25.3 ms, Total. 75.95 ms (0.7%)
[Performance] InitializeOnLoad ProjectSearch                                                                                                     :        3 samples, Peak.   407 us (1.6x), Avg.   251 us, Total. 752.8 us (0.0%)
[Performance] InitializeOnLoad AssetStoreContext                                                                                                 :        3 samples, Peak.  16.9 ms (1.1x), Avg.  15.6 ms, Total. 46.78 ms (0.4%)
[Performance] InitializeOnLoad SearchService                                                                                                     :        3 samples, Peak.   206 us (1.8x), Avg.   111 us, Total. 334.4 us (0.0%)
[Performance] InitializeOnLoad ObjectSelectorSearch                                                                                              :        3 samples, Peak.   207 us (1.2x), Avg.   171 us, Total. 512.9 us (0.0%)
[Performance] InitializeOnLoad NativeFormatImporterUtility                                                                                       :        3 samples, Peak.  1.72 ms (1.3x), Avg.  1.34 ms, Total. 4.010 ms (0.0%)
[Performance] InitializeOnLoad ManagedDebuggerWindow                                                                                             :        3 samples, Peak.   459 us (1.1x), Avg.   434 us, Total. 1.301 ms (0.0%)
[Performance] InitializeOnLoad PrefabInstanceChangedListener                                                                                     :        3 samples, Peak.   468 us (1.2x), Avg.   383 us, Total. 1.150 ms (0.0%)
[Performance] InitializeOnLoad ManagedDebugger                                                                                                   :        3 samples, Peak.   250 ns (1.0x), Avg.   250 ns, Total. 750.0 ns (0.0%)
[Performance] InitializeOnLoad CloudBuild                                                                                                        :        3 samples, Peak.  3.12 us (1.5x), Avg.  2.07 us, Total. 6.209 us (0.0%)
[Performance] InitializeOnLoad Collab                                                                                                            :        3 samples, Peak.  5.95 ms (1.3x), Avg.  4.48 ms, Total. 13.45 ms (0.1%)
[Performance] InitializeOnLoad ShortcutIntegration                                                                                               :        3 samples, Peak.  38.3 us (1.0x), Avg.  36.6 us, Total. 109.7 us (0.0%)
[Performance] InitializeOnLoad MixerEffectDefinitionReloader                                                                                     :        3 samples, Peak.  1.84 ms (1.5x), Avg.  1.27 ms, Total. 3.798 ms (0.0%)
[Performance] InitializeOnLoad DrivenRectTransformUndo                                                                                           :        3 samples, Peak.   162 us (1.0x), Avg.   156 us, Total. 468.3 us (0.0%)
[Performance] InitializeOnLoad WindowLayout                                                                                                      :        3 samples, Peak.   331 us (1.1x), Avg.   308 us, Total. 923.7 us (0.0%)
[Performance] InitializeOnLoad SettingsService                                                                                                   :        3 samples, Peak.  7.67 us (1.5x), Avg.  5.01 us, Total. 15.04 us (0.0%)
[Performance] InitializeOnLoad CacheServerWindow                                                                                                 :        3 samples, Peak.  8.38 us (1.5x), Avg.  5.53 us, Total. 16.58 us (0.0%)
[Performance] InitializeOnLoad MenuItems                                                                                                         :        3 samples, Peak.  49.8 us (1.1x), Avg.  44.9 us, Total. 134.8 us (0.0%)
[Performance] InitializeOnLoad CheckNavigationPackage                                                                                            :        3 samples, Peak.   302 us (1.3x), Avg.   236 us, Total. 708.9 us (0.0%)
[Performance] InitializeOnLoad UISystemProfilerRenderService                                                                                     :        3 samples, Peak.  7.21 us (1.3x), Avg.  5.42 us, Total. 16.25 us (0.0%)
[Performance] InitializeOnLoad EditMode                                                                                                          :        3 samples, Peak.   421 us (1.5x), Avg.   272 us, Total. 816.6 us (0.0%)
[Performance] InitializeOnLoad UnityConnect                                                                                                      :        3 samples, Peak.  29.2 us (1.1x), Avg.  27.1 us, Total. 81.17 us (0.0%)
[Performance] InitializeOnLoad AddComponentWindow                                                                                                :        3 samples, Peak.  67.6 us (1.1x), Avg.  61.8 us, Total. 185.5 us (0.0%)
[Performance] InitializeOnLoad PlayModeDownload                                                                                                  :        3 samples, Peak.  2.58 ms (2.7x), Avg.   967 us, Total. 2.900 ms (0.0%)
[Performance] InitializeOnLoad SceneSearch                                                                                                       :        3 samples, Peak.  68.5 us (1.5x), Avg.  44.5 us, Total. 133.6 us (0.0%)
[Performance] InitializeOnLoad EditorDelegateRegistration                                                                                        :        3 samples, Peak.   558 us (1.2x), Avg.   460 us, Total. 1.381 ms (0.0%)
[Performance] InitializeOnLoad UxmlObjectEditorFactories                                                                                         :        3 samples, Peak.   388 us (1.1x), Avg.   344 us, Total. 1.032 ms (0.0%)
[Performance] InitializeOnLoad RetainedMode                                                                                                      :        3 samples, Peak.  1.64 ms (1.1x), Avg.  1.49 ms, Total. 4.478 ms (0.0%)
[Performance] InitializeOnLoad EditorShaderLoader                                                                                                :        3 samples, Peak.   601 us (1.4x), Avg.   432 us, Total. 1.297 ms (0.0%)
[Performance] InitializeOnLoad UIDocumentHierarchyWatcher                                                                                        :        3 samples, Peak.  43.6 us (1.1x), Avg.  41.4 us, Total. 124.2 us (0.0%)
[Performance] InitializeOnLoad EditorMonitor                                                                                                     :        3 samples, Peak.  99.0 us (1.1x), Avg.  92.6 us, Total. 277.8 us (0.0%)
[Performance] InitializeOnLoad LiveReloadTrackerCreator                                                                                          :        3 samples, Peak.   144 us (1.3x), Avg.   114 us, Total. 340.8 us (0.0%)
[Performance] InitializeOnLoad UXMLEditorFactories                                                                                               :        3 samples, Peak.  39.8 ms (1.1x), Avg.  36.7 ms, Total. 110.0 ms (1.0%)
[Performance] InitializeOnLoad ServicesRepository                                                                                                :        3 samples, Peak.   493 us (1.1x), Avg.   450 us, Total. 1.351 ms (0.0%)
[Performance] InitializeOnLoad UDPService                                                                                                        :        3 samples, Peak.  1.51 ms (1.2x), Avg.  1.24 ms, Total. 3.721 ms (0.0%)
[Performance] InitializeOnLoad EditorGameServicesAnalytics                                                                                       :        3 samples, Peak.  1.05 ms (1.4x), Avg.   757 us, Total. 2.271 ms (0.0%)
[Performance] InitializeOnLoad CloudBuildPoller                                                                                                  :        3 samples, Peak.  67.4 us (1.1x), Avg.  62.4 us, Total. 187.1 us (0.0%)
[Performance] InitializeOnLoad BuildService                                                                                                      :        3 samples, Peak.   488 us (1.0x), Avg.   473 us, Total. 1.420 ms (0.0%)
[Performance] InitializeOnLoad CollabService                                                                                                     :        3 samples, Peak.   467 us (1.0x), Avg.   462 us, Total. 1.387 ms (0.0%)
[Performance] InitializeOnLoad PurchasingService                                                                                                 :        3 samples, Peak.  5.08 ms (1.2x), Avg.  4.09 ms, Total. 12.27 ms (0.1%)
[Performance] InitializeOnLoad CrashService                                                                                                      :        3 samples, Peak.   488 us (1.0x), Avg.   468 us, Total. 1.405 ms (0.0%)
[Performance] InitializeOnLoad AdsService                                                                                                        :        3 samples, Peak.  1.62 ms (1.5x), Avg.  1.07 ms, Total. 3.206 ms (0.0%)
[Performance] InitializeOnLoad AnalyticsService                                                                                                  :        3 samples, Peak.   495 us (1.0x), Avg.   472 us, Total. 1.417 ms (0.0%)
[Performance] InitializeOnLoad SearchWindow                                                                                                      :        3 samples, Peak.   101 us (1.3x), Avg.  80.2 us, Total. 240.6 us (0.0%)
[Performance] InitializeOnLoad SearchMonitor                                                                                                     :        3 samples, Peak.  6.59 ms (2.0x), Avg.  3.25 ms, Total. 9.739 ms (0.1%)
[Performance] InitializeOnLoad ParameterControllerEditor                                                                                         :        3 samples, Peak.  14.8 us (1.2x), Avg.  11.9 us, Total. 35.75 us (0.0%)
[Performance] InitializeOnLoad LayerSettingsWindow                                                                                               :        3 samples, Peak.  22.3 us (2.4x), Avg.  9.14 us, Total. 27.42 us (0.0%)
[Performance] InitializeOnLoad PackageManagerHookGUIDConverter.RegisterPackagesEventHandler                                                      :        3 samples, Peak.   482 us (2.0x), Avg.   242 us, Total. 725.3 us (0.0%)
[Performance] InitializeOnLoad EditorDragAndDrop.RegisterEditorClient                                                                            :        3 samples, Peak.   186 us (1.4x), Avg.   136 us, Total. 408.5 us (0.0%)
[Performance] InitializeOnLoad EditorEventCallbacks.InitializeFontAssetResourceChangeCallBacks                                                   :        3 samples, Peak.   764 us (1.1x), Avg.   693 us, Total. 2.080 ms (0.0%)
[Performance] InitializeOnLoad SceneTemplateService.Init                                                                                         :        3 samples, Peak.  1.34 ms (1.5x), Avg.   890 us, Total. 2.669 ms (0.0%)
[Performance] InitializeOnLoad DiagnosticSwitchesConsoleMessage.Init                                                                             :        3 samples, Peak.  2.18 ms (1.4x), Avg.  1.61 ms, Total. 4.822 ms (0.0%)
[Performance] InitializeOnLoad ScopedRegistryAddedPopup.SubscribeToRegistriesAdded                                                               :        3 samples, Peak.  18.1 ms (2.0x), Avg.  9.24 ms, Total. 27.73 ms (0.3%)
[Performance] InitializeOnLoad PackageManagerWindow.EditorInitializedInSafeMode                                                                  :        3 samples, Peak.   137 us (1.5x), Avg.  94.3 us, Total. 282.9 us (0.0%)
[Performance] InitializeOnLoad MemoryProfilerCompilationGuard.InjectCompileGuard                                                                 :        3 samples, Peak.  87.2 us (1.0x), Avg.  83.7 us, Total. 251.2 us (0.0%)
[Performance] InitializeOnLoad SceneVisibilityManager.Initialize                                                                                 :        3 samples, Peak.  3.29 ms (2.3x), Avg.  1.41 ms, Total. 4.236 ms (0.0%)
[Performance] InitializeOnLoad AssetPostprocessingInternal.RefreshCustomDependencies                                                             :        3 samples, Peak.  1.92 ms (1.3x), Avg.  1.42 ms, Total. 4.269 ms (0.0%)
[Performance] InitializeOnLoad ToolShortcutContext.Init                                                                                          :        3 samples, Peak.  79.8 us (1.1x), Avg.  75.7 us, Total. 227.0 us (0.0%)
[Performance] InitializeOnLoad SysrootManager.Initialize                                                                                         :        3 samples, Peak.   280 us (1.1x), Avg.   267 us, Total. 800.7 us (0.0%)
[Performance] InitializeOnLoad EditorWindow.Initialize                                                                                           :        3 samples, Peak.   108 us (1.1x), Avg.  97.6 us, Total. 292.7 us (0.0%)
[Performance] AssemblyReloadEvents.afterAssemblyReload: UnityEditor.SceneTemplate.SceneTemplateService.AfterAssemblyReload                       :        3 samples, Peak.  2.29 ms (1.4x), Avg.  1.63 ms, Total. 4.888 ms (0.0%)
[Performance] ProcessService.EditorAfterLoadAllAssemblies                                                                                        :        3 samples, Peak.   328 us (1.4x), Avg.   239 us, Total. 717.5 us (0.0%)
[Performance] Application.ReadLicenseInfo                                                                                                        :        1 samples, Peak.  17.3 ms (1.0x), Avg.  17.3 ms, Total. 17.34 ms (0.2%)
[Performance] Application.InitialRefresh                                                                                                         :        1 samples, Peak.  3.64 s (1.0x), Avg.  3.64 s, Total. 3.636 s (32.9%)
[Performance] ShaderImporter.SourceAssetModified                                                                                                 :        3 samples, Peak.   458 ns (1.3x), Avg.   347 ns, Total. 1.041 us (0.0%)
[Performance] ShaderIncludeImporter.SourceAssetModified                                                                                          :        3 samples, Peak.   459 ns (1.1x), Avg.   417 ns, Total. 1.251 us (0.0%)
[Performance] Compiling Scripts                                                                                                                  :        1 samples, Peak.  2.97 s (1.0x), Avg.  2.97 s, Total. 2.965 s (26.8%)
[Performance] AssemblyReloadEvents.beforeAssemblyReload: UnityEditor.SceneTemplate.SceneTemplateService.BeforeAssemblyReload                     :        2 samples, Peak.   328 us (1.1x), Avg.   306 us, Total. 611.7 us (0.0%)
[Performance] PresetManagerPostProcessor.OnPreprocessAsset                                                                                       :        6 samples, Peak.   655 us (5.8x), Avg.   114 us, Total. 682.3 us (0.0%)
[Performance] CancelSplashScreenOnAssetChange.OnPreprocessAsset                                                                                  :        6 samples, Peak.   256 us (5.9x), Avg.  43.5 us, Total. 260.8 us (0.0%)
[Performance] InitializeOnLoad BackgroundWatcher                                                                                                 :        2 samples, Peak.  89.8 us (1.1x), Avg.  81.6 us, Total. 163.2 us (0.0%)
[Performance] InitializeOnLoad UnityTestProtocolStarter                                                                                          :        2 samples, Peak.   384 us (1.1x), Avg.   351 us, Total. 701.6 us (0.0%)
[Performance] InitializeOnLoad TestStarter                                                                                                       :        2 samples, Peak.   404 us (1.1x), Avg.   375 us, Total. 750.0 us (0.0%)
[Performance] InitializeOnLoad RerunCallbackInitializer                                                                                          :        2 samples, Peak.  1.52 ms (1.3x), Avg.  1.17 ms, Total. 2.339 ms (0.0%)
[Performance] InitializeOnLoad TestJobDataHolder.ResumeRunningJobs                                                                               :        2 samples, Peak.   472 us (1.4x), Avg.   348 us, Total. 695.8 us (0.0%)
[Performance] InitializeOnLoad AnalyticsReporter.RegisterCallbacks                                                                               :        2 samples, Peak.   168 us (1.4x), Avg.   116 us, Total. 232.2 us (0.0%)
[Performance] DidReloadScriptsTestRunnerWindow.CompilationCallback                                                                               :        2 samples, Peak.   554 us (1.0x), Avg.   542 us, Total. 1.085 ms (0.0%)
[Performance] DidReloadScriptsTestListCache.ScriptReloaded                                                                                       :        2 samples, Peak.   456 us (1.7x), Avg.   268 us, Total. 535.1 us (0.0%)
[Performance] DidReloadScriptsAdvancedDropdownWindow.OnScriptReload                                                                              :        2 samples, Peak.   125 us (1.0x), Avg.   122 us, Total. 244.4 us (0.0%)
[Performance] AssetDatabase.ImportAssets                                                                                                         :        7 samples, Peak.  18.5 ms (7.0x), Avg.  2.64 ms, Total. 18.50 ms (0.2%)
[Performance] VersionControl.Task.Wait                                                                                                           :        1 samples, Peak.  89.7 us (1.0x), Avg.  89.7 us, Total. 89.71 us (0.0%)
[Performance] BuilderAssetPostprocessor.OnPostprocessAllAssets                                                                                   :        6 samples, Peak.  2.33 ms (2.9x), Avg.   792 us, Total. 4.754 ms (0.0%)
[Performance] ArtifactBrowserPostProcessor.OnPostprocessAllAssets                                                                                :        6 samples, Peak.   229 us (3.0x), Avg.  77.3 us, Total. 464.0 us (0.0%)
[Performance] AssetEvents.OnPostprocessAllAssets                                                                                                 :       12 samples, Peak.   110 us (4.4x), Avg.  25.1 us, Total. 300.6 us (0.0%)
[Performance] AudioMixerPostprocessor.OnPostprocessAllAssets                                                                                     :        6 samples, Peak.   167 us (2.9x), Avg.  56.7 us, Total. 340.0 us (0.0%)
[Performance] StyleCatalogPostProcessor.OnPostprocessAllAssets                                                                                   :        6 samples, Peak.  9.05 ms (3.0x), Avg.  3.02 ms, Total. 18.13 ms (0.2%)
[Performance] BuildCatalog                                                                                                                       :        1 samples, Peak.  8.45 ms (1.0x), Avg.  8.45 ms, Total. 8.453 ms (0.1%)
[Performance] ModelImporterPostProcessor.OnPostprocessAllAssets                                                                                  :        6 samples, Peak.  2.08 ms (2.3x), Avg.   899 us, Total. 5.397 ms (0.0%)
[Performance] RetainedModeAssetPostprocessor.OnPostprocessAllAssets                                                                              :        6 samples, Peak.  1.20 ms (3.0x), Avg.   405 us, Total. 2.430 ms (0.0%)
[Performance] AssetChangedListener.OnPostprocessAllAssets                                                                                        :        6 samples, Peak.  4.55 ms (2.8x), Avg.  1.60 ms, Total. 9.603 ms (0.1%)
[Performance] SpeedTreePostProcessor.OnPostprocessAllAssets                                                                                      :        6 samples, Peak.   132 us (2.5x), Avg.  52.9 us, Total. 317.1 us (0.0%)
[Performance] TextAssetPostProcessor.OnPostprocessAllAssets                                                                                      :        6 samples, Peak.   222 us (2.8x), Avg.  79.4 us, Total. 476.3 us (0.0%)
[Performance] SyncVS.PostprocessSyncProject                                                                                                      :        4 samples, Peak.   763 us (2.0x), Avg.   381 us, Total. 1.523 ms (0.0%)
[Performance] Selection.selectionChanged: UnityEditor.PackageManager.UI.Internal.SelectionProxy.OnSelectionChanged                               :        1 samples, Peak.   372 us (1.0x), Avg.   372 us, Total. 372.3 us (0.0%)
[Performance] Selection.selectionChanged: UnityEditorInternal.EditMode.OnSelectionChange                                                         :        1 samples, Peak.   304 us (1.0x), Avg.   304 us, Total. 303.5 us (0.0%)
[Performance] Application.ImportPackagesAndSetTemplateWhenCreatingProject                                                                        :        1 samples, Peak.  44.9 ms (1.0x), Avg.  44.9 ms, Total. 44.87 ms (0.4%)
[Performance] Application.SyncCurrentColorSpace                                                                                                  :        1 samples, Peak.   246 ms (1.0x), Avg.   246 ms, Total. 246.1 ms (2.2%)
[Performance] Application.OnUsbDevicesChanged                                                                                                    :        1 samples, Peak.   195 us (1.0x), Avg.   195 us, Total. 194.8 us (0.0%)
[Performance] Application.AssetInstanceCacheUpdate                                                                                               :        1 samples, Peak.   167 ns (1.0x), Avg.   167 ns, Total. 167.0 ns (0.0%)
[Performance] Application.UnityExtensions.Initialize                                                                                             :        1 samples, Peak.   423 us (1.0x), Avg.   423 us, Total. 423.4 us (0.0%)
[Performance] CodeEditorProjectSync.SyncEditorProject                                                                                            :        1 samples, Peak.  40.2 us (1.0x), Avg.  40.2 us, Total. 40.21 us (0.0%)
[Performance] Application.ExecuteStartups                                                                                                        :        1 samples, Peak.  42.6 ms (1.0x), Avg.  42.6 ms, Total. 42.64 ms (0.4%)
[Performance] Menu.RegisterMenuInterface                                                                                                         :       26 samples, Peak.   958 ns (5.8x), Avg.   165 ns, Total. 4.294 us (0.0%)
[Performance] Gizmo.RebuildRenderers                                                                                                             :        4 samples, Peak.  40.9 ms (3.8x), Avg.  10.7 ms, Total. 42.79 ms (0.4%)
[Performance] Gizmo.AddGizmoRenderers                                                                                                            :      104 samples, Peak.  1.17 ms (35.9x), Avg.  32.6 us, Total. 3.394 ms (0.0%)
[Performance] Application.editorInitializingProject                                                                                              :        1 samples, Peak.  27.5 ms (1.0x), Avg.  27.5 ms, Total. 27.52 ms (0.2%)
[Performance] Application.FinishLoadingProject                                                                                                   :        1 samples, Peak.   200 ms (1.0x), Avg.   200 ms, Total. 200.1 ms (1.8%)
[Performance] Application.InitializeMenu                                                                                                         :        1 samples, Peak.  39.5 ms (1.0x), Avg.  39.5 ms, Total. 39.49 ms (0.4%)
[Performance] Menu.RebuildAll                                                                                                                    :        1 samples, Peak.  39.5 ms (1.0x), Avg.  39.5 ms, Total. 39.48 ms (0.4%)
[Performance] Menu.BuildRegisteredMenuInterfaces                                                                                                 :        1 samples, Peak.  34.9 ms (1.0x), Avg.  34.9 ms, Total. 34.88 ms (0.3%)
[Performance] Menu.FilterMenuItem                                                                                                                :      677 samples, Peak.  12.0 ms (662.7x), Avg.  18.2 us, Total. 12.30 ms (0.1%)
[Performance] UpdateAllMenus                                                                                                                     :        2 samples, Peak.  19.1 ms (2.0x), Avg.  9.67 ms, Total. 19.35 ms (0.2%)
[Performance] EditorSceneManager.sceneClosing: UnityEditor.SceneVisibilityManager.EditorSceneManagerOnSceneClosing                               :        5 samples, Peak.   190 us (2.7x), Avg.  70.2 us, Total. 350.8 us (0.0%)
[Performance] EditorSceneManager.sceneClosed: callback in UnityEditor.Search.SearchMonitor                                                       :        4 samples, Peak.  61.1 us (2.4x), Avg.  25.1 us, Total. 100.3 us (0.0%)
[Performance] EditorSceneManager.activeSceneChangedInEditMode: callback in UnityEditor.Search.SearchMonitor                                      :        4 samples, Peak.  18.3 us (2.1x), Avg.  8.81 us, Total. 35.25 us (0.0%)
[Performance] GUIView.RepaintAll.PlayerLoopController                                                                                            :     1204 samples, Peak.  7.75 us (88.9x), Avg.  87.2 ns, Total. 105.0 us (0.0%)
[Performance] EditorSceneManager.newSceneCreated: UnityEditor.SceneTemplate.SceneTemplateService.OnNewSceneCreated                               :        2 samples, Peak.   144 us (2.0x), Avg.  72.6 us, Total. 145.3 us (0.0%)
[Performance] EditorSceneManager.newSceneCreated: UnityEditor.SceneVisibilityManager.EditorSceneManagerOnNewSceneCreated                         :        2 samples, Peak.  97.9 us (1.9x), Avg.  50.5 us, Total. 101.0 us (0.0%)
[Performance] EditorSceneManager.newSceneCreated: UnityEditor.SceneManagement.StageNavigationManager.OnNewSceneCreated                           :        2 samples, Peak.  32.1 us (2.0x), Avg.  16.5 us, Total. 32.92 us (0.0%)
[Performance] Application.InvokeFinishedLoadingProject                                                                                           :        1 samples, Peak.   842 us (1.0x), Avg.   842 us, Total. 842.5 us (0.0%)
[Performance] ProcessService.OnProjectLoaded                                                                                                     :        1 samples, Peak.  37.6 us (1.0x), Avg.  37.6 us, Total. 37.63 us (0.0%)
[Performance] AssetDatabase.Refresh                                                                                                              :        1 samples, Peak.  25.7 ms (1.0x), Avg.  25.7 ms, Total. 25.75 ms (0.2%)
[Performance] SceneDataContainer.TransformHierarchyChangedSetParentCallback                                                                      :       21 samples, Peak.  9.13 us (11.5x), Avg.   796 ns, Total. 16.71 us (0.0%)
[Performance] SceneVisibilityState.IsFlagSetInParents                                                                                            :       45 samples, Peak.   750 ns (3.6x), Avg.   207 ns, Total. 9.331 us (0.0%)
[Performance] BuilderAssetModificationProcessor.OnWillSaveAssets                                                                                 :        2 samples, Peak.   309 us (1.2x), Avg.   266 us, Total. 531.0 us (0.0%)
[Performance] TerrainModificationProcessor.OnWillSaveAssets                                                                                      :        2 samples, Peak.   508 us (1.2x), Avg.   431 us, Total. 861.8 us (0.0%)
[Performance] EditorSceneManager.sceneSaving: UnityEditor.SceneTemplate.SceneTemplateService.OnSceneSaving                                       :        1 samples, Peak.   154 us (1.0x), Avg.   154 us, Total. 153.9 us (0.0%)
[Performance] EditorSceneManager.sceneSaving: UnityEditor.SceneVisibilityManager.EditorSceneManagerOnSceneSaving                                 :        1 samples, Peak.  67.6 us (1.0x), Avg.  67.6 us, Total. 67.58 us (0.0%)
[Performance] BuilderAssetModificationProcessor.OnWillCreateAsset                                                                                :        1 samples, Peak.   163 us (1.0x), Avg.   163 us, Total. 162.9 us (0.0%)
[Performance] AssetDatabase.ImportAsset                                                                                                          :        1 samples, Peak.  10.6 ms (1.0x), Avg.  10.6 ms, Total. 10.60 ms (0.1%)
[Performance] EditorSceneManager.sceneSaved: UnityEditor.SceneTemplate.SceneTemplateService.OnSceneSaved                                         :        1 samples, Peak.  6.88 ms (1.0x), Avg.  6.88 ms, Total. 6.884 ms (0.1%)
[Performance] EditorSceneManager.sceneSaved: UnityEditor.SceneVisibilityManager.EditorSceneManagerOnSceneSaved                                   :        1 samples, Peak.  68.6 us (1.0x), Avg.  68.6 us, Total. 68.58 us (0.0%)
[Performance] EditorSceneManager.sceneOpening: UnityEditor.SceneVisibilityManager.EditorSceneManagerOnSceneOpening                               :        1 samples, Peak.  75.2 us (1.0x), Avg.  75.2 us, Total. 75.21 us (0.0%)
[Performance] Inspector.InitOrRebuild                                                                                                            :        3 samples, Peak.   298 us (1.5x), Avg.   193 us, Total. 578.2 us (0.0%)
[Performance] EditorSceneManager.sceneOpened: callback in UnityEditor.Search.SearchMonitor                                                       :        1 samples, Peak.  18.0 us (1.0x), Avg.  18.0 us, Total. 17.96 us (0.0%)
[Performance] EditorSceneManager.sceneOpened: UnityEditor.SceneTemplate.SceneTemplateService.OnSceneOpened                                       :        1 samples, Peak.   129 us (1.0x), Avg.   129 us, Total. 128.9 us (0.0%)
[Performance] EditorSceneManager.sceneOpened: UnityEditor.SceneVisibilityManager.EditorSceneManagerOnSceneOpened                                 :        1 samples, Peak.  57.5 us (1.0x), Avg.  57.5 us, Total. 57.50 us (0.0%)
[Performance] EditorSceneManager.sceneOpened: UnityEditor.SceneManagement.StageNavigationManager.OnSceneOpened                                   :        1 samples, Peak.  28.0 us (1.0x), Avg.  28.0 us, Total. 28.04 us (0.0%)
[Performance] EditorApplication.playModeStateChanged                                                                                             :        2 samples, Peak.  1.10 ms (1.7x), Avg.   636 us, Total. 1.272 ms (0.0%)
[Performance] EditorApplication.playModeStateChanged: UnityEditor.PackageManager.UI.Internal.PlayModeDownload.PlayModeStateChanged               :        4 samples, Peak.   204 us (2.8x), Avg.  72.0 us, Total. 288.1 us (0.0%)
[Performance] EditorApplication.playModeStateChanged: UnityEditor.SceneManagement.EditorSceneManager.PlayModeStateChangedCallback                :        4 samples, Peak.  20.7 us (2.1x), Avg.  9.99 us, Total. 39.96 us (0.0%)
[Performance] EditorApplication.playModeStateChanged: UnityEditor.Search.SearchMonitor.OnPlayModeChanged                                         :        3 samples, Peak.  79.8 us (1.7x), Avg.  47.7 us, Total. 143.1 us (0.0%)
[Performance] EditorApplication.playModeStateChanged: UnityEditor.TestTools.TestRunner.PlaymodeLauncher+BackgroundWatcher.OnPlayModeStateChanged :        4 samples, Peak.   586 us (2.5x), Avg.   238 us, Total. 952.0 us (0.0%)
[Performance] EditorApplication.playModeStateChanged: UnityEditor.PackageManager.UI.Internal.ApplicationProxy.PlayModeStateChanged               :        4 samples, Peak.  92.5 us (2.0x), Avg.  46.8 us, Total. 187.3 us (0.0%)
[Performance] EditorApplication.playModeStateChanged: UnityEditor.SceneVisibilityManager.EditorApplicationPlayModeStateChanged                   :        4 samples, Peak.  19.5 us (2.1x), Avg.  9.48 us, Total. 37.92 us (0.0%)
[Performance] EditorApplication.playModeStateChanged: UnityEditor.TestTools.TestRunner.TestRunnerWindow.OnPlayModeStateChanged                   :        4 samples, Peak.  68.0 us (2.1x), Avg.  32.2 us, Total. 128.7 us (0.0%)
[Performance] Application.InvokeProjectWasLoaded                                                                                                 :        1 samples, Peak.  24.1 us (1.0x), Avg.  24.1 us, Total. 24.08 us (0.0%)
[Performance] Application.Tick                                                                                                                   :     1200 samples, Peak.   534 ms (820.5x), Avg.   651 us, Total. 781.0 ms (7.1%)
[Performance] CheckLicensingClient                                                                                                               :        1 samples, Peak.  3.29 us (1.0x), Avg.  3.29 us, Total. 3.292 us (0.0%)
[Performance] CheckLicensingClientNotification                                                                                                   :        1 samples, Peak.  2.62 us (1.0x), Avg.  2.62 us, Total. 2.625 us (0.0%)
[Performance] Application.TickVersionControl                                                                                                     :     1201 samples, Peak.  2.67 us (21.3x), Avg.   125 ns, Total. 150.2 us (0.0%)
[Performance] MonoCompiler.Tick                                                                                                                  :        3 samples, Peak.   452 ms (3.0x), Avg.   151 ms, Total. 453.2 ms (4.1%)
[Performance] Application.EnterPlayMode                                                                                                          :        1 samples, Peak.   449 ms (1.0x), Avg.   449 ms, Total. 449.1 ms (4.1%)
[Performance] Application.Reload                                                                                                                 :        1 samples, Peak.   397 ms (1.0x), Avg.   397 ms, Total. 396.7 ms (3.6%)
[Performance] AssemblyReloadEvents.beforeAssemblyReload: UnityEditor.Search.SearchMonitor.OnBeforeAssemblyReload                                 :        1 samples, Peak.  1.15 ms (1.0x), Avg.  1.15 ms, Total. 1.153 ms (0.0%)
[Performance] UnityBuildPostprocessor.OnProcessScene                                                                                             :        1 samples, Peak.   659 us (1.0x), Avg.   659 us, Total. 658.5 us (0.0%)
[Performance] UnityConnect.Tick                                                                                                                  :        2 samples, Peak.  4.57 ms (1.9x), Avg.  2.38 ms, Total. 4.768 ms (0.0%)
[Performance] Collab.Tick                                                                                                                        :        2 samples, Peak.  1.50 us (1.3x), Avg.  1.12 us, Total. 2.250 us (0.0%)
[Performance] CurlRequest.Tick                                                                                                                   :        4 samples, Peak.  43.7 us (3.8x), Avg.  11.4 us, Total. 45.71 us (0.0%)
[Performance] WebSocketClient.Tick                                                                                                               :        4 samples, Peak.   459 ns (1.4x), Avg.   334 ns, Total. 1.334 us (0.0%)
[Performance] AssetDatabase.Tick                                                                                                                 :        4 samples, Peak.  33.4 us (3.9x), Avg.  8.48 us, Total. 33.91 us (0.0%)
[Performance] SceneBackgroundTask.Tick                                                                                                           :        3 samples, Peak.   250 ns (1.2x), Avg.   208 ns, Total. 625.0 ns (0.0%)
[Performance] Scheduler.Tick                                                                                                                     :       22 samples, Peak.  1.59 ms (21.3x), Avg.  74.5 us, Total. 1.640 ms (0.0%)
[Performance] RepaintAllProfilerWindows                                                                                                          :        1 samples, Peak.   212 us (1.0x), Avg.   212 us, Total. 212.0 us (0.0%)
[Performance] PlayerUpdates.Tick                                                                                                                 :        6 samples, Peak.  9.42 us (1.8x), Avg.  5.17 us, Total. 31.00 us (0.0%)
[Performance] Application.TickGlobalCallbacks                                                                                                    :     1201 samples, Peak.  48.8 ms (1009.2x), Avg.  48.4 us, Total. 58.11 ms (0.5%)
[Performance] EditorAnalytics.Tick                                                                                                               :        2 samples, Peak.  23.8 us (1.8x), Avg.  13.4 us, Total. 26.71 us (0.0%)
[Performance] Video.Update                                                                                                                       :     1201 samples, Peak.   708 ns (8.3x), Avg.  84.8 ns, Total. 101.9 us (0.0%)
[Performance] Application.TickProgress                                                                                                           :     1201 samples, Peak.  1.67 ms (1133.0x), Avg.  1.48 us, Total. 1.774 ms (0.0%)
[Performance] Application.TickSceneTracker                                                                                                       :     1201 samples, Peak.  1.20 ms (420.1x), Avg.  2.86 us, Total. 3.440 ms (0.0%)
[Performance] EditorApplication.update                                                                                                           :     1201 samples, Peak.  1.17 ms (573.6x), Avg.  2.04 us, Total. 2.447 ms (0.0%)
[Performance] EditorApplication.update: UnityEditor.PackageManager.UI.Internal.ApplicationProxy.OnUpdate                                         :     1201 samples, Peak.   372 us (622.1x), Avg.   599 ns, Total. 719.1 us (0.0%)
[Performance] EditorApplication.update: UnityEditor.SceneManagement.StageNavigationManager.Update                                                :     1201 samples, Peak.   229 us (683.7x), Avg.   335 ns, Total. 401.8 us (0.0%)
[Performance] ConsoleLog.Tick                                                                                                                    :        2 samples, Peak.   173 us (2.0x), Avg.  87.0 us, Total. 174.0 us (0.0%)
[Performance] HierarchyWindow.Tick                                                                                                               :        3 samples, Peak.   353 us (2.1x), Avg.   167 us, Total. 500.3 us (0.0%)
[Performance] EditorApplication.hierarchyChanged: Unity.UIElements.Editor.UIDocumentHierarchyWatcher.OnHierarchyChanged                          :        2 samples, Peak.   109 us (1.1x), Avg.   103 us, Total. 205.9 us (0.0%)
[Performance] Inspector.Tick                                                                                                                     :        2 samples, Peak.  21.2 ms (2.0x), Avg.  10.6 ms, Total. 21.16 ms (0.2%)
[Performance] EditorApplication.delayCall: UnityEditor.ShortcutManagement.ShortcutIntegration.EnsureShortcutsAreInitialized                      :        1 samples, Peak.  20.0 ms (1.0x), Avg.  20.0 ms, Total. 20.04 ms (0.2%)
[Performance] EditorApplication.delayCall: callback in UnityEditor.SceneVisibilityManager                                                        :        1 samples, Peak.   904 us (1.0x), Avg.   904 us, Total. 903.8 us (0.0%)
[Performance] EditorApplication.delayCall: callback in UnityEditor.EditorTools.ToolShortcutContext                                               :        1 samples, Peak.  59.7 us (1.0x), Avg.  59.7 us, Total. 59.71 us (0.0%)
[Performance] EditorApplication.delayCall: callback in UnityEditor.EditorWindow                                                                  :        1 samples, Peak.  22.0 us (1.0x), Avg.  22.0 us, Total. 22.00 us (0.0%)
[Performance] Tooltip.Tick                                                                                                                       :        5 samples, Peak.  6.17 us (4.3x), Avg.  1.45 us, Total. 7.251 us (0.0%)
[Performance] Application.RequestRepaintForPanels                                                                                                :     1200 samples, Peak.   217 us (329.5x), Avg.   659 ns, Total. 790.7 us (0.0%)
[Performance] Application.UpdateScene                                                                                                            :     1200 samples, Peak.   137 ms (789.2x), Avg.   173 us, Total. 207.6 ms (1.9%)
[Performance] PackageImporter.Tick                                                                                                               :        2 samples, Peak.   459 ns (1.3x), Avg.   354 ns, Total. 709.0 ns (0.0%)
[Performance] InspectorBackground.Tick                                                                                                           :        3 samples, Peak.   167 ns (1.3x), Avg.   125 ns, Total. 375.0 ns (0.0%)
[Performance] BurstDebug.Tick                                                                                                                    :        1 samples, Peak.   417 ns (1.0x), Avg.   417 ns, Total. 417.0 ns (0.0%)
[Performance] Application.ChangeLayoutIfNeeded                                                                                                   :     1200 samples, Peak.   125 ns (4.0x), Avg.  31.0 ns, Total. 37.19 us (0.0%)
[Performance] AsyncReadManager.ForceCloseFiles                                                                                                   :        1 samples, Peak.   708 ns (1.0x), Avg.   708 ns, Total. 708.0 ns (0.0%)
[Performance] Application.Message                                                                                                                :     1200 samples, Peak.   667 ns (10.5x), Avg.  63.4 ns, Total. 76.08 us (0.0%)
[Performance] Application.ExitPlayMode                                                                                                           :        1 samples, Peak.  22.6 ms (1.0x), Avg.  22.6 ms, Total. 22.60 ms (0.2%)
[Performance] CoreBusinessMetrics.Tick                                                                                                           :        1 samples, Peak.  28.7 us (1.0x), Avg.  28.7 us, Total. 28.75 us (0.0%)
[Performance] GI.Tick                                                                                                                            :        1 samples, Peak.   528 us (1.0x), Avg.   528 us, Total. 528.1 us (0.0%)
[Performance] UnitySynchronization.ExecuteTasks                                                                                                  :        1 samples, Peak.  1.08 us (1.0x), Avg.  1.08 us, Total. 1.083 us (0.0%)
[Performance] Application.TickPreloadManager                                                                                                     :        1 samples, Peak.  1.04 us (1.0x), Avg.  1.04 us, Total. 1.042 us (0.0%)
[Performance] Application.Shutdown.CollabTerminate                                                                                               :        1 samples, Peak.   124 us (1.0x), Avg.   124 us, Total. 124.2 us (0.0%)
[Performance] Application.Shutdown.CollabCleanup                                                                                                 :        1 samples, Peak.   654 us (1.0x), Avg.   654 us, Total. 654.4 us (0.0%)
[Performance] Application.Shutdown.SaveDefaultWindowPreferences                                                                                  :        1 samples, Peak.   130 us (1.0x), Avg.   130 us, Total. 130.2 us (0.0%)
[Performance] Application.Shutdown.SaveSceneManagerSetup                                                                                         :        1 samples, Peak.   166 us (1.0x), Avg.   166 us, Total. 166.2 us (0.0%)
[Performance] Application.Shutdown.CleanupAllContainerWindows                                                                                    :        1 samples, Peak.   250 ns (1.0x), Avg.   250 ns, Total. 250.0 ns (0.0%)
[Performance] EditorApplication.quitting: callback in UnityEditor.TextCore.Text.EditorEventCallbacks                                             :        1 samples, Peak.  3.15 ms (1.0x), Avg.  3.15 ms, Total. 3.150 ms (0.0%)
[Performance] EditorApplication.quitting: UnityEditor.Search.SearchMonitor.OnQuitting                                                            :        1 samples, Peak.   645 us (1.0x), Avg.   645 us, Total. 645.3 us (0.0%)
[Performance] Application.Shutdown.PauseProfilerSession                                                                                          :        1 samples, Peak.  11.9 us (1.0x), Avg.  11.9 us, Total. 11.88 us (0.0%)
[Performance] Application.Shutdown.PauseAssetImportWorkers                                                                                       :        1 samples, Peak.  49.0 us (1.0x), Avg.  49.0 us, Total. 49.00 us (0.0%)
[Performance] Application.Shutdown.SaveAssets                                                                                                    :        1 samples, Peak.  2.66 ms (1.0x), Avg.  2.66 ms, Total. 2.658 ms (0.0%)
[Performance] Application.Shutdown.CleanupRenderPipeline                                                                                         :        1 samples, Peak.  2.00 us (1.0x), Avg.  2.00 us, Total. 2.000 us (0.0%)
[Performance] Application.Shutdown.StopPreloadManager                                                                                            :        1 samples, Peak.  11.8 ms (1.0x), Avg.  11.8 ms, Total. 11.82 ms (0.1%)
[Performance] Application.Shutdown.DestroyWorld                                                                                                  :        1 samples, Peak.   259 us (1.0x), Avg.   259 us, Total. 259.2 us (0.0%)
[Performance] Application.Shutdown.CleanupAfterLoad                                                                                              :        1 samples, Peak.  1.87 ms (1.0x), Avg.  1.87 ms, Total. 1.873 ms (0.0%)
[Performance] Application.Shutdown.Progress                                                                                                      :        1 samples, Peak.  4.83 us (1.0x), Avg.  4.83 us, Total. 4.834 us (0.0%)
[Performance] Application.Shutdown.GICleanupManagers                                                                                             :        1 samples, Peak.  2.43 ms (1.0x), Avg.  2.43 ms, Total. 2.431 ms (0.0%)
[Performance] Application.Shutdown.MenuCleanupClass                                                                                              :        1 samples, Peak.  54.4 us (1.0x), Avg.  54.4 us, Total. 54.38 us (0.0%)
[Performance] Application.Shutdown.ADBSaveStateBeforeShutdown                                                                                    :        1 samples, Peak.  3.42 us (1.0x), Avg.  3.42 us, Total. 3.416 us (0.0%)
[Performance] Application.Shutdown.RemoteShutdown                                                                                                :        1 samples, Peak.   584 ns (1.0x), Avg.   584 ns, Total. 584.0 ns (0.0%)
[Performance] Application.Shutdown.CleanupVCProvider                                                                                             :        1 samples, Peak.  3.04 us (1.0x), Avg.  3.04 us, Total. 3.042 us (0.0%)
[Performance] Application.Shutdown.InputShutdown                                                                                                 :        1 samples, Peak.  86.1 us (1.0x), Avg.  86.1 us, Total. 86.08 us (0.0%)
[Performance] Application.Shutdown.GizmoManagerDestroy                                                                                           :        1 samples, Peak.   409 us (1.0x), Avg.   409 us, Total. 408.5 us (0.0%)
[Performance] Application.Shutdown.ProfilerSession                                                                                               :        1 samples, Peak.   567 us (1.0x), Avg.   567 us, Total. 567.0 us (0.0%)
[Performance] Application.Shutdown.ReleaseGfxWindowOnAllGUIViews                                                                                 :        1 samples, Peak.   542 ns (1.0x), Avg.   542 ns, Total. 542.0 ns (0.0%)
[Performance] Application.Shutdown.CleanupEngine                                                                                                 :        1 samples, Peak.   154 ms (1.0x), Avg.   154 ms, Total. 154.0 ms (1.4%)
[Performance] Application.Shutdown.CleanupAssetDatabase                                                                                          :        1 samples, Peak.  1.66 ms (1.0x), Avg.  1.66 ms, Total. 1.656 ms (0.0%)
[Performance] Application.Shutdown.ScriptCompilationCleanUp                                                                                      :        1 samples, Peak.  10.7 us (1.0x), Avg.  10.7 us, Total. 10.75 us (0.0%)
[Performance] Application.Shutdown.DestroyJobSystem                                                                                              :        1 samples, Peak.  56.0 us (1.0x), Avg.  56.0 us, Total. 56.00 us (0.0%)
[Performance] Application.Shutdown.CleanupPersistentManager                                                                                      :        1 samples, Peak.   798 us (1.0x), Avg.   798 us, Total. 798.1 us (0.0%)
[Performance] Application.Shutdown.CleanupAsyncReadManager                                                                                       :        1 samples, Peak.  46.0 us (1.0x), Avg.  46.0 us, Total. 46.04 us (0.0%)
[Performance] Application.Shutdown.CleanupMono                                                                                                   :        1 samples, Peak.  31.0 ms (1.0x), Avg.  31.0 ms, Total. 30.96 ms (0.3%)
[Performance] Application.Shutdown.CleanupStdConverters                                                                                          :        1 samples, Peak.  3.96 us (1.0x), Avg.  3.96 us, Total. 3.959 us (0.0%)
[Performance] Application.Shutdown.UnloadAllPlatformSupportModuleNativeDlls                                                                      :        1 samples, Peak.   250 ns (1.0x), Avg.   250 ns, Total. 250.0 ns (0.0%)
[Performance] Application.Shutdown.UnloadAllPlatformSupportNativeLibraries                                                                       :        1 samples, Peak.   167 ns (1.0x), Avg.   167 ns, Total. 167.0 ns (0.0%)
[Performance] Application.Shutdown.CleanupAutoDocumentation                                                                                      :        1 samples, Peak.   195 us (1.0x), Avg.   195 us, Total. 194.6 us (0.0%)
[Performance] Application.Shutdown.ShaderNameManagerDestroy                                                                                      :        1 samples, Peak.  24.8 us (1.0x), Avg.  24.8 us, Total. 24.83 us (0.0%)
[Performance] Application.Shutdown.CleanupCacheServer                                                                                            :        1 samples, Peak.   166 ns (1.0x), Avg.   166 ns, Total. 166.0 ns (0.0%)
[Performance] Application.Shutdown.Virtualization_Shutdown                                                                                       :        1 samples, Peak.  1.42 us (1.0x), Avg.  1.42 us, Total. 1.417 us (0.0%)
[Performance] Application.Shutdown.DevConnections                                                                                                :        1 samples, Peak.  81.8 us (1.0x), Avg.  81.8 us, Total. 81.75 us (0.0%)
[Package Manager] Server::Kill -- Server was shutdown
Checking for leaked weakptr:
  Found no leaked weakptrs.
Memory Statistics:
[ALLOC_TEMP_TLS] TLS Allocator
  StackAllocators : 
    [ALLOC_TEMP_CurlRequest]
      Initial Block Size 64.0 KB
      Current Block Size 64.0 KB
      Peak Allocated Bytes 0 B
      Overflow Count 0
    [ALLOC_TEMP_MAIN]
      Peak usage frame count: [4.0 KB-8.0 KB]: 1198 frames, [2.0 MB-4.0 MB]: 1 frames, [8.0 MB-16.0 MB]: 1 frames
      Initial Block Size 16.0 MB
      Current Block Size 16.0 MB
      Peak Allocated Bytes 9.4 MB
      Overflow Count 0
    [ALLOC_TEMP_Background Job.worker 6]
      Initial Block Size 32.0 KB
      Current Block Size 32.0 KB
      Peak Allocated Bytes 0 B
      Overflow Count 0
    [ALLOC_TEMP_Background Job.worker 15]
      Initial Block Size 32.0 KB
      Current Block Size 32.0 KB
      Peak Allocated Bytes 0 B
      Overflow Count 0
    [ALLOC_TEMP_BakingJobs.worker 0]
      Initial Block Size 256.0 KB
      Current Block Size 256.0 KB
      Peak Allocated Bytes 0 B
      Overflow Count 0
    [ALLOC_TEMP_AssetDatabase.FileHasherReader] x 4
      Initial Block Size 64.0 KB
      Current Block Size 64.0 KB
      Peak Allocated Bytes 31 B
      Overflow Count 0
    [ALLOC_TEMP_BakingJobs.worker 1]
      Initial Block Size 256.0 KB
      Current Block Size 256.0 KB
      Peak Allocated Bytes 301 B
      Overflow Count 0
    [ALLOC_TEMP_BatchDeleteObjects]
      Initial Block Size 64.0 KB
      Current Block Size 64.0 KB
      Peak Allocated Bytes 0 B
      Overflow Count 0
    [ALLOC_TEMP_CoreBusinessMetricsCache]
      Initial Block Size 64.0 KB
      Current Block Size 64.0 KB
      Peak Allocated Bytes 7.9 KB
      Overflow Count 0
    [ALLOC_TEMP_REST Message Handler]
      Initial Block Size 64.0 KB
      Current Block Size 64.0 KB
      Peak Allocated Bytes 0 B
      Overflow Count 0
    [ALLOC_TEMP_Job.worker 4]
      Initial Block Size 256.0 KB
      Current Block Size 384.0 KB
      Peak Allocated Bytes 368.0 KB
      Overflow Count 0
    [ALLOC_TEMP_Background Job.worker 1]
      Initial Block Size 32.0 KB
      Current Block Size 32.0 KB
      Peak Allocated Bytes 14.7 KB
      Overflow Count 0
    [ALLOC_TEMP_AssetDatabase.IOService]
      Initial Block Size 64.0 KB
      Current Block Size 64.0 KB
      Peak Allocated Bytes 0 B
      Overflow Count 0
    [ALLOC_TEMP_Loading.PreloadManager] x 3
      Initial Block Size 32.0 MB
      Current Block Size 32.0 MB
      Peak Allocated Bytes 2.0 MB
      Overflow Count 0
    [ALLOC_TEMP_Background Job.worker 4]
      Initial Block Size 32.0 KB
      Current Block Size 32.0 KB
      Peak Allocated Bytes 0 B
      Overflow Count 0
    [ALLOC_TEMP_Background Job.worker 7]
      Initial Block Size 32.0 KB
      Current Block Size 32.0 KB
      Peak Allocated Bytes 0 B
      Overflow Count 0
    [ALLOC_TEMP_CloudJob.worker 0]
      Initial Block Size 32.0 KB
      Current Block Size 32.0 KB
      Peak Allocated Bytes 5.0 KB
      Overflow Count 0
    [ALLOC_TEMP_Background Job.worker 10]
      Initial Block Size 32.0 KB
      Current Block Size 32.0 KB
      Peak Allocated Bytes 0 B
      Overflow Count 0
    [ALLOC_TEMP_Background Job.worker 12]
      Initial Block Size 32.0 KB
      Current Block Size 32.0 KB
      Peak Allocated Bytes 0 B
      Overflow Count 0
    [ALLOC_TEMP_Background Job.worker 13]
      Initial Block Size 32.0 KB
      Current Block Size 32.0 KB
      Peak Allocated Bytes 0 B
      Overflow Count 0
    [ALLOC_TEMP_CurlRequest]
      Initial Block Size 64.0 KB
      Current Block Size 64.0 KB
      Peak Allocated Bytes 0 B
      Overflow Count 0
    [ALLOC_TEMP_BakingJobs.worker 4]
      Initial Block Size 256.0 KB
      Current Block Size 256.0 KB
      Peak Allocated Bytes 0 B
      Overflow Count 0
    [ALLOC_TEMP_Profiler.Dispatcher]
      Initial Block Size 64.0 KB
      Current Block Size 64.0 KB
      Peak Allocated Bytes 0 B
      Overflow Count 0
    [ALLOC_TEMP_Background Job.worker 14]
      Initial Block Size 32.0 KB
      Current Block Size 32.0 KB
      Peak Allocated Bytes 0 B
      Overflow Count 0
    [ALLOC_TEMP_ReadCacheIndex] x 3
      Initial Block Size 64.0 KB
      Current Block Size 64.0 KB
      Peak Allocated Bytes 1.0 KB
      Overflow Count 0
    [ALLOC_TEMP_Background Job.worker 9]
      Initial Block Size 32.0 KB
      Current Block Size 32.0 KB
      Peak Allocated Bytes 0 B
      Overflow Count 0
    [ALLOC_TEMP_EnlightenWorker] x 4
      Initial Block Size 64.0 KB
      Current Block Size 64.0 KB
      Peak Allocated Bytes 0 B
      Overflow Count 0
    [ALLOC_TEMP_Job.worker 3]
      Initial Block Size 256.0 KB
      Current Block Size 384.0 KB
      Peak Allocated Bytes 368.0 KB
      Overflow Count 0
    [ALLOC_TEMP_Job.worker 2]
      Initial Block Size 256.0 KB
      Current Block Size 0.8 MB
      Peak Allocated Bytes 0.8 MB
      Overflow Count 0
    [ALLOC_TEMP_Loading.AsyncRead]
      Initial Block Size 64.0 KB
      Current Block Size 64.0 KB
      Peak Allocated Bytes 128 B
      Overflow Count 0
    [ALLOC_TEMP_Background Job.worker 3]
      Initial Block Size 32.0 KB
      Current Block Size 32.0 KB
      Peak Allocated Bytes 0 B
      Overflow Count 0
    [ALLOC_TEMP_Background Job.worker 2]
      Initial Block Size 32.0 KB
      Current Block Size 32.0 KB
      Peak Allocated Bytes 103 B
      Overflow Count 0
    [ALLOC_TEMP_Background Job.worker 8]
      Initial Block Size 32.0 KB
      Current Block Size 32.0 KB
      Peak Allocated Bytes 0 B
      Overflow Count 0
    [ALLOC_TEMP_OSX HID Input]
      Initial Block Size 64.0 KB
      Current Block Size 64.0 KB
      Peak Allocated Bytes 0 B
      Overflow Count 0
    [ALLOC_TEMP_BakingJobs.worker 6]
      Initial Block Size 256.0 KB
      Current Block Size 256.0 KB
      Peak Allocated Bytes 0 B
      Overflow Count 0
    [ALLOC_TEMP_BakingJobs.worker 7]
      Initial Block Size 256.0 KB
      Current Block Size 256.0 KB
      Peak Allocated Bytes 0 B
      Overflow Count 0
    [ALLOC_TEMP_Job.worker 6]
      Initial Block Size 256.0 KB
      Current Block Size 256.0 KB
      Peak Allocated Bytes 16.9 KB
      Overflow Count 0
    [ALLOC_TEMP_Background Job.worker 0]
      Initial Block Size 32.0 KB
      Current Block Size 32.0 KB
      Peak Allocated Bytes 0 B
      Overflow Count 0
    [ALLOC_TEMP_AUDIO_FMOD stream thread]
      Initial Block Size 64.0 KB
      Current Block Size 64.0 KB
      Peak Allocated Bytes 0 B
      Overflow Count 0
    [ALLOC_TEMP_AssetDatabase.FileHasherHasher] x 4
      Initial Block Size 64.0 KB
      Current Block Size 64.0 KB
      Peak Allocated Bytes 31 B
      Overflow Count 0
    [ALLOC_TEMP_BakingJobs.worker 3]
      Initial Block Size 256.0 KB
      Current Block Size 256.0 KB
      Peak Allocated Bytes 0 B
      Overflow Count 0
    [ALLOC_TEMP_Job.worker 1]
      Initial Block Size 256.0 KB
      Current Block Size 384.0 KB
      Peak Allocated Bytes 368.0 KB
      Overflow Count 0
    [ALLOC_TEMP_Background Job.worker 5]
      Initial Block Size 32.0 KB
      Current Block Size 32.0 KB
      Peak Allocated Bytes 0 B
      Overflow Count 0
    [ALLOC_TEMP_BakingJobs.worker 2]
      Initial Block Size 256.0 KB
      Current Block Size 256.0 KB
      Peak Allocated Bytes 0 B
      Overflow Count 0
    [ALLOC_TEMP_Background Job.worker 11]
      Initial Block Size 32.0 KB
      Current Block Size 32.0 KB
      Peak Allocated Bytes 0 B
      Overflow Count 0
    [ALLOC_TEMP_EditorTaskManager]
      Initial Block Size 64.0 KB
      Current Block Size 80.0 KB
      Peak Allocated Bytes 64.0 KB
      Overflow Count 0
    [ALLOC_TEMP_Job.worker 5]
      Initial Block Size 256.0 KB
      Current Block Size 0.8 MB
      Peak Allocated Bytes 0.8 MB
      Overflow Count 0
    [ALLOC_TEMP_HTTP REST Server]
      Initial Block Size 64.0 KB
      Current Block Size 64.0 KB
      Peak Allocated Bytes 70 B
      Overflow Count 0
    [ALLOC_TEMP_AssetGarbageCollectorHelper] x 7
      Initial Block Size 64.0 KB
      Current Block Size 64.0 KB
      Peak Allocated Bytes 0 B
      Overflow Count 0
    [ALLOC_TEMP_AUDIO_Audio Mixer Thread]
      Initial Block Size 64.0 KB
      Current Block Size 64.0 KB
      Peak Allocated Bytes 0 B
      Overflow Count 0
    [ALLOC_TEMP_BakingJobs.worker 5]
      Initial Block Size 256.0 KB
      Current Block Size 256.0 KB
      Peak Allocated Bytes 0 B
      Overflow Count 0
    [ALLOC_TEMP_Job.worker 0]
      Initial Block Size 256.0 KB
      Current Block Size 0.8 MB
      Peak Allocated Bytes 0.8 MB
      Overflow Count 0
[ALLOC_MEMORYPROFILER]
  Peak usage frame count: [32.0 KB-64.0 KB]: 1199 frames, [64.0 KB-128.0 KB]: 1 frames
  Requested Block Size 1.0 MB
  Peak Block count 1
  Peak Allocated memory 80.3 KB
  Peak Large allocation bytes 0 B
[ALLOC_DEFAULT] Dual Thread Allocator
  Peak main deferred allocation count 102
    [ALLOC_BUCKET]
      Large Block size 32.0 MB
      Used Block count 1
      Peak Allocated bytes 4.7 MB
    [ALLOC_DEFAULT_MAIN]
      Peak usage frame count: [32.0 MB-64.0 MB]: 1200 frames
      Requested Block Size 16.0 MB
      Peak Block count 3
      Peak Allocated memory 42.1 MB
      Peak Large allocation bytes 0 B
    [ALLOC_DEFAULT_THREAD]
      Peak usage frame count: [0.5 MB-1.0 MB]: 1200 frames
      Requested Block Size 16.0 MB
      Peak Block count 1
      Peak Allocated memory 0.8 MB
      Peak Large allocation bytes 0 B
[ALLOC_TEMP_JOB_1_FRAME]
  Initial Block Size 2.0 MB
  Used Block Count 0
  Overflow Count (too large) 0
  Overflow Count (full) 0
[ALLOC_TEMP_JOB_2_FRAMES]
  Initial Block Size 2.0 MB
  Used Block Count 0
  Overflow Count (too large) 0
  Overflow Count (full) 0
[ALLOC_TEMP_JOB_4_FRAMES (JobTemp)]
  Initial Block Size 2.0 MB
  Used Block Count 1
  Overflow Count (too large) 0
  Overflow Count (full) 0
[ALLOC_TEMP_JOB_ASYNC (Background)]
  Initial Block Size 1.0 MB
  Used Block Count 1
  Overflow Count (too large) 0
  Overflow Count (full) 0
[ALLOC_GFX] Dual Thread Allocator
  Peak main deferred allocation count 1
    [ALLOC_BUCKET]
      Large Block size 32.0 MB
      Used Block count 1
      Peak Allocated bytes 4.7 MB
    [ALLOC_GFX_MAIN]
      Peak usage frame count: [4.0 MB-8.0 MB]: 1199 frames, [8.0 MB-16.0 MB]: 1 frames
      Requested Block Size 16.0 MB
      Peak Block count 1
      Peak Allocated memory 10.0 MB
      Peak Large allocation bytes 0 B
    [ALLOC_GFX_THREAD]
      Peak usage frame count: [0-1.0 KB]: 1200 frames
      Requested Block Size 16.0 MB
      Peak Block count 1
      Peak Allocated memory 0.9 KB
      Peak Large allocation bytes 0 B
[ALLOC_CACHEOBJECTS] Dual Thread Allocator
  Peak main deferred allocation count 119
    [ALLOC_BUCKET]
      Large Block size 32.0 MB
      Used Block count 1
      Peak Allocated bytes 4.7 MB
    [ALLOC_CACHEOBJECTS_MAIN]
      Peak usage frame count: [8.0 MB-16.0 MB]: 1200 frames
      Requested Block Size 4.0 MB
      Peak Block count 2
      Peak Allocated memory 14.0 MB
      Peak Large allocation bytes 10.7 MB
    [ALLOC_CACHEOBJECTS_THREAD]
      Peak usage frame count: [32.0 KB-64.0 KB]: 1199 frames, [128.0 KB-256.0 KB]: 1 frames
      Requested Block Size 4.0 MB
      Peak Block count 1
      Peak Allocated memory 156.2 KB
      Peak Large allocation bytes 0 B
[ALLOC_TYPETREE] Dual Thread Allocator
  Peak main deferred allocation count 497
    [ALLOC_BUCKET]
      Large Block size 32.0 MB
      Used Block count 1
      Peak Allocated bytes 4.7 MB
    [ALLOC_TYPETREE_MAIN]
      Peak usage frame count: [64.0 KB-128.0 KB]: 1199 frames, [2.0 MB-4.0 MB]: 1 frames
      Requested Block Size 2.0 MB
      Peak Block count 2
      Peak Allocated memory 2.4 MB
      Peak Large allocation bytes 0 B
    [ALLOC_TYPETREE_THREAD]
      Peak usage frame count: [32.0 KB-64.0 KB]: 1200 frames
      Requested Block Size 2.0 MB
      Peak Block count 1
      Peak Allocated memory 112.4 KB
      Peak Large allocation bytes 0 B
[ALLOC_PROFILER]
  Peak usage frame count: [0.5 MB-1.0 MB]: 1200 frames
  Requested Block Size 16.0 MB
  Peak Block count 1
  Peak Allocated memory 0.6 MB
  Peak Large allocation bytes 0 B
    [ALLOC_PROFILER_BUCKET]
      Large Block size 32.0 MB
      Used Block count 1
      Peak Allocated bytes 4.7 KB
[ALLOC_PROFILER_EDITOR]
  Peak usage frame count: [0-1.0 KB]: 1200 frames
  Requested Block Size 1.0 MB
  Peak Block count 0
  Peak Allocated memory 0 B
  Peak Large allocation bytes 0 B
    [ALLOC_PROFILER_BUCKET]
      Large Block size 32.0 MB
      Used Block count 1
      Peak Allocated bytes 4.7 KB
##utp:{"type":"MemoryLeaks","version":2,"phase":"Immediate","time":1777964106531,"processId":64330,"allocatedMemory":12619581,"memoryLabels":[{"Default":11375},{"Permanent":15536},{"Thread":1083508},{"Manager":29631},{"VertexData":12},{"Geometry":280},{"Texture":168},{"Shader":67451},{"Material":24},{"GfxDevice":38288},{"Animation":304},{"Audio":3904},{"FontEngine":288},{"Physics":561},{"Serialization":612},{"Input":9024},{"JobScheduler":232},{"Mono":40},{"ScriptingNativeRuntime":7924888},{"BaseObject":1618916},{"Resource":912},{"Renderer":2272},{"Transform":24},{"File":3661},{"WebCam":40},{"Culling":40},{"Terrain":1025},{"Wind":24},{"String":19028},{"DynamicArray":118958},{"HashMap":77006},{"Utility":289286},{"Curl":2047},{"PoolAlloc":1464},{"AI":40},{"TypeTree":4533},{"ScriptManager":528},{"RuntimeInitializeOnLoadManager":72},{"SpriteAtlas":112},{"GI":3656},{"Director":7880},{"CloudService":2552},{"WebRequest":816},{"VR":45641},{"SceneManager":616},{"Video":2120},{"LazyScriptCache":32},{"NativeArray":12},{"Camera":25},{"Secure":9817},{"SerializationCache":1576},{"APIUpdating":11856},{"Subsystems":384},{"VirtualTexturing":57512},{"StaticSafetyDebugInfo":327680},{"Baselib":16},{"EditorGui":80},{"EditorUtility":5847},{"VersionControl":4},{"Undo":720},{"AssetDatabase":767109},{"RestService":1310},{"EditorGi":376},{"License":3616},{"UnityConnect":25512},{"Collab":785},{"Upm":1600},{"DrivenProperties":80},{"LocalIPC":222},{"ProfilerEditor":10967},{"CoreBusinessMetrics":2984},{"AssetReference":32},{"IPCStream":32}]}
