Unity Editor version:    2022.3.0f1 (fb119bb0b476)
Branch:                  2022.3/release
Build type:              Release
Batch mode:              YES
macOS version:           Version 26.3.1 (a) (Build 25D771280a)
Darwin version:          25.3.0
Architecture:            arm64
Running under Rosetta:   NO
Available memory:        8192 MB
[Licensing::Module] Trying to connect to existing licensing client channel...
[Licensing::IpcConnector] Successfully connected to the License Client on channel: "LicenseClient-guribbong"
[Licensing::Client] Error: Code 10 while verifying Licensing Client signature (process Id: 70512, path: "/Applications/Unity Hub.app/Contents/Frameworks/UnityLicensingClient_V1.app/Contents/MacOS/Unity.Licensing.Client")
[Licensing::Module] Error: LicensingClient has failed validation; ignoring
[Licensing::Client] Handshaking with LicensingClient:
  Version:                 1.17.4+4293ba1
  Session Id:              48d10621e4b844f3b836824c37f07f5d
  Correlation Id:          ec1659fbc368e6230046737c7686d8d4
  External correlation Id: 4574418883580178557
  Machine Id:              kK/taOzULwH3CoqhnK6anvJ0b88=
[Licensing::Module] Successfully connected to LicensingClient on channel: "LicenseClient-guribbong" (connect: 0.00s, validation: 0.01s, handshake: 0.47s)
[Licensing::IpcConnector] Successfully connected to the License Notification on channel: "LicenseClient-guribbong-notifications"
[Licensing::Module] Error: Access token is unavailable; failed to update
[Licensing::Client] Successfully updated license
[Licensing::Client] Successfully resolved entitlements
[Licensing::Module] Serial number assigned to: "14568638156105-UnityPersXXXX"
Pro License: NO
Launching external process: /Applications/Unity/Hub/Editor/2022.3.0f1/Unity.app/Contents/Resources/PackageManager/Server/UnityPackageManager

COMMAND LINE ARGUMENTS:
/Applications/Unity/Hub/Editor/2022.3.0f1/Unity.app/Contents/MacOS/Unity
-batchmode
-nographics
-projectPath
/Users/guribbong/code/Argus/unity/EmbodiedDebate
-executeMethod
ArgusUnity.Editor.BridgePlayModeSmoke.CaptureAndQuit
-logFile
/Users/guribbong/code/Argus/tmp/unity_batch.log
-quit
Successfully changed project path to: /Users/guribbong/code/Argus/unity/EmbodiedDebate
/Users/guribbong/code/Argus/unity/EmbodiedDebate
[UnityMemory] Configuration Parameters - Can be set up in boot.config
    "memorysetup-bucket-allocator-granularity=16"
    "memorysetup-bucket-allocator-bucket-count=8"
    "memorysetup-bucket-allocator-block-size=33554432"
    "memorysetup-bucket-allocator-block-count=8"
    "memorysetup-main-allocator-block-size=16777216"
    "memorysetup-thread-allocator-block-size=16777216"
    "memorysetup-gfx-main-allocator-block-size=16777216"
    "memorysetup-gfx-thread-allocator-block-size=16777216"
    "memorysetup-cache-allocator-block-size=4194304"
    "memorysetup-typetree-allocator-block-size=2097152"
    "memorysetup-profiler-bucket-allocator-granularity=16"
    "memorysetup-profiler-bucket-allocator-bucket-count=8"
    "memorysetup-profiler-bucket-allocator-block-size=33554432"
    "memorysetup-profiler-bucket-allocator-block-count=8"
    "memorysetup-profiler-allocator-block-size=16777216"
    "memorysetup-profiler-editor-allocator-block-size=1048576"
    "memorysetup-temp-allocator-size-main=16777216"
    "memorysetup-job-temp-allocator-block-size=2097152"
    "memorysetup-job-temp-allocator-block-size-background=1048576"
    "memorysetup-job-temp-allocator-reduction-small-platforms=262144"
    "memorysetup-allocator-temp-initial-block-size-main=262144"
    "memorysetup-allocator-temp-initial-block-size-worker=262144"
    "memorysetup-temp-allocator-size-background-worker=32768"
    "memorysetup-temp-allocator-size-job-worker=262144"
    "memorysetup-temp-allocator-size-preload-manager=33554432"
    "memorysetup-temp-allocator-size-nav-mesh-worker=65536"
    "memorysetup-temp-allocator-size-audio-worker=65536"
    "memorysetup-temp-allocator-size-cloud-worker=32768"
    "memorysetup-temp-allocator-size-gi-baking-worker=262144"
    "memorysetup-temp-allocator-size-gfx=262144"
Player connection [8649715968] Host "[IP] 192.168.3.1 [Port] 55496 [Flags] 2 [Guid] 274876765 [EditorId] 274876765 [Version] 1048832 [Id] OSXEditor(0,topabaem.local) [Debug] 1 [PackageName] OSXEditor [ProjectName] Editor" joined multi-casting on [225.0.0.222:54997]...

Player connection [8649715968] Host "[IP] 192.168.3.1 [Port] 55496 [Flags] 2 [Guid] 274876765 [EditorId] 274876765 [Version] 1048832 [Id] OSXEditor(0,topabaem.local) [Debug] 1 [PackageName] OSXEditor [ProjectName] Editor" joined alternative multi-casting on [225.0.0.222:34997]...

[Package Manager] UpmClient::Connect -- Connected to IPC stream "Upm-85356" after 2.4 seconds.
[Licensing::Client] Successfully resolved entitlements
[Package Manager] Restoring resolved packages state from cache
[Licensing::Client] Successfully resolved entitlement details
[Package Manager] Registered 6 packages:
  Packages from [https://packages.unity.com]:
    com.unity.nuget.newtonsoft-json@3.2.1 (location: /Users/guribbong/code/Argus/unity/EmbodiedDebate/Library/PackageCache/com.unity.nuget.newtonsoft-json@3.2.1)
    com.unity.test-framework@1.1.33 (location: /Users/guribbong/code/Argus/unity/EmbodiedDebate/Library/PackageCache/com.unity.test-framework@1.1.33)
    com.unity.ext.nunit@1.0.6 (location: /Users/guribbong/code/Argus/unity/EmbodiedDebate/Library/PackageCache/com.unity.ext.nunit@1.0.6)
  Built-in packages:
    com.unity.modules.unitywebrequest@1.0.0 (location: /Users/guribbong/code/Argus/unity/EmbodiedDebate/Library/PackageCache/com.unity.modules.unitywebrequest@1.0.0)
    com.unity.modules.imgui@1.0.0 (location: /Users/guribbong/code/Argus/unity/EmbodiedDebate/Library/PackageCache/com.unity.modules.imgui@1.0.0)
    com.unity.modules.jsonserialize@1.0.0 (location: /Users/guribbong/code/Argus/unity/EmbodiedDebate/Library/PackageCache/com.unity.modules.jsonserialize@1.0.0)
[Subsystems] No new subsystems found in resolved package list.
Package Manager log level set to [2]
[Package Manager] Done registering packages in 0.37 seconds
Refreshing native plugins compatible for Editor in 5.63 ms, found 0 plugins.
Preloading 0 native plugins for Editor in 0.00 ms.
Initialize engine version: 2022.3.0f1 (fb119bb0b476)
[Subsystems] Discovering subsystems at path /Applications/Unity/Hub/Editor/2022.3.0f1/Unity.app/Contents/Resources/UnitySubsystems
[Subsystems] Discovering subsystems at path /Users/guribbong/code/Argus/unity/EmbodiedDebate/Assets
Forcing GfxDevice: Null
GfxDevice: creating device client; threaded=0; jobified=0
NullGfxDevice:
    Version:  NULL 1.0 [1.0]
    Renderer: Null Device
    Vendor:   Unity Technologies
[Licensing::Client] Successfully resolved entitlements
Initialize mono
Mono path[0] = '/Applications/Unity/Hub/Editor/2022.3.0f1/Unity.app/Contents/Managed'
Mono path[1] = '/Applications/Unity/Hub/Editor/2022.3.0f1/Unity.app/Contents/MonoBleedingEdge/lib/mono/unityjit-macos'
Mono config path = '/Applications/Unity/Hub/Editor/2022.3.0f1/Unity.app/Contents/MonoBleedingEdge/etc'
Using monoOptions --debugger-agent=transport=dt_socket,embedding=1,server=y,suspend=n,address=127.0.0.1:56356
Using cacheserver namespaces - metadata:defaultmetadata, artifacts:defaultartifacts
Using cacheserver namespaces - metadata:defaultmetadata, artifacts:defaultartifacts
ImportWorker Server TCP listen port: 0
Begin MonoManager ReloadAssembly
Registering precompiled unity dll's ...
Register platform support module: /Applications/Unity/Hub/Editor/2022.3.0f1/Unity.app/Contents/PlaybackEngines/MacStandaloneSupport/UnityEditor.OSXStandalone.Extensions.dll
Registered in 0.001680 seconds.
- Loaded All Assemblies, in  0.296 seconds
Native extension for OSXStandalone target not found
Mono: successfully reloaded assembly
- Finished resetting the current domain, in  0.166 seconds
Domain Reload Profiling: 463ms
	BeginReloadAssembly (113ms)
		ExecutionOrderSort (0ms)
		DisableScriptedObjects (0ms)
		BackupInstance (0ms)
		ReleaseScriptingObjects (0ms)
		CreateAndSetChildDomain (2ms)
	RebuildCommonClasses (35ms)
	RebuildNativeTypeToScriptingClass (8ms)
	initialDomainReloadingComplete (35ms)
	LoadAllAssembliesAndSetupDomain (103ms)
		LoadAssemblies (109ms)
		RebuildTransferFunctionScriptingTraits (0ms)
		AnalyzeDomain (99ms)
			TypeCache.Refresh (98ms)
				TypeCache.ScanAssembly (86ms)
			ScanForSourceGeneratedMonoScriptInfo (0ms)
			ResolveRequiredComponents (1ms)
	FinalizeReload (167ms)
		ReleaseScriptCaches (0ms)
		RebuildScriptCaches (0ms)
		SetupLoadedEditorAssemblies (128ms)
			LogAssemblyErrors (0ms)
			InitializePlatformSupportModulesInManaged (5ms)
			SetLoadedEditorAssemblies (4ms)
			RefreshPlugins (0ms)
			BeforeProcessingInitializeOnLoad (2ms)
			ProcessInitializeOnLoadAttributes (89ms)
			ProcessInitializeOnLoadMethodAttributes (28ms)
			AfterProcessingInitializeOnLoad (0ms)
			EditorAssembliesLoaded (0ms)
		ExecutionOrderSort2 (0ms)
		AwakeInstancesAfterBackupRestoration (0ms)
[Licensing::Client] Successfully resolved entitlements
Application.AssetDatabase Initial Refresh Start
[ScriptCompilation] Requested script compilation because: Assembly Definition File(s) changed
[ScriptCompilation] Requested script compilation because: Assetdatabase observed changes in script compilation related files
[40m[32minfo[39m[22m[49m: Microsoft.Hosting.Lifetime[14]
      Now listening on: http://unix:/tmp/ilpp.sock-8e16111b622e4d5ea6b5ecc926298bfd
[40m[32minfo[39m[22m[49m: Microsoft.Hosting.Lifetime[0]
      Application started. Press Ctrl+C to shut down.
[40m[32minfo[39m[22m[49m: Microsoft.Hosting.Lifetime[0]
      Hosting environment: Production
[40m[32minfo[39m[22m[49m: Microsoft.Hosting.Lifetime[0]
      Content root path: /Users/guribbong/code/Argus/unity/EmbodiedDebate/
[40m[32minfo[39m[22m[49m: Microsoft.AspNetCore.Hosting.Diagnostics[1]
      Request starting HTTP/2 POST http://ilpp/UnityILPP.PostProcessing/Ping application/grpc -
[40m[32minfo[39m[22m[49m: Microsoft.AspNetCore.Routing.EndpointMiddleware[0]
      Executing endpoint 'gRPC - /UnityILPP.PostProcessing/Ping'
[40m[32minfo[39m[22m[49m: Microsoft.AspNetCore.Routing.EndpointMiddleware[1]
      Executed endpoint 'gRPC - /UnityILPP.PostProcessing/Ping'
[40m[32minfo[39m[22m[49m: Microsoft.AspNetCore.Hosting.Diagnostics[2]
      Request finished HTTP/2 POST http://ilpp/UnityILPP.PostProcessing/Ping application/grpc - - 200 - application/grpc 54.4675ms
Starting: /Applications/Unity/Hub/Editor/2022.3.0f1/Unity.app/Contents/bee_backend --dont-print-to-structured-log --ipc --defer-dag-verification --dagfile="Library/Bee/200b0aE.dag" --continue-on-failure --profile="Library/Bee/backend1.traceevents" ScriptAssemblies
WorkingDir: /Users/guribbong/code/Argus/unity/EmbodiedDebate
DisplayProgressbar: Compiling Scripts
ExitCode: 4 Duration: 0s127ms
Rebuilding DAG because FileSignature timestamp changed: Library/Bee/200b0aE-inputdata.json
*** Tundra requires additional run (0.09 seconds), 0 items updated, 0 evaluated
Starting: /Applications/Unity/Hub/Editor/2022.3.0f1/Unity.app/Contents/Tools/netcorerun/netcorerun "/Applications/Unity/Hub/Editor/2022.3.0f1/Unity.app/Contents/Tools/BuildPipeline/ScriptCompilationBuildProgram.exe" "Library/Bee/200b0aE.dag.json" "Library/Bee/200b0aE-inputdata.json" "Library/Bee/buildprogram0.traceevents"
WorkingDir: /Users/guribbong/code/Argus/unity/EmbodiedDebate
ExitCode: 0 Duration: 0s568ms
Starting: /Applications/Unity/Hub/Editor/2022.3.0f1/Unity.app/Contents/bee_backend --dont-print-to-structured-log --ipc --defer-dag-verification --dagfile="Library/Bee/200b0aE.dag" --continue-on-failure --dagfilejson="Library/Bee/200b0aE.dag.json" --profile="Library/Bee/backend2.traceevents" ScriptAssemblies
WorkingDir: /Users/guribbong/code/Argus/unity/EmbodiedDebate
ExitCode: 0 Duration: 2s397ms
Finished compiling graph: 140 nodes, 801 flattened edges (757 ToBuild, 12 ToUse), maximum node priority 46
[108/137    0s] WriteText Library/Bee/artifacts/200b0aE.dag/ArgusUnity.Editor.UnityAdditionalFile.txt
[110/137    0s] WriteText Library/Bee/artifacts/200b0aE.dag/ArgusUnity.Editor.rsp2
[111/137    0s] WriteText Library/Bee/artifacts/200b0aE.dag/ArgusUnity.Editor.dll.mvfrm.rsp
[112/137    0s] WriteText Library/Bee/artifacts/200b0aE.dag/ArgusUnity.Editor.rsp
[133/137    0s] MovedFromExtractorCombine Library/Bee/artifacts/200b0aE.dag/ArgusUnity.Editor.dll.mvfrm
[134/137    2s] Csc Library/Bee/artifacts/200b0aE.dag/ArgusUnity.Editor.dll (+2 others)
[135/137    0s] CopyFiles Library/ScriptAssemblies/ArgusUnity.Editor.pdb
[136/137    0s] CopyFiles Library/ScriptAssemblies/ArgusUnity.Editor.dll
*** Tundra build success (2.39 seconds), 8 items updated, 137 evaluated
Total cache size 971684
Total cache size after purge 971684
AssetDatabase: script compilation time: 3.748864s
Begin MonoManager ReloadAssembly
Symbol file LoadedFromMemory is not a mono symbol file
- Loaded All Assemblies, in  0.330 seconds
Refreshing native plugins compatible for Editor in 0.24 ms, found 0 plugins.
Preloading 0 native plugins for Editor in 0.00 ms.
Start importing Assets/Editor using Guid(b99992375099d4150ba9e60155c01012) Importer(-1,00000000000000000000000000000000)  -> (artifact id: '14206d39d55b9b32c53a04efa4368c82') in 0.021102 seconds
Start importing Assets/Editor/ArgusUnity.Editor.asmdef using Guid(e9181581774b1431d9c99896a0574b12) Importer(-1,00000000000000000000000000000000)  -> (artifact id: '4ec8b11f028d96e4f108e105a37a0dca') in 0.001317 seconds
Start importing Assets/Editor/BridgePlayModeSmoke.cs using Guid(a838e26c9df2a4ca09e37baa54ed3288) Importer(-1,00000000000000000000000000000000)  -> (artifact id: '6e1a7857e2eb09f4d9cd6c53f27696e4') in 0.001068 seconds
Refreshing native plugins compatible for Editor in 0.20 ms, found 0 plugins.
Native extension for OSXStandalone target not found
Mono: successfully reloaded assembly
- Finished resetting the current domain, in  0.156 seconds
Domain Reload Profiling: 486ms
	BeginReloadAssembly (124ms)
		ExecutionOrderSort (0ms)
		DisableScriptedObjects (3ms)
		BackupInstance (0ms)
		ReleaseScriptingObjects (0ms)
		CreateAndSetChildDomain (30ms)
	RebuildCommonClasses (24ms)
	RebuildNativeTypeToScriptingClass (8ms)
	initialDomainReloadingComplete (18ms)
	LoadAllAssembliesAndSetupDomain (155ms)
		LoadAssemblies (124ms)
		RebuildTransferFunctionScriptingTraits (0ms)
		AnalyzeDomain (93ms)
			TypeCache.Refresh (92ms)
				TypeCache.ScanAssembly (85ms)
			ScanForSourceGeneratedMonoScriptInfo (1ms)
			ResolveRequiredComponents (0ms)
	FinalizeReload (157ms)
		ReleaseScriptCaches (0ms)
		RebuildScriptCaches (0ms)
		SetupLoadedEditorAssemblies (94ms)
			LogAssemblyErrors (0ms)
			InitializePlatformSupportModulesInManaged (3ms)
			SetLoadedEditorAssemblies (2ms)
			RefreshPlugins (0ms)
			BeforeProcessingInitializeOnLoad (4ms)
			ProcessInitializeOnLoadAttributes (75ms)
			ProcessInitializeOnLoadMethodAttributes (11ms)
			AfterProcessingInitializeOnLoad (1ms)
			EditorAssembliesLoaded (0ms)
		ExecutionOrderSort2 (0ms)
		AwakeInstancesAfterBackupRestoration (2ms)
Refreshing native plugins compatible for Editor in 0.25 ms, found 0 plugins.
Preloading 0 native plugins for Editor in 0.00 ms.
Asset Pipeline Refresh (id=53998a4208ae24a00b861588ec9e9816): Total: 4.504 seconds - Initiated by InitialRefreshV2(ForceSynchronousImport)
	Summary:
		Imports: total=3 (actual=3, local cache=0, cache server=0)
		Asset DB Process Time: managed=2 ms, native=222 ms
		Asset DB Callback time: managed=27 ms, native=9 ms
		Scripting: domain reloads=1, domain reload time=491 ms, compile time=3749 ms, other=2 ms
		Project Asset Count: scripts=384, non-scripts=26
		Asset File Changes: new=3, changed=3, moved=0, deleted=0
		Scan Filter Count: 1
	InvokeBeforeRefreshCallbacks: 0.139ms
	ApplyChangesToAssetFolders: 0.008ms
	Scan: 33.923ms
	OnSourceAssetsModified: 1.627ms
	GetAllGuidsForCategorization: 0.024ms
	CategorizeAssets: 5.696ms
	ImportOutOfDateAssets: 188.440ms (-3590.113ms without children)
		ImportManagerImport: 28.565ms (3.528ms without children)
			ImportInProcess: 25.036ms
			UpdateCategorizedAssets: 0.002ms
		CompileScripts: 3748.948ms
		ReloadNativeAssets: 0.000ms
		UnloadImportedAssets: 0.733ms
		ReloadImportedAssets: 0.000ms
		EnsureUptoDateAssetsAreRegisteredWithGuidPM: 0.081ms
		InitializingProgressBar: 0.000ms
		PostProcessAllAssetNotificationsAddChangedAssets: 0.000ms
		OnDemandSchedulerStart: 0.225ms
	PostProcessAllAssets: 30.115ms
	Hotreload: 5.108ms
	GatherAllCurrentPrimaryArtifactRevisions: 0.000ms
	UnloadStreamsBegin: 0.131ms
	PersistCurrentRevisions: 0.051ms
	UnloadStreamsEnd: 0.002ms
	GenerateScriptTypeHashes: 0.000ms
	Untracked: 4238.822ms
Application.AssetDatabase Initial Refresh End
Scanning for USB devices : 0.046ms
Initializing Unity extensions:
[Licensing::Client] Successfully resolved entitlements
[MODES] ModeService[none].Initialize
[MODES] ModeService[none].LoadModes
[MODES] Loading mode Default (0) for mode-current-id-EmbodiedDebate
ProgressiveSceneManager::Cancel()
Unloading 3 Unused Serialized files (Serialized files now loaded: 0)
Unloading 22 unused Assets / (370.9 KB). Loaded Objects now: 818.
Memory consumption went from 81.2 MB to 80.8 MB.
Total: 3.375500 ms (FindLiveObjects: 0.041458 ms CreateObjectMapping: 0.007833 ms MarkObjects: 3.167125 ms  DeleteObjects: 0.158542 ms)

Batchmode quit successfully invoked - shutting down!
Thread 0x16e1a3000 may have been prematurely finalized
[Licensing::IpcConnector] License Notification channel disconnected successfully.
[Licensing::IpcConnector] License Client channel disconnected successfully.
Thread 0x17e613000 may have been prematurely finalized
Cleanup mono
[40m[32minfo[39m[22m[49m: Microsoft.Hosting.Lifetime[0]
      Application is shutting down...
debugger-agent: Unable to listen on 50
[Performance] Application.InitializeProject                                                                                  :        1 samples, Peak.  8.56 s (1.0x), Avg.  8.56 s, Total. 8.557 s (80.8%)
[Performance] Application.PackageManager.StartServer                                                                         :        1 samples, Peak.  6.57 ms (1.0x), Avg.  6.57 ms, Total. 6.565 ms (0.1%)
[Performance] Application.AcquireProjectLock                                                                                 :        1 samples, Peak.  3.12 ms (1.0x), Avg.  3.12 ms, Total. 3.121 ms (0.0%)
[Performance] Application.InitializeEngineNoGraphics                                                                         :        1 samples, Peak.   185 ms (1.0x), Avg.   185 ms, Total. 185.3 ms (1.7%)
[Performance] Application.PackageManager.Initialize                                                                          :        1 samples, Peak.  2.43 s (1.0x), Avg.  2.43 s, Total. 2.426 s (22.9%)
[Performance] Connecting to Package Manager                                                                                  :      236 samples, Peak.  4.16 ms (210.8x), Avg.  19.8 us, Total. 4.661 ms (0.0%)
[Performance] Application.EngineGraphics.Initialize                                                                          :        1 samples, Peak.  33.3 ms (1.0x), Avg.  33.3 ms, Total. 33.26 ms (0.3%)
[Performance] Application.GI.Initialize                                                                                      :        1 samples, Peak.  3.22 ms (1.0x), Avg.  3.22 ms, Total. 3.217 ms (0.0%)
[Performance] Application.LoadAllDefaultResourcesFromEditor                                                                  :        1 samples, Peak.  1.27 ms (1.0x), Avg.  1.27 ms, Total. 1.273 ms (0.0%)
[Performance] Application.LoadMonoAssemblies                                                                                 :        1 samples, Peak.   468 ms (1.0x), Avg.   468 ms, Total. 468.1 ms (4.4%)
[Performance] RestoreManagedReferences                                                                                       :        2 samples, Peak.  26.4 ms (2.0x), Avg.  13.2 ms, Total. 26.42 ms (0.2%)
[Performance] InitializeOnLoad ProjectSearch                                                                                 :        2 samples, Peak.   175 us (1.1x), Avg.   157 us, Total. 314.3 us (0.0%)
[Performance] InitializeOnLoad AssetStoreContext                                                                             :        2 samples, Peak.  16.2 ms (1.1x), Avg.  15.1 ms, Total. 30.21 ms (0.3%)
[Performance] InitializeOnLoad SearchService                                                                                 :        2 samples, Peak.  75.9 us (1.1x), Avg.  68.1 us, Total. 136.2 us (0.0%)
[Performance] InitializeOnLoad ObjectSelectorSearch                                                                          :        2 samples, Peak.   255 us (1.3x), Avg.   201 us, Total. 401.6 us (0.0%)
[Performance] InitializeOnLoad NativeFormatImporterUtility                                                                   :        2 samples, Peak.  1.98 ms (1.3x), Avg.  1.51 ms, Total. 3.024 ms (0.0%)
[Performance] InitializeOnLoad ManagedDebuggerWindow                                                                         :        2 samples, Peak.   464 us (1.1x), Avg.   429 us, Total. 857.5 us (0.0%)
[Performance] InitializeOnLoad PrefabInstanceChangedListener                                                                 :        2 samples, Peak.   340 us (1.0x), Avg.   339 us, Total. 677.9 us (0.0%)
[Performance] InitializeOnLoad ManagedDebugger                                                                               :        2 samples, Peak.   250 ns (1.1x), Avg.   229 ns, Total. 459.0 ns (0.0%)
[Performance] InitializeOnLoad CloudBuild                                                                                    :        2 samples, Peak.  1.71 us (1.1x), Avg.  1.58 us, Total. 3.166 us (0.0%)
[Performance] InitializeOnLoad Collab                                                                                        :        2 samples, Peak.  9.24 ms (1.5x), Avg.  6.36 ms, Total. 12.73 ms (0.1%)
[Performance] InitializeOnLoad ShortcutIntegration                                                                           :        2 samples, Peak.  40.0 us (1.1x), Avg.  37.5 us, Total. 75.08 us (0.0%)
[Performance] InitializeOnLoad MixerEffectDefinitionReloader                                                                 :        2 samples, Peak.  2.15 ms (1.3x), Avg.  1.63 ms, Total. 3.270 ms (0.0%)
[Performance] InitializeOnLoad DrivenRectTransformUndo                                                                       :        2 samples, Peak.   158 us (1.0x), Avg.   155 us, Total. 309.7 us (0.0%)
[Performance] InitializeOnLoad WindowLayout                                                                                  :        2 samples, Peak.   316 us (1.0x), Avg.   306 us, Total. 612.0 us (0.0%)
[Performance] InitializeOnLoad SettingsService                                                                               :        2 samples, Peak.  3.88 us (1.0x), Avg.  3.85 us, Total. 7.709 us (0.0%)
[Performance] InitializeOnLoad CacheServerWindow                                                                             :        2 samples, Peak.  4.50 us (1.0x), Avg.  4.33 us, Total. 8.667 us (0.0%)
[Performance] InitializeOnLoad MenuItems                                                                                     :        2 samples, Peak.  49.3 us (1.1x), Avg.  44.2 us, Total. 88.50 us (0.0%)
[Performance] InitializeOnLoad CheckNavigationPackage                                                                        :        2 samples, Peak.   254 us (1.3x), Avg.   201 us, Total. 402.6 us (0.0%)
[Performance] InitializeOnLoad UISystemProfilerRenderService                                                                 :        2 samples, Peak.  4.88 us (1.1x), Avg.  4.63 us, Total. 9.250 us (0.0%)
[Performance] InitializeOnLoad EditMode                                                                                      :        2 samples, Peak.   236 us (1.1x), Avg.   213 us, Total. 426.9 us (0.0%)
[Performance] InitializeOnLoad UnityConnect                                                                                  :        2 samples, Peak.  27.3 us (1.0x), Avg.  27.1 us, Total. 54.21 us (0.0%)
[Performance] InitializeOnLoad AddComponentWindow                                                                            :        2 samples, Peak.  57.9 us (1.0x), Avg.  57.2 us, Total. 114.5 us (0.0%)
[Performance] InitializeOnLoad PlayModeDownload                                                                              :        2 samples, Peak.  3.32 ms (1.9x), Avg.  1.72 ms, Total. 3.438 ms (0.0%)
[Performance] InitializeOnLoad SceneSearch                                                                                   :        2 samples, Peak.  55.2 us (1.5x), Avg.  35.9 us, Total. 71.79 us (0.0%)
[Performance] InitializeOnLoad EditorDelegateRegistration                                                                    :        2 samples, Peak.   435 us (1.1x), Avg.   401 us, Total. 802.9 us (0.0%)
[Performance] InitializeOnLoad UxmlObjectEditorFactories                                                                     :        2 samples, Peak.   260 us (1.0x), Avg.   254 us, Total. 508.7 us (0.0%)
[Performance] InitializeOnLoad RetainedMode                                                                                  :        2 samples, Peak.  1.61 ms (1.1x), Avg.  1.41 ms, Total. 2.811 ms (0.0%)
[Performance] InitializeOnLoad EditorShaderLoader                                                                            :        2 samples, Peak.   832 us (1.0x), Avg.   815 us, Total. 1.630 ms (0.0%)
[Performance] InitializeOnLoad UIDocumentHierarchyWatcher                                                                    :        2 samples, Peak.  43.2 us (1.1x), Avg.  40.4 us, Total. 80.87 us (0.0%)
[Performance] InitializeOnLoad EditorMonitor                                                                                 :        2 samples, Peak.  85.1 us (1.0x), Avg.  81.5 us, Total. 162.9 us (0.0%)
[Performance] InitializeOnLoad LiveReloadTrackerCreator                                                                      :        2 samples, Peak.  88.9 us (1.0x), Avg.  88.7 us, Total. 177.4 us (0.0%)
[Performance] InitializeOnLoad UXMLEditorFactories                                                                           :        2 samples, Peak.  35.7 ms (1.1x), Avg.  32.7 ms, Total. 65.44 ms (0.6%)
[Performance] InitializeOnLoad ServicesRepository                                                                            :        2 samples, Peak.   418 us (1.0x), Avg.   407 us, Total. 813.2 us (0.0%)
[Performance] InitializeOnLoad UDPService                                                                                    :        2 samples, Peak.   994 us (1.0x), Avg.   968 us, Total. 1.935 ms (0.0%)
[Performance] InitializeOnLoad EditorGameServicesAnalytics                                                                   :        2 samples, Peak.  1.16 ms (1.2x), Avg.   948 us, Total. 1.896 ms (0.0%)
[Performance] InitializeOnLoad CloudBuildPoller                                                                              :        2 samples, Peak.  75.6 us (1.1x), Avg.  70.1 us, Total. 140.3 us (0.0%)
[Performance] InitializeOnLoad BuildService                                                                                  :        2 samples, Peak.  1.10 ms (1.5x), Avg.   735 us, Total. 1.470 ms (0.0%)
[Performance] InitializeOnLoad CollabService                                                                                 :        2 samples, Peak.   363 us (1.0x), Avg.   354 us, Total. 708.6 us (0.0%)
[Performance] InitializeOnLoad PurchasingService                                                                             :        2 samples, Peak.  4.21 ms (1.1x), Avg.  3.75 ms, Total. 7.499 ms (0.1%)
[Performance] InitializeOnLoad CrashService                                                                                  :        2 samples, Peak.   370 us (1.0x), Avg.   364 us, Total. 728.3 us (0.0%)
[Performance] InitializeOnLoad AdsService                                                                                    :        2 samples, Peak.   715 us (1.2x), Avg.   591 us, Total. 1.183 ms (0.0%)
[Performance] InitializeOnLoad AnalyticsService                                                                              :        2 samples, Peak.   397 us (1.1x), Avg.   375 us, Total. 749.3 us (0.0%)
[Performance] InitializeOnLoad SearchWindow                                                                                  :        2 samples, Peak.  69.1 us (1.0x), Avg.  66.4 us, Total. 132.7 us (0.0%)
[Performance] InitializeOnLoad SearchMonitor                                                                                 :        2 samples, Peak.  6.41 ms (1.5x), Avg.  4.33 ms, Total. 8.660 ms (0.1%)
[Performance] InitializeOnLoad ParameterControllerEditor                                                                     :        2 samples, Peak.  12.1 us (1.1x), Avg.  10.9 us, Total. 21.87 us (0.0%)
[Performance] InitializeOnLoad LayerSettingsWindow                                                                           :        2 samples, Peak.  2.58 us (1.1x), Avg.  2.46 us, Total. 4.917 us (0.0%)
[Performance] InitializeOnLoad PackageManagerHookGUIDConverter.RegisterPackagesEventHandler                                  :        2 samples, Peak.   498 us (1.7x), Avg.   290 us, Total. 580.3 us (0.0%)
[Performance] InitializeOnLoad EditorDragAndDrop.RegisterEditorClient                                                        :        2 samples, Peak.   117 us (1.0x), Avg.   115 us, Total. 229.7 us (0.0%)
[Performance] InitializeOnLoad EditorEventCallbacks.InitializeFontAssetResourceChangeCallBacks                               :        2 samples, Peak.   663 us (1.0x), Avg.   662 us, Total. 1.324 ms (0.0%)
[Performance] InitializeOnLoad SceneTemplateService.Init                                                                     :        2 samples, Peak.   848 us (1.3x), Avg.   656 us, Total. 1.311 ms (0.0%)
[Performance] InitializeOnLoad DiagnosticSwitchesConsoleMessage.Init                                                         :        2 samples, Peak.  2.06 ms (1.7x), Avg.  1.24 ms, Total. 2.484 ms (0.0%)
[Performance] InitializeOnLoad ScopedRegistryAddedPopup.SubscribeToRegistriesAdded                                           :        2 samples, Peak.  16.9 ms (1.5x), Avg.  11.3 ms, Total. 22.65 ms (0.2%)
[Performance] InitializeOnLoad PackageManagerWindow.EditorInitializedInSafeMode                                              :        2 samples, Peak.   104 us (1.2x), Avg.  90.0 us, Total. 180.0 us (0.0%)
[Performance] InitializeOnLoad MemoryProfilerCompilationGuard.InjectCompileGuard                                             :        2 samples, Peak.  85.3 us (1.1x), Avg.  80.7 us, Total. 161.4 us (0.0%)
[Performance] InitializeOnLoad SceneVisibilityManager.Initialize                                                             :        2 samples, Peak.  3.41 ms (1.8x), Avg.  1.94 ms, Total. 3.884 ms (0.0%)
[Performance] InitializeOnLoad AssetPostprocessingInternal.RefreshCustomDependencies                                         :        2 samples, Peak.  1.80 ms (1.4x), Avg.  1.27 ms, Total. 2.540 ms (0.0%)
[Performance] InitializeOnLoad ToolShortcutContext.Init                                                                      :        2 samples, Peak.  71.4 us (1.0x), Avg.  70.9 us, Total. 141.9 us (0.0%)
[Performance] InitializeOnLoad SysrootManager.Initialize                                                                     :        2 samples, Peak.   271 us (1.1x), Avg.   250 us, Total. 501.0 us (0.0%)
[Performance] InitializeOnLoad EditorWindow.Initialize                                                                       :        2 samples, Peak.  92.1 us (1.0x), Avg.  89.3 us, Total. 178.6 us (0.0%)
[Performance] AssemblyReloadEvents.afterAssemblyReload: UnityEditor.SceneTemplate.SceneTemplateService.AfterAssemblyReload   :        2 samples, Peak.  2.11 ms (1.9x), Avg.  1.14 ms, Total. 2.274 ms (0.0%)
[Performance] ProcessService.EditorAfterLoadAllAssemblies                                                                    :        2 samples, Peak.   746 us (1.6x), Avg.   476 us, Total. 952.3 us (0.0%)
[Performance] Application.ReadLicenseInfo                                                                                    :        1 samples, Peak.  38.0 ms (1.0x), Avg.  38.0 ms, Total. 37.97 ms (0.4%)
[Performance] Application.InitialRefresh                                                                                     :        1 samples, Peak.  4.50 s (1.0x), Avg.  4.50 s, Total. 4.504 s (42.5%)
[Performance] BuilderAssetModificationProcessor.OnWillCreateAsset                                                            :        3 samples, Peak.   513 us (2.9x), Avg.   177 us, Total. 531.4 us (0.0%)
[Performance] ShaderImporter.SourceAssetModified                                                                             :        2 samples, Peak.   542 ns (1.2x), Avg.   438 ns, Total. 876.0 ns (0.0%)
[Performance] ShaderIncludeImporter.SourceAssetModified                                                                      :        2 samples, Peak.   708 ns (1.1x), Avg.   646 ns, Total. 1.292 us (0.0%)
[Performance] Compiling Scripts                                                                                              :        1 samples, Peak.  3.75 s (1.0x), Avg.  3.75 s, Total. 3.749 s (35.4%)
[Performance] AssemblyReloadEvents.beforeAssemblyReload: UnityEditor.SceneTemplate.SceneTemplateService.BeforeAssemblyReload :        1 samples, Peak.   475 us (1.0x), Avg.   475 us, Total. 474.9 us (0.0%)
[Performance] PresetManagerPostProcessor.OnPreprocessAsset                                                                   :        3 samples, Peak.  1.02 ms (2.9x), Avg.   346 us, Total. 1.039 ms (0.0%)
[Performance] CancelSplashScreenOnAssetChange.OnPreprocessAsset                                                              :        3 samples, Peak.   229 us (3.0x), Avg.  77.2 us, Total. 231.7 us (0.0%)
[Performance] InitializeOnLoad BackgroundWatcher                                                                             :        1 samples, Peak.  69.7 us (1.0x), Avg.  69.7 us, Total. 69.75 us (0.0%)
[Performance] InitializeOnLoad UnityTestProtocolStarter                                                                      :        1 samples, Peak.   330 us (1.0x), Avg.   330 us, Total. 330.3 us (0.0%)
[Performance] InitializeOnLoad TestStarter                                                                                   :        1 samples, Peak.   339 us (1.0x), Avg.   339 us, Total. 339.5 us (0.0%)
[Performance] InitializeOnLoad RerunCallbackInitializer                                                                      :        1 samples, Peak.  1.56 ms (1.0x), Avg.  1.56 ms, Total. 1.565 ms (0.0%)
[Performance] InitializeOnLoad TestJobDataHolder.ResumeRunningJobs                                                           :        1 samples, Peak.   265 us (1.0x), Avg.   265 us, Total. 265.0 us (0.0%)
[Performance] InitializeOnLoad AnalyticsReporter.RegisterCallbacks                                                           :        1 samples, Peak.  65.1 us (1.0x), Avg.  65.1 us, Total. 65.12 us (0.0%)
[Performance] DidReloadScriptsTestRunnerWindow.CompilationCallback                                                           :        1 samples, Peak.   546 us (1.0x), Avg.   546 us, Total. 546.2 us (0.0%)
[Performance] DidReloadScriptsTestListCache.ScriptReloaded                                                                   :        1 samples, Peak.   473 us (1.0x), Avg.   473 us, Total. 473.2 us (0.0%)
[Performance] DidReloadScriptsAdvancedDropdownWindow.OnScriptReload                                                          :        1 samples, Peak.   117 us (1.0x), Avg.   117 us, Total. 116.7 us (0.0%)
[Performance] AssetDatabase.ImportAssets                                                                                     :        3 samples, Peak.   334 ns (1.5x), Avg.   223 ns, Total. 668.0 ns (0.0%)
[Performance] VersionControl.Task.Wait                                                                                       :        1 samples, Peak.   251 us (1.0x), Avg.   251 us, Total. 250.9 us (0.0%)
[Performance] BuilderAssetPostprocessor.OnPostprocessAllAssets                                                               :        2 samples, Peak.  2.13 ms (1.0x), Avg.  2.10 ms, Total. 4.193 ms (0.0%)
[Performance] ArtifactBrowserPostProcessor.OnPostprocessAllAssets                                                            :        2 samples, Peak.   197 us (1.0x), Avg.   196 us, Total. 391.6 us (0.0%)
[Performance] AssetEvents.OnPostprocessAllAssets                                                                             :        4 samples, Peak.  98.6 us (1.6x), Avg.  63.5 us, Total. 254.2 us (0.0%)
[Performance] AudioMixerPostprocessor.OnPostprocessAllAssets                                                                 :        2 samples, Peak.   153 us (1.0x), Avg.   153 us, Total. 305.6 us (0.0%)
[Performance] StyleCatalogPostProcessor.OnPostprocessAllAssets                                                               :        2 samples, Peak.  10.3 ms (1.0x), Avg.  10.3 ms, Total. 20.51 ms (0.2%)
[Performance] BuildCatalog                                                                                                   :        1 samples, Peak.  9.73 ms (1.0x), Avg.  9.73 ms, Total. 9.726 ms (0.1%)
[Performance] ModelImporterPostProcessor.OnPostprocessAllAssets                                                              :        2 samples, Peak.   573 us (1.0x), Avg.   572 us, Total. 1.143 ms (0.0%)
[Performance] RetainedModeAssetPostprocessor.OnPostprocessAllAssets                                                          :        2 samples, Peak.  1.09 ms (1.0x), Avg.  1.09 ms, Total. 2.184 ms (0.0%)
[Performance] AssetChangedListener.OnPostprocessAllAssets                                                                    :        2 samples, Peak.  4.43 ms (1.0x), Avg.  4.43 ms, Total. 8.855 ms (0.1%)
[Performance] SpeedTreePostProcessor.OnPostprocessAllAssets                                                                  :        2 samples, Peak.   133 us (1.0x), Avg.   132 us, Total. 263.7 us (0.0%)
[Performance] TextAssetPostProcessor.OnPostprocessAllAssets                                                                  :        2 samples, Peak.   220 us (1.0x), Avg.   220 us, Total. 439.5 us (0.0%)
[Performance] SyncVS.PostprocessSyncProject                                                                                  :        1 samples, Peak.   713 us (1.0x), Avg.   713 us, Total. 713.3 us (0.0%)
[Performance] EditorApplication.projectChanged: UnityEditor.Audio.MixerEffectDefinitionReloader.OnProjectChanged             :        1 samples, Peak.   236 us (1.0x), Avg.   236 us, Total. 235.6 us (0.0%)
[Performance] Selection.selectionChanged: UnityEditor.PackageManager.UI.Internal.SelectionProxy.OnSelectionChanged           :        2 samples, Peak.   365 us (2.0x), Avg.   185 us, Total. 370.2 us (0.0%)
[Performance] Selection.selectionChanged: UnityEditorInternal.EditMode.OnSelectionChange                                     :        2 samples, Peak.   273 us (2.0x), Avg.   137 us, Total. 273.4 us (0.0%)
[Performance] Application.ImportPackagesAndSetTemplateWhenCreatingProject                                                    :        1 samples, Peak.  70.5 ms (1.0x), Avg.  70.5 ms, Total. 70.54 ms (0.7%)
[Performance] Application.SyncCurrentColorSpace                                                                              :        1 samples, Peak.  12.9 ms (1.0x), Avg.  12.9 ms, Total. 12.95 ms (0.1%)
[Performance] Application.OnUsbDevicesChanged                                                                                :        1 samples, Peak.   347 us (1.0x), Avg.   347 us, Total. 347.0 us (0.0%)
[Performance] Application.AssetInstanceCacheUpdate                                                                           :        1 samples, Peak.   167 ns (1.0x), Avg.   167 ns, Total. 167.0 ns (0.0%)
[Performance] Application.UnityExtensions.Initialize                                                                         :        1 samples, Peak.   365 us (1.0x), Avg.   365 us, Total. 364.8 us (0.0%)
[Performance] CodeEditorProjectSync.SyncEditorProject                                                                        :        1 samples, Peak.  36.9 us (1.0x), Avg.  36.9 us, Total. 36.92 us (0.0%)
[Performance] Application.ExecuteStartups                                                                                    :        1 samples, Peak.  45.1 ms (1.0x), Avg.  45.1 ms, Total. 45.11 ms (0.4%)
[Performance] Menu.RegisterMenuInterface                                                                                     :       26 samples, Peak.   123 us (25.3x), Avg.  4.84 us, Total. 126.0 us (0.0%)
[Performance] Gizmo.RebuildRenderers                                                                                         :        1 samples, Peak.  42.9 ms (1.0x), Avg.  42.9 ms, Total. 42.90 ms (0.4%)
[Performance] Gizmo.AddGizmoRenderers                                                                                        :       26 samples, Peak.  1.03 ms (13.6x), Avg.  75.8 us, Total. 1.970 ms (0.0%)
[Performance] Application.editorInitializingProject                                                                          :        1 samples, Peak.  32.0 ms (1.0x), Avg.  32.0 ms, Total. 32.01 ms (0.3%)
[Performance] Application.InitializeMenu                                                                                     :        1 samples, Peak.  34.3 ms (1.0x), Avg.  34.3 ms, Total. 34.28 ms (0.3%)
[Performance] Menu.RebuildAll                                                                                                :        1 samples, Peak.  34.1 ms (1.0x), Avg.  34.1 ms, Total. 34.08 ms (0.3%)
[Performance] Menu.BuildRegisteredMenuInterfaces                                                                             :        1 samples, Peak.  33.6 ms (1.0x), Avg.  33.6 ms, Total. 33.64 ms (0.3%)
[Performance] Menu.FilterMenuItem                                                                                            :      375 samples, Peak.  11.7 ms (371.9x), Avg.  31.5 us, Total. 11.80 ms (0.1%)
[Performance] UpdateAllMenus                                                                                                 :        1 samples, Peak.   323 us (1.0x), Avg.   323 us, Total. 323.3 us (0.0%)
[Performance] EditorSceneManager.sceneClosing: UnityEditor.SceneVisibilityManager.EditorSceneManagerOnSceneClosing           :        1 samples, Peak.   225 us (1.0x), Avg.   225 us, Total. 224.7 us (0.0%)
[Performance] EditorSceneManager.sceneClosed: callback in UnityEditor.Search.SearchMonitor                                   :        1 samples, Peak.  36.9 us (1.0x), Avg.  36.9 us, Total. 36.92 us (0.0%)
[Performance] EditorSceneManager.activeSceneChangedInEditMode: callback in UnityEditor.Search.SearchMonitor                  :        1 samples, Peak.  14.0 us (1.0x), Avg.  14.0 us, Total. 13.96 us (0.0%)
[Performance] GUIView.RepaintAll.PlayerLoopController                                                                        :        1 samples, Peak.   666 ns (1.0x), Avg.   666 ns, Total. 666.0 ns (0.0%)
[Performance] EditorSceneManager.newSceneCreated: UnityEditor.SceneTemplate.SceneTemplateService.OnNewSceneCreated           :        1 samples, Peak.   145 us (1.0x), Avg.   145 us, Total. 145.1 us (0.0%)
[Performance] EditorSceneManager.newSceneCreated: UnityEditor.SceneVisibilityManager.EditorSceneManagerOnNewSceneCreated     :        1 samples, Peak.  91.5 us (1.0x), Avg.  91.5 us, Total. 91.46 us (0.0%)
[Performance] EditorSceneManager.newSceneCreated: UnityEditor.SceneManagement.StageNavigationManager.OnNewSceneCreated       :        1 samples, Peak.  31.0 us (1.0x), Avg.  31.0 us, Total. 31.04 us (0.0%)
[Performance] Application.InvokeFinishedLoadingProject                                                                       :        1 samples, Peak.   905 us (1.0x), Avg.   905 us, Total. 904.6 us (0.0%)
[Performance] ProcessService.OnProjectLoaded                                                                                 :        1 samples, Peak.  43.2 us (1.0x), Avg.  43.2 us, Total. 43.17 us (0.0%)
[Performance] EditorApplication.quitting: UnityEditor.Search.SearchMonitor.OnQuitting                                        :        1 samples, Peak.  1.01 ms (1.0x), Avg.  1.01 ms, Total. 1.015 ms (0.0%)
[Performance] EditorApplication.quitting: callback in UnityEditor.TextCore.Text.EditorEventCallbacks                         :        1 samples, Peak.  2.61 ms (1.0x), Avg.  2.61 ms, Total. 2.613 ms (0.0%)
[Performance] Application.Shutdown.PauseProfilerSession                                                                      :        1 samples, Peak.   604 us (1.0x), Avg.   604 us, Total. 603.7 us (0.0%)
[Performance] Application.Shutdown.PauseAssetImportWorkers                                                                   :        1 samples, Peak.  61.5 us (1.0x), Avg.  61.5 us, Total. 61.46 us (0.0%)
[Performance] Application.Shutdown.SaveAssets                                                                                :        1 samples, Peak.  3.27 ms (1.0x), Avg.  3.27 ms, Total. 3.266 ms (0.0%)
[Performance] BuilderAssetModificationProcessor.OnWillSaveAssets                                                             :        1 samples, Peak.   210 us (1.0x), Avg.   210 us, Total. 209.6 us (0.0%)
[Performance] TerrainModificationProcessor.OnWillSaveAssets                                                                  :        1 samples, Peak.   323 us (1.0x), Avg.   323 us, Total. 323.1 us (0.0%)
[Performance] Application.Shutdown.CleanupRenderPipeline                                                                     :        1 samples, Peak.  2.00 us (1.0x), Avg.  2.00 us, Total. 2.000 us (0.0%)
[Performance] Application.Shutdown.StopPreloadManager                                                                        :        1 samples, Peak.  11.0 ms (1.0x), Avg.  11.0 ms, Total. 11.04 ms (0.1%)
[Performance] Application.Shutdown.DestroyWorld                                                                              :        1 samples, Peak.   372 us (1.0x), Avg.   372 us, Total. 372.2 us (0.0%)
[Performance] Application.Shutdown.CleanupAfterLoad                                                                          :        1 samples, Peak.  2.24 ms (1.0x), Avg.  2.24 ms, Total. 2.243 ms (0.0%)
[Performance] Application.Shutdown.Progress                                                                                  :        1 samples, Peak.  6.79 us (1.0x), Avg.  6.79 us, Total. 6.791 us (0.0%)
[Performance] Application.Shutdown.GICleanupManagers                                                                         :        1 samples, Peak.  36.5 ms (1.0x), Avg.  36.5 ms, Total. 36.55 ms (0.3%)
[Performance] Application.Shutdown.MenuCleanupClass                                                                          :        1 samples, Peak.  64.4 us (1.0x), Avg.  64.4 us, Total. 64.37 us (0.0%)
[Performance] Application.Shutdown.ADBSaveStateBeforeShutdown                                                                :        1 samples, Peak.  8.46 us (1.0x), Avg.  8.46 us, Total. 8.458 us (0.0%)
[Performance] Application.Shutdown.RemoteShutdown                                                                            :        1 samples, Peak.  1.08 us (1.0x), Avg.  1.08 us, Total. 1.083 us (0.0%)
[Performance] Application.Shutdown.CleanupVCProvider                                                                         :        1 samples, Peak.  23.6 us (1.0x), Avg.  23.6 us, Total. 23.62 us (0.0%)
[Performance] Application.Shutdown.InputShutdown                                                                             :        1 samples, Peak.   202 us (1.0x), Avg.   202 us, Total. 201.9 us (0.0%)
[Performance] Application.Shutdown.GizmoManagerDestroy                                                                       :        1 samples, Peak.   475 us (1.0x), Avg.   475 us, Total. 474.8 us (0.0%)
[Performance] Application.Shutdown.ProfilerSession                                                                           :        1 samples, Peak.  1.51 ms (1.0x), Avg.  1.51 ms, Total. 1.507 ms (0.0%)
[Performance] Application.Shutdown.ReleaseGfxWindowOnAllGUIViews                                                             :        1 samples, Peak.   625 ns (1.0x), Avg.   625 ns, Total. 625.0 ns (0.0%)
[Performance] Application.Shutdown.CleanupEngine                                                                             :        1 samples, Peak.   138 ms (1.0x), Avg.   138 ms, Total. 138.4 ms (1.3%)
[Performance] Application.Shutdown.CleanupAssetDatabase                                                                      :        1 samples, Peak.  2.20 ms (1.0x), Avg.  2.20 ms, Total. 2.198 ms (0.0%)
[Performance] Application.Shutdown.ScriptCompilationCleanUp                                                                  :        1 samples, Peak.  32.3 us (1.0x), Avg.  32.3 us, Total. 32.29 us (0.0%)
[Performance] Application.Shutdown.DestroyJobSystem                                                                          :        1 samples, Peak.  56.8 us (1.0x), Avg.  56.8 us, Total. 56.83 us (0.0%)
[Performance] Application.Shutdown.CleanupPersistentManager                                                                  :        1 samples, Peak.   539 us (1.0x), Avg.   539 us, Total. 538.7 us (0.0%)
[Performance] Application.Shutdown.CleanupAsyncReadManager                                                                   :        1 samples, Peak.  78.5 us (1.0x), Avg.  78.5 us, Total. 78.50 us (0.0%)
[Performance] Application.Shutdown.CleanupMono                                                                               :        1 samples, Peak.  51.2 ms (1.0x), Avg.  51.2 ms, Total. 51.22 ms (0.5%)
[Performance] Application.Shutdown.CleanupStdConverters                                                                      :        1 samples, Peak.  6.62 us (1.0x), Avg.  6.62 us, Total. 6.625 us (0.0%)
[Performance] Application.Shutdown.UnloadAllPlatformSupportModuleNativeDlls                                                  :        1 samples, Peak.   500 ns (1.0x), Avg.   500 ns, Total. 500.0 ns (0.0%)
[Performance] Application.Shutdown.UnloadAllPlatformSupportNativeLibraries                                                   :        1 samples, Peak.   167 ns (1.0x), Avg.   167 ns, Total. 167.0 ns (0.0%)
[Performance] Application.Shutdown.CleanupAutoDocumentation                                                                  :        1 samples, Peak.   492 us (1.0x), Avg.   492 us, Total. 492.3 us (0.0%)
[Performance] Application.Shutdown.ShaderNameManagerDestroy                                                                  :        1 samples, Peak.  27.3 us (1.0x), Avg.  27.3 us, Total. 27.33 us (0.0%)
[Performance] Application.Shutdown.CleanupCacheServer                                                                        :        1 samples, Peak.  1.71 us (1.0x), Avg.  1.71 us, Total. 1.709 us (0.0%)
[Performance] Application.Shutdown.Virtualization_Shutdown                                                                   :        1 samples, Peak.   148 us (1.0x), Avg.   148 us, Total. 147.7 us (0.0%)
[Performance] Application.Shutdown.DevConnections                                                                            :        1 samples, Peak.  82.0 us (1.0x), Avg.  82.0 us, Total. 82.00 us (0.0%)
Exiting batchmode successfully now!
[Package Manager] Server::Kill -- Server was shutdown
