Unity Editor version:    2022.3.0f1 (fb119bb0b476)
Branch:                  2022.3/release
Build type:              Release
Batch mode:              YES
macOS version:           Version 26.3.1 (a) (Build 25D771280a)
Darwin version:          25.3.0
Architecture:            arm64
Running under Rosetta:   NO
Available memory:        8192 MB
[Licensing::Module] Trying to connect to existing licensing client channel...
[Licensing::IpcConnector] Successfully connected to the License Client on channel: "LicenseClient-guribbong"
[Licensing::Client] Error: Code 10 while verifying Licensing Client signature (process Id: 70512, path: "/Applications/Unity Hub.app/Contents/Frameworks/UnityLicensingClient_V1.app/Contents/MacOS/Unity.Licensing.Client")
[Licensing::Module] Error: LicensingClient has failed validation; ignoring
[Licensing::Client] Handshaking with LicensingClient:
  Version:                 1.17.4+4293ba1
  Session Id:              e6871160b01c487e9990ac27bdcb5cd4
  Correlation Id:          ec1659fbc368e6230046737c7686d8d4
  External correlation Id: 2625596081691466419
  Machine Id:              kK/taOzULwH3CoqhnK6anvJ0b88=
[Licensing::Module] Successfully connected to LicensingClient on channel: "LicenseClient-guribbong" (connect: 0.00s, validation: 0.02s, handshake: 0.31s)
[Licensing::IpcConnector] Successfully connected to the License Notification on channel: "LicenseClient-guribbong-notifications"
[Licensing::Module] Error: Access token is unavailable; failed to update
[Licensing::Client] Successfully updated license
[Licensing::Client] Successfully resolved entitlements
[Licensing::Module] Serial number assigned to: "14568638156105-UnityPersXXXX"
Pro License: NO
Launching external process: /Applications/Unity/Hub/Editor/2022.3.0f1/Unity.app/Contents/Resources/PackageManager/Server/UnityPackageManager

COMMAND LINE ARGUMENTS:
/Applications/Unity/Hub/Editor/2022.3.0f1/Unity.app/Contents/MacOS/Unity
-batchmode
-projectPath
/Users/guribbong/code/Argus/unity/EmbodiedDebate
-executeMethod
ArgusUnity.Editor.BridgePlayModeSmoke.CaptureAndQuit
-logFile
/Users/guribbong/code/Argus/tmp/unity_capture_run.log
Successfully changed project path to: /Users/guribbong/code/Argus/unity/EmbodiedDebate
/Users/guribbong/code/Argus/unity/EmbodiedDebate
[UnityMemory] Configuration Parameters - Can be set up in boot.config
    "memorysetup-bucket-allocator-granularity=16"
    "memorysetup-bucket-allocator-bucket-count=8"
    "memorysetup-bucket-allocator-block-size=33554432"
    "memorysetup-bucket-allocator-block-count=8"
    "memorysetup-main-allocator-block-size=16777216"
    "memorysetup-thread-allocator-block-size=16777216"
    "memorysetup-gfx-main-allocator-block-size=16777216"
    "memorysetup-gfx-thread-allocator-block-size=16777216"
    "memorysetup-cache-allocator-block-size=4194304"
    "memorysetup-typetree-allocator-block-size=2097152"
    "memorysetup-profiler-bucket-allocator-granularity=16"
    "memorysetup-profiler-bucket-allocator-bucket-count=8"
    "memorysetup-profiler-bucket-allocator-block-size=33554432"
    "memorysetup-profiler-bucket-allocator-block-count=8"
    "memorysetup-profiler-allocator-block-size=16777216"
    "memorysetup-profiler-editor-allocator-block-size=1048576"
    "memorysetup-temp-allocator-size-main=16777216"
    "memorysetup-job-temp-allocator-block-size=2097152"
    "memorysetup-job-temp-allocator-block-size-background=1048576"
    "memorysetup-job-temp-allocator-reduction-small-platforms=262144"
    "memorysetup-allocator-temp-initial-block-size-main=262144"
    "memorysetup-allocator-temp-initial-block-size-worker=262144"
    "memorysetup-temp-allocator-size-background-worker=32768"
    "memorysetup-temp-allocator-size-job-worker=262144"
    "memorysetup-temp-allocator-size-preload-manager=33554432"
    "memorysetup-temp-allocator-size-nav-mesh-worker=65536"
    "memorysetup-temp-allocator-size-audio-worker=65536"
    "memorysetup-temp-allocator-size-cloud-worker=32768"
    "memorysetup-temp-allocator-size-gi-baking-worker=262144"
    "memorysetup-temp-allocator-size-gfx=262144"
Player connection [8649715968] Host "[IP] 192.168.3.1 [Port] 55496 [Flags] 2 [Guid] 3085545378 [EditorId] 3085545378 [Version] 1048832 [Id] OSXEditor(0,topabaem.local) [Debug] 1 [PackageName] OSXEditor [ProjectName] Editor" joined multi-casting on [225.0.0.222:54997]...

Player connection [8649715968] Host "[IP] 192.168.3.1 [Port] 55496 [Flags] 2 [Guid] 3085545378 [EditorId] 3085545378 [Version] 1048832 [Id] OSXEditor(0,topabaem.local) [Debug] 1 [PackageName] OSXEditor [ProjectName] Editor" joined alternative multi-casting on [225.0.0.222:34997]...

[Package Manager] UpmClient::Connect -- Connected to IPC stream "Upm-87588" after 1.5 seconds.
[Licensing::Client] Successfully resolved entitlements
[Package Manager] Restoring resolved packages state from cache
[Licensing::Client] Successfully resolved entitlement details
[Package Manager] Registered 8 packages:
  Packages from [https://packages.unity.com]:
    com.unity.nuget.newtonsoft-json@3.2.1 (location: /Users/guribbong/code/Argus/unity/EmbodiedDebate/Library/PackageCache/com.unity.nuget.newtonsoft-json@3.2.1)
    com.unity.test-framework@1.1.33 (location: /Users/guribbong/code/Argus/unity/EmbodiedDebate/Library/PackageCache/com.unity.test-framework@1.1.33)
    com.unity.ext.nunit@1.0.6 (location: /Users/guribbong/code/Argus/unity/EmbodiedDebate/Library/PackageCache/com.unity.ext.nunit@1.0.6)
  Built-in packages:
    com.unity.modules.screencapture@1.0.0 (location: /Users/guribbong/code/Argus/unity/EmbodiedDebate/Library/PackageCache/com.unity.modules.screencapture@1.0.0)
    com.unity.modules.unitywebrequest@1.0.0 (location: /Users/guribbong/code/Argus/unity/EmbodiedDebate/Library/PackageCache/com.unity.modules.unitywebrequest@1.0.0)
    com.unity.modules.imgui@1.0.0 (location: /Users/guribbong/code/Argus/unity/EmbodiedDebate/Library/PackageCache/com.unity.modules.imgui@1.0.0)
    com.unity.modules.jsonserialize@1.0.0 (location: /Users/guribbong/code/Argus/unity/EmbodiedDebate/Library/PackageCache/com.unity.modules.jsonserialize@1.0.0)
    com.unity.modules.imageconversion@1.0.0 (location: /Users/guribbong/code/Argus/unity/EmbodiedDebate/Library/PackageCache/com.unity.modules.imageconversion@1.0.0)
[Subsystems] No new subsystems found in resolved package list.
Package Manager log level set to [2]
[Package Manager] Done registering packages in 0.23 seconds
Refreshing native plugins compatible for Editor in 4.33 ms, found 0 plugins.
Preloading 0 native plugins for Editor in 0.00 ms.
Initialize engine version: 2022.3.0f1 (fb119bb0b476)
[Subsystems] Discovering subsystems at path /Applications/Unity/Hub/Editor/2022.3.0f1/Unity.app/Contents/Resources/UnitySubsystems
[Subsystems] Discovering subsystems at path /Users/guribbong/code/Argus/unity/EmbodiedDebate/Assets
GfxDevice: creating device client; threaded=0; jobified=0
 preferred device: Apple M2 (high power)
Metal devices available: 1
0: Apple M2 (high power)
Using device Apple M2 (high power)
Initializing Metal device caps: Apple M2
[Licensing::Client] Successfully resolved entitlements
Initialize mono
Mono path[0] = '/Applications/Unity/Hub/Editor/2022.3.0f1/Unity.app/Contents/Managed'
Mono path[1] = '/Applications/Unity/Hub/Editor/2022.3.0f1/Unity.app/Contents/MonoBleedingEdge/lib/mono/unityjit-macos'
Mono config path = '/Applications/Unity/Hub/Editor/2022.3.0f1/Unity.app/Contents/MonoBleedingEdge/etc'
Using monoOptions --debugger-agent=transport=dt_socket,embedding=1,server=y,suspend=n,address=127.0.0.1:56588
Using cacheserver namespaces - metadata:defaultmetadata, artifacts:defaultartifacts
Using cacheserver namespaces - metadata:defaultmetadata, artifacts:defaultartifacts
ImportWorker Server TCP listen port: 0
Begin MonoManager ReloadAssembly
Registering precompiled unity dll's ...
Register platform support module: /Applications/Unity/Hub/Editor/2022.3.0f1/Unity.app/Contents/PlaybackEngines/MacStandaloneSupport/UnityEditor.OSXStandalone.Extensions.dll
Registered in 0.001481 seconds.
- Loaded All Assemblies, in  0.274 seconds
Native extension for OSXStandalone target not found
Mono: successfully reloaded assembly
- Finished resetting the current domain, in  0.157 seconds
Domain Reload Profiling: 431ms
	BeginReloadAssembly (97ms)
		ExecutionOrderSort (0ms)
		DisableScriptedObjects (0ms)
		BackupInstance (0ms)
		ReleaseScriptingObjects (0ms)
		CreateAndSetChildDomain (1ms)
	RebuildCommonClasses (30ms)
	RebuildNativeTypeToScriptingClass (7ms)
	initialDomainReloadingComplete (35ms)
	LoadAllAssembliesAndSetupDomain (104ms)
		LoadAssemblies (97ms)
		RebuildTransferFunctionScriptingTraits (0ms)
		AnalyzeDomain (101ms)
			TypeCache.Refresh (100ms)
				TypeCache.ScanAssembly (86ms)
			ScanForSourceGeneratedMonoScriptInfo (0ms)
			ResolveRequiredComponents (1ms)
	FinalizeReload (157ms)
		ReleaseScriptCaches (0ms)
		RebuildScriptCaches (0ms)
		SetupLoadedEditorAssemblies (119ms)
			LogAssemblyErrors (0ms)
			InitializePlatformSupportModulesInManaged (4ms)
			SetLoadedEditorAssemblies (4ms)
			RefreshPlugins (0ms)
			BeforeProcessingInitializeOnLoad (1ms)
			ProcessInitializeOnLoadAttributes (82ms)
			ProcessInitializeOnLoadMethodAttributes (27ms)
			AfterProcessingInitializeOnLoad (0ms)
			EditorAssembliesLoaded (0ms)
		ExecutionOrderSort2 (0ms)
		AwakeInstancesAfterBackupRestoration (0ms)
[Licensing::Client] Successfully resolved entitlements
Application.AssetDatabase Initial Refresh Start
[ScriptCompilation] Requested script compilation because: Assetdatabase observed changes in script compilation related files
[40m[32minfo[39m[22m[49m: Microsoft.Hosting.Lifetime[14]
      Now listening on: http://unix:/tmp/ilpp.sock-8e16111b622e4d5ea6b5ecc926298bfd
[40m[32minfo[39m[22m[49m: Microsoft.Hosting.Lifetime[0]
      Application started. Press Ctrl+C to shut down.
[40m[32minfo[39m[22m[49m: Microsoft.Hosting.Lifetime[0]
      Hosting environment: Production
[40m[32minfo[39m[22m[49m: Microsoft.Hosting.Lifetime[0]
      Content root path: /Users/guribbong/code/Argus/unity/EmbodiedDebate/
[40m[32minfo[39m[22m[49m: Microsoft.AspNetCore.Hosting.Diagnostics[1]
      Request starting HTTP/2 POST http://ilpp/UnityILPP.PostProcessing/Ping application/grpc -
[40m[32minfo[39m[22m[49m: Microsoft.AspNetCore.Routing.EndpointMiddleware[0]
      Executing endpoint 'gRPC - /UnityILPP.PostProcessing/Ping'
[40m[32minfo[39m[22m[49m: Microsoft.AspNetCore.Routing.EndpointMiddleware[1]
      Executed endpoint 'gRPC - /UnityILPP.PostProcessing/Ping'
[40m[32minfo[39m[22m[49m: Microsoft.AspNetCore.Hosting.Diagnostics[2]
      Request finished HTTP/2 POST http://ilpp/UnityILPP.PostProcessing/Ping application/grpc - - 200 - application/grpc 51.7687ms
Starting: /Applications/Unity/Hub/Editor/2022.3.0f1/Unity.app/Contents/bee_backend --dont-print-to-structured-log --ipc --defer-dag-verification --dagfile="Library/Bee/200b0aE.dag" --continue-on-failure --profile="Library/Bee/backend1.traceevents" ScriptAssemblies
WorkingDir: /Users/guribbong/code/Argus/unity/EmbodiedDebate
DisplayProgressbar: Compiling Scripts
ExitCode: 0 Duration: 0s617ms
[128/137    0s] Csc Library/Bee/artifacts/200b0aE.dag/ArgusUnity.dll (+2 others)
[129/137    0s] CopyFiles Library/ScriptAssemblies/ArgusUnity.dll
[130/137    0s] CopyFiles Library/ScriptAssemblies/ArgusUnity.pdb
*** Tundra build success (0.60 seconds), 3 items updated, 137 evaluated
Total cache size 1241864
Total cache size after purge 1241864
AssetDatabase: script compilation time: 1.281057s
Begin MonoManager ReloadAssembly
Symbol file LoadedFromMemory is not a mono symbol file
- Loaded All Assemblies, in  0.263 seconds
Refreshing native plugins compatible for Editor in 0.22 ms, found 0 plugins.
Preloading 0 native plugins for Editor in 0.00 ms.
Start importing Assets/Project/Scripts/Runtime/SmokeScreenshot.cs using Guid(c1029384756fbc0d1122334455667788) Importer(-1,00000000000000000000000000000000)  -> (artifact id: '8ad979aceebf6b21fe26cd46753825bd') in 0.017140 seconds
Refreshing native plugins compatible for Editor in 0.21 ms, found 0 plugins.
Native extension for OSXStandalone target not found
Mono: successfully reloaded assembly
- Finished resetting the current domain, in  0.161 seconds
Domain Reload Profiling: 424ms
	BeginReloadAssembly (80ms)
		ExecutionOrderSort (0ms)
		DisableScriptedObjects (3ms)
		BackupInstance (0ms)
		ReleaseScriptingObjects (0ms)
		CreateAndSetChildDomain (20ms)
	RebuildCommonClasses (22ms)
	RebuildNativeTypeToScriptingClass (7ms)
	initialDomainReloadingComplete (13ms)
	LoadAllAssembliesAndSetupDomain (140ms)
		LoadAssemblies (86ms)
		RebuildTransferFunctionScriptingTraits (0ms)
		AnalyzeDomain (87ms)
			TypeCache.Refresh (85ms)
				TypeCache.ScanAssembly (81ms)
			ScanForSourceGeneratedMonoScriptInfo (1ms)
			ResolveRequiredComponents (0ms)
	FinalizeReload (161ms)
		ReleaseScriptCaches (0ms)
		RebuildScriptCaches (0ms)
		SetupLoadedEditorAssemblies (99ms)
			LogAssemblyErrors (0ms)
			InitializePlatformSupportModulesInManaged (2ms)
			SetLoadedEditorAssemblies (1ms)
			RefreshPlugins (0ms)
			BeforeProcessingInitializeOnLoad (15ms)
			ProcessInitializeOnLoadAttributes (71ms)
			ProcessInitializeOnLoadMethodAttributes (9ms)
			AfterProcessingInitializeOnLoad (1ms)
			EditorAssembliesLoaded (0ms)
		ExecutionOrderSort2 (0ms)
		AwakeInstancesAfterBackupRestoration (2ms)
Refreshing native plugins compatible for Editor in 0.24 ms, found 0 plugins.
Preloading 0 native plugins for Editor in 0.00 ms.
Asset Pipeline Refresh (id=70686820e584d402ebb538c0c9aa5055): Total: 1.895 seconds - Initiated by InitialRefreshV2(ForceSynchronousImport)
	Summary:
		Imports: total=1 (actual=1, local cache=0, cache server=0)
		Asset DB Process Time: managed=1 ms, native=150 ms
		Asset DB Callback time: managed=24 ms, native=6 ms
		Scripting: domain reloads=1, domain reload time=428 ms, compile time=1281 ms, other=2 ms
		Project Asset Count: scripts=389, non-scripts=28
		Asset File Changes: new=0, changed=1, moved=0, deleted=0
		Scan Filter Count: 1
	InvokeBeforeRefreshCallbacks: 0.155ms
	ApplyChangesToAssetFolders: 0.008ms
	Scan: 21.397ms
	OnSourceAssetsModified: 1.384ms
	GetAllGuidsForCategorization: 0.020ms
	CategorizeAssets: 4.428ms
	ImportOutOfDateAssets: 184.822ms (-1118.402ms without children)
		ImportManagerImport: 21.086ms (3.200ms without children)
			ImportInProcess: 17.884ms
			UpdateCategorizedAssets: 0.002ms
		CompileScripts: 1281.142ms
		ReloadNativeAssets: 0.000ms
		UnloadImportedAssets: 0.691ms
		ReloadImportedAssets: 0.000ms
		EnsureUptoDateAssetsAreRegisteredWithGuidPM: 0.077ms
		InitializingProgressBar: 0.000ms
		PostProcessAllAssetNotificationsAddChangedAssets: 0.000ms
		OnDemandSchedulerStart: 0.226ms
	PostProcessAllAssets: 25.449ms
	Hotreload: 3.151ms
	GatherAllCurrentPrimaryArtifactRevisions: 0.000ms
	UnloadStreamsBegin: 0.093ms
	PersistCurrentRevisions: 0.042ms
	UnloadStreamsEnd: 0.001ms
	GenerateScriptTypeHashes: 0.000ms
	Untracked: 1653.882ms
Application.AssetDatabase Initial Refresh End
Launching external process: /Applications/Unity/Hub/Editor/2022.3.0f1/Unity.app/Contents/Tools/UnityShaderCompiler
Launched and connected shader compiler UnityShaderCompiler after 0.23 seconds
Scanning for USB devices : 0.024ms
Initializing Unity extensions:
[Licensing::Client] Successfully resolved entitlements
[MODES] ModeService[none].Initialize
[MODES] ModeService[none].LoadModes
[MODES] Loading mode Default (0) for mode-current-id-EmbodiedDebate
ProgressiveSceneManager::Cancel()
Unloading 3 Unused Serialized files (Serialized files now loaded: 0)
Unloading 22 unused Assets / (373.1 KB). Loaded Objects now: 819.
Memory consumption went from 81.2 MB to 80.8 MB.
Total: 2.467583 ms (FindLiveObjects: 0.032708 ms CreateObjectMapping: 0.007375 ms MarkObjects: 2.300917 ms  DeleteObjects: 0.126041 ms)

ArgusUnity.Editor.BridgePlayModeSmoke: capture path=/Users/guribbong/code/Argus/tmp/unity_main_simulation.png
UnityEngine.StackTraceUtility:ExtractStackTrace () (at /Users/bokken/build/output/unity/unity/Runtime/Export/Scripting/StackTrace.cs:37)
UnityEngine.DebugLogHandler:LogFormat (UnityEngine.LogType,UnityEngine.Object,string,object[])
UnityEngine.Logger:Log (UnityEngine.LogType,object)
UnityEngine.Debug:Log (object)
ArgusUnity.Editor.BridgePlayModeSmoke:CaptureAndQuit () (at Assets/Editor/BridgePlayModeSmoke.cs:28)

(Filename: Assets/Editor/BridgePlayModeSmoke.cs Line: 28)

Opening scene 'Assets/Project/Scenes/MainSimulation.unity'
Unloading 0 Unused Serialized files (Serialized files now loaded: 0)
Loaded scene 'Assets/Project/Scenes/MainSimulation.unity'
	Deserialize:            1.645 ms
	Integration:            5.484 ms
	Integration of assets:  0.001 ms
	Thread Wait Time:       0.005 ms
	Total Operation Time:   7.135 ms
Unloading 2 unused Assets / (1.3 KB). Loaded Objects now: 840.
Memory consumption went from 79.9 MB to 79.9 MB.
Total: 1.713458 ms (FindLiveObjects: 0.028875 ms CreateObjectMapping: 0.007000 ms MarkObjects: 1.664291 ms  DeleteObjects: 0.013083 ms)

[Project] Loading completed in 6.412 seconds
	Project init time: 				4.926 seconds
		Template init time: 		0.000 seconds
		Package Manager init time: 		1.520 seconds
		Asset Database init time: 		0.305 seconds
		Global illumination init time: 	0.004 seconds
		Assemblies load time: 			0.434 seconds
		Unity extensions init time: 	0.000 seconds
		Asset Database refresh time: 	0.000 seconds
	Scene opening time: 			0.091 seconds
##utp:{"type":"ProjectInfo","version":2,"phase":"Immediate","time":1777890044252,"processId":87588,"projectLoad":6.411986666,"projectInit":4.926055709,"templateInit":0.0,"packageManagerInit":1.52018125,"assetDatabaseInit":0.3046765,"globalIlluminationInit":0.004337958,"assembliesLoad":0.4341805,"unityExtensionsInit":0.000407834,"assetDatabaseRefresh":0.0,"sceneOpening":0.090650041}
##utp:{"type":"EditorInfo","version":2,"phase":"Immediate","time":1777890044252,"processId":87588,"editorVersion":"2022.3.0f1 (fb119bb0b476)","branch":"2022.3/release","buildType":"Release","platform":"OSX"}
Subscribe to USB device events
Thread 0x318253000 may have been prematurely finalized
Reloading assemblies for play mode.
Reloading assemblies after forced synchronous recompile.
Begin MonoManager ReloadAssembly
Symbol file LoadedFromMemory is not a mono symbol file
- Loaded All Assemblies, in  0.119 seconds
Refreshing native plugins compatible for Editor in 0.18 ms, found 0 plugins.
Native extension for OSXStandalone target not found
Mono: successfully reloaded assembly
- Finished resetting the current domain, in  0.194 seconds
Domain Reload Profiling: 313ms
	BeginReloadAssembly (71ms)
		ExecutionOrderSort (0ms)
		DisableScriptedObjects (2ms)
		BackupInstance (0ms)
		ReleaseScriptingObjects (0ms)
		CreateAndSetChildDomain (25ms)
	RebuildCommonClasses (22ms)
	RebuildNativeTypeToScriptingClass (8ms)
	initialDomainReloadingComplete (14ms)
	LoadAllAssembliesAndSetupDomain (4ms)
		LoadAssemblies (37ms)
		RebuildTransferFunctionScriptingTraits (0ms)
		AnalyzeDomain (1ms)
			TypeCache.Refresh (0ms)
				TypeCache.ScanAssembly (0ms)
			ScanForSourceGeneratedMonoScriptInfo (0ms)
			ResolveRequiredComponents (0ms)
	FinalizeReload (195ms)
		ReleaseScriptCaches (0ms)
		RebuildScriptCaches (0ms)
		SetupLoadedEditorAssemblies (108ms)
			LogAssemblyErrors (0ms)
			InitializePlatformSupportModulesInManaged (2ms)
			SetLoadedEditorAssemblies (5ms)
			RefreshPlugins (0ms)
			BeforeProcessingInitializeOnLoad (16ms)
			ProcessInitializeOnLoadAttributes (72ms)
			ProcessInitializeOnLoadMethodAttributes (12ms)
			AfterProcessingInitializeOnLoad (1ms)
			EditorAssembliesLoaded (0ms)
		ExecutionOrderSort2 (0ms)
		AwakeInstancesAfterBackupRestoration (3ms)
Asset Pipeline Refresh (id=f2dce75ed0f224cbc869e4eb5ab92aad): Total: 0.340 seconds - Initiated by StopAssetImportingV2(ForceSynchronousImport | ForceDomainReload)
	Summary:
		Imports: total=0 (actual=0, local cache=0, cache server=0)
		Asset DB Process Time: managed=0 ms, native=17 ms
		Asset DB Callback time: managed=6 ms, native=0 ms
		Scripting: domain reloads=1, domain reload time=315 ms, compile time=0 ms, other=0 ms
		Project Asset Count: scripts=389, non-scripts=28
		Asset File Changes: new=0, changed=0, moved=0, deleted=0
		Scan Filter Count: 0
	InvokeBeforeRefreshCallbacks: 0.123ms
	ApplyChangesToAssetFolders: 0.012ms
	Scan: 0.000ms
	OnSourceAssetsModified: 0.001ms
	GetAllGuidsForCategorization: 0.029ms
	CategorizeAssets: 0.951ms
	ImportOutOfDateAssets: 195.866ms (195.645ms without children)
		CompileScripts: 0.006ms
		CollectScriptTypesHashes: 0.000ms
		ReloadNativeAssets: 0.000ms
		UnloadImportedAssets: 0.059ms
		EnsureUptoDateAssetsAreRegisteredWithGuidPM: 0.069ms
		PostProcessAllAssetNotificationsAddChangedAssets: 0.000ms
		OnDemandSchedulerStart: 0.086ms
	PostProcessAllAssets: 6.446ms
	GatherAllCurrentPrimaryArtifactRevisions: 0.019ms
	UnloadStreamsBegin: 0.036ms
	PersistCurrentRevisions: 0.012ms
	UnloadStreamsEnd: 0.001ms
	GenerateScriptTypeHashes: 0.000ms
	Untracked: 136.146ms
AudioListener component deleted: Component belongs to a disabled built-in package.
Loaded scene 'Temp/__Backupscenes/0.backup'
	Deserialize:            0.521 ms
	Integration:            22.956 ms
	Integration of assets:  0.001 ms
	Thread Wait Time:       0.005 ms
	Total Operation Time:   23.483 ms
[MODES] ModeService[none].Initialize
[MODES] ModeService[none].LoadModes
[MODES] Loading mode Default (0) for mode-current-id-EmbodiedDebate
Created GICache directory at /Users/guribbong/Library/Caches/com.unity3d.UnityEditor/GiCache. Took: 0.006s, timestamps: [6.819 - 6.825]
Setting up 4 worker threads for Enlighten.
Bridge message not routed: Bridge message type is known but not routed by the scene orchestrator. (bridge.ready)
UnityEngine.StackTraceUtility:ExtractStackTrace () (at /Users/bokken/build/output/unity/unity/Runtime/Export/Scripting/StackTrace.cs:37)
UnityEngine.DebugLogHandler:LogFormat (UnityEngine.LogType,UnityEngine.Object,string,object[])
UnityEngine.Logger:Log (UnityEngine.LogType,object)
UnityEngine.Debug:LogWarning (object)
ArgusUnity.Runtime.BridgeReceiver:Update () (at Assets/Project/Scripts/Runtime/BridgeReceiver.cs:97)

(Filename: Assets/Project/Scripts/Runtime/BridgeReceiver.cs Line: 97)

Bridge message not routed: Bridge message type is known but not routed by the scene orchestrator. (simulation.event)
UnityEngine.StackTraceUtility:ExtractStackTrace () (at /Users/bokken/build/output/unity/unity/Runtime/Export/Scripting/StackTrace.cs:37)
UnityEngine.DebugLogHandler:LogFormat (UnityEngine.LogType,UnityEngine.Object,string,object[])
UnityEngine.Logger:Log (UnityEngine.LogType,object)
UnityEngine.Debug:LogWarning (object)
ArgusUnity.Runtime.BridgeReceiver:Update () (at Assets/Project/Scripts/Runtime/BridgeReceiver.cs:97)

(Filename: Assets/Project/Scripts/Runtime/BridgeReceiver.cs Line: 97)

Bridge message not routed: Bridge message type is known but not routed by the scene orchestrator. (simulation.event)
UnityEngine.StackTraceUtility:ExtractStackTrace () (at /Users/bokken/build/output/unity/unity/Runtime/Export/Scripting/StackTrace.cs:37)
UnityEngine.DebugLogHandler:LogFormat (UnityEngine.LogType,UnityEngine.Object,string,object[])
UnityEngine.Logger:Log (UnityEngine.LogType,object)
UnityEngine.Debug:LogWarning (object)
ArgusUnity.Runtime.BridgeReceiver:Update () (at Assets/Project/Scripts/Runtime/BridgeReceiver.cs:97)

(Filename: Assets/Project/Scripts/Runtime/BridgeReceiver.cs Line: 97)

Bridge message not routed: Bridge message type is known but not routed by the scene orchestrator. (simulation.event)
UnityEngine.StackTraceUtility:ExtractStackTrace () (at /Users/bokken/build/output/unity/unity/Runtime/Export/Scripting/StackTrace.cs:37)
UnityEngine.DebugLogHandler:LogFormat (UnityEngine.LogType,UnityEngine.Object,string,object[])
UnityEngine.Logger:Log (UnityEngine.LogType,object)
UnityEngine.Debug:LogWarning (object)
ArgusUnity.Runtime.BridgeReceiver:Update () (at Assets/Project/Scripts/Runtime/BridgeReceiver.cs:97)

(Filename: Assets/Project/Scripts/Runtime/BridgeReceiver.cs Line: 97)

Bridge message not routed: Bridge message type is known but not routed by the scene orchestrator. (simulation.event)
UnityEngine.StackTraceUtility:ExtractStackTrace () (at /Users/bokken/build/output/unity/unity/Runtime/Export/Scripting/StackTrace.cs:37)
UnityEngine.DebugLogHandler:LogFormat (UnityEngine.LogType,UnityEngine.Object,string,object[])
UnityEngine.Logger:Log (UnityEngine.LogType,object)
UnityEngine.Debug:LogWarning (object)
ArgusUnity.Runtime.BridgeReceiver:Update () (at Assets/Project/Scripts/Runtime/BridgeReceiver.cs:97)

(Filename: Assets/Project/Scripts/Runtime/BridgeReceiver.cs Line: 97)

Bridge message not routed: Bridge message type is known but not routed by the scene orchestrator. (simulation.event)
UnityEngine.StackTraceUtility:ExtractStackTrace () (at /Users/bokken/build/output/unity/unity/Runtime/Export/Scripting/StackTrace.cs:37)
UnityEngine.DebugLogHandler:LogFormat (UnityEngine.LogType,UnityEngine.Object,string,object[])
UnityEngine.Logger:Log (UnityEngine.LogType,object)
UnityEngine.Debug:LogWarning (object)
ArgusUnity.Runtime.BridgeReceiver:Update () (at Assets/Project/Scripts/Runtime/BridgeReceiver.cs:97)

(Filename: Assets/Project/Scripts/Runtime/BridgeReceiver.cs Line: 97)

Bridge message not routed: Bridge message type is known but not routed by the scene orchestrator. (simulation.event)
UnityEngine.StackTraceUtility:ExtractStackTrace () (at /Users/bokken/build/output/unity/unity/Runtime/Export/Scripting/StackTrace.cs:37)
UnityEngine.DebugLogHandler:LogFormat (UnityEngine.LogType,UnityEngine.Object,string,object[])
UnityEngine.Logger:Log (UnityEngine.LogType,object)
UnityEngine.Debug:LogWarning (object)
ArgusUnity.Runtime.BridgeReceiver:Update () (at Assets/Project/Scripts/Runtime/BridgeReceiver.cs:97)

(Filename: Assets/Project/Scripts/Runtime/BridgeReceiver.cs Line: 97)

Bridge message not routed: Bridge message type is known but not routed by the scene orchestrator. (simulation.event)
UnityEngine.StackTraceUtility:ExtractStackTrace () (at /Users/bokken/build/output/unity/unity/Runtime/Export/Scripting/StackTrace.cs:37)
UnityEngine.DebugLogHandler:LogFormat (UnityEngine.LogType,UnityEngine.Object,string,object[])
UnityEngine.Logger:Log (UnityEngine.LogType,object)
UnityEngine.Debug:LogWarning (object)
ArgusUnity.Runtime.BridgeReceiver:Update () (at Assets/Project/Scripts/Runtime/BridgeReceiver.cs:97)

(Filename: Assets/Project/Scripts/Runtime/BridgeReceiver.cs Line: 97)

Bridge message not routed: Bridge message type is known but not routed by the scene orchestrator. (simulation.event)
UnityEngine.StackTraceUtility:ExtractStackTrace () (at /Users/bokken/build/output/unity/unity/Runtime/Export/Scripting/StackTrace.cs:37)
UnityEngine.DebugLogHandler:LogFormat (UnityEngine.LogType,UnityEngine.Object,string,object[])
UnityEngine.Logger:Log (UnityEngine.LogType,object)
UnityEngine.Debug:LogWarning (object)
ArgusUnity.Runtime.BridgeReceiver:Update () (at Assets/Project/Scripts/Runtime/BridgeReceiver.cs:97)

(Filename: Assets/Project/Scripts/Runtime/BridgeReceiver.cs Line: 97)

Bridge message not routed: Bridge message type is known but not routed by the scene orchestrator. (simulation.event)
UnityEngine.StackTraceUtility:ExtractStackTrace () (at /Users/bokken/build/output/unity/unity/Runtime/Export/Scripting/StackTrace.cs:37)
UnityEngine.DebugLogHandler:LogFormat (UnityEngine.LogType,UnityEngine.Object,string,object[])
UnityEngine.Logger:Log (UnityEngine.LogType,object)
UnityEngine.Debug:LogWarning (object)
ArgusUnity.Runtime.BridgeReceiver:Update () (at Assets/Project/Scripts/Runtime/BridgeReceiver.cs:97)

(Filename: Assets/Project/Scripts/Runtime/BridgeReceiver.cs Line: 97)

Bridge message not routed: Bridge message type is known but not routed by the scene orchestrator. (simulation.event)
UnityEngine.StackTraceUtility:ExtractStackTrace () (at /Users/bokken/build/output/unity/unity/Runtime/Export/Scripting/StackTrace.cs:37)
UnityEngine.DebugLogHandler:LogFormat (UnityEngine.LogType,UnityEngine.Object,string,object[])
UnityEngine.Logger:Log (UnityEngine.LogType,object)
UnityEngine.Debug:LogWarning (object)
ArgusUnity.Runtime.BridgeReceiver:Update () (at Assets/Project/Scripts/Runtime/BridgeReceiver.cs:97)

(Filename: Assets/Project/Scripts/Runtime/BridgeReceiver.cs Line: 97)

Bridge message not routed: Bridge message type is known but not routed by the scene orchestrator. (replay.status)
UnityEngine.StackTraceUtility:ExtractStackTrace () (at /Users/bokken/build/output/unity/unity/Runtime/Export/Scripting/StackTrace.cs:37)
UnityEngine.DebugLogHandler:LogFormat (UnityEngine.LogType,UnityEngine.Object,string,object[])
UnityEngine.Logger:Log (UnityEngine.LogType,object)
UnityEngine.Debug:LogWarning (object)
ArgusUnity.Runtime.BridgeReceiver:Update () (at Assets/Project/Scripts/Runtime/BridgeReceiver.cs:97)

(Filename: Assets/Project/Scripts/Runtime/BridgeReceiver.cs Line: 97)

ArgusSmoke: capturing /Users/guribbong/code/Argus/tmp/unity_main_simulation.png after 1201 frames.
UnityEngine.StackTraceUtility:ExtractStackTrace () (at /Users/bokken/build/output/unity/unity/Runtime/Export/Scripting/StackTrace.cs:37)
UnityEngine.DebugLogHandler:LogFormat (UnityEngine.LogType,UnityEngine.Object,string,object[])
UnityEngine.Logger:Log (UnityEngine.LogType,object)
UnityEngine.Debug:Log (object)
ArgusUnity.Runtime.SmokeScreenshot:LateUpdate () (at Assets/Project/Scripts/Runtime/SmokeScreenshot.cs:44)

(Filename: Assets/Project/Scripts/Runtime/SmokeScreenshot.cs Line: 44)

ArgusSmoke: wrote 1280x720 PNG to /Users/guribbong/code/Argus/tmp/unity_main_simulation.png
UnityEngine.StackTraceUtility:ExtractStackTrace () (at /Users/bokken/build/output/unity/unity/Runtime/Export/Scripting/StackTrace.cs:37)
UnityEngine.DebugLogHandler:LogFormat (UnityEngine.LogType,UnityEngine.Object,string,object[])
UnityEngine.Logger:Log (UnityEngine.LogType,object)
UnityEngine.Debug:Log (object)
ArgusUnity.Runtime.SmokeScreenshot:CaptureMainCameraToPng (string,int,int) (at Assets/Project/Scripts/Runtime/SmokeScreenshot.cs:114)
ArgusUnity.Runtime.SmokeScreenshot:LateUpdate () (at Assets/Project/Scripts/Runtime/SmokeScreenshot.cs:46)

(Filename: Assets/Project/Scripts/Runtime/SmokeScreenshot.cs Line: 114)

Thread 0x318253000 may have been prematurely finalized
Unloading 2 Unused Serialized files (Serialized files now loaded: 0)
Loaded scene 'Temp/__Backupscenes/0.backup'
	Deserialize:            0.475 ms
	Integration:            2.953 ms
	Integration of assets:  0.001 ms
	Thread Wait Time:       0.004 ms
	Total Operation Time:   3.432 ms
Unloading 10 unused Assets / (2.4 KB). Loaded Objects now: 852.
Memory consumption went from 82.0 MB to 82.0 MB.
Total: 4.178125 ms (FindLiveObjects: 0.032500 ms CreateObjectMapping: 0.007459 ms MarkObjects: 4.102542 ms  DeleteObjects: 0.035000 ms)

[UnityConnectServicesConfig] config is NOT valid, switching to default
gi::BakeBackendSwitch: switching bake backend from 3 to 2.
Thread 0x32d087000 may have been prematurely finalized
[Licensing::IpcConnector] License Notification channel disconnected successfully.
[Licensing::IpcConnector] License Client channel disconnected successfully.
Curl error 42: Callback aborted
Curl error 42: Callback aborted
Thread 0x17c713000 may have been prematurely finalized
Cleanup mono
[40m[32minfo[39m[22m[49m: Microsoft.Hosting.Lifetime[0]
      Application is shutting down...
debugger-agent: Unable to listen on 50
[Performance] Application.InitializeProject                                                                                                      :        1 samples, Peak.  4.93 s (1.0x), Avg.  4.93 s, Total. 4.926 s (53.3%)
[Performance] Application.PackageManager.StartServer                                                                                             :        1 samples, Peak.  4.18 ms (1.0x), Avg.  4.18 ms, Total. 4.179 ms (0.0%)
[Performance] Application.AcquireProjectLock                                                                                                     :        1 samples, Peak.  1.62 ms (1.0x), Avg.  1.62 ms, Total. 1.621 ms (0.0%)
[Performance] Application.InitializeEngineNoGraphics                                                                                             :        1 samples, Peak.  77.7 ms (1.0x), Avg.  77.7 ms, Total. 77.74 ms (0.8%)
[Performance] Application.PackageManager.Initialize                                                                                              :        1 samples, Peak.  1.52 s (1.0x), Avg.  1.52 s, Total. 1.520 s (16.4%)
[Performance] Connecting to Package Manager                                                                                                      :      153 samples, Peak.  62.3 us (59.2x), Avg.  1.05 us, Total. 161.0 us (0.0%)
[Performance] Application.EngineGraphics.Initialize                                                                                              :        1 samples, Peak.  40.4 ms (1.0x), Avg.  40.4 ms, Total. 40.38 ms (0.4%)
[Performance] Application.GI.Initialize                                                                                                          :        1 samples, Peak.  4.34 ms (1.0x), Avg.  4.34 ms, Total. 4.339 ms (0.0%)
[Performance] Application.LoadAllDefaultResourcesFromEditor                                                                                      :        1 samples, Peak.  1.39 ms (1.0x), Avg.  1.39 ms, Total. 1.389 ms (0.0%)
[Performance] Application.LoadMonoAssemblies                                                                                                     :        1 samples, Peak.   434 ms (1.0x), Avg.   434 ms, Total. 434.2 ms (4.7%)
[Performance] RestoreManagedReferences                                                                                                           :        3 samples, Peak.  38.3 ms (1.7x), Avg.  22.0 ms, Total. 65.87 ms (0.7%)
[Performance] InitializeOnLoad ProjectSearch                                                                                                     :        3 samples, Peak.   301 us (1.5x), Avg.   208 us, Total. 622.8 us (0.0%)
[Performance] InitializeOnLoad AssetStoreContext                                                                                                 :        3 samples, Peak.  15.6 ms (1.1x), Avg.  13.9 ms, Total. 41.55 ms (0.4%)
[Performance] InitializeOnLoad SearchService                                                                                                     :        3 samples, Peak.  71.9 us (1.2x), Avg.  62.2 us, Total. 186.7 us (0.0%)
[Performance] InitializeOnLoad ObjectSelectorSearch                                                                                              :        3 samples, Peak.   190 us (1.2x), Avg.   163 us, Total. 489.2 us (0.0%)
[Performance] InitializeOnLoad NativeFormatImporterUtility                                                                                       :        3 samples, Peak.  1.39 ms (1.2x), Avg.  1.14 ms, Total. 3.429 ms (0.0%)
[Performance] InitializeOnLoad ManagedDebuggerWindow                                                                                             :        3 samples, Peak.   426 us (1.1x), Avg.   386 us, Total. 1.159 ms (0.0%)
[Performance] InitializeOnLoad PrefabInstanceChangedListener                                                                                     :        3 samples, Peak.   378 us (1.1x), Avg.   338 us, Total. 1.014 ms (0.0%)
[Performance] InitializeOnLoad ManagedDebugger                                                                                                   :        3 samples, Peak.   208 ns (1.1x), Avg.   194 ns, Total. 583.0 ns (0.0%)
[Performance] InitializeOnLoad CloudBuild                                                                                                        :        3 samples, Peak.  3.00 us (1.5x), Avg.  2.04 us, Total. 6.126 us (0.0%)
[Performance] InitializeOnLoad Collab                                                                                                            :        3 samples, Peak.  5.65 ms (1.4x), Avg.  4.16 ms, Total. 12.47 ms (0.1%)
[Performance] InitializeOnLoad ShortcutIntegration                                                                                               :        3 samples, Peak.  35.8 us (1.0x), Avg.  34.4 us, Total. 103.1 us (0.0%)
[Performance] InitializeOnLoad MixerEffectDefinitionReloader                                                                                     :        3 samples, Peak.  1.75 ms (1.5x), Avg.  1.20 ms, Total. 3.594 ms (0.0%)
[Performance] InitializeOnLoad DrivenRectTransformUndo                                                                                           :        3 samples, Peak.   148 us (1.1x), Avg.   136 us, Total. 406.6 us (0.0%)
[Performance] InitializeOnLoad WindowLayout                                                                                                      :        3 samples, Peak.   298 us (1.1x), Avg.   273 us, Total. 818.5 us (0.0%)
[Performance] InitializeOnLoad SettingsService                                                                                                   :        3 samples, Peak.  6.83 us (1.4x), Avg.  4.76 us, Total. 14.29 us (0.0%)
[Performance] InitializeOnLoad CacheServerWindow                                                                                                 :        3 samples, Peak.  7.04 us (1.4x), Avg.  5.03 us, Total. 15.08 us (0.0%)
[Performance] InitializeOnLoad MenuItems                                                                                                         :        3 samples, Peak.  47.3 us (1.0x), Avg.  46.0 us, Total. 137.9 us (0.0%)
[Performance] InitializeOnLoad CheckNavigationPackage                                                                                            :        3 samples, Peak.   228 us (1.2x), Avg.   193 us, Total. 580.4 us (0.0%)
[Performance] InitializeOnLoad UISystemProfilerRenderService                                                                                     :        3 samples, Peak.  8.46 us (1.4x), Avg.  6.03 us, Total. 18.08 us (0.0%)
[Performance] InitializeOnLoad EditMode                                                                                                          :        3 samples, Peak.   395 us (1.5x), Avg.   260 us, Total. 780.7 us (0.0%)
[Performance] InitializeOnLoad UnityConnect                                                                                                      :        3 samples, Peak.  28.1 us (1.1x), Avg.  25.6 us, Total. 76.87 us (0.0%)
[Performance] InitializeOnLoad AddComponentWindow                                                                                                :        3 samples, Peak.  60.8 us (1.1x), Avg.  56.1 us, Total. 168.4 us (0.0%)
[Performance] InitializeOnLoad PlayModeDownload                                                                                                  :        3 samples, Peak.  3.03 ms (2.7x), Avg.  1.11 ms, Total. 3.320 ms (0.0%)
[Performance] InitializeOnLoad SceneSearch                                                                                                       :        3 samples, Peak.  55.5 us (1.4x), Avg.  39.7 us, Total. 119.2 us (0.0%)
[Performance] InitializeOnLoad EditorDelegateRegistration                                                                                        :        3 samples, Peak.   475 us (1.2x), Avg.   403 us, Total. 1.210 ms (0.0%)
[Performance] InitializeOnLoad UxmlObjectEditorFactories                                                                                         :        3 samples, Peak.   339 us (1.2x), Avg.   279 us, Total. 836.8 us (0.0%)
[Performance] InitializeOnLoad RetainedMode                                                                                                      :        3 samples, Peak.  1.72 ms (1.2x), Avg.  1.42 ms, Total. 4.247 ms (0.0%)
[Performance] InitializeOnLoad EditorShaderLoader                                                                                                :        3 samples, Peak.   579 us (1.4x), Avg.   411 us, Total. 1.234 ms (0.0%)
[Performance] InitializeOnLoad UIDocumentHierarchyWatcher                                                                                        :        3 samples, Peak.  44.8 us (1.1x), Avg.  39.4 us, Total. 118.2 us (0.0%)
[Performance] InitializeOnLoad EditorMonitor                                                                                                     :        3 samples, Peak.  89.6 us (1.1x), Avg.  85.0 us, Total. 255.1 us (0.0%)
[Performance] InitializeOnLoad LiveReloadTrackerCreator                                                                                          :        3 samples, Peak.   127 us (1.3x), Avg.  99.0 us, Total. 297.0 us (0.0%)
[Performance] InitializeOnLoad UXMLEditorFactories                                                                                               :        3 samples, Peak.  34.8 ms (1.1x), Avg.  32.5 ms, Total. 97.39 ms (1.1%)
[Performance] InitializeOnLoad ServicesRepository                                                                                                :        3 samples, Peak.   436 us (1.1x), Avg.   413 us, Total. 1.238 ms (0.0%)
[Performance] InitializeOnLoad UDPService                                                                                                        :        3 samples, Peak.  1.23 ms (1.2x), Avg.  1.05 ms, Total. 3.152 ms (0.0%)
[Performance] InitializeOnLoad EditorGameServicesAnalytics                                                                                       :        3 samples, Peak.  1.06 ms (1.5x), Avg.   717 us, Total. 2.152 ms (0.0%)
[Performance] InitializeOnLoad CloudBuildPoller                                                                                                  :        3 samples, Peak.  59.4 us (1.1x), Avg.  53.6 us, Total. 160.8 us (0.0%)
[Performance] InitializeOnLoad BuildService                                                                                                      :        3 samples, Peak.   456 us (1.0x), Avg.   442 us, Total. 1.326 ms (0.0%)
[Performance] InitializeOnLoad CollabService                                                                                                     :        3 samples, Peak.   669 us (1.3x), Avg.   518 us, Total. 1.553 ms (0.0%)
[Performance] InitializeOnLoad PurchasingService                                                                                                 :        3 samples, Peak.  4.46 ms (1.2x), Avg.  3.64 ms, Total. 10.91 ms (0.1%)
[Performance] InitializeOnLoad CrashService                                                                                                      :        3 samples, Peak.   830 us (1.4x), Avg.   577 us, Total. 1.732 ms (0.0%)
[Performance] InitializeOnLoad AdsService                                                                                                        :        3 samples, Peak.  1.35 ms (1.7x), Avg.   815 us, Total. 2.445 ms (0.0%)
[Performance] InitializeOnLoad AnalyticsService                                                                                                  :        3 samples, Peak.   444 us (1.0x), Avg.   428 us, Total. 1.283 ms (0.0%)
[Performance] InitializeOnLoad SearchWindow                                                                                                      :        3 samples, Peak.  75.2 us (1.1x), Avg.  65.8 us, Total. 197.3 us (0.0%)
[Performance] InitializeOnLoad SearchMonitor                                                                                                     :        3 samples, Peak.  6.81 ms (2.1x), Avg.  3.26 ms, Total. 9.768 ms (0.1%)
[Performance] InitializeOnLoad ParameterControllerEditor                                                                                         :        3 samples, Peak.  14.2 us (1.3x), Avg.  11.0 us, Total. 33.12 us (0.0%)
[Performance] InitializeOnLoad LayerSettingsWindow                                                                                               :        3 samples, Peak.  13.2 us (2.2x), Avg.  6.08 us, Total. 18.25 us (0.0%)
[Performance] InitializeOnLoad PackageManagerHookGUIDConverter.RegisterPackagesEventHandler                                                      :        3 samples, Peak.   463 us (2.3x), Avg.   203 us, Total. 608.7 us (0.0%)
[Performance] InitializeOnLoad EditorDragAndDrop.RegisterEditorClient                                                                            :        3 samples, Peak.   128 us (1.1x), Avg.   114 us, Total. 340.7 us (0.0%)
[Performance] InitializeOnLoad EditorEventCallbacks.InitializeFontAssetResourceChangeCallBacks                                                   :        3 samples, Peak.   627 us (1.0x), Avg.   612 us, Total. 1.837 ms (0.0%)
[Performance] InitializeOnLoad SceneTemplateService.Init                                                                                         :        3 samples, Peak.  1.16 ms (1.5x), Avg.   787 us, Total. 2.360 ms (0.0%)
[Performance] InitializeOnLoad DiagnosticSwitchesConsoleMessage.Init                                                                             :        3 samples, Peak.  1.90 ms (1.3x), Avg.  1.42 ms, Total. 4.275 ms (0.0%)
[Performance] InitializeOnLoad ScopedRegistryAddedPopup.SubscribeToRegistriesAdded                                                               :        3 samples, Peak.  16.2 ms (1.9x), Avg.  8.38 ms, Total. 25.13 ms (0.3%)
[Performance] InitializeOnLoad PackageManagerWindow.EditorInitializedInSafeMode                                                                  :        3 samples, Peak.   103 us (1.3x), Avg.  80.8 us, Total. 242.3 us (0.0%)
[Performance] InitializeOnLoad MemoryProfilerCompilationGuard.InjectCompileGuard                                                                 :        3 samples, Peak.  74.2 us (1.0x), Avg.  73.8 us, Total. 221.4 us (0.0%)
[Performance] InitializeOnLoad SceneVisibilityManager.Initialize                                                                                 :        3 samples, Peak.  3.01 ms (2.3x), Avg.  1.29 ms, Total. 3.876 ms (0.0%)
[Performance] InitializeOnLoad AssetPostprocessingInternal.RefreshCustomDependencies                                                             :        3 samples, Peak.  1.76 ms (1.4x), Avg.  1.28 ms, Total. 3.840 ms (0.0%)
[Performance] InitializeOnLoad ToolShortcutContext.Init                                                                                          :        3 samples, Peak.  70.3 us (1.0x), Avg.  67.1 us, Total. 201.3 us (0.0%)
[Performance] InitializeOnLoad SysrootManager.Initialize                                                                                         :        3 samples, Peak.   245 us (1.0x), Avg.   242 us, Total. 725.0 us (0.0%)
[Performance] InitializeOnLoad EditorWindow.Initialize                                                                                           :        3 samples, Peak.   103 us (1.1x), Avg.  90.5 us, Total. 271.6 us (0.0%)
[Performance] AssemblyReloadEvents.afterAssemblyReload: UnityEditor.SceneTemplate.SceneTemplateService.AfterAssemblyReload                       :        3 samples, Peak.  2.04 ms (1.4x), Avg.  1.44 ms, Total. 4.329 ms (0.0%)
[Performance] ProcessService.EditorAfterLoadAllAssemblies                                                                                        :        3 samples, Peak.   200 us (1.1x), Avg.   174 us, Total. 523.3 us (0.0%)
[Performance] Application.ReadLicenseInfo                                                                                                        :        1 samples, Peak.  11.9 ms (1.0x), Avg.  11.9 ms, Total. 11.87 ms (0.1%)
[Performance] Application.InitialRefresh                                                                                                         :        1 samples, Peak.  1.90 s (1.0x), Avg.  1.90 s, Total. 1.896 s (20.5%)
[Performance] ShaderImporter.SourceAssetModified                                                                                                 :        2 samples, Peak.   584 ns (1.2x), Avg.   500 ns, Total. 1.000 us (0.0%)
[Performance] ShaderIncludeImporter.SourceAssetModified                                                                                          :        2 samples, Peak.   542 ns (1.0x), Avg.   542 ns, Total. 1.084 us (0.0%)
[Performance] Compiling Scripts                                                                                                                  :        1 samples, Peak.  1.28 s (1.0x), Avg.  1.28 s, Total. 1.281 s (13.9%)
[Performance] AssemblyReloadEvents.beforeAssemblyReload: UnityEditor.SceneTemplate.SceneTemplateService.BeforeAssemblyReload                     :        2 samples, Peak.   265 us (1.0x), Avg.   254 us, Total. 508.0 us (0.0%)
[Performance] PresetManagerPostProcessor.OnPreprocessAsset                                                                                       :        1 samples, Peak.   578 us (1.0x), Avg.   578 us, Total. 578.2 us (0.0%)
[Performance] CancelSplashScreenOnAssetChange.OnPreprocessAsset                                                                                  :        1 samples, Peak.   196 us (1.0x), Avg.   196 us, Total. 196.3 us (0.0%)
[Performance] InitializeOnLoad BackgroundWatcher                                                                                                 :        2 samples, Peak.  88.1 us (1.1x), Avg.  78.8 us, Total. 157.6 us (0.0%)
[Performance] InitializeOnLoad UnityTestProtocolStarter                                                                                          :        2 samples, Peak.   323 us (1.0x), Avg.   311 us, Total. 621.9 us (0.0%)
[Performance] InitializeOnLoad TestStarter                                                                                                       :        2 samples, Peak.   329 us (1.0x), Avg.   328 us, Total. 656.2 us (0.0%)
[Performance] InitializeOnLoad RerunCallbackInitializer                                                                                          :        2 samples, Peak.  1.45 ms (1.3x), Avg.  1.09 ms, Total. 2.176 ms (0.0%)
[Performance] InitializeOnLoad TestJobDataHolder.ResumeRunningJobs                                                                               :        2 samples, Peak.   373 us (1.3x), Avg.   293 us, Total. 586.1 us (0.0%)
[Performance] InitializeOnLoad AnalyticsReporter.RegisterCallbacks                                                                               :        2 samples, Peak.  62.0 us (1.0x), Avg.  61.9 us, Total. 123.8 us (0.0%)
[Performance] DidReloadScriptsTestRunnerWindow.CompilationCallback                                                                               :        2 samples, Peak.   498 us (1.0x), Avg.   484 us, Total. 967.7 us (0.0%)
[Performance] DidReloadScriptsTestListCache.ScriptReloaded                                                                                       :        2 samples, Peak.   457 us (1.7x), Avg.   262 us, Total. 523.5 us (0.0%)
[Performance] DidReloadScriptsAdvancedDropdownWindow.OnScriptReload                                                                              :        2 samples, Peak.   113 us (1.0x), Avg.   112 us, Total. 223.0 us (0.0%)
[Performance] AssetDatabase.ImportAssets                                                                                                         :        3 samples, Peak.   417 ns (1.9x), Avg.   222 ns, Total. 666.0 ns (0.0%)
[Performance] VersionControl.Task.Wait                                                                                                           :        1 samples, Peak.  87.2 us (1.0x), Avg.  87.2 us, Total. 87.17 us (0.0%)
[Performance] BuilderAssetPostprocessor.OnPostprocessAllAssets                                                                                   :        2 samples, Peak.  2.00 ms (1.0x), Avg.  1.96 ms, Total. 3.926 ms (0.0%)
[Performance] ArtifactBrowserPostProcessor.OnPostprocessAllAssets                                                                                :        2 samples, Peak.   179 us (1.0x), Avg.   178 us, Total. 355.8 us (0.0%)
[Performance] AssetEvents.OnPostprocessAllAssets                                                                                                 :        4 samples, Peak.  98.5 us (1.6x), Avg.  62.3 us, Total. 249.1 us (0.0%)
[Performance] AudioMixerPostprocessor.OnPostprocessAllAssets                                                                                     :        2 samples, Peak.   148 us (1.0x), Avg.   147 us, Total. 294.8 us (0.0%)
[Performance] StyleCatalogPostProcessor.OnPostprocessAllAssets                                                                                   :        2 samples, Peak.  8.02 ms (1.0x), Avg.  8.02 ms, Total. 16.04 ms (0.2%)
[Performance] BuildCatalog                                                                                                                       :        1 samples, Peak.  7.50 ms (1.0x), Avg.  7.50 ms, Total. 7.501 ms (0.1%)
[Performance] ModelImporterPostProcessor.OnPostprocessAllAssets                                                                                  :        2 samples, Peak.   532 us (1.0x), Avg.   531 us, Total. 1.062 ms (0.0%)
[Performance] RetainedModeAssetPostprocessor.OnPostprocessAllAssets                                                                              :        2 samples, Peak.  1.02 ms (1.0x), Avg.  1.02 ms, Total. 2.038 ms (0.0%)
[Performance] AssetChangedListener.OnPostprocessAllAssets                                                                                        :        2 samples, Peak.  4.10 ms (1.0x), Avg.  4.10 ms, Total. 8.200 ms (0.1%)
[Performance] SpeedTreePostProcessor.OnPostprocessAllAssets                                                                                      :        2 samples, Peak.   113 us (1.0x), Avg.   112 us, Total. 224.6 us (0.0%)
[Performance] TextAssetPostProcessor.OnPostprocessAllAssets                                                                                      :        2 samples, Peak.   206 us (1.0x), Avg.   205 us, Total. 410.4 us (0.0%)
[Performance] SyncVS.PostprocessSyncProject                                                                                                      :        2 samples, Peak.   692 us (1.0x), Avg.   671 us, Total. 1.341 ms (0.0%)
[Performance] Selection.selectionChanged: UnityEditor.PackageManager.UI.Internal.SelectionProxy.OnSelectionChanged                               :        2 samples, Peak.   326 us (2.0x), Avg.   166 us, Total. 331.1 us (0.0%)
[Performance] Selection.selectionChanged: UnityEditorInternal.EditMode.OnSelectionChange                                                         :        2 samples, Peak.   264 us (2.0x), Avg.   132 us, Total. 264.4 us (0.0%)
[Performance] Application.ImportPackagesAndSetTemplateWhenCreatingProject                                                                        :        1 samples, Peak.  49.9 ms (1.0x), Avg.  49.9 ms, Total. 49.91 ms (0.5%)
[Performance] Application.SyncCurrentColorSpace                                                                                                  :        1 samples, Peak.   265 ms (1.0x), Avg.   265 ms, Total. 265.3 ms (2.9%)
[Performance] Application.OnUsbDevicesChanged                                                                                                    :        1 samples, Peak.  40.1 us (1.0x), Avg.  40.1 us, Total. 40.12 us (0.0%)
[Performance] Application.AssetInstanceCacheUpdate                                                                                               :        1 samples, Peak.   209 ns (1.0x), Avg.   209 ns, Total. 209.0 ns (0.0%)
[Performance] Application.UnityExtensions.Initialize                                                                                             :        1 samples, Peak.   408 us (1.0x), Avg.   408 us, Total. 408.4 us (0.0%)
[Performance] CodeEditorProjectSync.SyncEditorProject                                                                                            :        1 samples, Peak.  43.4 us (1.0x), Avg.  43.4 us, Total. 43.42 us (0.0%)
[Performance] Application.ExecuteStartups                                                                                                        :        1 samples, Peak.  44.2 ms (1.0x), Avg.  44.2 ms, Total. 44.21 ms (0.5%)
[Performance] Menu.RegisterMenuInterface                                                                                                         :       26 samples, Peak.  1.54 us (8.5x), Avg.   181 ns, Total. 4.708 us (0.0%)
[Performance] Gizmo.RebuildRenderers                                                                                                             :        4 samples, Peak.  42.1 ms (3.8x), Avg.  10.9 ms, Total. 43.74 ms (0.5%)
[Performance] Gizmo.AddGizmoRenderers                                                                                                            :      104 samples, Peak.  1.13 ms (36.8x), Avg.  30.7 us, Total. 3.198 ms (0.0%)
[Performance] Application.editorInitializingProject                                                                                              :        1 samples, Peak.  16.6 ms (1.0x), Avg.  16.6 ms, Total. 16.60 ms (0.2%)
[Performance] Application.FinishLoadingProject                                                                                                   :        1 samples, Peak.  90.6 ms (1.0x), Avg.  90.6 ms, Total. 90.65 ms (1.0%)
[Performance] Application.InitializeMenu                                                                                                         :        1 samples, Peak.  36.7 ms (1.0x), Avg.  36.7 ms, Total. 36.68 ms (0.4%)
[Performance] Menu.RebuildAll                                                                                                                    :        1 samples, Peak.  36.5 ms (1.0x), Avg.  36.5 ms, Total. 36.52 ms (0.4%)
[Performance] Menu.BuildRegisteredMenuInterfaces                                                                                                 :        1 samples, Peak.  32.3 ms (1.0x), Avg.  32.3 ms, Total. 32.33 ms (0.3%)
[Performance] Menu.FilterMenuItem                                                                                                                :      629 samples, Peak.  10.7 ms (615.8x), Avg.  17.4 us, Total. 10.95 ms (0.1%)
[Performance] UpdateAllMenus                                                                                                                     :        2 samples, Peak.  18.3 ms (2.0x), Avg.  9.29 ms, Total. 18.57 ms (0.2%)
[Performance] EditorSceneManager.sceneClosing: UnityEditor.SceneVisibilityManager.EditorSceneManagerOnSceneClosing                               :        4 samples, Peak.   162 us (1.4x), Avg.   112 us, Total. 449.4 us (0.0%)
[Performance] EditorSceneManager.sceneClosed: callback in UnityEditor.Search.SearchMonitor                                                       :        3 samples, Peak.  52.7 us (1.9x), Avg.  28.4 us, Total. 85.33 us (0.0%)
[Performance] EditorSceneManager.activeSceneChangedInEditMode: callback in UnityEditor.Search.SearchMonitor                                      :        3 samples, Peak.  14.2 us (1.7x), Avg.  8.61 us, Total. 25.83 us (0.0%)
[Performance] GUIView.RepaintAll.PlayerLoopController                                                                                            :     1203 samples, Peak.  1.08 us (12.8x), Avg.  84.6 ns, Total. 101.7 us (0.0%)
[Performance] EditorSceneManager.newSceneCreated: UnityEditor.SceneTemplate.SceneTemplateService.OnNewSceneCreated                               :        1 samples, Peak.   139 us (1.0x), Avg.   139 us, Total. 138.9 us (0.0%)
[Performance] EditorSceneManager.newSceneCreated: UnityEditor.SceneVisibilityManager.EditorSceneManagerOnNewSceneCreated                         :        1 samples, Peak.  89.9 us (1.0x), Avg.  89.9 us, Total. 89.92 us (0.0%)
[Performance] EditorSceneManager.newSceneCreated: UnityEditor.SceneManagement.StageNavigationManager.OnNewSceneCreated                           :        1 samples, Peak.  29.0 us (1.0x), Avg.  29.0 us, Total. 29.04 us (0.0%)
[Performance] Application.InvokeFinishedLoadingProject                                                                                           :        1 samples, Peak.   737 us (1.0x), Avg.   737 us, Total. 737.3 us (0.0%)
[Performance] ProcessService.OnProjectLoaded                                                                                                     :        1 samples, Peak.  36.3 us (1.0x), Avg.  36.3 us, Total. 36.29 us (0.0%)
[Performance] EditorSceneManager.sceneOpening: UnityEditor.SceneVisibilityManager.EditorSceneManagerOnSceneOpening                               :        1 samples, Peak.  65.8 us (1.0x), Avg.  65.8 us, Total. 65.83 us (0.0%)
[Performance] Inspector.InitOrRebuild                                                                                                            :        3 samples, Peak.   195 us (1.2x), Avg.   157 us, Total. 472.0 us (0.0%)
[Performance] EditorSceneManager.sceneOpened: callback in UnityEditor.Search.SearchMonitor                                                       :        1 samples, Peak.  14.3 us (1.0x), Avg.  14.3 us, Total. 14.33 us (0.0%)
[Performance] EditorSceneManager.sceneOpened: UnityEditor.SceneTemplate.SceneTemplateService.OnSceneOpened                                       :        1 samples, Peak.   107 us (1.0x), Avg.   107 us, Total. 106.5 us (0.0%)
[Performance] EditorSceneManager.sceneOpened: UnityEditor.SceneVisibilityManager.EditorSceneManagerOnSceneOpened                                 :        1 samples, Peak.  46.4 us (1.0x), Avg.  46.4 us, Total. 46.42 us (0.0%)
[Performance] EditorSceneManager.sceneOpened: UnityEditor.SceneManagement.StageNavigationManager.OnSceneOpened                                   :        1 samples, Peak.  21.4 us (1.0x), Avg.  21.4 us, Total. 21.42 us (0.0%)
[Performance] EditorApplication.playModeStateChanged                                                                                             :        2 samples, Peak.  1.26 ms (1.7x), Avg.   758 us, Total. 1.515 ms (0.0%)
[Performance] EditorApplication.playModeStateChanged: UnityEditor.PackageManager.UI.Internal.PlayModeDownload.PlayModeStateChanged               :        4 samples, Peak.   177 us (2.8x), Avg.  64.2 us, Total. 256.9 us (0.0%)
[Performance] EditorApplication.playModeStateChanged: UnityEditor.SceneManagement.EditorSceneManager.PlayModeStateChangedCallback                :        4 samples, Peak.  17.2 us (2.0x), Avg.  8.68 us, Total. 34.71 us (0.0%)
[Performance] EditorApplication.playModeStateChanged: UnityEditor.Search.SearchMonitor.OnPlayModeChanged                                         :        3 samples, Peak.   131 us (2.1x), Avg.  63.1 us, Total. 189.4 us (0.0%)
[Performance] EditorApplication.playModeStateChanged: UnityEditor.TestTools.TestRunner.PlaymodeLauncher+BackgroundWatcher.OnPlayModeStateChanged :        4 samples, Peak.   575 us (2.6x), Avg.   220 us, Total. 878.6 us (0.0%)
[Performance] EditorApplication.playModeStateChanged: UnityEditor.PackageManager.UI.Internal.ApplicationProxy.PlayModeStateChanged               :        4 samples, Peak.   112 us (2.3x), Avg.  49.9 us, Total. 199.8 us (0.0%)
[Performance] EditorApplication.playModeStateChanged: UnityEditor.SceneVisibilityManager.EditorApplicationPlayModeStateChanged                   :        4 samples, Peak.  15.9 us (2.0x), Avg.  7.92 us, Total. 31.67 us (0.0%)
[Performance] EditorApplication.playModeStateChanged: UnityEditor.TestTools.TestRunner.TestRunnerWindow.OnPlayModeStateChanged                   :        4 samples, Peak.  53.2 us (2.0x), Avg.  26.4 us, Total. 105.4 us (0.0%)
[Performance] Application.InvokeProjectWasLoaded                                                                                                 :        1 samples, Peak.  17.8 us (1.0x), Avg.  17.8 us, Total. 17.83 us (0.0%)
[Performance] Application.Tick                                                                                                                   :     1200 samples, Peak.   997 ms (493.0x), Avg.  2.02 ms, Total. 2.427 s (26.2%)
[Performance] CheckLicensingClient                                                                                                               :        1 samples, Peak.  1.67 us (1.0x), Avg.  1.67 us, Total. 1.666 us (0.0%)
[Performance] CheckLicensingClientNotification                                                                                                   :        1 samples, Peak.  2.63 us (1.0x), Avg.  2.63 us, Total. 2.625 us (0.0%)
[Performance] Application.TickVersionControl                                                                                                     :     1201 samples, Peak.  3.21 us (24.9x), Avg.   129 ns, Total. 154.4 us (0.0%)
[Performance] MonoCompiler.Tick                                                                                                                  :        4 samples, Peak.   398 ms (4.0x), Avg.  99.7 ms, Total. 398.8 ms (4.3%)
[Performance] Application.EnterPlayMode                                                                                                          :        1 samples, Peak.   396 ms (1.0x), Avg.   396 ms, Total. 395.6 ms (4.3%)
[Performance] Application.Reload                                                                                                                 :        1 samples, Peak.   340 ms (1.0x), Avg.   340 ms, Total. 339.7 ms (3.7%)
[Performance] AssemblyReloadEvents.beforeAssemblyReload: UnityEditor.Search.SearchMonitor.OnBeforeAssemblyReload                                 :        1 samples, Peak.  1.00 ms (1.0x), Avg.  1.00 ms, Total. 1.003 ms (0.0%)
[Performance] UnityBuildPostprocessor.OnProcessScene                                                                                             :        1 samples, Peak.   580 us (1.0x), Avg.   580 us, Total. 580.1 us (0.0%)
[Performance] UnityConnect.Tick                                                                                                                  :        2 samples, Peak.  4.24 ms (1.9x), Avg.  2.22 ms, Total. 4.446 ms (0.0%)
[Performance] Collab.Tick                                                                                                                        :        2 samples, Peak.  1.79 us (1.1x), Avg.  1.69 us, Total. 3.375 us (0.0%)
[Performance] CurlRequest.Tick                                                                                                                   :        4 samples, Peak.  29.7 us (3.6x), Avg.  8.19 us, Total. 32.75 us (0.0%)
[Performance] WebSocketClient.Tick                                                                                                               :        4 samples, Peak.  1.13 us (2.3x), Avg.   490 ns, Total. 1.958 us (0.0%)
[Performance] AssetDatabase.Tick                                                                                                                 :        4 samples, Peak.  27.0 us (3.9x), Avg.  6.85 us, Total. 27.42 us (0.0%)
[Performance] SceneBackgroundTask.Tick                                                                                                           :        4 samples, Peak.   167 ns (1.3x), Avg.   125 ns, Total. 499.0 ns (0.0%)
[Performance] Scheduler.Tick                                                                                                                     :       17 samples, Peak.  1.46 ms (16.4x), Avg.  88.8 us, Total. 1.509 ms (0.0%)
[Performance] RepaintAllProfilerWindows                                                                                                          :        3 samples, Peak.  1.01 ms (3.0x), Avg.   337 us, Total. 1.010 ms (0.0%)
[Performance] PlayerUpdates.Tick                                                                                                                 :        5 samples, Peak.  10.6 us (1.5x), Avg.  7.11 us, Total. 35.54 us (0.0%)
[Performance] Application.TickGlobalCallbacks                                                                                                    :     1201 samples, Peak.  44.7 ms (990.2x), Avg.  45.1 us, Total. 54.21 ms (0.6%)
[Performance] EditorAnalytics.Tick                                                                                                               :        3 samples, Peak.  24.5 us (2.2x), Avg.  11.4 us, Total. 34.08 us (0.0%)
[Performance] Video.Update                                                                                                                       :     1201 samples, Peak.   625 ns (8.2x), Avg.  76.3 ns, Total. 91.64 us (0.0%)
[Performance] Application.TickProgress                                                                                                           :     1201 samples, Peak.  1.56 ms (1148.6x), Avg.  1.36 us, Total. 1.634 ms (0.0%)
[Performance] Application.TickSceneTracker                                                                                                       :     1201 samples, Peak.  1.38 ms (460.1x), Avg.  3.01 us, Total. 3.610 ms (0.0%)
[Performance] EditorApplication.update                                                                                                           :     1201 samples, Peak.  1.35 ms (598.0x), Avg.  2.26 us, Total. 2.710 ms (0.0%)
[Performance] EditorApplication.update: UnityEditor.PackageManager.UI.Internal.ApplicationProxy.OnUpdate                                         :     1201 samples, Peak.   534 us (593.4x), Avg.   900 ns, Total. 1.081 ms (0.0%)
[Performance] EditorApplication.update: UnityEditor.SceneManagement.StageNavigationManager.Update                                                :     1201 samples, Peak.   213 us (691.1x), Avg.   308 ns, Total. 370.0 us (0.0%)
[Performance] ConsoleLog.Tick                                                                                                                    :        3 samples, Peak.   156 us (2.8x), Avg.  55.3 us, Total. 166.0 us (0.0%)
[Performance] HierarchyWindow.Tick                                                                                                               :        3 samples, Peak.   424 us (1.7x), Avg.   250 us, Total. 749.5 us (0.0%)
[Performance] EditorApplication.hierarchyChanged: Unity.UIElements.Editor.UIDocumentHierarchyWatcher.OnHierarchyChanged                          :        3 samples, Peak.   109 us (1.6x), Avg.  68.5 us, Total. 205.6 us (0.0%)
[Performance] Inspector.Tick                                                                                                                     :        2 samples, Peak.  19.5 ms (2.0x), Avg.  9.74 ms, Total. 19.48 ms (0.2%)
[Performance] EditorApplication.delayCall: UnityEditor.ShortcutManagement.ShortcutIntegration.EnsureShortcutsAreInitialized                      :        1 samples, Peak.  18.4 ms (1.0x), Avg.  18.4 ms, Total. 18.35 ms (0.2%)
[Performance] EditorApplication.delayCall: callback in UnityEditor.SceneVisibilityManager                                                        :        1 samples, Peak.   859 us (1.0x), Avg.   859 us, Total. 859.5 us (0.0%)
[Performance] EditorApplication.delayCall: callback in UnityEditor.EditorTools.ToolShortcutContext                                               :        1 samples, Peak.  55.2 us (1.0x), Avg.  55.2 us, Total. 55.21 us (0.0%)
[Performance] EditorApplication.delayCall: callback in UnityEditor.EditorWindow                                                                  :        1 samples, Peak.  40.2 us (1.0x), Avg.  40.2 us, Total. 40.21 us (0.0%)
[Performance] Tooltip.Tick                                                                                                                       :        4 samples, Peak.  5.87 us (3.3x), Avg.  1.76 us, Total. 7.041 us (0.0%)
[Performance] Application.RequestRepaintForPanels                                                                                                :     1200 samples, Peak.   212 us (358.2x), Avg.   593 ns, Total. 711.9 us (0.0%)
[Performance] Application.UpdateScene                                                                                                            :     1200 samples, Peak.   997 ms (625.0x), Avg.  1.60 ms, Total. 1.914 s (20.7%)
[Performance] PackageImporter.Tick                                                                                                               :        3 samples, Peak.   500 ns (1.1x), Avg.   458 ns, Total. 1.375 us (0.0%)
[Performance] InspectorBackground.Tick                                                                                                           :        3 samples, Peak.  1.21 us (2.2x), Avg.   542 ns, Total. 1.627 us (0.0%)
[Performance] BurstDebug.Tick                                                                                                                    :        3 samples, Peak.  1.29 us (1.8x), Avg.   722 ns, Total. 2.167 us (0.0%)
[Performance] Application.ChangeLayoutIfNeeded                                                                                                   :     1200 samples, Peak.   166 ns (6.2x), Avg.  26.8 ns, Total. 32.15 us (0.0%)
[Performance] AsyncReadManager.ForceCloseFiles                                                                                                   :        2 samples, Peak.  10.5 us (1.1x), Avg.  9.75 us, Total. 19.50 us (0.0%)
[Performance] Application.Message                                                                                                                :     1200 samples, Peak.   833 ns (13.0x), Avg.  64.3 ns, Total. 77.12 us (0.0%)
[Performance] SceneDataContainer.TransformHierarchyChangedSetParentCallback                                                                      :       30 samples, Peak.  12.9 us (16.1x), Avg.   801 ns, Total. 24.04 us (0.0%)
[Performance] SceneVisibilityState.IsFlagSetInParents                                                                                            :       60 samples, Peak.  1.96 us (11.4x), Avg.   172 ns, Total. 10.29 us (0.0%)
[Performance] Application.ExitPlayMode                                                                                                           :        1 samples, Peak.  22.8 ms (1.0x), Avg.  22.8 ms, Total. 22.84 ms (0.2%)
[Performance] CoreBusinessMetrics.Tick                                                                                                           :        1 samples, Peak.  36.7 us (1.0x), Avg.  36.7 us, Total. 36.71 us (0.0%)
[Performance] GI.Tick                                                                                                                            :        1 samples, Peak.   664 us (1.0x), Avg.   664 us, Total. 663.9 us (0.0%)
[Performance] UnitySynchronization.ExecuteTasks                                                                                                  :        1 samples, Peak.  1.62 us (1.0x), Avg.  1.62 us, Total. 1.625 us (0.0%)
[Performance] Application.TickPreloadManager                                                                                                     :        1 samples, Peak.  2.04 us (1.0x), Avg.  2.04 us, Total. 2.042 us (0.0%)
[Performance] Application.Shutdown.CollabTerminate                                                                                               :        1 samples, Peak.   124 us (1.0x), Avg.   124 us, Total. 124.3 us (0.0%)
[Performance] Application.Shutdown.CollabCleanup                                                                                                 :        1 samples, Peak.   824 us (1.0x), Avg.   824 us, Total. 824.4 us (0.0%)
[Performance] Application.Shutdown.SaveDefaultWindowPreferences                                                                                  :        1 samples, Peak.   131 us (1.0x), Avg.   131 us, Total. 131.0 us (0.0%)
[Performance] Application.Shutdown.SaveSceneManagerSetup                                                                                         :        1 samples, Peak.   188 us (1.0x), Avg.   188 us, Total. 187.9 us (0.0%)
[Performance] Application.Shutdown.CleanupAllContainerWindows                                                                                    :        1 samples, Peak.  1.17 us (1.0x), Avg.  1.17 us, Total. 1.167 us (0.0%)
[Performance] EditorApplication.quitting: callback in UnityEditor.TextCore.Text.EditorEventCallbacks                                             :        1 samples, Peak.  2.83 ms (1.0x), Avg.  2.83 ms, Total. 2.826 ms (0.0%)
[Performance] EditorApplication.quitting: UnityEditor.Search.SearchMonitor.OnQuitting                                                            :        1 samples, Peak.   574 us (1.0x), Avg.   574 us, Total. 574.0 us (0.0%)
[Performance] Application.Shutdown.PauseProfilerSession                                                                                          :        1 samples, Peak.  12.4 us (1.0x), Avg.  12.4 us, Total. 12.38 us (0.0%)
[Performance] Application.Shutdown.PauseAssetImportWorkers                                                                                       :        1 samples, Peak.  55.1 us (1.0x), Avg.  55.1 us, Total. 55.08 us (0.0%)
[Performance] Application.Shutdown.SaveAssets                                                                                                    :        1 samples, Peak.  4.35 ms (1.0x), Avg.  4.35 ms, Total. 4.347 ms (0.0%)
[Performance] BuilderAssetModificationProcessor.OnWillSaveAssets                                                                                 :        1 samples, Peak.   412 us (1.0x), Avg.   412 us, Total. 412.5 us (0.0%)
[Performance] TerrainModificationProcessor.OnWillSaveAssets                                                                                      :        1 samples, Peak.   605 us (1.0x), Avg.   605 us, Total. 604.7 us (0.0%)
[Performance] Application.Shutdown.CleanupRenderPipeline                                                                                         :        1 samples, Peak.  1.88 us (1.0x), Avg.  1.88 us, Total. 1.875 us (0.0%)
[Performance] Application.Shutdown.StopPreloadManager                                                                                            :        1 samples, Peak.  11.0 ms (1.0x), Avg.  11.0 ms, Total. 11.03 ms (0.1%)
[Performance] Application.Shutdown.DestroyWorld                                                                                                  :        1 samples, Peak.   201 us (1.0x), Avg.   201 us, Total. 200.7 us (0.0%)
[Performance] Application.Shutdown.CleanupAfterLoad                                                                                              :        1 samples, Peak.  2.13 ms (1.0x), Avg.  2.13 ms, Total. 2.127 ms (0.0%)
[Performance] Application.Shutdown.Progress                                                                                                      :        1 samples, Peak.  1.62 us (1.0x), Avg.  1.62 us, Total. 1.625 us (0.0%)
[Performance] Application.Shutdown.GICleanupManagers                                                                                             :        1 samples, Peak.  3.39 ms (1.0x), Avg.  3.39 ms, Total. 3.387 ms (0.0%)
[Performance] Application.Shutdown.MenuCleanupClass                                                                                              :        1 samples, Peak.  57.7 us (1.0x), Avg.  57.7 us, Total. 57.71 us (0.0%)
[Performance] Application.Shutdown.ADBSaveStateBeforeShutdown                                                                                    :        1 samples, Peak.  4.50 us (1.0x), Avg.  4.50 us, Total. 4.500 us (0.0%)
[Performance] Application.Shutdown.RemoteShutdown                                                                                                :        1 samples, Peak.   625 ns (1.0x), Avg.   625 ns, Total. 625.0 ns (0.0%)
[Performance] Application.Shutdown.CleanupVCProvider                                                                                             :        1 samples, Peak.  6.54 us (1.0x), Avg.  6.54 us, Total. 6.542 us (0.0%)
[Performance] Application.Shutdown.InputShutdown                                                                                                 :        1 samples, Peak.  74.1 us (1.0x), Avg.  74.1 us, Total. 74.12 us (0.0%)
[Performance] Application.Shutdown.GizmoManagerDestroy                                                                                           :        1 samples, Peak.   277 us (1.0x), Avg.   277 us, Total. 277.4 us (0.0%)
[Performance] Application.Shutdown.ProfilerSession                                                                                               :        1 samples, Peak.   560 us (1.0x), Avg.   560 us, Total. 559.5 us (0.0%)
[Performance] Application.Shutdown.ReleaseGfxWindowOnAllGUIViews                                                                                 :        1 samples, Peak.   458 ns (1.0x), Avg.   458 ns, Total. 458.0 ns (0.0%)
[Performance] Application.Shutdown.CleanupEngine                                                                                                 :        1 samples, Peak.   143 ms (1.0x), Avg.   143 ms, Total. 143.2 ms (1.5%)
[Performance] Application.Shutdown.CleanupAssetDatabase                                                                                          :        1 samples, Peak.  2.38 ms (1.0x), Avg.  2.38 ms, Total. 2.385 ms (0.0%)
[Performance] Application.Shutdown.ScriptCompilationCleanUp                                                                                      :        1 samples, Peak.  10.6 us (1.0x), Avg.  10.6 us, Total. 10.58 us (0.0%)
[Performance] Application.Shutdown.DestroyJobSystem                                                                                              :        1 samples, Peak.  49.5 us (1.0x), Avg.  49.5 us, Total. 49.50 us (0.0%)
[Performance] Application.Shutdown.CleanupPersistentManager                                                                                      :        1 samples, Peak.   537 us (1.0x), Avg.   537 us, Total. 537.0 us (0.0%)
[Performance] Application.Shutdown.CleanupAsyncReadManager                                                                                       :        1 samples, Peak.  37.5 us (1.0x), Avg.  37.5 us, Total. 37.54 us (0.0%)
[Performance] Application.Shutdown.CleanupMono                                                                                                   :        1 samples, Peak.  35.1 ms (1.0x), Avg.  35.1 ms, Total. 35.09 ms (0.4%)
[Performance] Application.Shutdown.CleanupStdConverters                                                                                          :        1 samples, Peak.  3.83 us (1.0x), Avg.  3.83 us, Total. 3.833 us (0.0%)
[Performance] Application.Shutdown.UnloadAllPlatformSupportModuleNativeDlls                                                                      :        1 samples, Peak.   250 ns (1.0x), Avg.   250 ns, Total. 250.0 ns (0.0%)
[Performance] Application.Shutdown.UnloadAllPlatformSupportNativeLibraries                                                                       :        1 samples, Peak.   166 ns (1.0x), Avg.   166 ns, Total. 166.0 ns (0.0%)
[Performance] Application.Shutdown.CleanupAutoDocumentation                                                                                      :        1 samples, Peak.   199 us (1.0x), Avg.   199 us, Total. 198.7 us (0.0%)
[Performance] Application.Shutdown.ShaderNameManagerDestroy                                                                                      :        1 samples, Peak.  23.5 us (1.0x), Avg.  23.5 us, Total. 23.54 us (0.0%)
[Performance] Application.Shutdown.CleanupCacheServer                                                                                            :        1 samples, Peak.  42.0 ns (1.0x), Avg.  42.0 ns, Total. 42.00 ns (0.0%)
[Performance] Application.Shutdown.Virtualization_Shutdown                                                                                       :        1 samples, Peak.  1.50 us (1.0x), Avg.  1.50 us, Total. 1.500 us (0.0%)
[Performance] Application.Shutdown.DevConnections                                                                                                :        1 samples, Peak.  74.3 us (1.0x), Avg.  74.3 us, Total. 74.29 us (0.0%)
[Package Manager] Server::Kill -- Server was shutdown
Checking for leaked weakptr:
  Found no leaked weakptrs.
Memory Statistics:
[ALLOC_TEMP_TLS] TLS Allocator
  StackAllocators : 
    [ALLOC_TEMP_CurlRequest]
      Initial Block Size 64.0 KB
      Current Block Size 64.0 KB
      Peak Allocated Bytes 0 B
      Overflow Count 0
    [ALLOC_TEMP_MAIN]
      Peak usage frame count: [4.0 KB-8.0 KB]: 1196 frames, [8.0 KB-16.0 KB]: 1 frames, [128.0 KB-256.0 KB]: 1 frames, [2.0 MB-4.0 MB]: 1 frames, [8.0 MB-16.0 MB]: 1 frames
      Initial Block Size 16.0 MB
      Current Block Size 16.0 MB
      Peak Allocated Bytes 9.3 MB
      Overflow Count 0
    [ALLOC_TEMP_Background Job.worker 6]
      Initial Block Size 32.0 KB
      Current Block Size 32.0 KB
      Peak Allocated Bytes 0 B
      Overflow Count 0
    [ALLOC_TEMP_Background Job.worker 15]
      Initial Block Size 32.0 KB
      Current Block Size 32.0 KB
      Peak Allocated Bytes 0 B
      Overflow Count 0
    [ALLOC_TEMP_BakingJobs.worker 0]
      Initial Block Size 256.0 KB
      Current Block Size 256.0 KB
      Peak Allocated Bytes 0 B
      Overflow Count 0
    [ALLOC_TEMP_AssetDatabase.FileHasherReader] x 4
      Initial Block Size 64.0 KB
      Current Block Size 64.0 KB
      Peak Allocated Bytes 31 B
      Overflow Count 0
    [ALLOC_TEMP_BakingJobs.worker 1]
      Initial Block Size 256.0 KB
      Current Block Size 256.0 KB
      Peak Allocated Bytes 301 B
      Overflow Count 0
    [ALLOC_TEMP_BatchDeleteObjects]
      Initial Block Size 64.0 KB
      Current Block Size 64.0 KB
      Peak Allocated Bytes 0 B
      Overflow Count 0
    [ALLOC_TEMP_CoreBusinessMetricsCache]
      Initial Block Size 64.0 KB
      Current Block Size 64.0 KB
      Peak Allocated Bytes 9.2 KB
      Overflow Count 0
    [ALLOC_TEMP_REST Message Handler]
      Initial Block Size 64.0 KB
      Current Block Size 64.0 KB
      Peak Allocated Bytes 0 B
      Overflow Count 0
    [ALLOC_TEMP_Job.worker 4]
      Initial Block Size 256.0 KB
      Current Block Size 320.0 KB
      Peak Allocated Bytes 314.7 KB
      Overflow Count 0
    [ALLOC_TEMP_Background Job.worker 1]
      Initial Block Size 32.0 KB
      Current Block Size 32.0 KB
      Peak Allocated Bytes 13.0 KB
      Overflow Count 0
    [ALLOC_TEMP_AssetDatabase.IOService]
      Initial Block Size 64.0 KB
      Current Block Size 64.0 KB
      Peak Allocated Bytes 0 B
      Overflow Count 0
    [ALLOC_TEMP_Loading.PreloadManager] x 3
      Initial Block Size 32.0 MB
      Current Block Size 32.0 MB
      Peak Allocated Bytes 2.0 MB
      Overflow Count 0
    [ALLOC_TEMP_Background Job.worker 7]
      Initial Block Size 32.0 KB
      Current Block Size 32.0 KB
      Peak Allocated Bytes 0 B
      Overflow Count 0
    [ALLOC_TEMP_CloudJob.worker 0]
      Initial Block Size 32.0 KB
      Current Block Size 32.0 KB
      Peak Allocated Bytes 5.0 KB
      Overflow Count 0
    [ALLOC_TEMP_Background Job.worker 10]
      Initial Block Size 32.0 KB
      Current Block Size 32.0 KB
      Peak Allocated Bytes 0 B
      Overflow Count 0
    [ALLOC_TEMP_Background Job.worker 12]
      Initial Block Size 32.0 KB
      Current Block Size 32.0 KB
      Peak Allocated Bytes 0 B
      Overflow Count 0
    [ALLOC_TEMP_Background Job.worker 4]
      Initial Block Size 32.0 KB
      Current Block Size 32.0 KB
      Peak Allocated Bytes 0 B
      Overflow Count 0
    [ALLOC_TEMP_Background Job.worker 13]
      Initial Block Size 32.0 KB
      Current Block Size 32.0 KB
      Peak Allocated Bytes 0 B
      Overflow Count 0
    [ALLOC_TEMP_CurlRequest]
      Initial Block Size 64.0 KB
      Current Block Size 64.0 KB
      Peak Allocated Bytes 0 B
      Overflow Count 0
    [ALLOC_TEMP_BakingJobs.worker 4]
      Initial Block Size 256.0 KB
      Current Block Size 256.0 KB
      Peak Allocated Bytes 0 B
      Overflow Count 0
    [ALLOC_TEMP_Profiler.Dispatcher]
      Initial Block Size 64.0 KB
      Current Block Size 64.0 KB
      Peak Allocated Bytes 0 B
      Overflow Count 0
    [ALLOC_TEMP_Background Job.worker 14]
      Initial Block Size 32.0 KB
      Current Block Size 32.0 KB
      Peak Allocated Bytes 0 B
      Overflow Count 0
    [ALLOC_TEMP_ReadCacheIndex] x 3
      Initial Block Size 64.0 KB
      Current Block Size 64.0 KB
      Peak Allocated Bytes 1.0 KB
      Overflow Count 0
    [ALLOC_TEMP_Background Job.worker 9]
      Initial Block Size 32.0 KB
      Current Block Size 32.0 KB
      Peak Allocated Bytes 0 B
      Overflow Count 0
    [ALLOC_TEMP_EnlightenWorker] x 4
      Initial Block Size 64.0 KB
      Current Block Size 64.0 KB
      Peak Allocated Bytes 0 B
      Overflow Count 0
    [ALLOC_TEMP_Job.worker 3]
      Initial Block Size 256.0 KB
      Current Block Size 320.0 KB
      Peak Allocated Bytes 314.7 KB
      Overflow Count 0
    [ALLOC_TEMP_Job.worker 2]
      Initial Block Size 256.0 KB
      Current Block Size 0.6 MB
      Peak Allocated Bytes 0.6 MB
      Overflow Count 0
    [ALLOC_TEMP_Loading.AsyncRead]
      Initial Block Size 64.0 KB
      Current Block Size 64.0 KB
      Peak Allocated Bytes 128 B
      Overflow Count 0
    [ALLOC_TEMP_Background Job.worker 3]
      Initial Block Size 32.0 KB
      Current Block Size 32.0 KB
      Peak Allocated Bytes 0 B
      Overflow Count 0
    [ALLOC_TEMP_Background Job.worker 2]
      Initial Block Size 32.0 KB
      Current Block Size 32.0 KB
      Peak Allocated Bytes 103 B
      Overflow Count 0
    [ALLOC_TEMP_Background Job.worker 8]
      Initial Block Size 32.0 KB
      Current Block Size 32.0 KB
      Peak Allocated Bytes 0 B
      Overflow Count 0
    [ALLOC_TEMP_OSX HID Input]
      Initial Block Size 64.0 KB
      Current Block Size 64.0 KB
      Peak Allocated Bytes 0 B
      Overflow Count 0
    [ALLOC_TEMP_BakingJobs.worker 6]
      Initial Block Size 256.0 KB
      Current Block Size 256.0 KB
      Peak Allocated Bytes 0 B
      Overflow Count 0
    [ALLOC_TEMP_BakingJobs.worker 7]
      Initial Block Size 256.0 KB
      Current Block Size 256.0 KB
      Peak Allocated Bytes 0 B
      Overflow Count 0
    [ALLOC_TEMP_Job.worker 6]
      Initial Block Size 256.0 KB
      Current Block Size 0.6 MB
      Peak Allocated Bytes 0.6 MB
      Overflow Count 0
    [ALLOC_TEMP_Background Job.worker 0]
      Initial Block Size 32.0 KB
      Current Block Size 32.0 KB
      Peak Allocated Bytes 0 B
      Overflow Count 0
    [ALLOC_TEMP_AUDIO_FMOD stream thread]
      Initial Block Size 64.0 KB
      Current Block Size 64.0 KB
      Peak Allocated Bytes 0 B
      Overflow Count 0
    [ALLOC_TEMP_AssetDatabase.FileHasherHasher] x 4
      Initial Block Size 64.0 KB
      Current Block Size 64.0 KB
      Peak Allocated Bytes 31 B
      Overflow Count 0
    [ALLOC_TEMP_BakingJobs.worker 3]
      Initial Block Size 256.0 KB
      Current Block Size 256.0 KB
      Peak Allocated Bytes 0 B
      Overflow Count 0
    [ALLOC_TEMP_Job.worker 1]
      Initial Block Size 256.0 KB
      Current Block Size 320.0 KB
      Peak Allocated Bytes 314.7 KB
      Overflow Count 0
    [ALLOC_TEMP_Background Job.worker 5]
      Initial Block Size 32.0 KB
      Current Block Size 32.0 KB
      Peak Allocated Bytes 0 B
      Overflow Count 0
    [ALLOC_TEMP_BakingJobs.worker 2]
      Initial Block Size 256.0 KB
      Current Block Size 256.0 KB
      Peak Allocated Bytes 0 B
      Overflow Count 0
    [ALLOC_TEMP_Background Job.worker 11]
      Initial Block Size 32.0 KB
      Current Block Size 32.0 KB
      Peak Allocated Bytes 0 B
      Overflow Count 0
    [ALLOC_TEMP_EditorTaskManager]
      Initial Block Size 64.0 KB
      Current Block Size 80.0 KB
      Peak Allocated Bytes 64.0 KB
      Overflow Count 0
    [ALLOC_TEMP_Job.worker 5]
      Initial Block Size 256.0 KB
      Current Block Size 0.6 MB
      Peak Allocated Bytes 0.6 MB
      Overflow Count 0
    [ALLOC_TEMP_HTTP REST Server]
      Initial Block Size 64.0 KB
      Current Block Size 64.0 KB
      Peak Allocated Bytes 70 B
      Overflow Count 0
    [ALLOC_TEMP_AssetGarbageCollectorHelper] x 7
      Initial Block Size 64.0 KB
      Current Block Size 64.0 KB
      Peak Allocated Bytes 0 B
      Overflow Count 0
    [ALLOC_TEMP_AUDIO_Audio Mixer Thread]
      Initial Block Size 64.0 KB
      Current Block Size 64.0 KB
      Peak Allocated Bytes 0 B
      Overflow Count 0
    [ALLOC_TEMP_BakingJobs.worker 5]
      Initial Block Size 256.0 KB
      Current Block Size 256.0 KB
      Peak Allocated Bytes 0 B
      Overflow Count 0
    [ALLOC_TEMP_Job.worker 0]
      Initial Block Size 256.0 KB
      Current Block Size 256.0 KB
      Peak Allocated Bytes 5.3 KB
      Overflow Count 0
[ALLOC_MEMORYPROFILER]
  Peak usage frame count: [32.0 KB-64.0 KB]: 1199 frames, [64.0 KB-128.0 KB]: 1 frames
  Requested Block Size 1.0 MB
  Peak Block count 1
  Peak Allocated memory 78.8 KB
  Peak Large allocation bytes 0 B
[ALLOC_DEFAULT] Dual Thread Allocator
  Peak main deferred allocation count 80
    [ALLOC_BUCKET]
      Large Block size 32.0 MB
      Used Block count 1
      Peak Allocated bytes 4.7 MB
    [ALLOC_DEFAULT_MAIN]
      Peak usage frame count: [32.0 MB-64.0 MB]: 1200 frames
      Requested Block Size 16.0 MB
      Peak Block count 3
      Peak Allocated memory 44.3 MB
      Peak Large allocation bytes 0 B
    [ALLOC_DEFAULT_THREAD]
      Peak usage frame count: [0.5 MB-1.0 MB]: 1200 frames
      Requested Block Size 16.0 MB
      Peak Block count 1
      Peak Allocated memory 0.8 MB
      Peak Large allocation bytes 0 B
[ALLOC_TEMP_JOB_1_FRAME]
  Initial Block Size 2.0 MB
  Used Block Count 0
  Overflow Count (too large) 0
  Overflow Count (full) 0
[ALLOC_TEMP_JOB_2_FRAMES]
  Initial Block Size 2.0 MB
  Used Block Count 0
  Overflow Count (too large) 0
  Overflow Count (full) 0
[ALLOC_TEMP_JOB_4_FRAMES (JobTemp)]
  Initial Block Size 2.0 MB
  Used Block Count 1
  Overflow Count (too large) 0
  Overflow Count (full) 0
[ALLOC_TEMP_JOB_ASYNC (Background)]
  Initial Block Size 1.0 MB
  Used Block Count 1
  Overflow Count (too large) 0
  Overflow Count (full) 0
[ALLOC_GFX] Dual Thread Allocator
  Peak main deferred allocation count 0
    [ALLOC_BUCKET]
      Large Block size 32.0 MB
      Used Block count 1
      Peak Allocated bytes 4.7 MB
    [ALLOC_GFX_MAIN]
      Peak usage frame count: [4.0 MB-8.0 MB]: 1199 frames, [8.0 MB-16.0 MB]: 1 frames
      Requested Block Size 16.0 MB
      Peak Block count 1
      Peak Allocated memory 8.7 MB
      Peak Large allocation bytes 0 B
    [ALLOC_GFX_THREAD]
      Peak usage frame count: [0-1.0 KB]: 1199 frames, [2.0 KB-4.0 KB]: 1 frames
      Requested Block Size 16.0 MB
      Peak Block count 1
      Peak Allocated memory 2.1 KB
      Peak Large allocation bytes 0 B
[ALLOC_CACHEOBJECTS] Dual Thread Allocator
  Peak main deferred allocation count 71
    [ALLOC_BUCKET]
      Large Block size 32.0 MB
      Used Block count 1
      Peak Allocated bytes 4.7 MB
    [ALLOC_CACHEOBJECTS_MAIN]
      Peak usage frame count: [8.0 MB-16.0 MB]: 1200 frames
      Requested Block Size 4.0 MB
      Peak Block count 2
      Peak Allocated memory 13.9 MB
      Peak Large allocation bytes 10.7 MB
    [ALLOC_CACHEOBJECTS_THREAD]
      Peak usage frame count: [8.0 KB-16.0 KB]: 1199 frames, [64.0 KB-128.0 KB]: 1 frames
      Requested Block Size 4.0 MB
      Peak Block count 1
      Peak Allocated memory 78.8 KB
      Peak Large allocation bytes 0 B
[ALLOC_TYPETREE] Dual Thread Allocator
  Peak main deferred allocation count 497
    [ALLOC_BUCKET]
      Large Block size 32.0 MB
      Used Block count 1
      Peak Allocated bytes 4.7 MB
    [ALLOC_TYPETREE_MAIN]
      Peak usage frame count: [256.0 KB-0.5 MB]: 795 frames, [0.5 MB-1.0 MB]: 404 frames, [2.0 MB-4.0 MB]: 1 frames
      Requested Block Size 2.0 MB
      Peak Block count 2
      Peak Allocated memory 2.4 MB
      Peak Large allocation bytes 0 B
    [ALLOC_TYPETREE_THREAD]
      Peak usage frame count: [32.0 KB-64.0 KB]: 1200 frames
      Requested Block Size 2.0 MB
      Peak Block count 1
      Peak Allocated memory 89.3 KB
      Peak Large allocation bytes 0 B
[ALLOC_PROFILER]
  Peak usage frame count: [256.0 KB-0.5 MB]: 1200 frames
  Requested Block Size 16.0 MB
  Peak Block count 1
  Peak Allocated memory 478.7 KB
  Peak Large allocation bytes 0 B
    [ALLOC_PROFILER_BUCKET]
      Large Block size 32.0 MB
      Used Block count 1
      Peak Allocated bytes 4.4 KB
[ALLOC_PROFILER_EDITOR]
  Peak usage frame count: [0-1.0 KB]: 1200 frames
  Requested Block Size 1.0 MB
  Peak Block count 0
  Peak Allocated memory 0 B
  Peak Large allocation bytes 0 B
    [ALLOC_PROFILER_BUCKET]
      Large Block size 32.0 MB
      Used Block count 1
      Peak Allocated bytes 4.4 KB
##utp:{"type":"MemoryLeaks","version":2,"phase":"Immediate","time":1777890047173,"processId":87588,"allocatedMemory":12529553,"memoryLabels":[{"Default":11375},{"Permanent":15536},{"Thread":1083508},{"Manager":29607},{"VertexData":12},{"Geometry":280},{"Texture":168},{"Shader":67451},{"Material":24},{"GfxDevice":38504},{"Animation":304},{"Audio":3904},{"FontEngine":288},{"Physics":561},{"Serialization":612},{"Input":9024},{"JobScheduler":232},{"Mono":40},{"ScriptingNativeRuntime":7924888},{"BaseObject":1618916},{"Resource":912},{"Renderer":2272},{"Transform":24},{"File":3653},{"WebCam":40},{"Culling":40},{"Terrain":1025},{"Wind":24},{"String":18487},{"DynamicArray":114797},{"HashMap":77018},{"Utility":289286},{"Curl":2047},{"PoolAlloc":1464},{"AI":40},{"TypeTree":4533},{"ScriptManager":528},{"RuntimeInitializeOnLoadManager":72},{"SpriteAtlas":112},{"GI":3416},{"Director":7880},{"CloudService":2368},{"WebRequest":2279},{"VR":45641},{"SceneManager":616},{"Video":2120},{"LazyScriptCache":32},{"NativeArray":12},{"Camera":25},{"Secure":10137},{"SerializationCache":1576},{"APIUpdating":11856},{"Subsystems":384},{"VirtualTexturing":57512},{"StaticSafetyDebugInfo":327680},{"Baselib":16},{"EditorGui":80},{"EditorUtility":5751},{"VersionControl":4},{"Undo":720},{"AssetDatabase":677335},{"RestService":1310},{"EditorGi":376},{"License":3616},{"UnityConnect":25512},{"Collab":785},{"Upm":1600},{"DrivenProperties":80},{"LocalIPC":222},{"ProfilerEditor":10967},{"CoreBusinessMetrics":2984},{"TLS":2989},{"AssetReference":32},{"IPCStream":32}]}
