Unity Editor version:    2022.3.0f1 (fb119bb0b476)
Branch:                  2022.3/release
Build type:              Release
Batch mode:              YES
macOS version:           Version 26.3.1 (a) (Build 25D771280a)
Darwin version:          25.3.0
Architecture:            arm64
Running under Rosetta:   NO
Available memory:        8192 MB
[Licensing::Module] Trying to connect to existing licensing client channel...
[Licensing::IpcConnector] Connection attempt to the License Client on channel: "LicenseClient-guribbong" failed because channel doesn't exist; code: "0x80000002"
Launching external process: /Applications/Unity/Hub/Editor/2022.3.0f1/Unity.app/Contents/Frameworks/UnityLicensingClient.app/Contents/MacOS/Unity.Licensing.Client
[Licensing::Module] Successfully launched the LicensingClient (PId: 27676)
[Licensing::IpcConnector] Successfully connected to the License Client on channel: "LicenseClient-guribbong"
[Licensing::Client] Handshaking with LicensingClient:
  Version:                 1.12.1+9338cad
  Session Id:              346a4d1ae30947259c5be118272a7a5b
  Correlation Id:          2e8155da07f77cc513203373d35ee2c3
  External correlation Id: 1311316175307123942
  Machine Id:              kK/taOzULwH3CoqhnK6anvJ0b88=
[Licensing::Module] Successfully connected to LicensingClient on channel: "LicenseClient-guribbong" (connect: 3.03s, validation: 0.14s, handshake: 0.43s)
[Licensing::IpcConnector] Successfully connected to the License Notification on channel: "LicenseClient-guribbong-notifications"
[Licensing::Module] Connected to LicensingClient (PId: 27676, launch time: 0.01, total connection time: 3.60s)
[Licensing::Module] Error: Access token is unavailable; failed to update
[Licensing::Client] Error: Code 500 while processing request (status: Unable to update licenses. Errors: No ULF license found.,Token not found in cache)
[Licensing::Client] Error: Code 500 while updating license in client (status: Unable to update licenses. Errors: No ULF license found.,Token not found in cache)
[Licensing::Client] Successfully resolved entitlements
[Licensing::Module] Serial number assigned to: "14568638156105-UnityPersXXXX"
Pro License: NO
Launching external process: /Applications/Unity/Hub/Editor/2022.3.0f1/Unity.app/Contents/Resources/PackageManager/Server/UnityPackageManager

COMMAND LINE ARGUMENTS:
/Applications/Unity/Hub/Editor/2022.3.0f1/Unity.app/Contents/MacOS/Unity
-batchmode
-quit
-projectPath
unity/EmbodiedDebate
-logFile
tmp/unity-import.log
Successfully changed project path to: /Users/guribbong/code/Argus/unity/EmbodiedDebate
/Users/guribbong/code/Argus/unity/EmbodiedDebate
[UnityMemory] Configuration Parameters - Can be set up in boot.config
    "memorysetup-bucket-allocator-granularity=16"
    "memorysetup-bucket-allocator-bucket-count=8"
    "memorysetup-bucket-allocator-block-size=33554432"
    "memorysetup-bucket-allocator-block-count=8"
    "memorysetup-main-allocator-block-size=16777216"
    "memorysetup-thread-allocator-block-size=16777216"
    "memorysetup-gfx-main-allocator-block-size=16777216"
    "memorysetup-gfx-thread-allocator-block-size=16777216"
    "memorysetup-cache-allocator-block-size=4194304"
    "memorysetup-typetree-allocator-block-size=2097152"
    "memorysetup-profiler-bucket-allocator-granularity=16"
    "memorysetup-profiler-bucket-allocator-bucket-count=8"
    "memorysetup-profiler-bucket-allocator-block-size=33554432"
    "memorysetup-profiler-bucket-allocator-block-count=8"
    "memorysetup-profiler-allocator-block-size=16777216"
    "memorysetup-profiler-editor-allocator-block-size=1048576"
    "memorysetup-temp-allocator-size-main=16777216"
    "memorysetup-job-temp-allocator-block-size=2097152"
    "memorysetup-job-temp-allocator-block-size-background=1048576"
    "memorysetup-job-temp-allocator-reduction-small-platforms=262144"
    "memorysetup-allocator-temp-initial-block-size-main=262144"
    "memorysetup-allocator-temp-initial-block-size-worker=262144"
    "memorysetup-temp-allocator-size-background-worker=32768"
    "memorysetup-temp-allocator-size-job-worker=262144"
    "memorysetup-temp-allocator-size-preload-manager=33554432"
    "memorysetup-temp-allocator-size-nav-mesh-worker=65536"
    "memorysetup-temp-allocator-size-audio-worker=65536"
    "memorysetup-temp-allocator-size-cloud-worker=32768"
    "memorysetup-temp-allocator-size-gi-baking-worker=262144"
    "memorysetup-temp-allocator-size-gfx=262144"
Player connection [8649715968] Host "[IP] 192.168.3.1 [Port] 55496 [Flags] 2 [Guid] 3921365594 [EditorId] 3921365594 [Version] 1048832 [Id] OSXEditor(0,topabaem.local) [Debug] 1 [PackageName] OSXEditor [ProjectName] Editor" joined multi-casting on [225.0.0.222:54997]...

Player connection [8649715968] Host "[IP] 192.168.3.1 [Port] 55496 [Flags] 2 [Guid] 3921365594 [EditorId] 3921365594 [Version] 1048832 [Id] OSXEditor(0,topabaem.local) [Debug] 1 [PackageName] OSXEditor [ProjectName] Editor" joined alternative multi-casting on [225.0.0.222:34997]...

[Package Manager] UpmClient::Connect -- Connected to IPC stream "Upm-27674" after 2.8 seconds.
[Licensing::Client] Successfully resolved entitlements
[Package Manager] Restoring resolved packages state from cache
[Licensing::Client] Successfully resolved entitlement details
[Package Manager] Registered 8 packages:
  Packages from [https://packages.unity.com]:
    com.unity.nuget.newtonsoft-json@3.2.1 (location: /Users/guribbong/code/Argus/unity/EmbodiedDebate/Library/PackageCache/com.unity.nuget.newtonsoft-json@3.2.1)
    com.unity.test-framework@1.1.33 (location: /Users/guribbong/code/Argus/unity/EmbodiedDebate/Library/PackageCache/com.unity.test-framework@1.1.33)
    com.unity.ext.nunit@1.0.6 (location: /Users/guribbong/code/Argus/unity/EmbodiedDebate/Library/PackageCache/com.unity.ext.nunit@1.0.6)
  Built-in packages:
    com.unity.modules.imageconversion@1.0.0 (location: /Users/guribbong/code/Argus/unity/EmbodiedDebate/Library/PackageCache/com.unity.modules.imageconversion@1.0.0)
    com.unity.modules.physics@1.0.0 (location: /Users/guribbong/code/Argus/unity/EmbodiedDebate/Library/PackageCache/com.unity.modules.physics@1.0.0)
    com.unity.modules.unitywebrequest@1.0.0 (location: /Users/guribbong/code/Argus/unity/EmbodiedDebate/Library/PackageCache/com.unity.modules.unitywebrequest@1.0.0)
    com.unity.modules.imgui@1.0.0 (location: /Users/guribbong/code/Argus/unity/EmbodiedDebate/Library/PackageCache/com.unity.modules.imgui@1.0.0)
    com.unity.modules.jsonserialize@1.0.0 (location: /Users/guribbong/code/Argus/unity/EmbodiedDebate/Library/PackageCache/com.unity.modules.jsonserialize@1.0.0)
[Subsystems] No new subsystems found in resolved package list.
Package Manager log level set to [2]
[Package Manager] Done registering packages in 0.55 seconds
Refreshing native plugins compatible for Editor in 5.13 ms, found 0 plugins.
Preloading 0 native plugins for Editor in 0.00 ms.
Initialize engine version: 2022.3.0f1 (fb119bb0b476)
[Subsystems] Discovering subsystems at path /Applications/Unity/Hub/Editor/2022.3.0f1/Unity.app/Contents/Resources/UnitySubsystems
[Subsystems] Discovering subsystems at path /Users/guribbong/code/Argus/unity/EmbodiedDebate/Assets
GfxDevice: creating device client; threaded=0; jobified=0
 preferred device: Apple M2 (high power)
Metal devices available: 1
0: Apple M2 (high power)
Using device Apple M2 (high power)
Initializing Metal device caps: Apple M2
[Licensing::Client] Successfully resolved entitlements
Initialize mono
Mono path[0] = '/Applications/Unity/Hub/Editor/2022.3.0f1/Unity.app/Contents/Managed'
Mono path[1] = '/Applications/Unity/Hub/Editor/2022.3.0f1/Unity.app/Contents/MonoBleedingEdge/lib/mono/unityjit-macos'
Mono config path = '/Applications/Unity/Hub/Editor/2022.3.0f1/Unity.app/Contents/MonoBleedingEdge/etc'
Using monoOptions --debugger-agent=transport=dt_socket,embedding=1,server=y,suspend=n,address=127.0.0.1:56674
Using cacheserver namespaces - metadata:defaultmetadata, artifacts:defaultartifacts
Using cacheserver namespaces - metadata:defaultmetadata, artifacts:defaultartifacts
ImportWorker Server TCP listen port: 0
Begin MonoManager ReloadAssembly
Registering precompiled unity dll's ...
Register platform support module: /Applications/Unity/Hub/Editor/2022.3.0f1/Unity.app/Contents/PlaybackEngines/MacStandaloneSupport/UnityEditor.OSXStandalone.Extensions.dll
Registered in 0.003627 seconds.
- Loaded All Assemblies, in  0.344 seconds
Native extension for OSXStandalone target not found
Mono: successfully reloaded assembly
- Finished resetting the current domain, in  0.183 seconds
Domain Reload Profiling: 527ms
	BeginReloadAssembly (111ms)
		ExecutionOrderSort (0ms)
		DisableScriptedObjects (0ms)
		BackupInstance (0ms)
		ReleaseScriptingObjects (0ms)
		CreateAndSetChildDomain (2ms)
	RebuildCommonClasses (44ms)
	RebuildNativeTypeToScriptingClass (8ms)
	initialDomainReloadingComplete (69ms)
	LoadAllAssembliesAndSetupDomain (112ms)
		LoadAssemblies (108ms)
		RebuildTransferFunctionScriptingTraits (0ms)
		AnalyzeDomain (107ms)
			TypeCache.Refresh (106ms)
				TypeCache.ScanAssembly (89ms)
			ScanForSourceGeneratedMonoScriptInfo (0ms)
			ResolveRequiredComponents (1ms)
	FinalizeReload (184ms)
		ReleaseScriptCaches (0ms)
		RebuildScriptCaches (0ms)
		SetupLoadedEditorAssemblies (145ms)
			LogAssemblyErrors (0ms)
			InitializePlatformSupportModulesInManaged (5ms)
			SetLoadedEditorAssemblies (5ms)
			RefreshPlugins (0ms)
			BeforeProcessingInitializeOnLoad (2ms)
			ProcessInitializeOnLoadAttributes (89ms)
			ProcessInitializeOnLoadMethodAttributes (43ms)
			AfterProcessingInitializeOnLoad (0ms)
			EditorAssembliesLoaded (0ms)
		ExecutionOrderSort2 (0ms)
		AwakeInstancesAfterBackupRestoration (0ms)
[Licensing::Client] Successfully resolved entitlements
Application.AssetDatabase Initial Refresh Start
[ScriptCompilation] Requested script compilation because: Assetdatabase observed changes in script compilation related files
[40m[32minfo[39m[22m[49m: Microsoft.Hosting.Lifetime[14]
      Now listening on: http://unix:/tmp/ilpp.sock-8e16111b622e4d5ea6b5ecc926298bfd
[40m[32minfo[39m[22m[49m: Microsoft.Hosting.Lifetime[0]
      Application started. Press Ctrl+C to shut down.
[40m[32minfo[39m[22m[49m: Microsoft.Hosting.Lifetime[0]
      Hosting environment: Production
[40m[32minfo[39m[22m[49m: Microsoft.Hosting.Lifetime[0]
      Content root path: /Users/guribbong/code/Argus/unity/EmbodiedDebate/
[40m[32minfo[39m[22m[49m: Microsoft.AspNetCore.Hosting.Diagnostics[1]
      Request starting HTTP/2 POST http://ilpp/UnityILPP.PostProcessing/Ping application/grpc -
[40m[32minfo[39m[22m[49m: Microsoft.AspNetCore.Routing.EndpointMiddleware[0]
      Executing endpoint 'gRPC - /UnityILPP.PostProcessing/Ping'
[40m[32minfo[39m[22m[49m: Microsoft.AspNetCore.Routing.EndpointMiddleware[1]
      Executed endpoint 'gRPC - /UnityILPP.PostProcessing/Ping'
[40m[32minfo[39m[22m[49m: Microsoft.AspNetCore.Hosting.Diagnostics[2]
      Request finished HTTP/2 POST http://ilpp/UnityILPP.PostProcessing/Ping application/grpc - - 200 - application/grpc 71.0973ms
Starting: /Applications/Unity/Hub/Editor/2022.3.0f1/Unity.app/Contents/bee_backend --dont-print-to-structured-log --ipc --defer-dag-verification --dagfile="Library/Bee/200b0aE.dag" --continue-on-failure --profile="Library/Bee/backend1.traceevents" ScriptAssemblies
WorkingDir: /Users/guribbong/code/Argus/unity/EmbodiedDebate
DisplayProgressbar: Compiling Scripts
ExitCode: 4 Duration: 0s86ms
Rebuilding DAG because FileSignature timestamp changed: Library/Bee/200b0aE-inputdata.json
*** Tundra requires additional run (0.06 seconds), 0 items updated, 27 evaluated
Starting: /Applications/Unity/Hub/Editor/2022.3.0f1/Unity.app/Contents/Tools/netcorerun/netcorerun "/Applications/Unity/Hub/Editor/2022.3.0f1/Unity.app/Contents/Tools/BuildPipeline/ScriptCompilationBuildProgram.exe" "Library/Bee/200b0aE.dag.json" "Library/Bee/200b0aE-inputdata.json" "Library/Bee/buildprogram0.traceevents"
WorkingDir: /Users/guribbong/code/Argus/unity/EmbodiedDebate
ExitCode: 0 Duration: 0s693ms
Starting: /Applications/Unity/Hub/Editor/2022.3.0f1/Unity.app/Contents/bee_backend --dont-print-to-structured-log --ipc --defer-dag-verification --dagfile="Library/Bee/200b0aE.dag" --continue-on-failure --dagfilejson="Library/Bee/200b0aE.dag.json" --profile="Library/Bee/backend2.traceevents" ScriptAssemblies
WorkingDir: /Users/guribbong/code/Argus/unity/EmbodiedDebate
ExitCode: 0 Duration: 3s254ms
Finished compiling graph: 140 nodes, 805 flattened edges (761 ToBuild, 12 ToUse), maximum node priority 46
[128/137    3s] Csc Library/Bee/artifacts/200b0aE.dag/ArgusUnity.dll (+2 others)
[135/137    0s] CopyFiles Library/ScriptAssemblies/ArgusUnity.pdb
[136/137    0s] CopyFiles Library/ScriptAssemblies/ArgusUnity.dll
*** Tundra build success (3.24 seconds), 3 items updated, 137 evaluated
Total cache size 1512040
Total cache size after purge 1512040
AssetDatabase: script compilation time: 4.804331s
Begin MonoManager ReloadAssembly
Symbol file LoadedFromMemory is not a mono symbol file
- Loaded All Assemblies, in  0.386 seconds
Refreshing native plugins compatible for Editor in 0.24 ms, found 0 plugins.
Preloading 0 native plugins for Editor in 0.00 ms.
Start importing Assets/Project/Resources/UserModels using Guid(6ae471c14f1e54f21a5ee613648dab7c) Importer(-1,00000000000000000000000000000000)  -> (artifact id: 'f9895d93559ee62c971c86a7713ca1a0') in 0.034124 seconds
Start importing Assets/Project/Scripts/Runtime/SimulationBootstrap.cs using Guid(ab121212345612348098761234abcd01) Importer(-1,00000000000000000000000000000000)  -> (artifact id: '769440324f5440e8fa25bed446272079') in 0.000912 seconds
Start importing Assets/Project/Scripts/Runtime/DemoSpawner.cs using Guid(ab121212345612348098761234abcd02) Importer(-1,00000000000000000000000000000000)  -> (artifact id: 'e5b74493b04f5653fd97552f8c213d6a') in 0.000456 seconds
Start importing Assets/Project/Scripts/Runtime/AgentSpawnHandler.cs using Guid(ab121212345612348098761234abcd04) Importer(-1,00000000000000000000000000000000)  -> (artifact id: '4f722b1864a1c9059d67c10c6f8ad0a2') in 0.000431 seconds
Refreshing native plugins compatible for Editor in 0.23 ms, found 0 plugins.
Native extension for OSXStandalone target not found
Mono: successfully reloaded assembly
- Finished resetting the current domain, in  0.187 seconds
Domain Reload Profiling: 574ms
	BeginReloadAssembly (161ms)
		ExecutionOrderSort (0ms)
		DisableScriptedObjects (4ms)
		BackupInstance (0ms)
		ReleaseScriptingObjects (0ms)
		CreateAndSetChildDomain (38ms)
	RebuildCommonClasses (26ms)
	RebuildNativeTypeToScriptingClass (8ms)
	initialDomainReloadingComplete (21ms)
	LoadAllAssembliesAndSetupDomain (170ms)
		LoadAssemblies (153ms)
		RebuildTransferFunctionScriptingTraits (0ms)
		AnalyzeDomain (99ms)
			TypeCache.Refresh (98ms)
				TypeCache.ScanAssembly (91ms)
			ScanForSourceGeneratedMonoScriptInfo (1ms)
			ResolveRequiredComponents (0ms)
	FinalizeReload (188ms)
		ReleaseScriptCaches (0ms)
		RebuildScriptCaches (0ms)
		SetupLoadedEditorAssemblies (115ms)
			LogAssemblyErrors (0ms)
			InitializePlatformSupportModulesInManaged (2ms)
			SetLoadedEditorAssemblies (1ms)
			RefreshPlugins (0ms)
			BeforeProcessingInitializeOnLoad (18ms)
			ProcessInitializeOnLoadAttributes (81ms)
			ProcessInitializeOnLoadMethodAttributes (11ms)
			AfterProcessingInitializeOnLoad (1ms)
			EditorAssembliesLoaded (1ms)
		ExecutionOrderSort2 (0ms)
		AwakeInstancesAfterBackupRestoration (3ms)
Start importing Assets/Project/Resources/UserModels/Idle.fbx using Guid(3cef4c5e4db924e9cb5ca8890eae77de) Importer(-1,00000000000000000000000000000000) Launching external process: /Applications/Unity/Hub/Editor/2022.3.0f1/Unity.app/Contents/Tools/UnityShaderCompiler
Launched and connected shader compiler UnityShaderCompiler after 0.08 seconds
Keyframe reduction: Ratio: 8.800536%;
 -> (artifact id: '50cffb227bfb67b25a8f83b3b54eca91') in 0.430461 seconds
Refreshing native plugins compatible for Editor in 0.27 ms, found 0 plugins.
Preloading 0 native plugins for Editor in 0.00 ms.
Asset Pipeline Refresh (id=073e5af2cf577437fb8de7e75b7f4a7a): Total: 6.419 seconds - Initiated by InitialRefreshV2(ForceSynchronousImport)
	Summary:
		Imports: total=9 (actual=5, local cache=4, cache server=0)
		Asset DB Process Time: managed=8 ms, native=978 ms
		Asset DB Callback time: managed=34 ms, native=7 ms
		Scripting: domain reloads=1, domain reload time=582 ms, compile time=4805 ms, other=2 ms
		Project Asset Count: scripts=407, non-scripts=30
		Asset File Changes: new=2, changed=5, moved=0, deleted=0
		Scan Filter Count: 1
	InvokeBeforeRefreshCallbacks: 0.539ms
	ApplyChangesToAssetFolders: 0.016ms
	Scan: 110.495ms
	OnSourceAssetsModified: 1.907ms
	GetAllGuidsForCategorization: 0.024ms
	CategorizeAssets: 9.400ms
	ImportOutOfDateAssets: 665.994ms (-4614.013ms without children)
		ImportManagerImport: 473.322ms (4.839ms without children)
			ImportInProcess: 468.466ms
			UpdateCategorizedAssets: 0.017ms
		CompileScripts: 4804.783ms
		ReloadNativeAssets: 0.000ms
		UnloadImportedAssets: 0.968ms
		ReloadImportedAssets: 0.001ms
		EnsureUptoDateAssetsAreRegisteredWithGuidPM: 0.090ms
		InitializingProgressBar: 0.003ms
		PostProcessAllAssetNotificationsAddChangedAssets: 0.000ms
		OnDemandSchedulerStart: 0.841ms
	PostProcessAllAssets: 35.130ms
	Hotreload: 4.557ms
	GatherAllCurrentPrimaryArtifactRevisions: 0.000ms
	UnloadStreamsBegin: 1.267ms
	PersistCurrentRevisions: 0.047ms
	UnloadStreamsEnd: 0.002ms
	GenerateScriptTypeHashes: 0.004ms
	Untracked: 5589.980ms
Application.AssetDatabase Initial Refresh End
Scanning for USB devices : 0.164ms
Initializing Unity extensions:
[Licensing::Client] Successfully resolved entitlements
[MODES] ModeService[none].Initialize
[MODES] ModeService[none].LoadModes
[MODES] Loading mode Default (0) for mode-current-id-EmbodiedDebate
ProgressiveSceneManager::Cancel()
Unloading 4 Unused Serialized files (Serialized files now loaded: 0)
Unloading 82 unused Assets / (384.0 KB). Loaded Objects now: 833.
Memory consumption went from 84.1 MB to 83.7 MB.
Total: 2.784917 ms (FindLiveObjects: 0.036083 ms CreateObjectMapping: 0.009458 ms MarkObjects: 2.550792 ms  DeleteObjects: 0.188000 ms)

Batchmode quit successfully invoked - shutting down!
Thread 0x329487000 may have been prematurely finalized
Curl error 42: Callback aborted
[Licensing::IpcConnector] License Notification channel disconnected successfully.
[Licensing::IpcConnector] License Client channel disconnected successfully.
Thread 0x17dd13000 may have been prematurely finalized
Curl error 42: Callback aborted
Cleanup mono
[40m[32minfo[39m[22m[49m: Microsoft.Hosting.Lifetime[0]
      Application is shutting down...
debugger-agent: Unable to listen on 48
[Performance] Application.InitializeProject                                                                                  :        1 samples, Peak.  11.5 s (1.0x), Avg.  11.5 s, Total. 11.52 s (71.0%)
[Performance] Application.PackageManager.StartServer                                                                         :        1 samples, Peak.  11.4 ms (1.0x), Avg.  11.4 ms, Total. 11.40 ms (0.1%)
[Performance] Application.AcquireProjectLock                                                                                 :        1 samples, Peak.  3.43 ms (1.0x), Avg.  3.43 ms, Total. 3.426 ms (0.0%)
[Performance] Application.InitializeEngineNoGraphics                                                                         :        1 samples, Peak.   151 ms (1.0x), Avg.   151 ms, Total. 151.2 ms (0.9%)
[Performance] Application.PackageManager.Initialize                                                                          :        1 samples, Peak.  2.77 s (1.0x), Avg.  2.77 s, Total. 2.768 s (17.1%)
[Performance] Connecting to Package Manager                                                                                  :      275 samples, Peak.  8.44 ms (248.4x), Avg.  34.0 us, Total. 9.348 ms (0.1%)
[Performance] Application.EngineGraphics.Initialize                                                                          :        1 samples, Peak.  84.8 ms (1.0x), Avg.  84.8 ms, Total. 84.76 ms (0.5%)
[Performance] Application.GI.Initialize                                                                                      :        1 samples, Peak.  6.84 ms (1.0x), Avg.  6.84 ms, Total. 6.835 ms (0.0%)
[Performance] Application.LoadAllDefaultResourcesFromEditor                                                                  :        1 samples, Peak.  3.10 ms (1.0x), Avg.  3.10 ms, Total. 3.098 ms (0.0%)
[Performance] Application.LoadMonoAssemblies                                                                                 :        1 samples, Peak.   536 ms (1.0x), Avg.   536 ms, Total. 535.8 ms (3.3%)
[Performance] RestoreManagedReferences                                                                                       :        2 samples, Peak.  31.8 ms (2.0x), Avg.  15.9 ms, Total. 31.78 ms (0.2%)
[Performance] InitializeOnLoad ProjectSearch                                                                                 :        2 samples, Peak.   182 us (1.1x), Avg.   168 us, Total. 335.5 us (0.0%)
[Performance] InitializeOnLoad AssetStoreContext                                                                             :        2 samples, Peak.  16.1 ms (1.1x), Avg.  14.7 ms, Total. 29.42 ms (0.2%)
[Performance] InitializeOnLoad SearchService                                                                                 :        2 samples, Peak.  65.3 us (1.0x), Avg.  64.7 us, Total. 129.3 us (0.0%)
[Performance] InitializeOnLoad ObjectSelectorSearch                                                                          :        2 samples, Peak.   200 us (1.1x), Avg.   182 us, Total. 364.3 us (0.0%)
[Performance] InitializeOnLoad NativeFormatImporterUtility                                                                   :        2 samples, Peak.  1.74 ms (1.1x), Avg.  1.53 ms, Total. 3.060 ms (0.0%)
[Performance] InitializeOnLoad ManagedDebuggerWindow                                                                         :        2 samples, Peak.   431 us (1.0x), Avg.   424 us, Total. 847.5 us (0.0%)
[Performance] InitializeOnLoad PrefabInstanceChangedListener                                                                 :        2 samples, Peak.   376 us (1.0x), Avg.   366 us, Total. 731.9 us (0.0%)
[Performance] InitializeOnLoad ManagedDebugger                                                                               :        2 samples, Peak.   333 ns (1.1x), Avg.   292 ns, Total. 583.0 ns (0.0%)
[Performance] InitializeOnLoad CloudBuild                                                                                    :        2 samples, Peak.  1.88 us (1.0x), Avg.  1.79 us, Total. 3.583 us (0.0%)
[Performance] InitializeOnLoad Collab                                                                                        :        2 samples, Peak.  7.00 ms (1.2x), Avg.  5.88 ms, Total. 11.75 ms (0.1%)
[Performance] InitializeOnLoad ShortcutIntegration                                                                           :        2 samples, Peak.  63.9 us (1.2x), Avg.  52.4 us, Total. 104.9 us (0.0%)
[Performance] InitializeOnLoad MixerEffectDefinitionReloader                                                                 :        2 samples, Peak.  2.19 ms (1.1x), Avg.  2.06 ms, Total. 4.121 ms (0.0%)
[Performance] InitializeOnLoad DrivenRectTransformUndo                                                                       :        2 samples, Peak.   192 us (1.2x), Avg.   163 us, Total. 326.1 us (0.0%)
[Performance] InitializeOnLoad WindowLayout                                                                                  :        2 samples, Peak.   510 us (1.3x), Avg.   404 us, Total. 808.7 us (0.0%)
[Performance] InitializeOnLoad SettingsService                                                                               :        2 samples, Peak.  6.54 us (1.3x), Avg.  5.15 us, Total. 10.29 us (0.0%)
[Performance] InitializeOnLoad CacheServerWindow                                                                             :        2 samples, Peak.  4.96 us (1.0x), Avg.  4.77 us, Total. 9.541 us (0.0%)
[Performance] InitializeOnLoad MenuItems                                                                                     :        2 samples, Peak.  48.9 us (1.0x), Avg.  48.6 us, Total. 97.21 us (0.0%)
[Performance] InitializeOnLoad CheckNavigationPackage                                                                        :        2 samples, Peak.   255 us (1.3x), Avg.   198 us, Total. 396.0 us (0.0%)
[Performance] InitializeOnLoad UISystemProfilerRenderService                                                                 :        2 samples, Peak.  5.04 us (1.0x), Avg.  4.90 us, Total. 9.792 us (0.0%)
[Performance] InitializeOnLoad EditMode                                                                                      :        2 samples, Peak.   231 us (1.1x), Avg.   217 us, Total. 433.3 us (0.0%)
[Performance] InitializeOnLoad UnityConnect                                                                                  :        2 samples, Peak.  27.6 us (1.0x), Avg.  26.7 us, Total. 53.50 us (0.0%)
[Performance] InitializeOnLoad AddComponentWindow                                                                            :        2 samples, Peak.  62.6 us (1.0x), Avg.  60.8 us, Total. 121.7 us (0.0%)
[Performance] InitializeOnLoad PlayModeDownload                                                                              :        2 samples, Peak.  3.27 ms (1.9x), Avg.  1.69 ms, Total. 3.389 ms (0.0%)
[Performance] InitializeOnLoad SceneSearch                                                                                   :        2 samples, Peak.  83.7 us (1.6x), Avg.  51.4 us, Total. 102.7 us (0.0%)
[Performance] InitializeOnLoad EditorDelegateRegistration                                                                    :        2 samples, Peak.   466 us (1.0x), Avg.   454 us, Total. 907.2 us (0.0%)
[Performance] InitializeOnLoad UxmlObjectEditorFactories                                                                     :        2 samples, Peak.   282 us (1.0x), Avg.   269 us, Total. 538.7 us (0.0%)
[Performance] InitializeOnLoad RetainedMode                                                                                  :        2 samples, Peak.  1.58 ms (1.1x), Avg.  1.44 ms, Total. 2.878 ms (0.0%)
[Performance] InitializeOnLoad EditorShaderLoader                                                                            :        2 samples, Peak.   739 us (1.1x), Avg.   666 us, Total. 1.331 ms (0.0%)
[Performance] InitializeOnLoad UIDocumentHierarchyWatcher                                                                    :        2 samples, Peak.  41.8 us (1.0x), Avg.  41.1 us, Total. 82.25 us (0.0%)
[Performance] InitializeOnLoad EditorMonitor                                                                                 :        2 samples, Peak.  80.8 us (1.0x), Avg.  78.9 us, Total. 157.7 us (0.0%)
[Performance] InitializeOnLoad LiveReloadTrackerCreator                                                                      :        2 samples, Peak.   114 us (1.1x), Avg.   103 us, Total. 206.5 us (0.0%)
[Performance] InitializeOnLoad UXMLEditorFactories                                                                           :        2 samples, Peak.  37.1 ms (1.1x), Avg.  34.6 ms, Total. 69.30 ms (0.4%)
[Performance] InitializeOnLoad ServicesRepository                                                                            :        2 samples, Peak.   452 us (1.0x), Avg.   439 us, Total. 878.8 us (0.0%)
[Performance] InitializeOnLoad UDPService                                                                                    :        2 samples, Peak.  1.19 ms (1.1x), Avg.  1.11 ms, Total. 2.221 ms (0.0%)
[Performance] InitializeOnLoad EditorGameServicesAnalytics                                                                   :        2 samples, Peak.  1.30 ms (1.2x), Avg.  1.11 ms, Total. 2.225 ms (0.0%)
[Performance] InitializeOnLoad CloudBuildPoller                                                                              :        2 samples, Peak.  79.7 us (1.1x), Avg.  73.6 us, Total. 147.1 us (0.0%)
[Performance] InitializeOnLoad BuildService                                                                                  :        2 samples, Peak.   470 us (1.0x), Avg.   464 us, Total. 927.9 us (0.0%)
[Performance] InitializeOnLoad CollabService                                                                                 :        2 samples, Peak.   705 us (1.2x), Avg.   575 us, Total. 1.149 ms (0.0%)
[Performance] InitializeOnLoad PurchasingService                                                                             :        2 samples, Peak.  4.37 ms (1.1x), Avg.  4.13 ms, Total. 8.260 ms (0.1%)
[Performance] InitializeOnLoad CrashService                                                                                  :        2 samples, Peak.   479 us (1.1x), Avg.   455 us, Total. 909.7 us (0.0%)
[Performance] InitializeOnLoad AdsService                                                                                    :        2 samples, Peak.   885 us (1.2x), Avg.   724 us, Total. 1.448 ms (0.0%)
[Performance] InitializeOnLoad AnalyticsService                                                                              :        2 samples, Peak.   474 us (1.1x), Avg.   451 us, Total. 902.7 us (0.0%)
[Performance] InitializeOnLoad SearchWindow                                                                                  :        2 samples, Peak.  71.5 us (1.1x), Avg.  67.6 us, Total. 135.2 us (0.0%)
[Performance] InitializeOnLoad SearchMonitor                                                                                 :        2 samples, Peak.  7.40 ms (1.6x), Avg.  4.70 ms, Total. 9.393 ms (0.1%)
[Performance] InitializeOnLoad ParameterControllerEditor                                                                     :        2 samples, Peak.  13.8 us (1.2x), Avg.  12.0 us, Total. 24.04 us (0.0%)
[Performance] InitializeOnLoad LayerSettingsWindow                                                                           :        2 samples, Peak.  2.83 us (1.0x), Avg.  2.81 us, Total. 5.625 us (0.0%)
[Performance] InitializeOnLoad PackageManagerHookGUIDConverter.RegisterPackagesEventHandler                                  :        2 samples, Peak.   499 us (1.7x), Avg.   288 us, Total. 575.1 us (0.0%)
[Performance] InitializeOnLoad EditorDragAndDrop.RegisterEditorClient                                                        :        2 samples, Peak.   112 us (1.0x), Avg.   111 us, Total. 222.3 us (0.0%)
[Performance] InitializeOnLoad EditorEventCallbacks.InitializeFontAssetResourceChangeCallBacks                               :        2 samples, Peak.   651 us (1.0x), Avg.   627 us, Total. 1.254 ms (0.0%)
[Performance] InitializeOnLoad SceneTemplateService.Init                                                                     :        2 samples, Peak.  1.27 ms (1.4x), Avg.   891 us, Total. 1.782 ms (0.0%)
[Performance] InitializeOnLoad DiagnosticSwitchesConsoleMessage.Init                                                         :        2 samples, Peak.  2.31 ms (1.6x), Avg.  1.44 ms, Total. 2.871 ms (0.0%)
[Performance] InitializeOnLoad ScopedRegistryAddedPopup.SubscribeToRegistriesAdded                                           :        2 samples, Peak.  31.8 ms (1.7x), Avg.  19.0 ms, Total. 37.91 ms (0.2%)
[Performance] InitializeOnLoad PackageManagerWindow.EditorInitializedInSafeMode                                              :        2 samples, Peak.   111 us (1.2x), Avg.  92.2 us, Total. 184.4 us (0.0%)
[Performance] InitializeOnLoad MemoryProfilerCompilationGuard.InjectCompileGuard                                             :        2 samples, Peak.  85.3 us (1.1x), Avg.  81.0 us, Total. 162.0 us (0.0%)
[Performance] InitializeOnLoad SceneVisibilityManager.Initialize                                                             :        2 samples, Peak.  3.11 ms (1.6x), Avg.  1.97 ms, Total. 3.950 ms (0.0%)
[Performance] InitializeOnLoad AssetPostprocessingInternal.RefreshCustomDependencies                                         :        2 samples, Peak.  1.82 ms (1.4x), Avg.  1.33 ms, Total. 2.653 ms (0.0%)
[Performance] InitializeOnLoad ToolShortcutContext.Init                                                                      :        2 samples, Peak.  73.0 us (1.0x), Avg.  72.6 us, Total. 145.2 us (0.0%)
[Performance] InitializeOnLoad SysrootManager.Initialize                                                                     :        2 samples, Peak.   338 us (1.1x), Avg.   295 us, Total. 590.3 us (0.0%)
[Performance] InitializeOnLoad EditorWindow.Initialize                                                                       :        2 samples, Peak.   104 us (1.1x), Avg.  94.3 us, Total. 188.7 us (0.0%)
[Performance] AssemblyReloadEvents.afterAssemblyReload: UnityEditor.SceneTemplate.SceneTemplateService.AfterAssemblyReload   :        2 samples, Peak.  2.30 ms (1.9x), Avg.  1.24 ms, Total. 2.470 ms (0.0%)
[Performance] ProcessService.EditorAfterLoadAllAssemblies                                                                    :        2 samples, Peak.   567 us (1.0x), Avg.   562 us, Total. 1.123 ms (0.0%)
[Performance] Application.ReadLicenseInfo                                                                                    :        1 samples, Peak.  41.3 ms (1.0x), Avg.  41.3 ms, Total. 41.29 ms (0.3%)
[Performance] Application.InitialRefresh                                                                                     :        1 samples, Peak.  6.42 s (1.0x), Avg.  6.42 s, Total. 6.420 s (39.6%)
[Performance] BuilderAssetModificationProcessor.OnWillCreateAsset                                                            :        2 samples, Peak.   615 us (2.0x), Avg.   314 us, Total. 627.6 us (0.0%)
[Performance] ShaderImporter.SourceAssetModified                                                                             :        2 samples, Peak.   583 ns (1.2x), Avg.   499 ns, Total. 999.0 ns (0.0%)
[Performance] ShaderIncludeImporter.SourceAssetModified                                                                      :        2 samples, Peak.   875 ns (1.0x), Avg.   833 ns, Total. 1.667 us (0.0%)
[Performance] Compiling Scripts                                                                                              :        1 samples, Peak.  4.80 s (1.0x), Avg.  4.80 s, Total. 4.805 s (29.6%)
[Performance] AssemblyReloadEvents.beforeAssemblyReload: UnityEditor.SceneTemplate.SceneTemplateService.BeforeAssemblyReload :        1 samples, Peak.   717 us (1.0x), Avg.   717 us, Total. 717.5 us (0.0%)
[Performance] PresetManagerPostProcessor.OnPreprocessAsset                                                                   :        5 samples, Peak.  1.35 ms (4.9x), Avg.   277 us, Total. 1.387 ms (0.0%)
[Performance] CancelSplashScreenOnAssetChange.OnPreprocessAsset                                                              :        5 samples, Peak.   661 us (5.0x), Avg.   133 us, Total. 666.6 us (0.0%)
[Performance] InitializeOnLoad BackgroundWatcher                                                                             :        1 samples, Peak.  74.2 us (1.0x), Avg.  74.2 us, Total. 74.21 us (0.0%)
[Performance] InitializeOnLoad UnityTestProtocolStarter                                                                      :        1 samples, Peak.   331 us (1.0x), Avg.   331 us, Total. 331.3 us (0.0%)
[Performance] InitializeOnLoad TestStarter                                                                                   :        1 samples, Peak.   350 us (1.0x), Avg.   350 us, Total. 349.9 us (0.0%)
[Performance] InitializeOnLoad RerunCallbackInitializer                                                                      :        1 samples, Peak.  1.44 ms (1.0x), Avg.  1.44 ms, Total. 1.436 ms (0.0%)
[Performance] InitializeOnLoad TestJobDataHolder.ResumeRunningJobs                                                           :        1 samples, Peak.   225 us (1.0x), Avg.   225 us, Total. 224.8 us (0.0%)
[Performance] InitializeOnLoad AnalyticsReporter.RegisterCallbacks                                                           :        1 samples, Peak.  68.4 us (1.0x), Avg.  68.4 us, Total. 68.37 us (0.0%)
[Performance] DidReloadScriptsTestRunnerWindow.CompilationCallback                                                           :        1 samples, Peak.   530 us (1.0x), Avg.   530 us, Total. 529.5 us (0.0%)
[Performance] DidReloadScriptsTestListCache.ScriptReloaded                                                                   :        1 samples, Peak.   489 us (1.0x), Avg.   489 us, Total. 489.1 us (0.0%)
[Performance] DidReloadScriptsAdvancedDropdownWindow.OnScriptReload                                                          :        1 samples, Peak.   121 us (1.0x), Avg.   121 us, Total. 121.0 us (0.0%)
[Performance] ModelImporter.Import                                                                                           :        1 samples, Peak.   413 ms (1.0x), Avg.   413 ms, Total. 412.7 ms (2.5%)
[Performance] SceneDataContainer.TransformHierarchyChangedSetParentCallback                                                  :       81 samples, Peak.   254 us (71.3x), Avg.  3.56 us, Total. 288.3 us (0.0%)
[Performance] SceneVisibilityState.IsFlagSetInParents                                                                        :      294 samples, Peak.   243 us (240.1x), Avg.  1.01 us, Total. 298.1 us (0.0%)
[Performance] FBXMaterialDescriptionPreprocessor.OnPreprocessMaterialDescription                                             :        1 samples, Peak.  3.67 ms (1.0x), Avg.  3.67 ms, Total. 3.666 ms (0.0%)
[Performance] SketchupMaterialDescriptionPreprocessor.OnPreprocessMaterialDescription                                        :        1 samples, Peak.  59.3 us (1.0x), Avg.  59.3 us, Total. 59.29 us (0.0%)
[Performance] ThreeDSMaterialDescriptionPreprocessor.OnPreprocessMaterialDescription                                         :        1 samples, Peak.  66.7 us (1.0x), Avg.  66.7 us, Total. 66.71 us (0.0%)
[Performance] TreeAOImporter.OnPostprocessModel                                                                              :        1 samples, Peak.   778 us (1.0x), Avg.   778 us, Total. 778.0 us (0.0%)
[Performance] BuilderAssetModificationProcessor.OnWillSaveAssets                                                             :        2 samples, Peak.   575 us (2.0x), Avg.   291 us, Total. 582.1 us (0.0%)
[Performance] TerrainModificationProcessor.OnWillSaveAssets                                                                  :        2 samples, Peak.   390 us (2.0x), Avg.   196 us, Total. 391.4 us (0.0%)
[Performance] VersionControl.Task.Wait                                                                                       :        1 samples, Peak.   431 us (1.0x), Avg.   431 us, Total. 431.4 us (0.0%)
[Performance] AssetDatabase.ImportAssets                                                                                     :        3 samples, Peak.   333 ns (1.6x), Avg.   208 ns, Total. 624.0 ns (0.0%)
[Performance] BuilderAssetPostprocessor.OnPostprocessAllAssets                                                               :        2 samples, Peak.  2.83 ms (1.0x), Avg.  2.78 ms, Total. 5.566 ms (0.0%)
[Performance] ArtifactBrowserPostProcessor.OnPostprocessAllAssets                                                            :        2 samples, Peak.   271 us (1.0x), Avg.   269 us, Total. 538.9 us (0.0%)
[Performance] AssetEvents.OnPostprocessAllAssets                                                                             :        4 samples, Peak.   125 us (1.4x), Avg.  89.0 us, Total. 356.2 us (0.0%)
[Performance] AudioMixerPostprocessor.OnPostprocessAllAssets                                                                 :        2 samples, Peak.   194 us (1.0x), Avg.   193 us, Total. 386.8 us (0.0%)
[Performance] StyleCatalogPostProcessor.OnPostprocessAllAssets                                                               :        2 samples, Peak.  10.1 ms (1.0x), Avg.  10.1 ms, Total. 20.18 ms (0.1%)
[Performance] BuildCatalog                                                                                                   :        1 samples, Peak.  9.37 ms (1.0x), Avg.  9.37 ms, Total. 9.370 ms (0.1%)
[Performance] ModelImporterPostProcessor.OnPostprocessAllAssets                                                              :        2 samples, Peak.  4.30 ms (1.0x), Avg.  4.30 ms, Total. 8.594 ms (0.1%)
[Performance] RetainedModeAssetPostprocessor.OnPostprocessAllAssets                                                          :        2 samples, Peak.  1.24 ms (1.0x), Avg.  1.24 ms, Total. 2.481 ms (0.0%)
[Performance] AssetChangedListener.OnPostprocessAllAssets                                                                    :        2 samples, Peak.  4.70 ms (1.0x), Avg.  4.69 ms, Total. 9.389 ms (0.1%)
[Performance] SpeedTreePostProcessor.OnPostprocessAllAssets                                                                  :        2 samples, Peak.   152 us (1.0x), Avg.   151 us, Total. 302.2 us (0.0%)
[Performance] TextAssetPostProcessor.OnPostprocessAllAssets                                                                  :        2 samples, Peak.   332 us (1.0x), Avg.   331 us, Total. 661.7 us (0.0%)
[Performance] SyncVS.PostprocessSyncProject                                                                                  :        1 samples, Peak.   871 us (1.0x), Avg.   871 us, Total. 871.2 us (0.0%)
[Performance] EditorApplication.projectChanged: UnityEditor.Audio.MixerEffectDefinitionReloader.OnProjectChanged             :        1 samples, Peak.   247 us (1.0x), Avg.   247 us, Total. 247.2 us (0.0%)
[Performance] Selection.selectionChanged: UnityEditor.PackageManager.UI.Internal.SelectionProxy.OnSelectionChanged           :        2 samples, Peak.   412 us (2.0x), Avg.   208 us, Total. 416.4 us (0.0%)
[Performance] Selection.selectionChanged: UnityEditorInternal.EditMode.OnSelectionChange                                     :        2 samples, Peak.   170 us (2.0x), Avg.  85.3 us, Total. 170.6 us (0.0%)
[Performance] Application.ImportPackagesAndSetTemplateWhenCreatingProject                                                    :        1 samples, Peak.  50.2 ms (1.0x), Avg.  50.2 ms, Total. 50.22 ms (0.3%)
[Performance] Application.SyncCurrentColorSpace                                                                              :        1 samples, Peak.  26.7 ms (1.0x), Avg.  26.7 ms, Total. 26.74 ms (0.2%)
[Performance] Application.OnUsbDevicesChanged                                                                                :        1 samples, Peak.   190 us (1.0x), Avg.   190 us, Total. 189.5 us (0.0%)
[Performance] Application.AssetInstanceCacheUpdate                                                                           :        1 samples, Peak.   167 ns (1.0x), Avg.   167 ns, Total. 167.0 ns (0.0%)
[Performance] Application.UnityExtensions.Initialize                                                                         :        1 samples, Peak.   735 us (1.0x), Avg.   735 us, Total. 734.6 us (0.0%)
[Performance] CodeEditorProjectSync.SyncEditorProject                                                                        :        1 samples, Peak.  51.0 us (1.0x), Avg.  51.0 us, Total. 51.04 us (0.0%)
[Performance] Application.ExecuteStartups                                                                                    :        1 samples, Peak.  47.8 ms (1.0x), Avg.  47.8 ms, Total. 47.78 ms (0.3%)
[Performance] Menu.RegisterMenuInterface                                                                                     :       26 samples, Peak.   188 us (25.5x), Avg.  7.37 us, Total. 191.6 us (0.0%)
[Performance] Gizmo.RebuildRenderers                                                                                         :        1 samples, Peak.  45.1 ms (1.0x), Avg.  45.1 ms, Total. 45.15 ms (0.3%)
[Performance] Gizmo.AddGizmoRenderers                                                                                        :       26 samples, Peak.  1.20 ms (18.0x), Avg.  66.4 us, Total. 1.728 ms (0.0%)
[Performance] Application.editorInitializingProject                                                                          :        1 samples, Peak.  56.2 ms (1.0x), Avg.  56.2 ms, Total. 56.23 ms (0.3%)
[Performance] Application.InitializeMenu                                                                                     :        1 samples, Peak.  39.9 ms (1.0x), Avg.  39.9 ms, Total. 39.95 ms (0.2%)
[Performance] Menu.RebuildAll                                                                                                :        1 samples, Peak.  39.7 ms (1.0x), Avg.  39.7 ms, Total. 39.67 ms (0.2%)
[Performance] Menu.BuildRegisteredMenuInterfaces                                                                             :        1 samples, Peak.  35.7 ms (1.0x), Avg.  35.7 ms, Total. 35.73 ms (0.2%)
[Performance] Menu.FilterMenuItem                                                                                            :      398 samples, Peak.  14.0 ms (395.3x), Avg.  35.4 us, Total. 14.08 ms (0.1%)
[Performance] UpdateAllMenus                                                                                                 :        1 samples, Peak.   276 us (1.0x), Avg.   276 us, Total. 275.8 us (0.0%)
[Performance] EditorSceneManager.sceneClosing: UnityEditor.SceneVisibilityManager.EditorSceneManagerOnSceneClosing           :        1 samples, Peak.   155 us (1.0x), Avg.   155 us, Total. 154.7 us (0.0%)
[Performance] EditorSceneManager.sceneClosed: callback in UnityEditor.Search.SearchMonitor                                   :        1 samples, Peak.  37.6 us (1.0x), Avg.  37.6 us, Total. 37.58 us (0.0%)
[Performance] EditorSceneManager.activeSceneChangedInEditMode: callback in UnityEditor.Search.SearchMonitor                  :        1 samples, Peak.  15.6 us (1.0x), Avg.  15.6 us, Total. 15.58 us (0.0%)
[Performance] GUIView.RepaintAll.PlayerLoopController                                                                        :        1 samples, Peak.   666 ns (1.0x), Avg.   666 ns, Total. 666.0 ns (0.0%)
[Performance] EditorSceneManager.newSceneCreated: UnityEditor.SceneTemplate.SceneTemplateService.OnNewSceneCreated           :        1 samples, Peak.   180 us (1.0x), Avg.   180 us, Total. 180.2 us (0.0%)
[Performance] EditorSceneManager.newSceneCreated: UnityEditor.SceneVisibilityManager.EditorSceneManagerOnNewSceneCreated     :        1 samples, Peak.   104 us (1.0x), Avg.   104 us, Total. 103.5 us (0.0%)
[Performance] EditorSceneManager.newSceneCreated: UnityEditor.SceneManagement.StageNavigationManager.OnNewSceneCreated       :        1 samples, Peak.  35.8 us (1.0x), Avg.  35.8 us, Total. 35.83 us (0.0%)
[Performance] Application.InvokeFinishedLoadingProject                                                                       :        1 samples, Peak.  1.30 ms (1.0x), Avg.  1.30 ms, Total. 1.303 ms (0.0%)
[Performance] ProcessService.OnProjectLoaded                                                                                 :        1 samples, Peak.  48.5 us (1.0x), Avg.  48.5 us, Total. 48.54 us (0.0%)
[Performance] EditorApplication.quitting: UnityEditor.Search.SearchMonitor.OnQuitting                                        :        1 samples, Peak.  1.22 ms (1.0x), Avg.  1.22 ms, Total. 1.216 ms (0.0%)
[Performance] EditorApplication.quitting: callback in UnityEditor.TextCore.Text.EditorEventCallbacks                         :        1 samples, Peak.  2.74 ms (1.0x), Avg.  2.74 ms, Total. 2.739 ms (0.0%)
[Performance] Application.Shutdown.PauseProfilerSession                                                                      :        1 samples, Peak.   946 us (1.0x), Avg.   946 us, Total. 946.1 us (0.0%)
[Performance] Application.Shutdown.PauseAssetImportWorkers                                                                   :        1 samples, Peak.   323 us (1.0x), Avg.   323 us, Total. 322.7 us (0.0%)
[Performance] Application.Shutdown.SaveAssets                                                                                :        1 samples, Peak.  1.81 ms (1.0x), Avg.  1.81 ms, Total. 1.811 ms (0.0%)
[Performance] Application.Shutdown.CleanupRenderPipeline                                                                     :        1 samples, Peak.  2.17 us (1.0x), Avg.  2.17 us, Total. 2.166 us (0.0%)
[Performance] Application.Shutdown.StopPreloadManager                                                                        :        1 samples, Peak.  10.1 ms (1.0x), Avg.  10.1 ms, Total. 10.14 ms (0.1%)
[Performance] Application.Shutdown.DestroyWorld                                                                              :        1 samples, Peak.   211 us (1.0x), Avg.   211 us, Total. 211.4 us (0.0%)
[Performance] Application.Shutdown.CleanupAfterLoad                                                                          :        1 samples, Peak.  3.47 ms (1.0x), Avg.  3.47 ms, Total. 3.466 ms (0.0%)
[Performance] Application.Shutdown.Progress                                                                                  :        1 samples, Peak.  6.04 us (1.0x), Avg.  6.04 us, Total. 6.042 us (0.0%)
[Performance] Application.Shutdown.GICleanupManagers                                                                         :        1 samples, Peak.  5.37 ms (1.0x), Avg.  5.37 ms, Total. 5.372 ms (0.0%)
[Performance] Application.Shutdown.MenuCleanupClass                                                                          :        1 samples, Peak.  54.6 us (1.0x), Avg.  54.6 us, Total. 54.63 us (0.0%)
[Performance] Application.Shutdown.ADBSaveStateBeforeShutdown                                                                :        1 samples, Peak.  7.33 us (1.0x), Avg.  7.33 us, Total. 7.334 us (0.0%)
[Performance] Application.Shutdown.RemoteShutdown                                                                            :        1 samples, Peak.   709 ns (1.0x), Avg.   709 ns, Total. 709.0 ns (0.0%)
[Performance] Application.Shutdown.CleanupVCProvider                                                                         :        1 samples, Peak.  4.37 us (1.0x), Avg.  4.37 us, Total. 4.375 us (0.0%)
[Performance] Application.Shutdown.InputShutdown                                                                             :        1 samples, Peak.  99.2 us (1.0x), Avg.  99.2 us, Total. 99.17 us (0.0%)
[Performance] Application.Shutdown.GizmoManagerDestroy                                                                       :        1 samples, Peak.   515 us (1.0x), Avg.   515 us, Total. 515.5 us (0.0%)
[Performance] Application.Shutdown.ProfilerSession                                                                           :        1 samples, Peak.   847 us (1.0x), Avg.   847 us, Total. 847.1 us (0.0%)
[Performance] Application.Shutdown.ReleaseGfxWindowOnAllGUIViews                                                             :        1 samples, Peak.   542 ns (1.0x), Avg.   542 ns, Total. 542.0 ns (0.0%)
[Performance] Application.Shutdown.CleanupEngine                                                                             :        1 samples, Peak.   187 ms (1.0x), Avg.   187 ms, Total. 186.9 ms (1.2%)
[Performance] Application.Shutdown.CleanupAssetDatabase                                                                      :        1 samples, Peak.  2.19 ms (1.0x), Avg.  2.19 ms, Total. 2.186 ms (0.0%)
[Performance] Application.Shutdown.ScriptCompilationCleanUp                                                                  :        1 samples, Peak.  12.4 us (1.0x), Avg.  12.4 us, Total. 12.37 us (0.0%)
[Performance] Application.Shutdown.DestroyJobSystem                                                                          :        1 samples, Peak.  55.4 us (1.0x), Avg.  55.4 us, Total. 55.42 us (0.0%)
[Performance] Application.Shutdown.CleanupPersistentManager                                                                  :        1 samples, Peak.   515 us (1.0x), Avg.   515 us, Total. 514.5 us (0.0%)
[Performance] Application.Shutdown.CleanupAsyncReadManager                                                                   :        1 samples, Peak.  46.2 us (1.0x), Avg.  46.2 us, Total. 46.21 us (0.0%)
[Performance] Application.Shutdown.CleanupMono                                                                               :        1 samples, Peak.  39.5 ms (1.0x), Avg.  39.5 ms, Total. 39.53 ms (0.2%)
[Performance] Application.Shutdown.CleanupStdConverters                                                                      :        1 samples, Peak.  3.92 us (1.0x), Avg.  3.92 us, Total. 3.917 us (0.0%)
[Performance] Application.Shutdown.UnloadAllPlatformSupportModuleNativeDlls                                                  :        1 samples, Peak.   542 ns (1.0x), Avg.   542 ns, Total. 542.0 ns (0.0%)
[Performance] Application.Shutdown.UnloadAllPlatformSupportNativeLibraries                                                   :        1 samples, Peak.   166 ns (1.0x), Avg.   166 ns, Total. 166.0 ns (0.0%)
[Performance] Application.Shutdown.CleanupAutoDocumentation                                                                  :        1 samples, Peak.   482 us (1.0x), Avg.   482 us, Total. 482.0 us (0.0%)
[Performance] Application.Shutdown.ShaderNameManagerDestroy                                                                  :        1 samples, Peak.  25.9 us (1.0x), Avg.  25.9 us, Total. 25.92 us (0.0%)
[Performance] Application.Shutdown.CleanupCacheServer                                                                        :        1 samples, Peak.  1.88 us (1.0x), Avg.  1.88 us, Total. 1.875 us (0.0%)
[Performance] Application.Shutdown.Virtualization_Shutdown                                                                   :        1 samples, Peak.   173 us (1.0x), Avg.   173 us, Total. 172.6 us (0.0%)
[Performance] Application.Shutdown.DevConnections                                                                            :        1 samples, Peak.   192 us (1.0x), Avg.   192 us, Total. 192.0 us (0.0%)
Exiting batchmode successfully now!
[Package Manager] Server::Kill -- Server was shutdown
