Unity Editor version:    2022.3.0f1 (fb119bb0b476)
Branch:                  2022.3/release
Build type:              Release
Batch mode:              YES
macOS version:           Version 26.3.1 (a) (Build 25D771280a)
Darwin version:          25.3.0
Architecture:            arm64
Running under Rosetta:   NO
Available memory:        8192 MB
[Licensing::Module] Trying to connect to existing licensing client channel...
[Licensing::IpcConnector] Connection attempt to the License Client on channel: "LicenseClient-guribbong" failed because channel doesn't exist; code: "0x80000002"
Launching external process: /Applications/Unity/Hub/Editor/2022.3.0f1/Unity.app/Contents/Frameworks/UnityLicensingClient.app/Contents/MacOS/Unity.Licensing.Client
[Licensing::Module] Successfully launched the LicensingClient (PId: 75205)
[Licensing::IpcConnector] Successfully connected to the License Client on channel: "LicenseClient-guribbong"
[Licensing::Client] Handshaking with LicensingClient:
  Version:                 1.12.1+9338cad
  Session Id:              8335b959f31448508f55f9d12ae89a4c
  Correlation Id:          5a0c850f4691af2924675cc3c5d5df38
  External correlation Id: 2090547803931357590
  Machine Id:              kK/taOzULwH3CoqhnK6anvJ0b88=
[Licensing::Module] Successfully connected to LicensingClient on channel: "LicenseClient-guribbong" (connect: 3.09s, validation: 0.40s, handshake: 0.65s)
[Licensing::IpcConnector] Successfully connected to the License Notification on channel: "LicenseClient-guribbong-notifications"
[Licensing::Module] Connected to LicensingClient (PId: 75205, launch time: 0.00, total connection time: 4.15s)
[Licensing::Module] Error: Access token is unavailable; failed to update
[Licensing::Client] Error: Code 500 while processing request (status: Unable to update licenses. Errors: No ULF license found.,Token not found in cache)
[Licensing::Client] Error: Code 500 while updating license in client (status: Unable to update licenses. Errors: No ULF license found.,Token not found in cache)
[Licensing::Client] Successfully resolved entitlements
[Licensing::Module] Serial number assigned to: "14568638156105-UnityPersXXXX"
Pro License: NO
Launching external process: /Applications/Unity/Hub/Editor/2022.3.0f1/Unity.app/Contents/Resources/PackageManager/Server/UnityPackageManager

COMMAND LINE ARGUMENTS:
/Applications/Unity/Hub/Editor/2022.3.0f1/Unity.app/Contents/MacOS/Unity
-batchmode
-projectPath
unity/EmbodiedDebate
-executeMethod
ArgusUnity.Editor.BridgePlayModeSmoke.CaptureAndQuit
-logFile
tmp/unity-smoke.log
Successfully changed project path to: /Users/guribbong/code/Argus/unity/EmbodiedDebate
/Users/guribbong/code/Argus/unity/EmbodiedDebate
[UnityMemory] Configuration Parameters - Can be set up in boot.config
    "memorysetup-bucket-allocator-granularity=16"
    "memorysetup-bucket-allocator-bucket-count=8"
    "memorysetup-bucket-allocator-block-size=33554432"
    "memorysetup-bucket-allocator-block-count=8"
    "memorysetup-main-allocator-block-size=16777216"
    "memorysetup-thread-allocator-block-size=16777216"
    "memorysetup-gfx-main-allocator-block-size=16777216"
    "memorysetup-gfx-thread-allocator-block-size=16777216"
    "memorysetup-cache-allocator-block-size=4194304"
    "memorysetup-typetree-allocator-block-size=2097152"
    "memorysetup-profiler-bucket-allocator-granularity=16"
    "memorysetup-profiler-bucket-allocator-bucket-count=8"
    "memorysetup-profiler-bucket-allocator-block-size=33554432"
    "memorysetup-profiler-bucket-allocator-block-count=8"
    "memorysetup-profiler-allocator-block-size=16777216"
    "memorysetup-profiler-editor-allocator-block-size=1048576"
    "memorysetup-temp-allocator-size-main=16777216"
    "memorysetup-job-temp-allocator-block-size=2097152"
    "memorysetup-job-temp-allocator-block-size-background=1048576"
    "memorysetup-job-temp-allocator-reduction-small-platforms=262144"
    "memorysetup-allocator-temp-initial-block-size-main=262144"
    "memorysetup-allocator-temp-initial-block-size-worker=262144"
    "memorysetup-temp-allocator-size-background-worker=32768"
    "memorysetup-temp-allocator-size-job-worker=262144"
    "memorysetup-temp-allocator-size-preload-manager=33554432"
    "memorysetup-temp-allocator-size-nav-mesh-worker=65536"
    "memorysetup-temp-allocator-size-audio-worker=65536"
    "memorysetup-temp-allocator-size-cloud-worker=32768"
    "memorysetup-temp-allocator-size-gi-baking-worker=262144"
    "memorysetup-temp-allocator-size-gfx=262144"
Player connection [8649715968] Host "[IP] 192.168.3.1 [Port] 55496 [Flags] 2 [Guid] 2734768911 [EditorId] 2734768911 [Version] 1048832 [Id] OSXEditor(0,topabaem.local) [Debug] 1 [PackageName] OSXEditor [ProjectName] Editor" joined multi-casting on [225.0.0.222:54997]...

Player connection [8649715968] Host "[IP] 192.168.3.1 [Port] 55496 [Flags] 2 [Guid] 2734768911 [EditorId] 2734768911 [Version] 1048832 [Id] OSXEditor(0,topabaem.local) [Debug] 1 [PackageName] OSXEditor [ProjectName] Editor" joined alternative multi-casting on [225.0.0.222:34997]...

[Package Manager] UpmClient::Connect -- Connected to IPC stream "Upm-75192" after 1.7 seconds.
[Licensing::Client] Successfully resolved entitlements
[Package Manager] Restoring resolved packages state from cache
[Licensing::Client] Successfully resolved entitlement details
[Package Manager] Registered 8 packages:
  Packages from [https://packages.unity.com]:
    com.unity.nuget.newtonsoft-json@3.2.1 (location: /Users/guribbong/code/Argus/unity/EmbodiedDebate/Library/PackageCache/com.unity.nuget.newtonsoft-json@3.2.1)
    com.unity.test-framework@1.1.33 (location: /Users/guribbong/code/Argus/unity/EmbodiedDebate/Library/PackageCache/com.unity.test-framework@1.1.33)
    com.unity.ext.nunit@1.0.6 (location: /Users/guribbong/code/Argus/unity/EmbodiedDebate/Library/PackageCache/com.unity.ext.nunit@1.0.6)
  Built-in packages:
    com.unity.modules.imageconversion@1.0.0 (location: /Users/guribbong/code/Argus/unity/EmbodiedDebate/Library/PackageCache/com.unity.modules.imageconversion@1.0.0)
    com.unity.modules.physics@1.0.0 (location: /Users/guribbong/code/Argus/unity/EmbodiedDebate/Library/PackageCache/com.unity.modules.physics@1.0.0)
    com.unity.modules.unitywebrequest@1.0.0 (location: /Users/guribbong/code/Argus/unity/EmbodiedDebate/Library/PackageCache/com.unity.modules.unitywebrequest@1.0.0)
    com.unity.modules.imgui@1.0.0 (location: /Users/guribbong/code/Argus/unity/EmbodiedDebate/Library/PackageCache/com.unity.modules.imgui@1.0.0)
    com.unity.modules.jsonserialize@1.0.0 (location: /Users/guribbong/code/Argus/unity/EmbodiedDebate/Library/PackageCache/com.unity.modules.jsonserialize@1.0.0)
[Subsystems] No new subsystems found in resolved package list.
Package Manager log level set to [2]
[Package Manager] Done registering packages in 0.35 seconds
Refreshing native plugins compatible for Editor in 4.93 ms, found 0 plugins.
Preloading 0 native plugins for Editor in 0.00 ms.
Initialize engine version: 2022.3.0f1 (fb119bb0b476)
[Subsystems] Discovering subsystems at path /Applications/Unity/Hub/Editor/2022.3.0f1/Unity.app/Contents/Resources/UnitySubsystems
[Subsystems] Discovering subsystems at path /Users/guribbong/code/Argus/unity/EmbodiedDebate/Assets
GfxDevice: creating device client; threaded=0; jobified=0
 preferred device: Apple M2 (high power)
Metal devices available: 1
0: Apple M2 (high power)
Using device Apple M2 (high power)
Initializing Metal device caps: Apple M2
[Licensing::Client] Successfully resolved entitlements
Initialize mono
Mono path[0] = '/Applications/Unity/Hub/Editor/2022.3.0f1/Unity.app/Contents/Managed'
Mono path[1] = '/Applications/Unity/Hub/Editor/2022.3.0f1/Unity.app/Contents/MonoBleedingEdge/lib/mono/unityjit-macos'
Mono config path = '/Applications/Unity/Hub/Editor/2022.3.0f1/Unity.app/Contents/MonoBleedingEdge/etc'
Using monoOptions --debugger-agent=transport=dt_socket,embedding=1,server=y,suspend=n,address=127.0.0.1:56192
Using cacheserver namespaces - metadata:defaultmetadata, artifacts:defaultartifacts
Using cacheserver namespaces - metadata:defaultmetadata, artifacts:defaultartifacts
ImportWorker Server TCP listen port: 0
Begin MonoManager ReloadAssembly
Registering precompiled unity dll's ...
Register platform support module: /Applications/Unity/Hub/Editor/2022.3.0f1/Unity.app/Contents/PlaybackEngines/MacStandaloneSupport/UnityEditor.OSXStandalone.Extensions.dll
Registered in 0.001888 seconds.
- Loaded All Assemblies, in  0.309 seconds
Native extension for OSXStandalone target not found
Mono: successfully reloaded assembly
- Finished resetting the current domain, in  0.214 seconds
Domain Reload Profiling: 523ms
	BeginReloadAssembly (104ms)
		ExecutionOrderSort (0ms)
		DisableScriptedObjects (0ms)
		BackupInstance (0ms)
		ReleaseScriptingObjects (0ms)
		CreateAndSetChildDomain (1ms)
	RebuildCommonClasses (32ms)
	RebuildNativeTypeToScriptingClass (8ms)
	initialDomainReloadingComplete (43ms)
	LoadAllAssembliesAndSetupDomain (122ms)
		LoadAssemblies (101ms)
		RebuildTransferFunctionScriptingTraits (0ms)
		AnalyzeDomain (118ms)
			TypeCache.Refresh (117ms)
				TypeCache.ScanAssembly (101ms)
			ScanForSourceGeneratedMonoScriptInfo (0ms)
			ResolveRequiredComponents (1ms)
	FinalizeReload (214ms)
		ReleaseScriptCaches (0ms)
		RebuildScriptCaches (0ms)
		SetupLoadedEditorAssemblies (166ms)
			LogAssemblyErrors (0ms)
			InitializePlatformSupportModulesInManaged (6ms)
			SetLoadedEditorAssemblies (9ms)
			RefreshPlugins (0ms)
			BeforeProcessingInitializeOnLoad (2ms)
			ProcessInitializeOnLoadAttributes (110ms)
			ProcessInitializeOnLoadMethodAttributes (40ms)
			AfterProcessingInitializeOnLoad (0ms)
			EditorAssembliesLoaded (0ms)
		ExecutionOrderSort2 (0ms)
		AwakeInstancesAfterBackupRestoration (0ms)
[Licensing::Client] Successfully resolved entitlements
Application.AssetDatabase Initial Refresh Start
[40m[32minfo[39m[22m[49m: Microsoft.Hosting.Lifetime[14]
      Now listening on: http://unix:/tmp/ilpp.sock-8e16111b622e4d5ea6b5ecc926298bfd
[40m[32minfo[39m[22m[49m: Microsoft.Hosting.Lifetime[0]
      Application started. Press Ctrl+C to shut down.
[40m[32minfo[39m[22m[49m: Microsoft.Hosting.Lifetime[0]
      Hosting environment: Production
[40m[32minfo[39m[22m[49m: Microsoft.Hosting.Lifetime[0]
      Content root path: /Users/guribbong/code/Argus/unity/EmbodiedDebate/
[40m[32minfo[39m[22m[49m: Microsoft.AspNetCore.Hosting.Diagnostics[1]
      Request starting HTTP/2 POST http://ilpp/UnityILPP.PostProcessing/Ping application/grpc -
[40m[32minfo[39m[22m[49m: Microsoft.AspNetCore.Routing.EndpointMiddleware[0]
      Executing endpoint 'gRPC - /UnityILPP.PostProcessing/Ping'
[40m[32minfo[39m[22m[49m: Microsoft.AspNetCore.Routing.EndpointMiddleware[1]
      Executed endpoint 'gRPC - /UnityILPP.PostProcessing/Ping'
[40m[32minfo[39m[22m[49m: Microsoft.AspNetCore.Hosting.Diagnostics[2]
      Request finished HTTP/2 POST http://ilpp/UnityILPP.PostProcessing/Ping application/grpc - - 200 - application/grpc 71.5856ms
Starting: /Applications/Unity/Hub/Editor/2022.3.0f1/Unity.app/Contents/bee_backend --dont-print-to-structured-log --ipc --defer-dag-verification --dagfile="Library/Bee/200b0aE.dag" --continue-on-failure --profile="Library/Bee/backend1.traceevents" ScriptAssemblies
WorkingDir: /Users/guribbong/code/Argus/unity/EmbodiedDebate
DisplayProgressbar: Compiling Scripts
ExitCode: 0 Duration: 0s71ms
*** Tundra build success (0.04 seconds), 0 items updated, 137 evaluated
Total cache size 1512040
Total cache size after purge 1512040
AssetDatabase: script compilation time: 1.177721s
Begin MonoManager ReloadAssembly
Symbol file LoadedFromMemory is not a mono symbol file
- Loaded All Assemblies, in  0.361 seconds
Refreshing native plugins compatible for Editor in 0.23 ms, found 0 plugins.
Preloading 0 native plugins for Editor in 0.00 ms.
Refreshing native plugins compatible for Editor in 0.20 ms, found 0 plugins.
Native extension for OSXStandalone target not found
Mono: successfully reloaded assembly
- Finished resetting the current domain, in  0.204 seconds
Domain Reload Profiling: 566ms
	BeginReloadAssembly (135ms)
		ExecutionOrderSort (0ms)
		DisableScriptedObjects (4ms)
		BackupInstance (0ms)
		ReleaseScriptingObjects (0ms)
		CreateAndSetChildDomain (29ms)
	RebuildCommonClasses (23ms)
	RebuildNativeTypeToScriptingClass (9ms)
	initialDomainReloadingComplete (21ms)
	LoadAllAssembliesAndSetupDomain (172ms)
		LoadAssemblies (154ms)
		RebuildTransferFunctionScriptingTraits (0ms)
		AnalyzeDomain (98ms)
			TypeCache.Refresh (96ms)
				TypeCache.ScanAssembly (89ms)
			ScanForSourceGeneratedMonoScriptInfo (2ms)
			ResolveRequiredComponents (1ms)
	FinalizeReload (205ms)
		ReleaseScriptCaches (0ms)
		RebuildScriptCaches (0ms)
		SetupLoadedEditorAssemblies (121ms)
			LogAssemblyErrors (0ms)
			InitializePlatformSupportModulesInManaged (2ms)
			SetLoadedEditorAssemblies (2ms)
			RefreshPlugins (0ms)
			BeforeProcessingInitializeOnLoad (17ms)
			ProcessInitializeOnLoadAttributes (85ms)
			ProcessInitializeOnLoadMethodAttributes (14ms)
			AfterProcessingInitializeOnLoad (1ms)
			EditorAssembliesLoaded (0ms)
		ExecutionOrderSort2 (0ms)
		AwakeInstancesAfterBackupRestoration (5ms)
Asset Pipeline Refresh (id=49624c68ab32f4707af8c0ea79bb10e9): Total: 2.011 seconds - Initiated by InitialRefreshV2(ForceSynchronousImport)
	Summary:
		Imports: total=4 (actual=0, local cache=4, cache server=0)
		Asset DB Process Time: managed=0 ms, native=243 ms
		Asset DB Callback time: managed=12 ms, native=0 ms
		Scripting: domain reloads=1, domain reload time=572 ms, compile time=1178 ms, other=3 ms
		Project Asset Count: scripts=425, non-scripts=135
		Asset File Changes: new=0, changed=0, moved=0, deleted=0
		Scan Filter Count: 1
	InvokeBeforeRefreshCallbacks: 0.404ms
	ApplyChangesToAssetFolders: 0.011ms
	Scan: 105.368ms
	OnSourceAssetsModified: 0.001ms
	GetAllGuidsForCategorization: 0.028ms
	CategorizeAssets: 9.272ms
	ImportOutOfDateAssets: 209.251ms (-970.315ms without children)
		CompileScripts: 1177.797ms
		ReloadNativeAssets: 0.000ms
		UnloadImportedAssets: 0.806ms
		EnsureUptoDateAssetsAreRegisteredWithGuidPM: 0.100ms
		InitializingProgressBar: 0.000ms
		PostProcessAllAssetNotificationsAddChangedAssets: 0.000ms
		OnDemandSchedulerStart: 0.862ms
	PostProcessAllAssets: 12.997ms
	GatherAllCurrentPrimaryArtifactRevisions: 0.000ms
	UnloadStreamsBegin: 0.157ms
	PersistCurrentRevisions: 0.016ms
	UnloadStreamsEnd: 0.003ms
	GenerateScriptTypeHashes: 0.010ms
	Untracked: 1673.459ms
Application.AssetDatabase Initial Refresh End
Launching external process: /Applications/Unity/Hub/Editor/2022.3.0f1/Unity.app/Contents/Tools/UnityShaderCompiler
Launched and connected shader compiler UnityShaderCompiler after 0.36 seconds
Scanning for USB devices : 0.172ms
Initializing Unity extensions:
[Licensing::Client] Successfully resolved entitlements
[MODES] ModeService[none].Initialize
[MODES] ModeService[none].LoadModes
[MODES] Loading mode Default (0) for mode-current-id-EmbodiedDebate
ProgressiveSceneManager::Cancel()
Unloading 3 Unused Serialized files (Serialized files now loaded: 0)
Unloading 22 unused Assets / (372.8 KB). Loaded Objects now: 839.
Memory consumption went from 81.3 MB to 80.9 MB.
Total: 4.355584 ms (FindLiveObjects: 0.215792 ms CreateObjectMapping: 0.008375 ms MarkObjects: 3.840041 ms  DeleteObjects: 0.290584 ms)

ArgusUnity.Editor.BridgePlayModeSmoke: capture path=/Users/guribbong/code/Argus/tmp/unity_main_simulation.png
UnityEngine.StackTraceUtility:ExtractStackTrace () (at /Users/bokken/build/output/unity/unity/Runtime/Export/Scripting/StackTrace.cs:37)
UnityEngine.DebugLogHandler:LogFormat (UnityEngine.LogType,UnityEngine.Object,string,object[])
UnityEngine.Logger:Log (UnityEngine.LogType,object)
UnityEngine.Debug:Log (object)
ArgusUnity.Editor.BridgePlayModeSmoke:CaptureAndQuit () (at Assets/Editor/BridgePlayModeSmoke.cs:28)

(Filename: Assets/Editor/BridgePlayModeSmoke.cs Line: 28)

Opening scene 'Assets/Project/Scenes/MainSimulation.unity'
Unloading 0 Unused Serialized files (Serialized files now loaded: 0)
Loaded scene 'Assets/Project/Scenes/MainSimulation.unity'
	Deserialize:            4.362 ms
	Integration:            9.214 ms
	Integration of assets:  0.003 ms
	Thread Wait Time:       0.006 ms
	Total Operation Time:   13.585 ms
Unloading 2 unused Assets / (1.3 KB). Loaded Objects now: 860.
Memory consumption went from 80.1 MB to 80.1 MB.
Total: 2.993584 ms (FindLiveObjects: 0.034583 ms CreateObjectMapping: 0.007834 ms MarkObjects: 2.927333 ms  DeleteObjects: 0.023084 ms)

[Project] Loading completed in 11.536 seconds
	Project init time: 				6.401 seconds
		Template init time: 		0.000 seconds
		Package Manager init time: 		1.682 seconds
		Asset Database init time: 		0.663 seconds
		Global illumination init time: 	0.007 seconds
		Assemblies load time: 			0.528 seconds
		Unity extensions init time: 	0.001 seconds
		Asset Database refresh time: 	0.000 seconds
	Scene opening time: 			0.170 seconds
##utp:{"type":"ProjectInfo","version":2,"phase":"Immediate","time":1777966491010,"processId":75192,"projectLoad":11.535926125000002,"projectInit":6.4007045,"templateInit":0.0,"packageManagerInit":1.681826583,"assetDatabaseInit":0.663348917,"globalIlluminationInit":0.006723584,"assembliesLoad":0.527803584,"unityExtensionsInit":0.000707625,"assetDatabaseRefresh":0.0,"sceneOpening":0.169822792}
##utp:{"type":"EditorInfo","version":2,"phase":"Immediate","time":1777966491010,"processId":75192,"editorVersion":"2022.3.0f1 (fb119bb0b476)","branch":"2022.3/release","buildType":"Release","platform":"OSX"}
Subscribe to USB device events
Scanning for USB devices : 0.133ms
Thread 0x32bec7000 may have been prematurely finalized
Reloading assemblies for play mode.
Reloading assemblies after forced synchronous recompile.
Begin MonoManager ReloadAssembly
Symbol file LoadedFromMemory is not a mono symbol file
- Loaded All Assemblies, in  0.174 seconds
Refreshing native plugins compatible for Editor in 0.17 ms, found 0 plugins.
Native extension for OSXStandalone target not found
Mono: successfully reloaded assembly
- Finished resetting the current domain, in  0.207 seconds
Domain Reload Profiling: 382ms
	BeginReloadAssembly (121ms)
		ExecutionOrderSort (0ms)
		DisableScriptedObjects (3ms)
		BackupInstance (0ms)
		ReleaseScriptingObjects (0ms)
		CreateAndSetChildDomain (38ms)
	RebuildCommonClasses (24ms)
	RebuildNativeTypeToScriptingClass (8ms)
	initialDomainReloadingComplete (14ms)
	LoadAllAssembliesAndSetupDomain (6ms)
		LoadAssemblies (71ms)
		RebuildTransferFunctionScriptingTraits (0ms)
		AnalyzeDomain (1ms)
			TypeCache.Refresh (0ms)
				TypeCache.ScanAssembly (0ms)
			ScanForSourceGeneratedMonoScriptInfo (0ms)
			ResolveRequiredComponents (1ms)
	FinalizeReload (208ms)
		ReleaseScriptCaches (0ms)
		RebuildScriptCaches (0ms)
		SetupLoadedEditorAssemblies (118ms)
			LogAssemblyErrors (0ms)
			InitializePlatformSupportModulesInManaged (2ms)
			SetLoadedEditorAssemblies (4ms)
			RefreshPlugins (0ms)
			BeforeProcessingInitializeOnLoad (16ms)
			ProcessInitializeOnLoadAttributes (83ms)
			ProcessInitializeOnLoadMethodAttributes (13ms)
			AfterProcessingInitializeOnLoad (1ms)
			EditorAssembliesLoaded (0ms)
		ExecutionOrderSort2 (0ms)
		AwakeInstancesAfterBackupRestoration (4ms)
Asset Pipeline Refresh (id=6596cb177c9c64afaa2c3e91e9977c98): Total: 0.423 seconds - Initiated by StopAssetImportingV2(ForceSynchronousImport | ForceDomainReload)
	Summary:
		Imports: total=0 (actual=0, local cache=0, cache server=0)
		Asset DB Process Time: managed=0 ms, native=29 ms
		Asset DB Callback time: managed=7 ms, native=0 ms
		Scripting: domain reloads=1, domain reload time=385 ms, compile time=0 ms, other=0 ms
		Project Asset Count: scripts=425, non-scripts=135
		Asset File Changes: new=0, changed=0, moved=0, deleted=0
		Scan Filter Count: 0
	InvokeBeforeRefreshCallbacks: 0.612ms
	ApplyChangesToAssetFolders: 0.015ms
	Scan: 0.000ms
	OnSourceAssetsModified: 0.001ms
	GetAllGuidsForCategorization: 0.038ms
	CategorizeAssets: 1.606ms
	ImportOutOfDateAssets: 209.826ms (209.560ms without children)
		CompileScripts: 0.014ms
		CollectScriptTypesHashes: 0.000ms
		ReloadNativeAssets: 0.000ms
		UnloadImportedAssets: 0.060ms
		EnsureUptoDateAssetsAreRegisteredWithGuidPM: 0.088ms
		InitializingProgressBar: 0.000ms
		PostProcessAllAssetNotificationsAddChangedAssets: 0.000ms
		OnDemandSchedulerStart: 0.103ms
	PostProcessAllAssets: 7.250ms
	GatherAllCurrentPrimaryArtifactRevisions: 0.056ms
	UnloadStreamsBegin: 0.047ms
	PersistCurrentRevisions: 0.016ms
	UnloadStreamsEnd: 0.002ms
	GenerateScriptTypeHashes: 0.004ms
	Untracked: 203.470ms
SimulationBootstrap: Loaded robot model from Resources/UserModels/Idle.
UnityEngine.StackTraceUtility:ExtractStackTrace () (at /Users/bokken/build/output/unity/unity/Runtime/Export/Scripting/StackTrace.cs:37)
UnityEngine.DebugLogHandler:LogFormat (UnityEngine.LogType,UnityEngine.Object,string,object[])
UnityEngine.Logger:Log (UnityEngine.LogType,object)
UnityEngine.Debug:Log (object)
ArgusUnity.Runtime.SimulationBootstrap:LoadRobotPrefab (string) (at Assets/Project/Scripts/Runtime/SimulationBootstrap.cs:94)
ArgusUnity.Runtime.SimulationBootstrap:Awake () (at Assets/Project/Scripts/Runtime/SimulationBootstrap.cs:42)

(Filename: Assets/Project/Scripts/Runtime/SimulationBootstrap.cs Line: 94)

AudioListener component deleted: Component belongs to a disabled built-in package.
Loaded scene 'Temp/__Backupscenes/0.backup'
	Deserialize:            0.541 ms
	Integration:            14.515 ms
	Integration of assets:  0.001 ms
	Thread Wait Time:       0.004 ms
	Total Operation Time:   15.061 ms
MiniBotWalkAnimator: walking bones leftFoot=True, rightFoot=True, leftLeg=True, rightLeg=True.
UnityEngine.StackTraceUtility:ExtractStackTrace () (at /Users/bokken/build/output/unity/unity/Runtime/Export/Scripting/StackTrace.cs:37)
UnityEngine.DebugLogHandler:LogFormat (UnityEngine.LogType,UnityEngine.Object,string,object[])
UnityEngine.Logger:Log (UnityEngine.LogType,object)
UnityEngine.Debug:Log (object)
ArgusUnity.Runtime.MiniBotWalkAnimator:Awake () (at Assets/Project/Scripts/Runtime/MiniBotWalkAnimator.cs:34)
UnityEngine.GameObject:AddComponent (System.Type) (at /Users/bokken/build/output/unity/unity/Runtime/Export/Scripting/GameObject.bindings.cs:235)
UnityEngine.GameObject:AddComponent<ArgusUnity.Runtime.MiniBotWalkAnimator> () (at /Users/bokken/build/output/unity/unity/Runtime/Export/Scripting/GameObject.bindings.cs:240)
ArgusUnity.Runtime.AgentSpawnHandler:OnAgentSpawn (ArgusUnity.Bridge.BridgeEnvelope) (at Assets/Project/Scripts/Runtime/AgentSpawnHandler.cs:86)
ArgusUnity.Scene.SimulationSceneOrchestrator:TryHandle (ArgusUnity.Bridge.BridgeEnvelope,ArgusUnity.Bridge.StructuredError&) (at Assets/Project/Scripts/Scene/SimulationSceneOrchestrator.cs:31)
ArgusUnity.Runtime.DemoSpawner:DispatchSpawn (string,string,int) (at Assets/Project/Scripts/Runtime/DemoSpawner.cs:137)
ArgusUnity.Runtime.DemoSpawner:Start () (at Assets/Project/Scripts/Runtime/DemoSpawner.cs:62)

(Filename: Assets/Project/Scripts/Runtime/MiniBotWalkAnimator.cs Line: 34)

MiniBotWalkAnimator: walking bones leftFoot=True, rightFoot=True, leftLeg=True, rightLeg=True.
UnityEngine.StackTraceUtility:ExtractStackTrace () (at /Users/bokken/build/output/unity/unity/Runtime/Export/Scripting/StackTrace.cs:37)
UnityEngine.DebugLogHandler:LogFormat (UnityEngine.LogType,UnityEngine.Object,string,object[])
UnityEngine.Logger:Log (UnityEngine.LogType,object)
UnityEngine.Debug:Log (object)
ArgusUnity.Runtime.MiniBotWalkAnimator:Awake () (at Assets/Project/Scripts/Runtime/MiniBotWalkAnimator.cs:34)
UnityEngine.GameObject:AddComponent (System.Type) (at /Users/bokken/build/output/unity/unity/Runtime/Export/Scripting/GameObject.bindings.cs:235)
UnityEngine.GameObject:AddComponent<ArgusUnity.Runtime.MiniBotWalkAnimator> () (at /Users/bokken/build/output/unity/unity/Runtime/Export/Scripting/GameObject.bindings.cs:240)
ArgusUnity.Runtime.AgentSpawnHandler:OnAgentSpawn (ArgusUnity.Bridge.BridgeEnvelope) (at Assets/Project/Scripts/Runtime/AgentSpawnHandler.cs:86)
ArgusUnity.Scene.SimulationSceneOrchestrator:TryHandle (ArgusUnity.Bridge.BridgeEnvelope,ArgusUnity.Bridge.StructuredError&) (at Assets/Project/Scripts/Scene/SimulationSceneOrchestrator.cs:31)
ArgusUnity.Runtime.DemoSpawner:DispatchSpawn (string,string,int) (at Assets/Project/Scripts/Runtime/DemoSpawner.cs:137)
ArgusUnity.Runtime.DemoSpawner:Start () (at Assets/Project/Scripts/Runtime/DemoSpawner.cs:62)

(Filename: Assets/Project/Scripts/Runtime/MiniBotWalkAnimator.cs Line: 34)

MiniBotWalkAnimator: walking bones leftFoot=True, rightFoot=True, leftLeg=True, rightLeg=True.
UnityEngine.StackTraceUtility:ExtractStackTrace () (at /Users/bokken/build/output/unity/unity/Runtime/Export/Scripting/StackTrace.cs:37)
UnityEngine.DebugLogHandler:LogFormat (UnityEngine.LogType,UnityEngine.Object,string,object[])
UnityEngine.Logger:Log (UnityEngine.LogType,object)
UnityEngine.Debug:Log (object)
ArgusUnity.Runtime.MiniBotWalkAnimator:Awake () (at Assets/Project/Scripts/Runtime/MiniBotWalkAnimator.cs:34)
UnityEngine.GameObject:AddComponent (System.Type) (at /Users/bokken/build/output/unity/unity/Runtime/Export/Scripting/GameObject.bindings.cs:235)
UnityEngine.GameObject:AddComponent<ArgusUnity.Runtime.MiniBotWalkAnimator> () (at /Users/bokken/build/output/unity/unity/Runtime/Export/Scripting/GameObject.bindings.cs:240)
ArgusUnity.Runtime.AgentSpawnHandler:OnAgentSpawn (ArgusUnity.Bridge.BridgeEnvelope) (at Assets/Project/Scripts/Runtime/AgentSpawnHandler.cs:86)
ArgusUnity.Scene.SimulationSceneOrchestrator:TryHandle (ArgusUnity.Bridge.BridgeEnvelope,ArgusUnity.Bridge.StructuredError&) (at Assets/Project/Scripts/Scene/SimulationSceneOrchestrator.cs:31)
ArgusUnity.Runtime.DemoSpawner:DispatchSpawn (string,string,int) (at Assets/Project/Scripts/Runtime/DemoSpawner.cs:137)
ArgusUnity.Runtime.DemoSpawner:Start () (at Assets/Project/Scripts/Runtime/DemoSpawner.cs:62)

(Filename: Assets/Project/Scripts/Runtime/MiniBotWalkAnimator.cs Line: 34)

MiniBotWalkAnimator: walking bones leftFoot=True, rightFoot=True, leftLeg=True, rightLeg=True.
UnityEngine.StackTraceUtility:ExtractStackTrace () (at /Users/bokken/build/output/unity/unity/Runtime/Export/Scripting/StackTrace.cs:37)
UnityEngine.DebugLogHandler:LogFormat (UnityEngine.LogType,UnityEngine.Object,string,object[])
UnityEngine.Logger:Log (UnityEngine.LogType,object)
UnityEngine.Debug:Log (object)
ArgusUnity.Runtime.MiniBotWalkAnimator:Awake () (at Assets/Project/Scripts/Runtime/MiniBotWalkAnimator.cs:34)
UnityEngine.GameObject:AddComponent (System.Type) (at /Users/bokken/build/output/unity/unity/Runtime/Export/Scripting/GameObject.bindings.cs:235)
UnityEngine.GameObject:AddComponent<ArgusUnity.Runtime.MiniBotWalkAnimator> () (at /Users/bokken/build/output/unity/unity/Runtime/Export/Scripting/GameObject.bindings.cs:240)
ArgusUnity.Runtime.AgentSpawnHandler:OnAgentSpawn (ArgusUnity.Bridge.BridgeEnvelope) (at Assets/Project/Scripts/Runtime/AgentSpawnHandler.cs:86)
ArgusUnity.Scene.SimulationSceneOrchestrator:TryHandle (ArgusUnity.Bridge.BridgeEnvelope,ArgusUnity.Bridge.StructuredError&) (at Assets/Project/Scripts/Scene/SimulationSceneOrchestrator.cs:31)
ArgusUnity.Runtime.DemoSpawner:DispatchSpawn (string,string,int) (at Assets/Project/Scripts/Runtime/DemoSpawner.cs:137)
ArgusUnity.Runtime.DemoSpawner:Start () (at Assets/Project/Scripts/Runtime/DemoSpawner.cs:62)

(Filename: Assets/Project/Scripts/Runtime/MiniBotWalkAnimator.cs Line: 34)

MiniBotWalkAnimator: walking bones leftFoot=True, rightFoot=True, leftLeg=True, rightLeg=True.
UnityEngine.StackTraceUtility:ExtractStackTrace () (at /Users/bokken/build/output/unity/unity/Runtime/Export/Scripting/StackTrace.cs:37)
UnityEngine.DebugLogHandler:LogFormat (UnityEngine.LogType,UnityEngine.Object,string,object[])
UnityEngine.Logger:Log (UnityEngine.LogType,object)
UnityEngine.Debug:Log (object)
ArgusUnity.Runtime.MiniBotWalkAnimator:Awake () (at Assets/Project/Scripts/Runtime/MiniBotWalkAnimator.cs:34)
UnityEngine.GameObject:AddComponent (System.Type) (at /Users/bokken/build/output/unity/unity/Runtime/Export/Scripting/GameObject.bindings.cs:235)
UnityEngine.GameObject:AddComponent<ArgusUnity.Runtime.MiniBotWalkAnimator> () (at /Users/bokken/build/output/unity/unity/Runtime/Export/Scripting/GameObject.bindings.cs:240)
ArgusUnity.Runtime.AgentSpawnHandler:OnAgentSpawn (ArgusUnity.Bridge.BridgeEnvelope) (at Assets/Project/Scripts/Runtime/AgentSpawnHandler.cs:86)
ArgusUnity.Scene.SimulationSceneOrchestrator:TryHandle (ArgusUnity.Bridge.BridgeEnvelope,ArgusUnity.Bridge.StructuredError&) (at Assets/Project/Scripts/Scene/SimulationSceneOrchestrator.cs:31)
ArgusUnity.Runtime.DemoSpawner:DispatchSpawn (string,string,int) (at Assets/Project/Scripts/Runtime/DemoSpawner.cs:137)
ArgusUnity.Runtime.DemoSpawner:Start () (at Assets/Project/Scripts/Runtime/DemoSpawner.cs:62)

(Filename: Assets/Project/Scripts/Runtime/MiniBotWalkAnimator.cs Line: 34)

[MODES] ModeService[none].Initialize
[MODES] ModeService[none].LoadModes
[MODES] Loading mode Default (0) for mode-current-id-EmbodiedDebate
Created GICache directory at /Users/guribbong/Library/Caches/com.unity3d.UnityEditor/GiCache. Took: 0.003s, timestamps: [13.072 - 13.075]
Setting up 4 worker threads for Enlighten.
ArgusSmoke: capturing /Users/guribbong/code/Argus/tmp/unity_main_simulation.png after 1201 frames.
UnityEngine.StackTraceUtility:ExtractStackTrace () (at /Users/bokken/build/output/unity/unity/Runtime/Export/Scripting/StackTrace.cs:37)
UnityEngine.DebugLogHandler:LogFormat (UnityEngine.LogType,UnityEngine.Object,string,object[])
UnityEngine.Logger:Log (UnityEngine.LogType,object)
UnityEngine.Debug:Log (object)
ArgusUnity.Runtime.SmokeScreenshot:LateUpdate () (at Assets/Project/Scripts/Runtime/SmokeScreenshot.cs:44)

(Filename: Assets/Project/Scripts/Runtime/SmokeScreenshot.cs Line: 44)

ArgusSmoke: wrote 1280x720 PNG to /Users/guribbong/code/Argus/tmp/unity_main_simulation.png
UnityEngine.StackTraceUtility:ExtractStackTrace () (at /Users/bokken/build/output/unity/unity/Runtime/Export/Scripting/StackTrace.cs:37)
UnityEngine.DebugLogHandler:LogFormat (UnityEngine.LogType,UnityEngine.Object,string,object[])
UnityEngine.Logger:Log (UnityEngine.LogType,object)
UnityEngine.Debug:Log (object)
ArgusUnity.Runtime.SmokeScreenshot:CaptureMainCameraToPng (string,int,int) (at Assets/Project/Scripts/Runtime/SmokeScreenshot.cs:114)
ArgusUnity.Runtime.SmokeScreenshot:LateUpdate () (at Assets/Project/Scripts/Runtime/SmokeScreenshot.cs:46)

(Filename: Assets/Project/Scripts/Runtime/SmokeScreenshot.cs Line: 114)

Thread 0x32c687000 may have been prematurely finalized
Unloading 3 Unused Serialized files (Serialized files now loaded: 0)
Loaded scene 'Temp/__Backupscenes/0.backup'
	Deserialize:            0.493 ms
	Integration:            2.749 ms
	Integration of assets:  0.001 ms
	Thread Wait Time:       0.004 ms
	Total Operation Time:   3.246 ms
Unloading 68 unused Assets / (1.8 MB). Loaded Objects now: 871.
Memory consumption went from 82.2 MB to 80.4 MB.
Total: 2.639750 ms (FindLiveObjects: 0.038042 ms CreateObjectMapping: 0.008875 ms MarkObjects: 2.502208 ms  DeleteObjects: 0.090250 ms)

[UnityConnectServicesConfig] config is NOT valid, switching to default
gi::BakeBackendSwitch: switching bake backend from 3 to 2.
Thread 0x341347000 may have been prematurely finalized
[Licensing::IpcConnector] License Notification channel disconnected successfully.
[Licensing::IpcConnector] License Client channel disconnected successfully.
Thread 0x178553000 may have been prematurely finalized
Cleanup mono
[40m[32minfo[39m[22m[49m: Microsoft.Hosting.Lifetime[0]
      Application is shutting down...
debugger-agent: Unable to listen on 48
[Performance] Application.InitializeProject                                                                                                      :        1 samples, Peak.  6.40 s (1.0x), Avg.  6.40 s, Total. 6.400 s (45.4%)
[Performance] Application.PackageManager.StartServer                                                                                             :        1 samples, Peak.  7.32 ms (1.0x), Avg.  7.32 ms, Total. 7.317 ms (0.1%)
[Performance] Application.AcquireProjectLock                                                                                                     :        1 samples, Peak.  4.40 ms (1.0x), Avg.  4.40 ms, Total. 4.400 ms (0.0%)
[Performance] Application.InitializeEngineNoGraphics                                                                                             :        1 samples, Peak.   135 ms (1.0x), Avg.   135 ms, Total. 135.2 ms (1.0%)
[Performance] Application.PackageManager.Initialize                                                                                              :        1 samples, Peak.  1.68 s (1.0x), Avg.  1.68 s, Total. 1.682 s (11.9%)
[Performance] Connecting to Package Manager                                                                                                      :      169 samples, Peak.   255 us (86.3x), Avg.  2.96 us, Total. 500.5 us (0.0%)
[Performance] Application.EngineGraphics.Initialize                                                                                              :        1 samples, Peak.  69.1 ms (1.0x), Avg.  69.1 ms, Total. 69.15 ms (0.5%)
[Performance] Application.GI.Initialize                                                                                                          :        1 samples, Peak.  6.87 ms (1.0x), Avg.  6.87 ms, Total. 6.873 ms (0.0%)
[Performance] Application.LoadAllDefaultResourcesFromEditor                                                                                      :        1 samples, Peak.  3.38 ms (1.0x), Avg.  3.38 ms, Total. 3.375 ms (0.0%)
[Performance] Application.LoadMonoAssemblies                                                                                                     :        1 samples, Peak.   528 ms (1.0x), Avg.   528 ms, Total. 527.8 ms (3.7%)
[Performance] RestoreManagedReferences                                                                                                           :        3 samples, Peak.  39.5 ms (1.6x), Avg.  24.1 ms, Total. 72.30 ms (0.5%)
[Performance] InitializeOnLoad ProjectSearch                                                                                                     :        3 samples, Peak.   719 us (1.8x), Avg.   401 us, Total. 1.202 ms (0.0%)
[Performance] InitializeOnLoad AssetStoreContext                                                                                                 :        3 samples, Peak.  17.1 ms (1.1x), Avg.  14.9 ms, Total. 44.85 ms (0.3%)
[Performance] InitializeOnLoad SearchService                                                                                                     :        3 samples, Peak.   105 us (1.3x), Avg.  83.8 us, Total. 251.5 us (0.0%)
[Performance] InitializeOnLoad ObjectSelectorSearch                                                                                              :        3 samples, Peak.   201 us (1.1x), Avg.   175 us, Total. 525.7 us (0.0%)
[Performance] InitializeOnLoad NativeFormatImporterUtility                                                                                       :        3 samples, Peak.  2.64 ms (1.6x), Avg.  1.64 ms, Total. 4.920 ms (0.0%)
[Performance] InitializeOnLoad ManagedDebuggerWindow                                                                                             :        3 samples, Peak.   700 us (1.3x), Avg.   550 us, Total. 1.651 ms (0.0%)
[Performance] InitializeOnLoad PrefabInstanceChangedListener                                                                                     :        3 samples, Peak.   724 us (1.4x), Avg.   527 us, Total. 1.580 ms (0.0%)
[Performance] InitializeOnLoad ManagedDebugger                                                                                                   :        3 samples, Peak.   458 ns (1.2x), Avg.   389 ns, Total. 1.166 us (0.0%)
[Performance] InitializeOnLoad CloudBuild                                                                                                        :        3 samples, Peak.  3.42 us (1.4x), Avg.  2.36 us, Total. 7.082 us (0.0%)
[Performance] InitializeOnLoad Collab                                                                                                            :        3 samples, Peak.  7.93 ms (1.4x), Avg.  5.55 ms, Total. 16.65 ms (0.1%)
[Performance] InitializeOnLoad ShortcutIntegration                                                                                               :        3 samples, Peak.  56.3 us (1.2x), Avg.  47.2 us, Total. 141.7 us (0.0%)
[Performance] InitializeOnLoad MixerEffectDefinitionReloader                                                                                     :        3 samples, Peak.  3.90 ms (1.9x), Avg.  2.09 ms, Total. 6.283 ms (0.0%)
[Performance] InitializeOnLoad DrivenRectTransformUndo                                                                                           :        3 samples, Peak.   275 us (1.4x), Avg.   204 us, Total. 611.2 us (0.0%)
[Performance] InitializeOnLoad WindowLayout                                                                                                      :        3 samples, Peak.   427 us (1.2x), Avg.   356 us, Total. 1.069 ms (0.0%)
[Performance] InitializeOnLoad SettingsService                                                                                                   :        3 samples, Peak.  9.25 us (1.6x), Avg.  5.87 us, Total. 17.62 us (0.0%)
[Performance] InitializeOnLoad CacheServerWindow                                                                                                 :        3 samples, Peak.  57.3 us (2.4x), Avg.  24.3 us, Total. 72.96 us (0.0%)
[Performance] InitializeOnLoad MenuItems                                                                                                         :        3 samples, Peak.   419 us (2.3x), Avg.   182 us, Total. 546.0 us (0.0%)
[Performance] InitializeOnLoad CheckNavigationPackage                                                                                            :        3 samples, Peak.  1.58 ms (2.4x), Avg.   660 us, Total. 1.981 ms (0.0%)
[Performance] InitializeOnLoad UISystemProfilerRenderService                                                                                     :        3 samples, Peak.  7.71 us (1.1x), Avg.  6.82 us, Total. 20.46 us (0.0%)
[Performance] InitializeOnLoad EditMode                                                                                                          :        3 samples, Peak.  2.66 ms (2.5x), Avg.  1.05 ms, Total. 3.159 ms (0.0%)
[Performance] InitializeOnLoad UnityConnect                                                                                                      :        3 samples, Peak.  43.6 us (1.3x), Avg.  33.8 us, Total. 101.5 us (0.0%)
[Performance] InitializeOnLoad AddComponentWindow                                                                                                :        3 samples, Peak.  78.2 us (1.1x), Avg.  73.0 us, Total. 219.0 us (0.0%)
[Performance] InitializeOnLoad PlayModeDownload                                                                                                  :        3 samples, Peak.  3.64 ms (2.7x), Avg.  1.33 ms, Total. 3.992 ms (0.0%)
[Performance] InitializeOnLoad SceneSearch                                                                                                       :        3 samples, Peak.  77.3 us (1.4x), Avg.  54.2 us, Total. 162.7 us (0.0%)
[Performance] InitializeOnLoad EditorDelegateRegistration                                                                                        :        3 samples, Peak.  1.27 ms (1.5x), Avg.   825 us, Total. 2.475 ms (0.0%)
[Performance] InitializeOnLoad UxmlObjectEditorFactories                                                                                         :        3 samples, Peak.   523 us (1.4x), Avg.   363 us, Total. 1.089 ms (0.0%)
[Performance] InitializeOnLoad RetainedMode                                                                                                      :        3 samples, Peak.  3.89 ms (1.7x), Avg.  2.31 ms, Total. 6.944 ms (0.0%)
[Performance] InitializeOnLoad EditorShaderLoader                                                                                                :        3 samples, Peak.   686 us (1.4x), Avg.   476 us, Total. 1.427 ms (0.0%)
[Performance] InitializeOnLoad UIDocumentHierarchyWatcher                                                                                        :        3 samples, Peak.   184 us (2.1x), Avg.  89.1 us, Total. 267.3 us (0.0%)
[Performance] InitializeOnLoad EditorMonitor                                                                                                     :        3 samples, Peak.   182 us (1.6x), Avg.   117 us, Total. 351.1 us (0.0%)
[Performance] InitializeOnLoad LiveReloadTrackerCreator                                                                                          :        3 samples, Peak.   160 us (1.3x), Avg.   119 us, Total. 357.4 us (0.0%)
[Performance] InitializeOnLoad UXMLEditorFactories                                                                                               :        3 samples, Peak.  40.7 ms (1.1x), Avg.  38.0 ms, Total. 114.1 ms (0.8%)
[Performance] InitializeOnLoad ServicesRepository                                                                                                :        3 samples, Peak.   502 us (1.0x), Avg.   491 us, Total. 1.474 ms (0.0%)
[Performance] InitializeOnLoad UDPService                                                                                                        :        3 samples, Peak.  1.49 ms (1.2x), Avg.  1.29 ms, Total. 3.865 ms (0.0%)
[Performance] InitializeOnLoad EditorGameServicesAnalytics                                                                                       :        3 samples, Peak.  1.25 ms (1.5x), Avg.   842 us, Total. 2.527 ms (0.0%)
[Performance] InitializeOnLoad CloudBuildPoller                                                                                                  :        3 samples, Peak.  63.2 us (1.0x), Avg.  62.2 us, Total. 186.5 us (0.0%)
[Performance] InitializeOnLoad BuildService                                                                                                      :        3 samples, Peak.   964 us (1.5x), Avg.   658 us, Total. 1.974 ms (0.0%)
[Performance] InitializeOnLoad CollabService                                                                                                     :        3 samples, Peak.   443 us (1.0x), Avg.   433 us, Total. 1.300 ms (0.0%)
[Performance] InitializeOnLoad PurchasingService                                                                                                 :        3 samples, Peak.  4.78 ms (1.1x), Avg.  4.18 ms, Total. 12.53 ms (0.1%)
[Performance] InitializeOnLoad CrashService                                                                                                      :        3 samples, Peak.   571 us (1.1x), Avg.   508 us, Total. 1.524 ms (0.0%)
[Performance] InitializeOnLoad AdsService                                                                                                        :        3 samples, Peak.   632 us (1.0x), Avg.   610 us, Total. 1.831 ms (0.0%)
[Performance] InitializeOnLoad AnalyticsService                                                                                                  :        3 samples, Peak.  1.25 ms (1.8x), Avg.   702 us, Total. 2.105 ms (0.0%)
[Performance] InitializeOnLoad SearchWindow                                                                                                      :        3 samples, Peak.  87.3 us (1.0x), Avg.  83.8 us, Total. 251.4 us (0.0%)
[Performance] InitializeOnLoad SearchMonitor                                                                                                     :        3 samples, Peak.  9.65 ms (2.0x), Avg.  4.79 ms, Total. 14.36 ms (0.1%)
[Performance] InitializeOnLoad ParameterControllerEditor                                                                                         :        3 samples, Peak.   177 us (2.6x), Avg.  68.4 us, Total. 205.2 us (0.0%)
[Performance] InitializeOnLoad LayerSettingsWindow                                                                                               :        3 samples, Peak.  17.7 us (2.2x), Avg.  7.94 us, Total. 23.83 us (0.0%)
[Performance] InitializeOnLoad PackageManagerHookGUIDConverter.RegisterPackagesEventHandler                                                      :        3 samples, Peak.   889 us (2.5x), Avg.   355 us, Total. 1.066 ms (0.0%)
[Performance] InitializeOnLoad EditorDragAndDrop.RegisterEditorClient                                                                            :        3 samples, Peak.   137 us (1.1x), Avg.   127 us, Total. 380.1 us (0.0%)
[Performance] InitializeOnLoad EditorEventCallbacks.InitializeFontAssetResourceChangeCallBacks                                                   :        3 samples, Peak.  1.05 ms (1.3x), Avg.   820 us, Total. 2.459 ms (0.0%)
[Performance] InitializeOnLoad SceneTemplateService.Init                                                                                         :        3 samples, Peak.  1.09 ms (1.2x), Avg.   906 us, Total. 2.717 ms (0.0%)
[Performance] InitializeOnLoad DiagnosticSwitchesConsoleMessage.Init                                                                             :        3 samples, Peak.  2.27 ms (1.3x), Avg.  1.82 ms, Total. 5.448 ms (0.0%)
[Performance] InitializeOnLoad ScopedRegistryAddedPopup.SubscribeToRegistriesAdded                                                               :        3 samples, Peak.  26.8 ms (2.2x), Avg.  12.4 ms, Total. 37.17 ms (0.3%)
[Performance] InitializeOnLoad PackageManagerWindow.EditorInitializedInSafeMode                                                                  :        3 samples, Peak.   124 us (1.3x), Avg.  95.6 us, Total. 286.9 us (0.0%)
[Performance] InitializeOnLoad MemoryProfilerCompilationGuard.InjectCompileGuard                                                                 :        3 samples, Peak.  92.6 us (1.1x), Avg.  88.1 us, Total. 264.3 us (0.0%)
[Performance] InitializeOnLoad SceneVisibilityManager.Initialize                                                                                 :        3 samples, Peak.  3.56 ms (2.1x), Avg.  1.68 ms, Total. 5.040 ms (0.0%)
[Performance] InitializeOnLoad AssetPostprocessingInternal.RefreshCustomDependencies                                                             :        3 samples, Peak.  1.85 ms (1.1x), Avg.  1.72 ms, Total. 5.147 ms (0.0%)
[Performance] InitializeOnLoad ToolShortcutContext.Init                                                                                          :        3 samples, Peak.  83.2 us (1.1x), Avg.  76.1 us, Total. 228.4 us (0.0%)
[Performance] InitializeOnLoad SysrootManager.Initialize                                                                                         :        3 samples, Peak.   310 us (1.1x), Avg.   282 us, Total. 846.7 us (0.0%)
[Performance] InitializeOnLoad EditorWindow.Initialize                                                                                           :        3 samples, Peak.  97.1 us (1.0x), Avg.  93.3 us, Total. 280.0 us (0.0%)
[Performance] AssemblyReloadEvents.afterAssemblyReload: UnityEditor.SceneTemplate.SceneTemplateService.AfterAssemblyReload                       :        3 samples, Peak.  2.94 ms (1.7x), Avg.  1.77 ms, Total. 5.303 ms (0.0%)
[Performance] ProcessService.EditorAfterLoadAllAssemblies                                                                                        :        3 samples, Peak.   503 us (1.5x), Avg.   336 us, Total. 1.008 ms (0.0%)
[Performance] Application.ReadLicenseInfo                                                                                                        :        1 samples, Peak.  38.7 ms (1.0x), Avg.  38.7 ms, Total. 38.66 ms (0.3%)
[Performance] Application.InitialRefresh                                                                                                         :        1 samples, Peak.  2.01 s (1.0x), Avg.  2.01 s, Total. 2.013 s (14.3%)
[Performance] Compiling Scripts                                                                                                                  :        1 samples, Peak.  1.18 s (1.0x), Avg.  1.18 s, Total. 1.178 s (8.4%)
[Performance] AssemblyReloadEvents.beforeAssemblyReload: UnityEditor.SceneTemplate.SceneTemplateService.BeforeAssemblyReload                     :        2 samples, Peak.   418 us (1.2x), Avg.   359 us, Total. 718.8 us (0.0%)
[Performance] InitializeOnLoad BackgroundWatcher                                                                                                 :        2 samples, Peak.  86.1 us (1.1x), Avg.  82.0 us, Total. 164.0 us (0.0%)
[Performance] InitializeOnLoad UnityTestProtocolStarter                                                                                          :        2 samples, Peak.   418 us (1.1x), Avg.   383 us, Total. 766.0 us (0.0%)
[Performance] InitializeOnLoad TestStarter                                                                                                       :        2 samples, Peak.   352 us (1.0x), Avg.   344 us, Total. 688.8 us (0.0%)
[Performance] InitializeOnLoad RerunCallbackInitializer                                                                                          :        2 samples, Peak.  1.95 ms (1.4x), Avg.  1.37 ms, Total. 2.748 ms (0.0%)
[Performance] InitializeOnLoad TestJobDataHolder.ResumeRunningJobs                                                                               :        2 samples, Peak.   671 us (1.2x), Avg.   547 us, Total. 1.093 ms (0.0%)
[Performance] InitializeOnLoad AnalyticsReporter.RegisterCallbacks                                                                               :        2 samples, Peak.  79.1 us (1.0x), Avg.  75.7 us, Total. 151.4 us (0.0%)
[Performance] DidReloadScriptsTestRunnerWindow.CompilationCallback                                                                               :        2 samples, Peak.   685 us (1.2x), Avg.   585 us, Total. 1.171 ms (0.0%)
[Performance] DidReloadScriptsTestListCache.ScriptReloaded                                                                                       :        2 samples, Peak.   625 us (1.8x), Avg.   350 us, Total. 699.3 us (0.0%)
[Performance] DidReloadScriptsAdvancedDropdownWindow.OnScriptReload                                                                              :        2 samples, Peak.   161 us (1.1x), Avg.   149 us, Total. 298.8 us (0.0%)
[Performance] SyncVS.PostprocessSyncProject                                                                                                      :        2 samples, Peak.  1.18 ms (1.1x), Avg.  1.03 ms, Total. 2.050 ms (0.0%)
[Performance] Application.ImportPackagesAndSetTemplateWhenCreatingProject                                                                        :        1 samples, Peak.  97.9 ms (1.0x), Avg.  97.9 ms, Total. 97.89 ms (0.7%)
[Performance] Application.SyncCurrentColorSpace                                                                                                  :        1 samples, Peak.   457 ms (1.0x), Avg.   457 ms, Total. 456.7 ms (3.2%)
[Performance] Application.OnUsbDevicesChanged                                                                                                    :        1 samples, Peak.   220 us (1.0x), Avg.   220 us, Total. 219.5 us (0.0%)
[Performance] Application.AssetInstanceCacheUpdate                                                                                               :        1 samples, Peak.   125 ns (1.0x), Avg.   125 ns, Total. 125.0 ns (0.0%)
[Performance] Application.UnityExtensions.Initialize                                                                                             :        1 samples, Peak.   708 us (1.0x), Avg.   708 us, Total. 708.3 us (0.0%)
[Performance] CodeEditorProjectSync.SyncEditorProject                                                                                            :        1 samples, Peak.  83.7 us (1.0x), Avg.  83.7 us, Total. 83.75 us (0.0%)
[Performance] Application.ExecuteStartups                                                                                                        :        1 samples, Peak.  48.8 ms (1.0x), Avg.  48.8 ms, Total. 48.78 ms (0.3%)
[Performance] Menu.RegisterMenuInterface                                                                                                         :       26 samples, Peak.   174 us (24.6x), Avg.  7.07 us, Total. 183.8 us (0.0%)
[Performance] Gizmo.RebuildRenderers                                                                                                             :        4 samples, Peak.  46.2 ms (3.8x), Avg.  12.0 ms, Total. 48.00 ms (0.3%)
[Performance] Gizmo.AddGizmoRenderers                                                                                                            :      104 samples, Peak.  1.75 ms (44.0x), Avg.  39.9 us, Total. 4.146 ms (0.0%)
[Performance] Application.editorInitializingProject                                                                                              :        1 samples, Peak.   107 ms (1.0x), Avg.   107 ms, Total. 107.0 ms (0.8%)
[Performance] Application.FinishLoadingProject                                                                                                   :        1 samples, Peak.   170 ms (1.0x), Avg.   170 ms, Total. 169.8 ms (1.2%)
[Performance] Application.InitializeMenu                                                                                                         :        1 samples, Peak.  51.3 ms (1.0x), Avg.  51.3 ms, Total. 51.29 ms (0.4%)
[Performance] Menu.RebuildAll                                                                                                                    :        1 samples, Peak.  50.9 ms (1.0x), Avg.  50.9 ms, Total. 50.90 ms (0.4%)
[Performance] Menu.BuildRegisteredMenuInterfaces                                                                                                 :        1 samples, Peak.  45.1 ms (1.0x), Avg.  45.1 ms, Total. 45.14 ms (0.3%)
[Performance] Menu.FilterMenuItem                                                                                                                :      679 samples, Peak.  21.2 ms (669.9x), Avg.  31.6 us, Total. 21.46 ms (0.2%)
[Performance] UpdateAllMenus                                                                                                                     :        2 samples, Peak.  24.6 ms (2.0x), Avg.  12.5 ms, Total. 25.03 ms (0.2%)
[Performance] Selection.selectionChanged: UnityEditor.PackageManager.UI.Internal.SelectionProxy.OnSelectionChanged                               :        1 samples, Peak.   908 us (1.0x), Avg.   908 us, Total. 908.4 us (0.0%)
[Performance] Selection.selectionChanged: UnityEditorInternal.EditMode.OnSelectionChange                                                         :        1 samples, Peak.   379 us (1.0x), Avg.   379 us, Total. 379.0 us (0.0%)
[Performance] EditorSceneManager.sceneClosing: UnityEditor.SceneVisibilityManager.EditorSceneManagerOnSceneClosing                               :        4 samples, Peak.   219 us (2.3x), Avg.  96.9 us, Total. 387.7 us (0.0%)
[Performance] EditorSceneManager.sceneClosed: callback in UnityEditor.Search.SearchMonitor                                                       :        3 samples, Peak.  69.2 us (1.5x), Avg.  45.9 us, Total. 137.8 us (0.0%)
[Performance] EditorSceneManager.activeSceneChangedInEditMode: callback in UnityEditor.Search.SearchMonitor                                      :        3 samples, Peak.  16.7 us (1.5x), Avg.  10.8 us, Total. 32.54 us (0.0%)
[Performance] GUIView.RepaintAll.PlayerLoopController                                                                                            :     1203 samples, Peak.  2.00 us (23.7x), Avg.  84.4 ns, Total. 101.5 us (0.0%)
[Performance] EditorSceneManager.newSceneCreated: UnityEditor.SceneTemplate.SceneTemplateService.OnNewSceneCreated                               :        1 samples, Peak.   461 us (1.0x), Avg.   461 us, Total. 460.8 us (0.0%)
[Performance] EditorSceneManager.newSceneCreated: UnityEditor.SceneVisibilityManager.EditorSceneManagerOnNewSceneCreated                         :        1 samples, Peak.   121 us (1.0x), Avg.   121 us, Total. 120.6 us (0.0%)
[Performance] EditorSceneManager.newSceneCreated: UnityEditor.SceneManagement.StageNavigationManager.OnNewSceneCreated                           :        1 samples, Peak.   231 us (1.0x), Avg.   231 us, Total. 230.9 us (0.0%)
[Performance] Application.InvokeFinishedLoadingProject                                                                                           :        1 samples, Peak.  3.35 ms (1.0x), Avg.  3.35 ms, Total. 3.350 ms (0.0%)
[Performance] ProcessService.OnProjectLoaded                                                                                                     :        1 samples, Peak.  62.5 us (1.0x), Avg.  62.5 us, Total. 62.54 us (0.0%)
[Performance] VersionControl.Task.Wait                                                                                                           :        1 samples, Peak.  61.0 us (1.0x), Avg.  61.0 us, Total. 61.00 us (0.0%)
[Performance] EditorSceneManager.sceneOpening: UnityEditor.SceneVisibilityManager.EditorSceneManagerOnSceneOpening                               :        1 samples, Peak.  97.0 us (1.0x), Avg.  97.0 us, Total. 97.04 us (0.0%)
[Performance] Inspector.InitOrRebuild                                                                                                            :        3 samples, Peak.   377 us (1.5x), Avg.   249 us, Total. 748.1 us (0.0%)
[Performance] EditorSceneManager.sceneOpened: callback in UnityEditor.Search.SearchMonitor                                                       :        1 samples, Peak.  20.2 us (1.0x), Avg.  20.2 us, Total. 20.17 us (0.0%)
[Performance] EditorSceneManager.sceneOpened: UnityEditor.SceneTemplate.SceneTemplateService.OnSceneOpened                                       :        1 samples, Peak.   127 us (1.0x), Avg.   127 us, Total. 126.6 us (0.0%)
[Performance] EditorSceneManager.sceneOpened: UnityEditor.SceneVisibilityManager.EditorSceneManagerOnSceneOpened                                 :        1 samples, Peak.  64.9 us (1.0x), Avg.  64.9 us, Total. 64.87 us (0.0%)
[Performance] EditorSceneManager.sceneOpened: UnityEditor.SceneManagement.StageNavigationManager.OnSceneOpened                                   :        1 samples, Peak.  42.0 us (1.0x), Avg.  42.0 us, Total. 41.96 us (0.0%)
[Performance] EditorApplication.playModeStateChanged                                                                                             :        2 samples, Peak.  1.67 ms (1.8x), Avg.   951 us, Total. 1.903 ms (0.0%)
[Performance] EditorApplication.playModeStateChanged: UnityEditor.PackageManager.UI.Internal.PlayModeDownload.PlayModeStateChanged               :        4 samples, Peak.   287 us (2.8x), Avg.   104 us, Total. 415.5 us (0.0%)
[Performance] EditorApplication.playModeStateChanged: UnityEditor.SceneManagement.EditorSceneManager.PlayModeStateChangedCallback                :        4 samples, Peak.  61.7 us (3.0x), Avg.  20.9 us, Total. 83.50 us (0.0%)
[Performance] EditorApplication.playModeStateChanged: UnityEditor.Search.SearchMonitor.OnPlayModeChanged                                         :        3 samples, Peak.   200 us (2.0x), Avg.   100 us, Total. 301.0 us (0.0%)
[Performance] EditorApplication.playModeStateChanged: UnityEditor.TestTools.TestRunner.PlaymodeLauncher+BackgroundWatcher.OnPlayModeStateChanged :        4 samples, Peak.   650 us (2.5x), Avg.   260 us, Total. 1.038 ms (0.0%)
[Performance] EditorApplication.playModeStateChanged: UnityEditor.PackageManager.UI.Internal.ApplicationProxy.PlayModeStateChanged               :        4 samples, Peak.   121 us (2.2x), Avg.  55.3 us, Total. 221.3 us (0.0%)
[Performance] EditorApplication.playModeStateChanged: UnityEditor.SceneVisibilityManager.EditorApplicationPlayModeStateChanged                   :        4 samples, Peak.  34.3 us (2.6x), Avg.  13.0 us, Total. 52.00 us (0.0%)
[Performance] EditorApplication.playModeStateChanged: UnityEditor.TestTools.TestRunner.TestRunnerWindow.OnPlayModeStateChanged                   :        4 samples, Peak.  79.7 us (2.3x), Avg.  34.8 us, Total. 139.3 us (0.0%)
[Performance] Application.InvokeProjectWasLoaded                                                                                                 :        1 samples, Peak.  18.2 us (1.0x), Avg.  18.2 us, Total. 18.17 us (0.0%)
[Performance] Application.Tick                                                                                                                   :     1200 samples, Peak.  1.61 s (939.0x), Avg.  1.72 ms, Total. 2.060 s (14.6%)
[Performance] CheckLicensingClient                                                                                                               :        1 samples, Peak.  4.50 us (1.0x), Avg.  4.50 us, Total. 4.500 us (0.0%)
[Performance] CheckLicensingClientNotification                                                                                                   :        1 samples, Peak.  2.67 us (1.0x), Avg.  2.67 us, Total. 2.667 us (0.0%)
[Performance] Application.TickVersionControl                                                                                                     :     1201 samples, Peak.  3.58 us (32.5x), Avg.   110 ns, Total. 132.4 us (0.0%)
[Performance] MonoCompiler.Tick                                                                                                                  :        3 samples, Peak.  1.53 s (3.0x), Avg.   509 ms, Total. 1.527 s (10.8%)
[Performance] Application.EnterPlayMode                                                                                                          :        1 samples, Peak.  1.52 s (1.0x), Avg.  1.52 s, Total. 1.523 s (10.8%)
[Performance] Application.Reload                                                                                                                 :        1 samples, Peak.   423 ms (1.0x), Avg.   423 ms, Total. 423.1 ms (3.0%)
[Performance] AssemblyReloadEvents.beforeAssemblyReload: UnityEditor.Search.SearchMonitor.OnBeforeAssemblyReload                                 :        1 samples, Peak.  2.84 ms (1.0x), Avg.  2.84 ms, Total. 2.840 ms (0.0%)
[Performance] UnityBuildPostprocessor.OnProcessScene                                                                                             :        1 samples, Peak.   721 us (1.0x), Avg.   721 us, Total. 720.5 us (0.0%)
[Performance] SceneDataContainer.TransformHierarchyChangedSetParentCallback                                                                      :       15 samples, Peak.  17.0 us (10.0x), Avg.  1.71 us, Total. 25.63 us (0.0%)
[Performance] SceneVisibilityState.IsFlagSetInParents                                                                                            :       30 samples, Peak.  2.21 us (9.4x), Avg.   235 ns, Total. 7.046 us (0.0%)
[Performance] UnityConnect.Tick                                                                                                                  :        2 samples, Peak.  4.73 ms (1.9x), Avg.  2.52 ms, Total. 5.040 ms (0.0%)
[Performance] Collab.Tick                                                                                                                        :        2 samples, Peak.  1.96 us (1.5x), Avg.  1.29 us, Total. 2.583 us (0.0%)
[Performance] CurlRequest.Tick                                                                                                                   :        4 samples, Peak.   255 us (4.0x), Avg.  64.2 us, Total. 256.7 us (0.0%)
[Performance] WebSocketClient.Tick                                                                                                               :        4 samples, Peak.  2.33 us (3.0x), Avg.   781 ns, Total. 3.124 us (0.0%)
[Performance] AssetDatabase.Tick                                                                                                                 :        4 samples, Peak.  35.5 us (3.9x), Avg.  9.02 us, Total. 36.08 us (0.0%)
[Performance] SceneBackgroundTask.Tick                                                                                                           :        3 samples, Peak.  1.12 us (2.5x), Avg.   458 ns, Total. 1.375 us (0.0%)
[Performance] Scheduler.Tick                                                                                                                     :       17 samples, Peak.  1.77 ms (16.6x), Avg.   107 us, Total. 1.811 ms (0.0%)
[Performance] RepaintAllProfilerWindows                                                                                                          :        2 samples, Peak.   200 us (2.0x), Avg.   100 us, Total. 200.8 us (0.0%)
[Performance] PlayerUpdates.Tick                                                                                                                 :        5 samples, Peak.  13.7 us (2.0x), Avg.  6.76 us, Total. 33.79 us (0.0%)
[Performance] Application.TickGlobalCallbacks                                                                                                    :     1201 samples, Peak.  53.1 ms (1024.9x), Avg.  51.8 us, Total. 62.19 ms (0.4%)
[Performance] EditorAnalytics.Tick                                                                                                               :        2 samples, Peak.  34.7 us (1.9x), Avg.  17.9 us, Total. 35.83 us (0.0%)
[Performance] Video.Update                                                                                                                       :     1201 samples, Peak.   625 ns (8.4x), Avg.  74.5 ns, Total. 89.42 us (0.0%)
[Performance] Application.TickProgress                                                                                                           :     1201 samples, Peak.  1.64 ms (1150.2x), Avg.  1.43 us, Total. 1.715 ms (0.0%)
[Performance] Application.TickSceneTracker                                                                                                       :     1201 samples, Peak.  1.18 ms (450.5x), Avg.  2.62 us, Total. 3.144 ms (0.0%)
[Performance] EditorApplication.update                                                                                                           :     1201 samples, Peak.  1.14 ms (600.8x), Avg.  1.90 us, Total. 2.287 ms (0.0%)
[Performance] EditorApplication.update: UnityEditor.PackageManager.UI.Internal.ApplicationProxy.OnUpdate                                         :     1201 samples, Peak.   348 us (646.8x), Avg.   537 ns, Total. 645.4 us (0.0%)
[Performance] EditorApplication.update: UnityEditor.SceneManagement.StageNavigationManager.Update                                                :     1201 samples, Peak.   212 us (696.0x), Avg.   305 ns, Total. 366.4 us (0.0%)
[Performance] ConsoleLog.Tick                                                                                                                    :        2 samples, Peak.   140 us (2.0x), Avg.  71.7 us, Total. 143.5 us (0.0%)
[Performance] HierarchyWindow.Tick                                                                                                               :        3 samples, Peak.   343 us (2.1x), Avg.   160 us, Total. 479.3 us (0.0%)
[Performance] EditorApplication.hierarchyChanged: Unity.UIElements.Editor.UIDocumentHierarchyWatcher.OnHierarchyChanged                          :        2 samples, Peak.   104 us (1.1x), Avg.  98.1 us, Total. 196.2 us (0.0%)
[Performance] Inspector.Tick                                                                                                                     :        2 samples, Peak.  21.0 ms (2.0x), Avg.  10.5 ms, Total. 21.04 ms (0.1%)
[Performance] EditorApplication.delayCall: UnityEditor.ShortcutManagement.ShortcutIntegration.EnsureShortcutsAreInitialized                      :        1 samples, Peak.  20.1 ms (1.0x), Avg.  20.1 ms, Total. 20.09 ms (0.1%)
[Performance] EditorApplication.delayCall: callback in UnityEditor.SceneVisibilityManager                                                        :        1 samples, Peak.   739 us (1.0x), Avg.   739 us, Total. 738.9 us (0.0%)
[Performance] EditorApplication.delayCall: callback in UnityEditor.EditorTools.ToolShortcutContext                                               :        1 samples, Peak.  54.5 us (1.0x), Avg.  54.5 us, Total. 54.46 us (0.0%)
[Performance] EditorApplication.delayCall: callback in UnityEditor.EditorWindow                                                                  :        1 samples, Peak.  21.3 us (1.0x), Avg.  21.3 us, Total. 21.33 us (0.0%)
[Performance] Tooltip.Tick                                                                                                                       :        4 samples, Peak.  3.96 us (3.3x), Avg.  1.20 us, Total. 4.793 us (0.0%)
[Performance] Application.RequestRepaintForPanels                                                                                                :     1200 samples, Peak.   187 us (326.5x), Avg.   574 ns, Total. 688.8 us (0.0%)
[Performance] Application.UpdateScene                                                                                                            :     1200 samples, Peak.   346 ms (1012.0x), Avg.   342 us, Total. 409.9 ms (2.9%)
[Performance] PackageImporter.Tick                                                                                                               :        2 samples, Peak.   292 ns (1.4x), Avg.   208 ns, Total. 417.0 ns (0.0%)
[Performance] InspectorBackground.Tick                                                                                                           :        3 samples, Peak.   250 ns (1.0x), Avg.   250 ns, Total. 750.0 ns (0.0%)
[Performance] BurstDebug.Tick                                                                                                                    :        2 samples, Peak.   542 ns (1.2x), Avg.   459 ns, Total. 917.0 ns (0.0%)
[Performance] Application.ChangeLayoutIfNeeded                                                                                                   :     1200 samples, Peak.   167 ns (6.2x), Avg.  27.1 ns, Total. 32.47 us (0.0%)
[Performance] AsyncReadManager.ForceCloseFiles                                                                                                   :        1 samples, Peak.  14.4 us (1.0x), Avg.  14.4 us, Total. 14.42 us (0.0%)
[Performance] Application.Message                                                                                                                :     1200 samples, Peak.   584 ns (8.4x), Avg.  69.3 ns, Total. 83.13 us (0.0%)
[Performance] Application.ExitPlayMode                                                                                                           :        1 samples, Peak.  22.9 ms (1.0x), Avg.  22.9 ms, Total. 22.94 ms (0.2%)
[Performance] CoreBusinessMetrics.Tick                                                                                                           :        1 samples, Peak.  36.1 us (1.0x), Avg.  36.1 us, Total. 36.12 us (0.0%)
[Performance] GI.Tick                                                                                                                            :        1 samples, Peak.   952 us (1.0x), Avg.   952 us, Total. 951.6 us (0.0%)
[Performance] UnitySynchronization.ExecuteTasks                                                                                                  :        1 samples, Peak.  1.79 us (1.0x), Avg.  1.79 us, Total. 1.791 us (0.0%)
[Performance] Application.TickPreloadManager                                                                                                     :        1 samples, Peak.  1.33 us (1.0x), Avg.  1.33 us, Total. 1.333 us (0.0%)
[Performance] Application.Shutdown.CollabTerminate                                                                                               :        1 samples, Peak.   145 us (1.0x), Avg.   145 us, Total. 144.8 us (0.0%)
[Performance] Application.Shutdown.CollabCleanup                                                                                                 :        1 samples, Peak.  1.15 ms (1.0x), Avg.  1.15 ms, Total. 1.155 ms (0.0%)
[Performance] Application.Shutdown.SaveDefaultWindowPreferences                                                                                  :        1 samples, Peak.   139 us (1.0x), Avg.   139 us, Total. 139.3 us (0.0%)
[Performance] Application.Shutdown.SaveSceneManagerSetup                                                                                         :        1 samples, Peak.   190 us (1.0x), Avg.   190 us, Total. 189.9 us (0.0%)
[Performance] Application.Shutdown.CleanupAllContainerWindows                                                                                    :        1 samples, Peak.  1.38 us (1.0x), Avg.  1.38 us, Total. 1.375 us (0.0%)
[Performance] EditorApplication.quitting: callback in UnityEditor.TextCore.Text.EditorEventCallbacks                                             :        1 samples, Peak.  3.57 ms (1.0x), Avg.  3.57 ms, Total. 3.570 ms (0.0%)
[Performance] EditorApplication.quitting: UnityEditor.Search.SearchMonitor.OnQuitting                                                            :        1 samples, Peak.   596 us (1.0x), Avg.   596 us, Total. 596.2 us (0.0%)
[Performance] Application.Shutdown.PauseProfilerSession                                                                                          :        1 samples, Peak.  12.2 us (1.0x), Avg.  12.2 us, Total. 12.21 us (0.0%)
[Performance] Application.Shutdown.PauseAssetImportWorkers                                                                                       :        1 samples, Peak.  74.0 us (1.0x), Avg.  74.0 us, Total. 74.04 us (0.0%)
[Performance] Application.Shutdown.SaveAssets                                                                                                    :        1 samples, Peak.  2.74 ms (1.0x), Avg.  2.74 ms, Total. 2.745 ms (0.0%)
[Performance] BuilderAssetModificationProcessor.OnWillSaveAssets                                                                                 :        1 samples, Peak.   276 us (1.0x), Avg.   276 us, Total. 276.0 us (0.0%)
[Performance] TerrainModificationProcessor.OnWillSaveAssets                                                                                      :        1 samples, Peak.   368 us (1.0x), Avg.   368 us, Total. 367.9 us (0.0%)
[Performance] AssetDatabase.ImportAssets                                                                                                         :        2 samples, Peak.   209 ns (1.7x), Avg.   125 ns, Total. 251.0 ns (0.0%)
[Performance] Application.Shutdown.CleanupRenderPipeline                                                                                         :        1 samples, Peak.  2.33 us (1.0x), Avg.  2.33 us, Total. 2.334 us (0.0%)
[Performance] Application.Shutdown.StopPreloadManager                                                                                            :        1 samples, Peak.  11.0 ms (1.0x), Avg.  11.0 ms, Total. 11.03 ms (0.1%)
[Performance] Application.Shutdown.DestroyWorld                                                                                                  :        1 samples, Peak.   226 us (1.0x), Avg.   226 us, Total. 226.0 us (0.0%)
[Performance] Application.Shutdown.CleanupAfterLoad                                                                                              :        1 samples, Peak.  1.95 ms (1.0x), Avg.  1.95 ms, Total. 1.946 ms (0.0%)
[Performance] Application.Shutdown.Progress                                                                                                      :        1 samples, Peak.  6.58 us (1.0x), Avg.  6.58 us, Total. 6.584 us (0.0%)
[Performance] Application.Shutdown.GICleanupManagers                                                                                             :        1 samples, Peak.  5.31 ms (1.0x), Avg.  5.31 ms, Total. 5.313 ms (0.0%)
[Performance] Application.Shutdown.MenuCleanupClass                                                                                              :        1 samples, Peak.  73.9 us (1.0x), Avg.  73.9 us, Total. 73.92 us (0.0%)
[Performance] Application.Shutdown.ADBSaveStateBeforeShutdown                                                                                    :        1 samples, Peak.  5.12 us (1.0x), Avg.  5.12 us, Total. 5.125 us (0.0%)
[Performance] Application.Shutdown.RemoteShutdown                                                                                                :        1 samples, Peak.   458 ns (1.0x), Avg.   458 ns, Total. 458.0 ns (0.0%)
[Performance] Application.Shutdown.CleanupVCProvider                                                                                             :        1 samples, Peak.  23.1 us (1.0x), Avg.  23.1 us, Total. 23.08 us (0.0%)
[Performance] Application.Shutdown.InputShutdown                                                                                                 :        1 samples, Peak.   140 us (1.0x), Avg.   140 us, Total. 139.7 us (0.0%)
[Performance] Application.Shutdown.GizmoManagerDestroy                                                                                           :        1 samples, Peak.   578 us (1.0x), Avg.   578 us, Total. 578.1 us (0.0%)
[Performance] Application.Shutdown.ProfilerSession                                                                                               :        1 samples, Peak.   622 us (1.0x), Avg.   622 us, Total. 622.0 us (0.0%)
[Performance] Application.Shutdown.ReleaseGfxWindowOnAllGUIViews                                                                                 :        1 samples, Peak.   541 ns (1.0x), Avg.   541 ns, Total. 541.0 ns (0.0%)
[Performance] Application.Shutdown.CleanupEngine                                                                                                 :        1 samples, Peak.   249 ms (1.0x), Avg.   249 ms, Total. 249.3 ms (1.8%)
[Performance] Application.Shutdown.CleanupAssetDatabase                                                                                          :        1 samples, Peak.  3.27 ms (1.0x), Avg.  3.27 ms, Total. 3.266 ms (0.0%)
[Performance] Application.Shutdown.ScriptCompilationCleanUp                                                                                      :        1 samples, Peak.  11.5 us (1.0x), Avg.  11.5 us, Total. 11.50 us (0.0%)
[Performance] Application.Shutdown.DestroyJobSystem                                                                                              :        1 samples, Peak.  47.1 us (1.0x), Avg.  47.1 us, Total. 47.08 us (0.0%)
[Performance] Application.Shutdown.CleanupPersistentManager                                                                                      :        1 samples, Peak.   908 us (1.0x), Avg.   908 us, Total. 907.6 us (0.0%)
[Performance] Application.Shutdown.CleanupAsyncReadManager                                                                                       :        1 samples, Peak.  42.5 us (1.0x), Avg.  42.5 us, Total. 42.50 us (0.0%)
[Performance] Application.Shutdown.CleanupMono                                                                                                   :        1 samples, Peak.  39.1 ms (1.0x), Avg.  39.1 ms, Total. 39.14 ms (0.3%)
[Performance] Application.Shutdown.CleanupStdConverters                                                                                          :        1 samples, Peak.  4.00 us (1.0x), Avg.  4.00 us, Total. 4.000 us (0.0%)
[Performance] Application.Shutdown.UnloadAllPlatformSupportModuleNativeDlls                                                                      :        1 samples, Peak.   417 ns (1.0x), Avg.   417 ns, Total. 417.0 ns (0.0%)
[Performance] Application.Shutdown.UnloadAllPlatformSupportNativeLibraries                                                                       :        1 samples, Peak.   125 ns (1.0x), Avg.   125 ns, Total. 125.0 ns (0.0%)
[Performance] Application.Shutdown.CleanupAutoDocumentation                                                                                      :        1 samples, Peak.   314 us (1.0x), Avg.   314 us, Total. 314.0 us (0.0%)
[Performance] Application.Shutdown.ShaderNameManagerDestroy                                                                                      :        1 samples, Peak.  25.0 us (1.0x), Avg.  25.0 us, Total. 24.96 us (0.0%)
[Performance] Application.Shutdown.CleanupCacheServer                                                                                            :        1 samples, Peak.  42.0 ns (1.0x), Avg.  42.0 ns, Total. 42.00 ns (0.0%)
[Performance] Application.Shutdown.Virtualization_Shutdown                                                                                       :        1 samples, Peak.   149 us (1.0x), Avg.   149 us, Total. 149.0 us (0.0%)
[Performance] Application.Shutdown.DevConnections                                                                                                :        1 samples, Peak.   180 us (1.0x), Avg.   180 us, Total. 180.2 us (0.0%)
[Package Manager] Server::Kill -- Server was shutdown
Checking for leaked weakptr:
  Found no leaked weakptrs.
Memory Statistics:
[ALLOC_TEMP_TLS] TLS Allocator
  StackAllocators : 
    [ALLOC_TEMP_CurlRequest]
      Initial Block Size 64.0 KB
      Current Block Size 64.0 KB
      Peak Allocated Bytes 0 B
      Overflow Count 0
    [ALLOC_TEMP_MAIN]
      Peak usage frame count: [4.0 KB-8.0 KB]: 1198 frames, [2.0 MB-4.0 MB]: 1 frames, [8.0 MB-16.0 MB]: 1 frames
      Initial Block Size 16.0 MB
      Current Block Size 16.0 MB
      Peak Allocated Bytes 9.4 MB
      Overflow Count 0
    [ALLOC_TEMP_Background Job.worker 6]
      Initial Block Size 32.0 KB
      Current Block Size 32.0 KB
      Peak Allocated Bytes 0 B
      Overflow Count 0
    [ALLOC_TEMP_Background Job.worker 15]
      Initial Block Size 32.0 KB
      Current Block Size 32.0 KB
      Peak Allocated Bytes 0 B
      Overflow Count 0
    [ALLOC_TEMP_BakingJobs.worker 0]
      Initial Block Size 256.0 KB
      Current Block Size 256.0 KB
      Peak Allocated Bytes 0 B
      Overflow Count 0
    [ALLOC_TEMP_AssetDatabase.FileHasherReader] x 4
      Initial Block Size 64.0 KB
      Current Block Size 64.0 KB
      Peak Allocated Bytes 31 B
      Overflow Count 0
    [ALLOC_TEMP_BakingJobs.worker 1]
      Initial Block Size 256.0 KB
      Current Block Size 256.0 KB
      Peak Allocated Bytes 301 B
      Overflow Count 0
    [ALLOC_TEMP_BatchDeleteObjects]
      Initial Block Size 64.0 KB
      Current Block Size 64.0 KB
      Peak Allocated Bytes 0 B
      Overflow Count 0
    [ALLOC_TEMP_CoreBusinessMetricsCache]
      Initial Block Size 64.0 KB
      Current Block Size 64.0 KB
      Peak Allocated Bytes 7.9 KB
      Overflow Count 0
    [ALLOC_TEMP_REST Message Handler]
      Initial Block Size 64.0 KB
      Current Block Size 64.0 KB
      Peak Allocated Bytes 0 B
      Overflow Count 0
    [ALLOC_TEMP_Job.worker 4]
      Initial Block Size 256.0 KB
      Current Block Size 384.0 KB
      Peak Allocated Bytes 368.0 KB
      Overflow Count 0
    [ALLOC_TEMP_Background Job.worker 1]
      Initial Block Size 32.0 KB
      Current Block Size 32.0 KB
      Peak Allocated Bytes 14.7 KB
      Overflow Count 0
    [ALLOC_TEMP_AssetDatabase.IOService]
      Initial Block Size 64.0 KB
      Current Block Size 64.0 KB
      Peak Allocated Bytes 0 B
      Overflow Count 0
    [ALLOC_TEMP_Loading.PreloadManager] x 3
      Initial Block Size 32.0 MB
      Current Block Size 32.0 MB
      Peak Allocated Bytes 2.0 MB
      Overflow Count 0
    [ALLOC_TEMP_Background Job.worker 4]
      Initial Block Size 32.0 KB
      Current Block Size 32.0 KB
      Peak Allocated Bytes 0 B
      Overflow Count 0
    [ALLOC_TEMP_Background Job.worker 7]
      Initial Block Size 32.0 KB
      Current Block Size 32.0 KB
      Peak Allocated Bytes 0 B
      Overflow Count 0
    [ALLOC_TEMP_CloudJob.worker 0]
      Initial Block Size 32.0 KB
      Current Block Size 32.0 KB
      Peak Allocated Bytes 5.0 KB
      Overflow Count 0
    [ALLOC_TEMP_Background Job.worker 10]
      Initial Block Size 32.0 KB
      Current Block Size 32.0 KB
      Peak Allocated Bytes 0 B
      Overflow Count 0
    [ALLOC_TEMP_Background Job.worker 12]
      Initial Block Size 32.0 KB
      Current Block Size 32.0 KB
      Peak Allocated Bytes 0 B
      Overflow Count 0
    [ALLOC_TEMP_Background Job.worker 13]
      Initial Block Size 32.0 KB
      Current Block Size 32.0 KB
      Peak Allocated Bytes 0 B
      Overflow Count 0
    [ALLOC_TEMP_CurlRequest]
      Initial Block Size 64.0 KB
      Current Block Size 64.0 KB
      Peak Allocated Bytes 0 B
      Overflow Count 0
    [ALLOC_TEMP_BakingJobs.worker 4]
      Initial Block Size 256.0 KB
      Current Block Size 256.0 KB
      Peak Allocated Bytes 0 B
      Overflow Count 0
    [ALLOC_TEMP_Profiler.Dispatcher]
      Initial Block Size 64.0 KB
      Current Block Size 64.0 KB
      Peak Allocated Bytes 0 B
      Overflow Count 0
    [ALLOC_TEMP_Background Job.worker 14]
      Initial Block Size 32.0 KB
      Current Block Size 32.0 KB
      Peak Allocated Bytes 0 B
      Overflow Count 0
    [ALLOC_TEMP_ReadCacheIndex] x 3
      Initial Block Size 64.0 KB
      Current Block Size 64.0 KB
      Peak Allocated Bytes 1.0 KB
      Overflow Count 0
    [ALLOC_TEMP_Background Job.worker 9]
      Initial Block Size 32.0 KB
      Current Block Size 32.0 KB
      Peak Allocated Bytes 0 B
      Overflow Count 0
    [ALLOC_TEMP_EnlightenWorker] x 4
      Initial Block Size 64.0 KB
      Current Block Size 64.0 KB
      Peak Allocated Bytes 0 B
      Overflow Count 0
    [ALLOC_TEMP_Job.worker 3]
      Initial Block Size 256.0 KB
      Current Block Size 384.0 KB
      Peak Allocated Bytes 368.0 KB
      Overflow Count 0
    [ALLOC_TEMP_Job.worker 2]
      Initial Block Size 256.0 KB
      Current Block Size 0.9 MB
      Peak Allocated Bytes 0.9 MB
      Overflow Count 0
    [ALLOC_TEMP_Loading.AsyncRead]
      Initial Block Size 64.0 KB
      Current Block Size 64.0 KB
      Peak Allocated Bytes 128 B
      Overflow Count 0
    [ALLOC_TEMP_Background Job.worker 3]
      Initial Block Size 32.0 KB
      Current Block Size 32.0 KB
      Peak Allocated Bytes 0 B
      Overflow Count 0
    [ALLOC_TEMP_Background Job.worker 2]
      Initial Block Size 32.0 KB
      Current Block Size 32.0 KB
      Peak Allocated Bytes 103 B
      Overflow Count 0
    [ALLOC_TEMP_Background Job.worker 8]
      Initial Block Size 32.0 KB
      Current Block Size 32.0 KB
      Peak Allocated Bytes 0 B
      Overflow Count 0
    [ALLOC_TEMP_OSX HID Input]
      Initial Block Size 64.0 KB
      Current Block Size 64.0 KB
      Peak Allocated Bytes 0 B
      Overflow Count 0
    [ALLOC_TEMP_BakingJobs.worker 6]
      Initial Block Size 256.0 KB
      Current Block Size 256.0 KB
      Peak Allocated Bytes 0 B
      Overflow Count 0
    [ALLOC_TEMP_BakingJobs.worker 7]
      Initial Block Size 256.0 KB
      Current Block Size 256.0 KB
      Peak Allocated Bytes 0 B
      Overflow Count 0
    [ALLOC_TEMP_Job.worker 6]
      Initial Block Size 256.0 KB
      Current Block Size 0.9 MB
      Peak Allocated Bytes 0.9 MB
      Overflow Count 0
    [ALLOC_TEMP_Background Job.worker 0]
      Initial Block Size 32.0 KB
      Current Block Size 32.0 KB
      Peak Allocated Bytes 0 B
      Overflow Count 0
    [ALLOC_TEMP_AUDIO_FMOD stream thread]
      Initial Block Size 64.0 KB
      Current Block Size 64.0 KB
      Peak Allocated Bytes 0 B
      Overflow Count 0
    [ALLOC_TEMP_AssetDatabase.FileHasherHasher] x 4
      Initial Block Size 64.0 KB
      Current Block Size 64.0 KB
      Peak Allocated Bytes 31 B
      Overflow Count 0
    [ALLOC_TEMP_BakingJobs.worker 3]
      Initial Block Size 256.0 KB
      Current Block Size 256.0 KB
      Peak Allocated Bytes 0 B
      Overflow Count 0
    [ALLOC_TEMP_Job.worker 1]
      Initial Block Size 256.0 KB
      Current Block Size 384.0 KB
      Peak Allocated Bytes 368.0 KB
      Overflow Count 0
    [ALLOC_TEMP_Background Job.worker 5]
      Initial Block Size 32.0 KB
      Current Block Size 32.0 KB
      Peak Allocated Bytes 0 B
      Overflow Count 0
    [ALLOC_TEMP_BakingJobs.worker 2]
      Initial Block Size 256.0 KB
      Current Block Size 256.0 KB
      Peak Allocated Bytes 0 B
      Overflow Count 0
    [ALLOC_TEMP_Background Job.worker 11]
      Initial Block Size 32.0 KB
      Current Block Size 32.0 KB
      Peak Allocated Bytes 0 B
      Overflow Count 0
    [ALLOC_TEMP_EditorTaskManager]
      Initial Block Size 64.0 KB
      Current Block Size 80.0 KB
      Peak Allocated Bytes 64.0 KB
      Overflow Count 0
    [ALLOC_TEMP_Job.worker 5]
      Initial Block Size 256.0 KB
      Current Block Size 0.9 MB
      Peak Allocated Bytes 0.9 MB
      Overflow Count 0
    [ALLOC_TEMP_HTTP REST Server]
      Initial Block Size 64.0 KB
      Current Block Size 64.0 KB
      Peak Allocated Bytes 70 B
      Overflow Count 0
    [ALLOC_TEMP_AssetGarbageCollectorHelper] x 7
      Initial Block Size 64.0 KB
      Current Block Size 64.0 KB
      Peak Allocated Bytes 0 B
      Overflow Count 0
    [ALLOC_TEMP_AUDIO_Audio Mixer Thread]
      Initial Block Size 64.0 KB
      Current Block Size 64.0 KB
      Peak Allocated Bytes 0 B
      Overflow Count 0
    [ALLOC_TEMP_BakingJobs.worker 5]
      Initial Block Size 256.0 KB
      Current Block Size 256.0 KB
      Peak Allocated Bytes 0 B
      Overflow Count 0
    [ALLOC_TEMP_Job.worker 0]
      Initial Block Size 256.0 KB
      Current Block Size 256.0 KB
      Peak Allocated Bytes 16.9 KB
      Overflow Count 0
[ALLOC_MEMORYPROFILER]
  Peak usage frame count: [32.0 KB-64.0 KB]: 1199 frames, [64.0 KB-128.0 KB]: 1 frames
  Requested Block Size 1.0 MB
  Peak Block count 1
  Peak Allocated memory 80.4 KB
  Peak Large allocation bytes 0 B
[ALLOC_DEFAULT] Dual Thread Allocator
  Peak main deferred allocation count 188
    [ALLOC_BUCKET]
      Large Block size 32.0 MB
      Used Block count 1
      Peak Allocated bytes 4.7 MB
    [ALLOC_DEFAULT_MAIN]
      Peak usage frame count: [32.0 MB-64.0 MB]: 1200 frames
      Requested Block Size 16.0 MB
      Peak Block count 3
      Peak Allocated memory 44.8 MB
      Peak Large allocation bytes 0 B
    [ALLOC_DEFAULT_THREAD]
      Peak usage frame count: [0.5 MB-1.0 MB]: 1200 frames
      Requested Block Size 16.0 MB
      Peak Block count 1
      Peak Allocated memory 0.8 MB
      Peak Large allocation bytes 0 B
[ALLOC_TEMP_JOB_1_FRAME]
  Initial Block Size 2.0 MB
  Used Block Count 0
  Overflow Count (too large) 0
  Overflow Count (full) 0
[ALLOC_TEMP_JOB_2_FRAMES]
  Initial Block Size 2.0 MB
  Used Block Count 0
  Overflow Count (too large) 0
  Overflow Count (full) 0
[ALLOC_TEMP_JOB_4_FRAMES (JobTemp)]
  Initial Block Size 2.0 MB
  Used Block Count 1
  Overflow Count (too large) 0
  Overflow Count (full) 0
[ALLOC_TEMP_JOB_ASYNC (Background)]
  Initial Block Size 1.0 MB
  Used Block Count 1
  Overflow Count (too large) 0
  Overflow Count (full) 0
[ALLOC_GFX] Dual Thread Allocator
  Peak main deferred allocation count 0
    [ALLOC_BUCKET]
      Large Block size 32.0 MB
      Used Block count 1
      Peak Allocated bytes 4.7 MB
    [ALLOC_GFX_MAIN]
      Peak usage frame count: [4.0 MB-8.0 MB]: 1199 frames, [8.0 MB-16.0 MB]: 1 frames
      Requested Block Size 16.0 MB
      Peak Block count 1
      Peak Allocated memory 10.0 MB
      Peak Large allocation bytes 0 B
    [ALLOC_GFX_THREAD]
      Peak usage frame count: [0-1.0 KB]: 1199 frames, [1.0 KB-2.0 KB]: 1 frames
      Requested Block Size 16.0 MB
      Peak Block count 1
      Peak Allocated memory 1.9 KB
      Peak Large allocation bytes 0 B
[ALLOC_CACHEOBJECTS] Dual Thread Allocator
  Peak main deferred allocation count 75
    [ALLOC_BUCKET]
      Large Block size 32.0 MB
      Used Block count 1
      Peak Allocated bytes 4.7 MB
    [ALLOC_CACHEOBJECTS_MAIN]
      Peak usage frame count: [8.0 MB-16.0 MB]: 1200 frames
      Requested Block Size 4.0 MB
      Peak Block count 3
      Peak Allocated memory 15.5 MB
      Peak Large allocation bytes 10.7 MB
    [ALLOC_CACHEOBJECTS_THREAD]
      Peak usage frame count: [8.0 KB-16.0 KB]: 1199 frames, [64.0 KB-128.0 KB]: 1 frames
      Requested Block Size 4.0 MB
      Peak Block count 1
      Peak Allocated memory 78.8 KB
      Peak Large allocation bytes 0 B
[ALLOC_TYPETREE] Dual Thread Allocator
  Peak main deferred allocation count 497
    [ALLOC_BUCKET]
      Large Block size 32.0 MB
      Used Block count 1
      Peak Allocated bytes 4.7 MB
    [ALLOC_TYPETREE_MAIN]
      Peak usage frame count: [0.5 MB-1.0 MB]: 1199 frames, [2.0 MB-4.0 MB]: 1 frames
      Requested Block Size 2.0 MB
      Peak Block count 2
      Peak Allocated memory 2.4 MB
      Peak Large allocation bytes 0 B
    [ALLOC_TYPETREE_THREAD]
      Peak usage frame count: [32.0 KB-64.0 KB]: 1200 frames
      Requested Block Size 2.0 MB
      Peak Block count 1
      Peak Allocated memory 95.0 KB
      Peak Large allocation bytes 0 B
[ALLOC_PROFILER]
  Peak usage frame count: [128.0 KB-256.0 KB]: 1 frames, [0.5 MB-1.0 MB]: 1199 frames
  Requested Block Size 16.0 MB
  Peak Block count 1
  Peak Allocated memory 0.5 MB
  Peak Large allocation bytes 0 B
    [ALLOC_PROFILER_BUCKET]
      Large Block size 32.0 MB
      Used Block count 1
      Peak Allocated bytes 4.5 KB
[ALLOC_PROFILER_EDITOR]
  Peak usage frame count: [0-1.0 KB]: 1200 frames
  Requested Block Size 1.0 MB
  Peak Block count 0
  Peak Allocated memory 0 B
  Peak Large allocation bytes 0 B
    [ALLOC_PROFILER_BUCKET]
      Large Block size 32.0 MB
      Used Block count 1
      Peak Allocated bytes 4.5 KB
##utp:{"type":"MemoryLeaks","version":2,"phase":"Immediate","time":1777966493654,"processId":75192,"allocatedMemory":12619467,"memoryLabels":[{"Default":11375},{"Permanent":15536},{"Thread":1083508},{"Manager":29631},{"VertexData":12},{"Geometry":280},{"Texture":168},{"Shader":67451},{"Material":24},{"GfxDevice":38504},{"Animation":304},{"Audio":3904},{"FontEngine":288},{"Physics":561},{"Serialization":612},{"Input":9024},{"JobScheduler":232},{"Mono":40},{"ScriptingNativeRuntime":7924888},{"BaseObject":1618916},{"Resource":912},{"Renderer":2272},{"Transform":24},{"File":3653},{"WebCam":40},{"Culling":40},{"Terrain":1025},{"Wind":24},{"String":18972},{"DynamicArray":119018},{"HashMap":77006},{"Utility":289286},{"Curl":2047},{"PoolAlloc":1464},{"AI":40},{"TypeTree":4533},{"ScriptManager":528},{"RuntimeInitializeOnLoadManager":72},{"SpriteAtlas":112},{"GI":3416},{"Director":7880},{"CloudService":2552},{"WebRequest":816},{"VR":45641},{"SceneManager":616},{"Video":2120},{"LazyScriptCache":32},{"NativeArray":12},{"Camera":25},{"Secure":9817},{"SerializationCache":1576},{"APIUpdating":11856},{"Subsystems":384},{"VirtualTexturing":57512},{"StaticSafetyDebugInfo":327680},{"Baselib":16},{"EditorGui":80},{"EditorUtility":5751},{"VersionControl":4},{"Undo":720},{"AssetDatabase":767119},{"RestService":1310},{"EditorGi":376},{"License":3616},{"UnityConnect":25512},{"Collab":785},{"Upm":1600},{"DrivenProperties":80},{"LocalIPC":222},{"ProfilerEditor":10967},{"CoreBusinessMetrics":2984},{"AssetReference":32},{"IPCStream":32}]}
