Unity Editor version:    2022.3.0f1 (fb119bb0b476)
Branch:                  2022.3/release
Build type:              Release
Batch mode:              YES
macOS version:           Version 26.3.1 (a) (Build 25D771280a)
Darwin version:          25.3.0
Architecture:            arm64
Running under Rosetta:   NO
Available memory:        8192 MB
[Licensing::Module] Trying to connect to existing licensing client channel...
[Licensing::IpcConnector] Connection attempt to the License Client on channel: "LicenseClient-guribbong" failed because channel doesn't exist; code: "0x80000002"
Launching external process: /Applications/Unity/Hub/Editor/2022.3.0f1/Unity.app/Contents/Frameworks/UnityLicensingClient.app/Contents/MacOS/Unity.Licensing.Client
[Licensing::Module] Successfully launched the LicensingClient (PId: 81027)
[Licensing::IpcConnector] Successfully connected to the License Client on channel: "LicenseClient-guribbong"
[Licensing::Client] Handshaking with LicensingClient:
  Version:                 1.12.1+9338cad
  Session Id:              bb45fda4989646d9b1d890f1d673a326
  Correlation Id:          12529535d03e0dcb2430041d1627d052
  External correlation Id: 9161756301223568890
  Machine Id:              kK/taOzULwH3CoqhnK6anvJ0b88=
[Licensing::Module] Successfully connected to LicensingClient on channel: "LicenseClient-guribbong" (connect: 4.80s, validation: 0.40s, handshake: 0.67s)
[Licensing::IpcConnector] Successfully connected to the License Notification on channel: "LicenseClient-guribbong-notifications"
[Licensing::Module] Connected to LicensingClient (PId: 81027, launch time: 0.00, total connection time: 5.87s)
[Licensing::Module] Error: Access token is unavailable; failed to update
[Licensing::Client] Error: Code 500 while processing request (status: Unable to update licenses. Errors: No ULF license found.,Token not found in cache)
[Licensing::Client] Error: Code 500 while updating license in client (status: Unable to update licenses. Errors: No ULF license found.,Token not found in cache)
[Licensing::Client] Successfully resolved entitlements
[Licensing::Module] Serial number assigned to: "14568638156105-UnityPersXXXX"
Pro License: NO
Launching external process: /Applications/Unity/Hub/Editor/2022.3.0f1/Unity.app/Contents/Resources/PackageManager/Server/UnityPackageManager

COMMAND LINE ARGUMENTS:
/Applications/Unity/Hub/Editor/2022.3.0f1/Unity.app/Contents/MacOS/Unity
-batchmode
-projectPath
/Users/guribbong/code/Argus/unity/EmbodiedDebate
-executeMethod
ArgusUnity.Editor.MiniBotScenarioBuilder.BuildRunAroundScenario
-logFile
/Users/guribbong/code/Argus/tmp/urp-minibot-runaround-build.log
-quit
Successfully changed project path to: /Users/guribbong/code/Argus/unity/EmbodiedDebate
/Users/guribbong/code/Argus/unity/EmbodiedDebate
[UnityMemory] Configuration Parameters - Can be set up in boot.config
    "memorysetup-bucket-allocator-granularity=16"
    "memorysetup-bucket-allocator-bucket-count=8"
    "memorysetup-bucket-allocator-block-size=33554432"
    "memorysetup-bucket-allocator-block-count=8"
    "memorysetup-main-allocator-block-size=16777216"
    "memorysetup-thread-allocator-block-size=16777216"
    "memorysetup-gfx-main-allocator-block-size=16777216"
    "memorysetup-gfx-thread-allocator-block-size=16777216"
    "memorysetup-cache-allocator-block-size=4194304"
    "memorysetup-typetree-allocator-block-size=2097152"
    "memorysetup-profiler-bucket-allocator-granularity=16"
    "memorysetup-profiler-bucket-allocator-bucket-count=8"
    "memorysetup-profiler-bucket-allocator-block-size=33554432"
    "memorysetup-profiler-bucket-allocator-block-count=8"
    "memorysetup-profiler-allocator-block-size=16777216"
    "memorysetup-profiler-editor-allocator-block-size=1048576"
    "memorysetup-temp-allocator-size-main=16777216"
    "memorysetup-job-temp-allocator-block-size=2097152"
    "memorysetup-job-temp-allocator-block-size-background=1048576"
    "memorysetup-job-temp-allocator-reduction-small-platforms=262144"
    "memorysetup-allocator-temp-initial-block-size-main=262144"
    "memorysetup-allocator-temp-initial-block-size-worker=262144"
    "memorysetup-temp-allocator-size-background-worker=32768"
    "memorysetup-temp-allocator-size-job-worker=262144"
    "memorysetup-temp-allocator-size-preload-manager=33554432"
    "memorysetup-temp-allocator-size-nav-mesh-worker=65536"
    "memorysetup-temp-allocator-size-audio-worker=65536"
    "memorysetup-temp-allocator-size-cloud-worker=32768"
    "memorysetup-temp-allocator-size-gi-baking-worker=262144"
    "memorysetup-temp-allocator-size-gfx=262144"
Player connection [8649715968] Host "[IP] 192.168.3.1 [Port] 55496 [Flags] 2 [Guid] 1803330695 [EditorId] 1803330695 [Version] 1048832 [Id] OSXEditor(0,topabaem.local) [Debug] 1 [PackageName] OSXEditor [ProjectName] Editor" joined multi-casting on [225.0.0.222:54997]...

Player connection [8649715968] Host "[IP] 192.168.3.1 [Port] 55496 [Flags] 2 [Guid] 1803330695 [EditorId] 1803330695 [Version] 1048832 [Id] OSXEditor(0,topabaem.local) [Debug] 1 [PackageName] OSXEditor [ProjectName] Editor" joined alternative multi-casting on [225.0.0.222:34997]...

[Package Manager] UpmClient::Connect -- Connected to IPC stream "Upm-80990" after 3.4 seconds.
[Licensing::Client] Successfully resolved entitlements
[Package Manager] Restoring resolved packages state from cache
[Licensing::Client] Successfully resolved entitlement details
[Package Manager] Registered 19 packages:
  Packages from [https://packages.unity.com]:
    com.unity.nuget.newtonsoft-json@3.2.1 (location: /Users/guribbong/code/Argus/unity/EmbodiedDebate/Library/PackageCache/com.unity.nuget.newtonsoft-json@3.2.1)
    com.unity.test-framework@1.1.33 (location: /Users/guribbong/code/Argus/unity/EmbodiedDebate/Library/PackageCache/com.unity.test-framework@1.1.33)
    com.unity.ext.nunit@1.0.6 (location: /Users/guribbong/code/Argus/unity/EmbodiedDebate/Library/PackageCache/com.unity.ext.nunit@1.0.6)
    com.unity.mathematics@1.2.6 (location: /Users/guribbong/code/Argus/unity/EmbodiedDebate/Library/PackageCache/com.unity.mathematics@1.2.6)
    com.unity.burst@1.8.4 (location: /Users/guribbong/code/Argus/unity/EmbodiedDebate/Library/PackageCache/com.unity.burst@1.8.4)
    com.unity.searcher@4.9.2 (location: /Users/guribbong/code/Argus/unity/EmbodiedDebate/Library/PackageCache/com.unity.searcher@4.9.2)
  Built-in packages:
    com.unity.modules.animation@1.0.0 (location: /Users/guribbong/code/Argus/unity/EmbodiedDebate/Library/PackageCache/com.unity.modules.animation@1.0.0)
    com.unity.modules.imageconversion@1.0.0 (location: /Users/guribbong/code/Argus/unity/EmbodiedDebate/Library/PackageCache/com.unity.modules.imageconversion@1.0.0)
    com.unity.modules.physics@1.0.0 (location: /Users/guribbong/code/Argus/unity/EmbodiedDebate/Library/PackageCache/com.unity.modules.physics@1.0.0)
    com.unity.modules.unitywebrequest@1.0.0 (location: /Users/guribbong/code/Argus/unity/EmbodiedDebate/Library/PackageCache/com.unity.modules.unitywebrequest@1.0.0)
    com.unity.render-pipelines.universal@14.0.7 (location: /Users/guribbong/code/Argus/unity/EmbodiedDebate/Library/PackageCache/com.unity.render-pipelines.universal@14.0.7)
    com.unity.modules.imgui@1.0.0 (location: /Users/guribbong/code/Argus/unity/EmbodiedDebate/Library/PackageCache/com.unity.modules.imgui@1.0.0)
    com.unity.modules.jsonserialize@1.0.0 (location: /Users/guribbong/code/Argus/unity/EmbodiedDebate/Library/PackageCache/com.unity.modules.jsonserialize@1.0.0)
    com.unity.render-pipelines.core@14.0.7 (location: /Users/guribbong/code/Argus/unity/EmbodiedDebate/Library/PackageCache/com.unity.render-pipelines.core@14.0.7)
    com.unity.shadergraph@14.0.7 (location: /Users/guribbong/code/Argus/unity/EmbodiedDebate/Library/PackageCache/com.unity.shadergraph@14.0.7)
    com.unity.ugui@1.0.0 (location: /Users/guribbong/code/Argus/unity/EmbodiedDebate/Library/PackageCache/com.unity.ugui@1.0.0)
    com.unity.modules.terrain@1.0.0 (location: /Users/guribbong/code/Argus/unity/EmbodiedDebate/Library/PackageCache/com.unity.modules.terrain@1.0.0)
    com.unity.modules.ui@1.0.0 (location: /Users/guribbong/code/Argus/unity/EmbodiedDebate/Library/PackageCache/com.unity.modules.ui@1.0.0)
  Embedded packages:
    com.unity.cloud.gltfast@file:/Users/guribbong/code/Argus/unity/EmbodiedDebate/Packages/com.unity.cloud.gltfast (location: /Users/guribbong/code/Argus/unity/EmbodiedDebate/Packages/com.unity.cloud.gltfast)
[Subsystems] No new subsystems found in resolved package list.
Package Manager log level set to [2]
[Package Manager] Done registering packages in 0.77 seconds
Refreshing native plugins compatible for Editor in 13.45 ms, found 0 plugins.
Preloading 0 native plugins for Editor in 0.00 ms.
Initialize engine version: 2022.3.0f1 (fb119bb0b476)
[Subsystems] Discovering subsystems at path /Applications/Unity/Hub/Editor/2022.3.0f1/Unity.app/Contents/Resources/UnitySubsystems
[Subsystems] Discovering subsystems at path /Users/guribbong/code/Argus/unity/EmbodiedDebate/Assets
GfxDevice: creating device client; threaded=0; jobified=0
 preferred device: Apple M2 (high power)
Metal devices available: 1
0: Apple M2 (high power)
Using device Apple M2 (high power)
Initializing Metal device caps: Apple M2
[Licensing::Client] Successfully resolved entitlements
Initialize mono
Mono path[0] = '/Applications/Unity/Hub/Editor/2022.3.0f1/Unity.app/Contents/Managed'
Mono path[1] = '/Applications/Unity/Hub/Editor/2022.3.0f1/Unity.app/Contents/MonoBleedingEdge/lib/mono/unityjit-macos'
Mono config path = '/Applications/Unity/Hub/Editor/2022.3.0f1/Unity.app/Contents/MonoBleedingEdge/etc'
Using monoOptions --debugger-agent=transport=dt_socket,embedding=1,server=y,suspend=n,address=127.0.0.1:56990
Using cacheserver namespaces - metadata:defaultmetadata, artifacts:defaultartifacts
Using cacheserver namespaces - metadata:defaultmetadata, artifacts:defaultartifacts
ImportWorker Server TCP listen port: 0
Begin MonoManager ReloadAssembly
Registering precompiled unity dll's ...
Register platform support module: /Applications/Unity/Hub/Editor/2022.3.0f1/Unity.app/Contents/PlaybackEngines/MacStandaloneSupport/UnityEditor.OSXStandalone.Extensions.dll
Registered in 0.006406 seconds.
- Loaded All Assemblies, in  0.688 seconds
Native extension for OSXStandalone target not found
Mono: successfully reloaded assembly
- Finished resetting the current domain, in  0.448 seconds
Domain Reload Profiling: 1137ms
	BeginReloadAssembly (205ms)
		ExecutionOrderSort (0ms)
		DisableScriptedObjects (0ms)
		BackupInstance (0ms)
		ReleaseScriptingObjects (1ms)
		CreateAndSetChildDomain (7ms)
	RebuildCommonClasses (68ms)
	RebuildNativeTypeToScriptingClass (15ms)
	initialDomainReloadingComplete (93ms)
	LoadAllAssembliesAndSetupDomain (306ms)
		LoadAssemblies (194ms)
		RebuildTransferFunctionScriptingTraits (0ms)
		AnalyzeDomain (298ms)
			TypeCache.Refresh (294ms)
				TypeCache.ScanAssembly (258ms)
			ScanForSourceGeneratedMonoScriptInfo (2ms)
			ResolveRequiredComponents (3ms)
	FinalizeReload (449ms)
		ReleaseScriptCaches (0ms)
		RebuildScriptCaches (0ms)
		SetupLoadedEditorAssemblies (350ms)
			LogAssemblyErrors (0ms)
			InitializePlatformSupportModulesInManaged (12ms)
			SetLoadedEditorAssemblies (16ms)
			RefreshPlugins (0ms)
			BeforeProcessingInitializeOnLoad (5ms)
			ProcessInitializeOnLoadAttributes (246ms)
			ProcessInitializeOnLoadMethodAttributes (70ms)
			AfterProcessingInitializeOnLoad (0ms)
			EditorAssembliesLoaded (0ms)
		ExecutionOrderSort2 (0ms)
		AwakeInstancesAfterBackupRestoration (0ms)
[Licensing::Client] Successfully resolved entitlements
Application.AssetDatabase Initial Refresh Start
[40m[32minfo[39m[22m[49m: Microsoft.Hosting.Lifetime[14]
      Now listening on: http://unix:/tmp/ilpp.sock-8e16111b622e4d5ea6b5ecc926298bfd
[40m[32minfo[39m[22m[49m: Microsoft.Hosting.Lifetime[0]
      Application started. Press Ctrl+C to shut down.
[40m[32minfo[39m[22m[49m: Microsoft.Hosting.Lifetime[0]
      Hosting environment: Production
[40m[32minfo[39m[22m[49m: Microsoft.Hosting.Lifetime[0]
      Content root path: /Users/guribbong/code/Argus/unity/EmbodiedDebate/
[40m[32minfo[39m[22m[49m: Microsoft.AspNetCore.Hosting.Diagnostics[1]
      Request starting HTTP/2 POST http://ilpp/UnityILPP.PostProcessing/Ping application/grpc -
[40m[32minfo[39m[22m[49m: Microsoft.AspNetCore.Routing.EndpointMiddleware[0]
      Executing endpoint 'gRPC - /UnityILPP.PostProcessing/Ping'
[40m[32minfo[39m[22m[49m: Microsoft.AspNetCore.Routing.EndpointMiddleware[1]
      Executed endpoint 'gRPC - /UnityILPP.PostProcessing/Ping'
[40m[32minfo[39m[22m[49m: Microsoft.AspNetCore.Hosting.Diagnostics[2]
      Request finished HTTP/2 POST http://ilpp/UnityILPP.PostProcessing/Ping application/grpc - - 200 - application/grpc 95.7340ms
Starting: /Applications/Unity/Hub/Editor/2022.3.0f1/Unity.app/Contents/bee_backend --dont-print-to-structured-log --ipc --defer-dag-verification --dagfile="Library/Bee/200b0aE.dag" --continue-on-failure --profile="Library/Bee/backend1.traceevents" ScriptAssemblies
WorkingDir: /Users/guribbong/code/Argus/unity/EmbodiedDebate
DisplayProgressbar: Compiling Scripts
[40m[32minfo[39m[22m[49m: Microsoft.AspNetCore.Hosting.Diagnostics[1]
      Request starting HTTP/2 POST http://ilpp/UnityILPP.PostProcessing/ConfigurePostProcessors application/grpc -
[40m[32minfo[39m[22m[49m: Microsoft.AspNetCore.Routing.EndpointMiddleware[0]
      Executing endpoint 'gRPC - /UnityILPP.PostProcessing/ConfigurePostProcessors'
[40m[1m[33mwarn[39m[22m[49m: Unity.ILPP.Runner.PostProcessingAssemblyLoadContext[0]
      Assembly system.runtime.interopservices.windowsruntime has duplicate hint path. Ignoring "/Applications/Unity/Hub/Editor/2022.3.0f1/Unity.app/Contents/UnityReferenceAssemblies/unity-4.8-api/Facades/System.Runtime.InteropServices.WindowsRuntime.dll" in favor of "/Applications/Unity/Hub/Editor/2022.3.0f1/Unity.app/Contents/NetStandard/Extensions/2.0.0/System.Runtime.InteropServices.WindowsRuntime.dll"
[40m[1m[33mwarn[39m[22m[49m: Unity.ILPP.Runner.PostProcessingAssemblyLoadContext[0]
      Assembly system.componentmodel.composition has duplicate hint path. Ignoring "/Applications/Unity/Hub/Editor/2022.3.0f1/Unity.app/Contents/UnityReferenceAssemblies/unity-4.8-api/System.ComponentModel.Composition.dll" in favor of "/Applications/Unity/Hub/Editor/2022.3.0f1/Unity.app/Contents/NetStandard/compat/2.1.0/shims/netfx/System.ComponentModel.Composition.dll"
[40m[32minfo[39m[22m[49m: Unity.ILPP.Runner.PostProcessingAssemblyLoadContext[0]
      Resolved Unity.Burst.Cecil, Version=0.11.4.0, Culture=neutral, PublicKeyToken=50cebf1cceb9d05e with Library/PackageCache/com.unity.burst@1.8.4/Unity.Burst.CodeGen/Unity.Burst.Cecil.dll
[40m[32minfo[39m[22m[49m: Microsoft.AspNetCore.Routing.EndpointMiddleware[1]
      Executed endpoint 'gRPC - /UnityILPP.PostProcessing/ConfigurePostProcessors'
[40m[32minfo[39m[22m[49m: Microsoft.AspNetCore.Hosting.Diagnostics[2]
      Request finished HTTP/2 POST http://ilpp/UnityILPP.PostProcessing/ConfigurePostProcessors application/grpc - - 200 - application/grpc 109.6609ms
ExitCode: 0 Duration: 0s664ms
[295/377    0s] ILPP-Configuration Library/ilpp-configuration.nevergeneratedoutput
*** Tundra build success (0.61 seconds), 1 items updated, 377 evaluated
Total cache size 25932744
Total cache size after purge 25932744
AssetDatabase: script compilation time: 2.000968s
Begin MonoManager ReloadAssembly
Symbol file LoadedFromMemory is not a mono symbol file
- Loaded All Assemblies, in  0.705 seconds
Refreshing native plugins compatible for Editor in 0.98 ms, found 0 plugins.
Preloading 0 native plugins for Editor in 0.00 ms.
Refreshing native plugins compatible for Editor in 0.74 ms, found 0 plugins.
Native extension for OSXStandalone target not found
Mono: successfully reloaded assembly
- Finished resetting the current domain, in  2.750 seconds
Domain Reload Profiling: 3467ms
	BeginReloadAssembly (226ms)
		ExecutionOrderSort (0ms)
		DisableScriptedObjects (6ms)
		BackupInstance (0ms)
		ReleaseScriptingObjects (0ms)
		CreateAndSetChildDomain (64ms)
	RebuildCommonClasses (43ms)
	RebuildNativeTypeToScriptingClass (14ms)
	initialDomainReloadingComplete (28ms)
	LoadAllAssembliesAndSetupDomain (395ms)
		LoadAssemblies (261ms)
		RebuildTransferFunctionScriptingTraits (0ms)
		AnalyzeDomain (240ms)
			TypeCache.Refresh (218ms)
				TypeCache.ScanAssembly (209ms)
			ScanForSourceGeneratedMonoScriptInfo (12ms)
			ResolveRequiredComponents (9ms)
	FinalizeReload (2761ms)
		ReleaseScriptCaches (0ms)
		RebuildScriptCaches (0ms)
		SetupLoadedEditorAssemblies (2388ms)
			LogAssemblyErrors (0ms)
			InitializePlatformSupportModulesInManaged (4ms)
			SetLoadedEditorAssemblies (5ms)
			RefreshPlugins (0ms)
			BeforeProcessingInitializeOnLoad (40ms)
			ProcessInitializeOnLoadAttributes (2223ms)
			ProcessInitializeOnLoadMethodAttributes (115ms)
			AfterProcessingInitializeOnLoad (1ms)
			EditorAssembliesLoaded (1ms)
		ExecutionOrderSort2 (0ms)
		AwakeInstancesAfterBackupRestoration (11ms)
Asset Pipeline Refresh (id=9d72c7ebf69fe4c3686ce4de60db6561): Total: 7.927 seconds - Initiated by InitialRefreshV2(ForceSynchronousImport)
	Summary:
		Imports: total=566 (actual=0, local cache=566, cache server=0)
		Asset DB Process Time: managed=0 ms, native=2316 ms
		Asset DB Callback time: managed=32 ms, native=1 ms
		Scripting: domain reloads=1, domain reload time=3521 ms, compile time=2001 ms, other=53 ms
		Project Asset Count: scripts=3115, non-scripts=1522
		Asset File Changes: new=0, changed=0, moved=0, deleted=0
		Scan Filter Count: 1
	InvokeBeforeRefreshCallbacks: 1.001ms
	ApplyChangesToAssetFolders: 0.039ms
	Scan: 1076.459ms
	OnSourceAssetsModified: 0.002ms
	GetAllGuidsForCategorization: 0.439ms
	CategorizeAssets: 179.692ms
	ImportOutOfDateAssets: 2804.820ms (786.278ms without children)
		CompileScripts: 2001.221ms
		ReloadNativeAssets: 0.210ms
		UnloadImportedAssets: 14.770ms
		EnsureUptoDateAssetsAreRegisteredWithGuidPM: 1.290ms
		InitializingProgressBar: 0.000ms
		PostProcessAllAssetNotificationsAddChangedAssets: 0.000ms
		OnDemandSchedulerStart: 1.050ms
	PostProcessAllAssets: 32.239ms
	GatherAllCurrentPrimaryArtifactRevisions: 0.003ms
	UnloadStreamsBegin: 11.116ms
	PersistCurrentRevisions: 0.174ms
	UnloadStreamsEnd: 0.010ms
	GenerateScriptTypeHashes: 7.336ms
	Untracked: 3821.168ms
Application.AssetDatabase Initial Refresh End
Launching external process: /Applications/Unity/Hub/Editor/2022.3.0f1/Unity.app/Contents/Tools/UnityShaderCompiler
Launched and connected shader compiler UnityShaderCompiler after 0.58 seconds
Scanning for USB devices : 0.416ms
Initializing Unity extensions:
[Licensing::Client] Successfully resolved entitlements
[MODES] ModeService[none].Initialize
[MODES] ModeService[none].LoadModes
[MODES] Loading mode Default (0) for mode-current-id-EmbodiedDebate
ProgressiveSceneManager::Cancel()
Unloading 6 Unused Serialized files (Serialized files now loaded: 0)
Unloading 59 unused Assets / (0.7 MB). Loaded Objects now: 3130.
Memory consumption went from 131.6 MB to 130.9 MB.
Total: 9.207875 ms (FindLiveObjects: 0.360625 ms CreateObjectMapping: 0.081041 ms MarkObjects: 6.328083 ms  DeleteObjects: 2.437584 ms)

Asset Pipeline Refresh (id=9d3d9d60526344609a0d1d1148c22b95): Total: 0.588 seconds - Initiated by RefreshV2(NoUpdateAssetOptions)
	Summary:
		Imports: total=0 (actual=0, local cache=0, cache server=0)
		Asset DB Process Time: managed=0 ms, native=587 ms
		Asset DB Callback time: managed=0 ms, native=0 ms
		Scripting: domain reloads=0, domain reload time=0 ms, compile time=0 ms, other=0 ms
		Project Asset Count: scripts=3115, non-scripts=1522
		Asset File Changes: new=0, changed=0, moved=0, deleted=0
		Scan Filter Count: 1
	InvokeBeforeRefreshCallbacks: 0.001ms
	ApplyChangesToAssetFolders: 0.035ms
	Scan: 534.262ms
	OnSourceAssetsModified: 0.001ms
	GetAllGuidsForCategorization: 0.235ms
	CategorizeAssets: 4.527ms
	ImportOutOfDateAssets: 2.088ms (0.446ms without children)
		ReloadNativeAssets: 0.015ms
		UnloadImportedAssets: 0.034ms
		EnsureUptoDateAssetsAreRegisteredWithGuidPM: 0.668ms
		InitializingProgressBar: 0.000ms
		PostProcessAllAssetNotificationsAddChangedAssets: 0.000ms
		OnDemandSchedulerStart: 0.926ms
	GatherAllCurrentPrimaryArtifactRevisions: 1.423ms
	UnloadStreamsBegin: 0.054ms
	PersistCurrentRevisions: 0.175ms
	UnloadStreamsEnd: 0.012ms
	Untracked: 44.833ms
Unloading 0 Unused Serialized files (Serialized files now loaded: 0)
Unloading 0 unused Assets / (0.8 MB). Loaded Objects now: 3130.
Memory consumption went from 128.7 MB to 127.9 MB.
Total: 7.308250 ms (FindLiveObjects: 0.149750 ms CreateObjectMapping: 0.056875 ms MarkObjects: 7.095000 ms  DeleteObjects: 0.006042 ms)

Start importing Assets/Project/Materials/PersonaBase338CF2.mat using Guid(4205ad5eadd3a47688c715bd2eec0dff) Importer(-1,00000000000000000000000000000000)  -> (artifact id: '54bb74a03e3a26eec6058826f8e4ba86') in 0.036088 seconds
Start importing Assets/Project/Materials/RunPath75C752.mat using Guid(a3d55f599bf5b4c1f9b459350fa03083) Importer(-1,00000000000000000000000000000000)  -> (artifact id: 'ed025847ac929b6bd831774d32c17321') in 0.002155 seconds
Start importing Assets/Project/Materials/RunPathFA8C2E.mat using Guid(a4ba79eda88f84644b4a9d0d847e0e0f) Importer(-1,00000000000000000000000000000000)  -> (artifact id: '7c80bcf80a2c8ca9b32a965ca770ead7') in 0.002442 seconds
Start importing Assets/Project/Materials/RunPath338CF2.mat using Guid(151192085d86e4721ab91bf98c888496) Importer(-1,00000000000000000000000000000000)  -> (artifact id: '184afc9347ec2dafdb42ec5941cacb6f') in 0.001994 seconds
Start importing Assets/Project/Materials/PersonaBaseFA8C2E.mat using Guid(79824a81d8bc14592b86da86088d5cb9) Importer(-1,00000000000000000000000000000000)  -> (artifact id: '235eba1f855d6b0056506437f512058d') in 0.003057 seconds
Start importing Assets/Project/Materials/MiniBotFloor.mat using Guid(c9b9da44181b64d019136d6424cdf19d) Importer(-1,00000000000000000000000000000000)  -> (artifact id: 'd221150920a531c7c9db591e76d470be') in 0.001401 seconds
Start importing Assets/Project/Materials/PersonaBase75C752.mat using Guid(ab7b532e4fb7b4c67a0bb785090e53f8) Importer(-1,00000000000000000000000000000000)  -> (artifact id: '29ad857fcb58d143be59080b57dfd39e') in 0.001453 seconds
Start importing Assets/Project/Materials/MiniBotWall.mat using Guid(9dfcfbc7ebd394f94995719dd7f08111) Importer(-1,00000000000000000000000000000000)  -> (artifact id: 'baf25b3c01946e8c8328076758ff86de') in 0.001029 seconds
Refreshing native plugins compatible for Editor in 5.85 ms, found 0 plugins.
Preloading 0 native plugins for Editor in 0.00 ms.
Asset Pipeline Refresh (id=10e336848376f4e66a23a41001e5e3ff): Total: 0.213 seconds - Initiated by StopAssetImportingV2(NoUpdateAssetOptions)
Start importing Assets/Project/Scenes/MiniBotRunAround.unity using Guid(57bc2ade947e8456faf272e9f7d9f830) Importer(-1,00000000000000000000000000000000)  -> (artifact id: '68cd20a45ed526db1a05fa2b8a6aada1') in 0.002559 seconds
Refreshing native plugins compatible for Editor in 0.67 ms, found 0 plugins.
Preloading 0 native plugins for Editor in 0.00 ms.
Asset Pipeline Refresh (id=c2e7a4fac30904843b8128b5c2d57460): Total: 0.187 seconds - Initiated by StopAssetImportingV2(NoUpdateAssetOptions)
MiniBotScenarioBuilder: saved Assets/Project/Scenes/MiniBotRunAround.unity
UnityEngine.StackTraceUtility:ExtractStackTrace () (at /Users/bokken/build/output/unity/unity/Runtime/Export/Scripting/StackTrace.cs:37)
UnityEngine.DebugLogHandler:LogFormat (UnityEngine.LogType,UnityEngine.Object,string,object[])
UnityEngine.Logger:Log (UnityEngine.LogType,object)
UnityEngine.Debug:Log (object)
ArgusUnity.Editor.MiniBotScenarioBuilder:BuildRunAroundScenario () (at Assets/Editor/MiniBotScenarioBuilder.cs:182)

(Filename: Assets/Editor/MiniBotScenarioBuilder.cs Line: 182)

Batchmode quit successfully invoked - shutting down!
Thread 0x34eb87000 may have been prematurely finalized
[Licensing::IpcConnector] License Notification channel disconnected successfully.
[Licensing::IpcConnector] License Client channel disconnected successfully.
Thread 0x320087000 may have been prematurely finalized
Cleanup mono
[40m[32minfo[39m[22m[49m: Microsoft.Hosting.Lifetime[0]
      Application is shutting down...
[40m[32minfo[39m[22m[49m: Unity.ILPP.Runner.PostProcessingAssemblyLoadContext[0]
      ALC ILPP context 1 is unloading
debugger-agent: Unable to listen on 48
[Performance] Application.InitializeProject                                                                                  :        1 samples, Peak.  17.7 s (1.0x), Avg.  17.7 s, Total. 17.69 s (58.3%)
[Performance] Application.PackageManager.StartServer                                                                         :        1 samples, Peak.  8.30 ms (1.0x), Avg.  8.30 ms, Total. 8.295 ms (0.0%)
[Performance] Application.AcquireProjectLock                                                                                 :        1 samples, Peak.  6.49 ms (1.0x), Avg.  6.49 ms, Total. 6.495 ms (0.0%)
[Performance] Application.InitializeEngineNoGraphics                                                                         :        1 samples, Peak.   195 ms (1.0x), Avg.   195 ms, Total. 195.1 ms (0.6%)
[Performance] Application.PackageManager.Initialize                                                                          :        1 samples, Peak.  3.43 s (1.0x), Avg.  3.43 s, Total. 3.435 s (11.3%)
[Performance] Connecting to Package Manager                                                                                  :      343 samples, Peak.  1.17 ms (212.6x), Avg.  5.49 us, Total. 1.884 ms (0.0%)
[Performance] Application.EngineGraphics.Initialize                                                                          :        1 samples, Peak.   324 ms (1.0x), Avg.   324 ms, Total. 324.4 ms (1.1%)
[Performance] Application.GI.Initialize                                                                                      :        1 samples, Peak.  11.5 ms (1.0x), Avg.  11.5 ms, Total. 11.50 ms (0.0%)
[Performance] Application.LoadAllDefaultResourcesFromEditor                                                                  :        1 samples, Peak.  2.40 ms (1.0x), Avg.  2.40 ms, Total. 2.401 ms (0.0%)
[Performance] Application.LoadMonoAssemblies                                                                                 :        1 samples, Peak.  1.15 s (1.0x), Avg.  1.15 s, Total. 1.154 s (3.8%)
[Performance] RestoreManagedReferences                                                                                       :        2 samples, Peak.  53.8 ms (2.0x), Avg.  26.9 ms, Total. 53.83 ms (0.2%)
[Performance] InitializeOnLoad ProjectSearch                                                                                 :        2 samples, Peak.   389 us (1.3x), Avg.   293 us, Total. 585.3 us (0.0%)
[Performance] InitializeOnLoad AssetStoreContext                                                                             :        2 samples, Peak.  33.2 ms (1.3x), Avg.  24.8 ms, Total. 49.63 ms (0.2%)
[Performance] InitializeOnLoad SearchService                                                                                 :        2 samples, Peak.   180 us (1.3x), Avg.   139 us, Total. 278.2 us (0.0%)
[Performance] InitializeOnLoad ObjectSelectorSearch                                                                          :        2 samples, Peak.   425 us (1.4x), Avg.   299 us, Total. 598.5 us (0.0%)
[Performance] InitializeOnLoad NativeFormatImporterUtility                                                                   :        2 samples, Peak.  4.95 ms (1.2x), Avg.  4.24 ms, Total. 8.479 ms (0.0%)
[Performance] InitializeOnLoad ManagedDebuggerWindow                                                                         :        2 samples, Peak.   793 us (1.6x), Avg.   491 us, Total. 981.2 us (0.0%)
[Performance] InitializeOnLoad PrefabInstanceChangedListener                                                                 :        2 samples, Peak.   628 us (1.2x), Avg.   535 us, Total. 1.070 ms (0.0%)
[Performance] InitializeOnLoad ManagedDebugger                                                                               :        2 samples, Peak.   417 ns (1.1x), Avg.   396 ns, Total. 792.0 ns (0.0%)
[Performance] InitializeOnLoad CloudBuild                                                                                    :        2 samples, Peak.  2.67 us (1.1x), Avg.  2.42 us, Total. 4.834 us (0.0%)
[Performance] InitializeOnLoad Collab                                                                                        :        2 samples, Peak.  17.4 ms (1.6x), Avg.  11.1 ms, Total. 22.13 ms (0.1%)
[Performance] InitializeOnLoad ShortcutIntegration                                                                           :        2 samples, Peak.  91.3 us (1.3x), Avg.  69.3 us, Total. 138.6 us (0.0%)
[Performance] InitializeOnLoad MixerEffectDefinitionReloader                                                                 :        2 samples, Peak.  6.82 ms (1.5x), Avg.  4.66 ms, Total. 9.324 ms (0.0%)
[Performance] InitializeOnLoad DrivenRectTransformUndo                                                                       :        2 samples, Peak.   590 us (1.5x), Avg.   402 us, Total. 804.5 us (0.0%)
[Performance] InitializeOnLoad WindowLayout                                                                                  :        2 samples, Peak.  1.11 ms (1.3x), Avg.   852 us, Total. 1.703 ms (0.0%)
[Performance] InitializeOnLoad SettingsService                                                                               :        2 samples, Peak.  11.7 us (1.4x), Avg.  8.31 us, Total. 16.63 us (0.0%)
[Performance] InitializeOnLoad CacheServerWindow                                                                             :        2 samples, Peak.  13.9 us (1.4x), Avg.  9.79 us, Total. 19.58 us (0.0%)
[Performance] InitializeOnLoad MenuItems                                                                                     :        2 samples, Peak.   167 us (1.4x), Avg.   123 us, Total. 245.8 us (0.0%)
[Performance] InitializeOnLoad CheckNavigationPackage                                                                        :        2 samples, Peak.   756 us (1.1x), Avg.   662 us, Total. 1.324 ms (0.0%)
[Performance] InitializeOnLoad UISystemProfilerRenderService                                                                 :        2 samples, Peak.  17.2 us (1.2x), Avg.  14.4 us, Total. 28.79 us (0.0%)
[Performance] InitializeOnLoad EditMode                                                                                      :        2 samples, Peak.  2.77 ms (1.8x), Avg.  1.52 ms, Total. 3.039 ms (0.0%)
[Performance] InitializeOnLoad UnityConnect                                                                                  :        2 samples, Peak.   127 us (1.5x), Avg.  82.9 us, Total. 165.9 us (0.0%)
[Performance] InitializeOnLoad AddComponentWindow                                                                            :        2 samples, Peak.   197 us (1.4x), Avg.   144 us, Total. 288.6 us (0.0%)
[Performance] InitializeOnLoad PlayModeDownload                                                                              :        2 samples, Peak.  9.64 ms (1.9x), Avg.  5.00 ms, Total. 10.000 ms (0.0%)
[Performance] InitializeOnLoad SceneSearch                                                                                   :        2 samples, Peak.   292 us (1.7x), Avg.   167 us, Total. 334.2 us (0.0%)
[Performance] InitializeOnLoad EditorDelegateRegistration                                                                    :        2 samples, Peak.  1.21 ms (1.3x), Avg.   897 us, Total. 1.794 ms (0.0%)
[Performance] InitializeOnLoad UxmlObjectEditorFactories                                                                     :        2 samples, Peak.   603 us (1.1x), Avg.   571 us, Total. 1.143 ms (0.0%)
[Performance] InitializeOnLoad RetainedMode                                                                                  :        2 samples, Peak.  3.27 ms (1.3x), Avg.  2.54 ms, Total. 5.080 ms (0.0%)
[Performance] InitializeOnLoad EditorShaderLoader                                                                            :        2 samples, Peak.  1.78 ms (1.4x), Avg.  1.27 ms, Total. 2.533 ms (0.0%)
[Performance] InitializeOnLoad UIDocumentHierarchyWatcher                                                                    :        2 samples, Peak.  63.2 us (1.1x), Avg.  55.4 us, Total. 110.8 us (0.0%)
[Performance] InitializeOnLoad EditorMonitor                                                                                 :        2 samples, Peak.   120 us (1.1x), Avg.   108 us, Total. 216.4 us (0.0%)
[Performance] InitializeOnLoad LiveReloadTrackerCreator                                                                      :        2 samples, Peak.   169 us (1.2x), Avg.   140 us, Total. 280.6 us (0.0%)
[Performance] InitializeOnLoad UXMLEditorFactories                                                                           :        2 samples, Peak.   101 ms (1.4x), Avg.  70.1 ms, Total. 140.2 ms (0.5%)
[Performance] InitializeOnLoad ServicesRepository                                                                            :        2 samples, Peak.  1.14 ms (1.3x), Avg.   864 us, Total. 1.729 ms (0.0%)
[Performance] InitializeOnLoad UDPService                                                                                    :        2 samples, Peak.  5.44 ms (1.4x), Avg.  3.81 ms, Total. 7.619 ms (0.0%)
[Performance] InitializeOnLoad EditorGameServicesAnalytics                                                                   :        2 samples, Peak.  3.05 ms (1.5x), Avg.  2.04 ms, Total. 4.087 ms (0.0%)
[Performance] InitializeOnLoad CloudBuildPoller                                                                              :        2 samples, Peak.   117 us (1.1x), Avg.   107 us, Total. 214.6 us (0.0%)
[Performance] InitializeOnLoad BuildService                                                                                  :        2 samples, Peak.  1.99 ms (1.1x), Avg.  1.86 ms, Total. 3.730 ms (0.0%)
[Performance] InitializeOnLoad CollabService                                                                                 :        2 samples, Peak.  2.82 ms (1.0x), Avg.  2.79 ms, Total. 5.581 ms (0.0%)
[Performance] InitializeOnLoad PurchasingService                                                                             :        2 samples, Peak.  16.5 ms (1.4x), Avg.  11.9 ms, Total. 23.70 ms (0.1%)
[Performance] InitializeOnLoad CrashService                                                                                  :        2 samples, Peak.  6.72 ms (1.6x), Avg.  4.08 ms, Total. 8.157 ms (0.0%)
[Performance] InitializeOnLoad AdsService                                                                                    :        2 samples, Peak.  3.18 ms (1.1x), Avg.  2.88 ms, Total. 5.751 ms (0.0%)
[Performance] InitializeOnLoad AnalyticsService                                                                              :        2 samples, Peak.  3.37 ms (1.1x), Avg.  2.99 ms, Total. 5.981 ms (0.0%)
[Performance] InitializeOnLoad SearchWindow                                                                                  :        2 samples, Peak.   748 us (1.7x), Avg.   447 us, Total. 893.2 us (0.0%)
[Performance] InitializeOnLoad SearchMonitor                                                                                 :        2 samples, Peak.  10.8 ms (1.5x), Avg.  7.11 ms, Total. 14.22 ms (0.0%)
[Performance] InitializeOnLoad ParameterControllerEditor                                                                     :        2 samples, Peak.  50.4 us (1.0x), Avg.  48.4 us, Total. 96.87 us (0.0%)
[Performance] InitializeOnLoad LayerSettingsWindow                                                                           :        2 samples, Peak.  10.9 us (1.4x), Avg.  7.79 us, Total. 15.58 us (0.0%)
[Performance] InitializeOnLoad PackageManagerHookGUIDConverter.RegisterPackagesEventHandler                                  :        2 samples, Peak.  1.08 ms (1.8x), Avg.   617 us, Total. 1.234 ms (0.0%)
[Performance] InitializeOnLoad EditorDragAndDrop.RegisterEditorClient                                                        :        2 samples, Peak.   275 us (1.0x), Avg.   274 us, Total. 548.8 us (0.0%)
[Performance] InitializeOnLoad EditorEventCallbacks.InitializeFontAssetResourceChangeCallBacks                               :        2 samples, Peak.  2.27 ms (1.4x), Avg.  1.64 ms, Total. 3.287 ms (0.0%)
[Performance] InitializeOnLoad SceneTemplateService.Init                                                                     :        2 samples, Peak.  1.70 ms (1.1x), Avg.  1.51 ms, Total. 3.024 ms (0.0%)
[Performance] InitializeOnLoad DiagnosticSwitchesConsoleMessage.Init                                                         :        2 samples, Peak.  4.09 ms (1.5x), Avg.  2.71 ms, Total. 5.415 ms (0.0%)
[Performance] InitializeOnLoad ScopedRegistryAddedPopup.SubscribeToRegistriesAdded                                           :        2 samples, Peak.  45.4 ms (1.5x), Avg.  29.4 ms, Total. 58.79 ms (0.2%)
[Performance] InitializeOnLoad PackageManagerWindow.EditorInitializedInSafeMode                                              :        2 samples, Peak.   249 us (1.4x), Avg.   183 us, Total. 366.0 us (0.0%)
[Performance] InitializeOnLoad MemoryProfilerCompilationGuard.InjectCompileGuard                                             :        2 samples, Peak.   283 us (1.6x), Avg.   181 us, Total. 362.8 us (0.0%)
[Performance] InitializeOnLoad SceneVisibilityManager.Initialize                                                             :        2 samples, Peak.  6.07 ms (1.6x), Avg.  3.76 ms, Total. 7.525 ms (0.0%)
[Performance] InitializeOnLoad AssetPostprocessingInternal.RefreshCustomDependencies                                         :        2 samples, Peak.  5.67 ms (1.2x), Avg.  4.84 ms, Total. 9.683 ms (0.0%)
[Performance] InitializeOnLoad ToolShortcutContext.Init                                                                      :        2 samples, Peak.   119 us (1.0x), Avg.   117 us, Total. 234.7 us (0.0%)
[Performance] InitializeOnLoad SysrootManager.Initialize                                                                     :        2 samples, Peak.   440 us (1.0x), Avg.   440 us, Total. 879.0 us (0.0%)
[Performance] InitializeOnLoad EditorWindow.Initialize                                                                       :        2 samples, Peak.   150 us (1.0x), Avg.   147 us, Total. 293.8 us (0.0%)
[Performance] AssemblyReloadEvents.afterAssemblyReload: UnityEditor.SceneTemplate.SceneTemplateService.AfterAssemblyReload   :        2 samples, Peak.  16.2 ms (1.9x), Avg.  8.42 ms, Total. 16.85 ms (0.1%)
[Performance] ProcessService.EditorAfterLoadAllAssemblies                                                                    :        2 samples, Peak.  11.4 ms (1.8x), Avg.  6.18 ms, Total. 12.36 ms (0.0%)
[Performance] Application.ReadLicenseInfo                                                                                    :        1 samples, Peak.   211 ms (1.0x), Avg.   211 ms, Total. 211.2 ms (0.7%)
[Performance] Application.InitialRefresh                                                                                     :        1 samples, Peak.  7.93 s (1.0x), Avg.  7.93 s, Total. 7.930 s (26.1%)
[Performance] Compiling Scripts                                                                                              :        1 samples, Peak.  2.00 s (1.0x), Avg.  2.00 s, Total. 2.001 s (6.6%)
[Performance] AssemblyReloadEvents.beforeAssemblyReload: UnityEditor.SceneTemplate.SceneTemplateService.BeforeAssemblyReload :        1 samples, Peak.  1.36 ms (1.0x), Avg.  1.36 ms, Total. 1.361 ms (0.0%)
[Performance] InitializeOnLoad BurstLoader                                                                                   :        1 samples, Peak.  2.00 s (1.0x), Avg.  2.00 s, Total. 1.997 s (6.6%)
[Performance] InitializeOnLoad ShadowCasterGroup2DManager                                                                    :        1 samples, Peak.   929 us (1.0x), Avg.   929 us, Total. 929.5 us (0.0%)
[Performance] InitializeOnLoad RealtimeProbeSubdivisionDebug                                                                 :        1 samples, Peak.   623 us (1.0x), Avg.   623 us, Total. 623.5 us (0.0%)
[Performance] InitializeOnLoad ProbeGIBaking                                                                                 :        1 samples, Peak.  2.91 ms (1.0x), Avg.  2.91 ms, Total. 2.908 ms (0.0%)
[Performance] InitializeOnLoad FilterWindow                                                                                  :        1 samples, Peak.   176 us (1.0x), Avg.   176 us, Total. 176.4 us (0.0%)
[Performance] InitializeOnLoad NodeClassCache                                                                                :        1 samples, Peak.  29.5 us (1.0x), Avg.  29.5 us, Total. 29.50 us (0.0%)
[Performance] InitializeOnLoad ShaderGraphMaterialsUpdater                                                                   :        2 samples, Peak.  5.33 ms (2.0x), Avg.  2.72 ms, Total. 5.440 ms (0.0%)
[Performance] InitializeOnLoad PrefabLayoutRebuilder                                                                         :        1 samples, Peak.   239 us (1.0x), Avg.   239 us, Total. 238.5 us (0.0%)
[Performance] InitializeOnLoad BackgroundWatcher                                                                             :        1 samples, Peak.   135 us (1.0x), Avg.   135 us, Total. 135.4 us (0.0%)
[Performance] InitializeOnLoad UnityTestProtocolStarter                                                                      :        1 samples, Peak.   315 us (1.0x), Avg.   315 us, Total. 315.0 us (0.0%)
[Performance] InitializeOnLoad TestStarter                                                                                   :        1 samples, Peak.   526 us (1.0x), Avg.   526 us, Total. 525.7 us (0.0%)
[Performance] InitializeOnLoad RerunCallbackInitializer                                                                      :        1 samples, Peak.  3.89 ms (1.0x), Avg.  3.89 ms, Total. 3.886 ms (0.0%)
[Performance] InitializeOnLoad EditorToolManager                                                                             :        1 samples, Peak.  5.99 ms (1.0x), Avg.  5.99 ms, Total. 5.989 ms (0.0%)
[Performance] InitializeOnLoad Renderer2DAnalytics                                                                           :        1 samples, Peak.   197 us (1.0x), Avg.   197 us, Total. 197.3 us (0.0%)
[Performance] InitializeOnLoad RendererDataPatcher                                                                           :        1 samples, Peak.  89.8 ms (1.0x), Avg.  89.8 ms, Total. 89.81 ms (0.3%)
[Performance] InitializeOnLoad MaterialReimporter.RegisterUpgraderReimport                                                   :        2 samples, Peak.   602 us (1.9x), Avg.   313 us, Total. 626.0 us (0.0%)
[Performance] InitializeOnLoad $BurstDirectCallInitializer.Initialize                                                        :        1 samples, Peak.  18.4 ms (1.0x), Avg.  18.4 ms, Total. 18.39 ms (0.1%)
[Performance] InitializeOnLoad TestJobDataHolder.ResumeRunningJobs                                                           :        1 samples, Peak.   918 us (1.0x), Avg.   918 us, Total. 918.0 us (0.0%)
[Performance] InitializeOnLoad AnalyticsReporter.RegisterCallbacks                                                           :        1 samples, Peak.   195 us (1.0x), Avg.   195 us, Total. 195.0 us (0.0%)
[Performance] InitializeOnLoad CoreRenderPipelinePreferences.InitPreferenceProviders                                         :        1 samples, Peak.  67.0 ms (1.0x), Avg.  67.0 ms, Total. 66.98 ms (0.2%)
[Performance] InitializeOnLoad VolumeGizmoDrawer.InitVolumeGizmoCallbacks                                                    :        1 samples, Peak.   327 us (1.0x), Avg.   327 us, Total. 326.7 us (0.0%)
[Performance] DidReloadScriptsTestRunnerWindow.CompilationCallback                                                           :        1 samples, Peak.  1.28 ms (1.0x), Avg.  1.28 ms, Total. 1.284 ms (0.0%)
[Performance] DidReloadScriptsTestListCache.ScriptReloaded                                                                   :        1 samples, Peak.  3.55 ms (1.0x), Avg.  3.55 ms, Total. 3.554 ms (0.0%)
[Performance] DidReloadScriptsDebugWindow.OnEditorReload                                                                     :        1 samples, Peak.  27.5 ms (1.0x), Avg.  27.5 ms, Total. 27.48 ms (0.1%)
[Performance] DidReloadScriptsLookDev.OnEditorReload                                                                         :        1 samples, Peak.   272 us (1.0x), Avg.   272 us, Total. 271.7 us (0.0%)
[Performance] DidReloadScriptsVolumeComponentEditor.OnEditorReload                                                           :        1 samples, Peak.   110 ms (1.0x), Avg.   110 ms, Total. 110.2 ms (0.4%)
[Performance] DidReloadScriptsOnScriptsReloadHandler.OnScriptsReloaded                                                       :        1 samples, Peak.  3.11 ms (1.0x), Avg.  3.11 ms, Total. 3.110 ms (0.0%)
[Performance] DidReloadScriptsAdvancedDropdownWindow.OnScriptReload                                                          :        1 samples, Peak.   448 us (1.0x), Avg.   448 us, Total. 447.8 us (0.0%)
[Performance] SyncVS.PostprocessSyncProject                                                                                  :        3 samples, Peak.  7.56 ms (3.0x), Avg.  2.56 ms, Total. 7.675 ms (0.0%)
[Performance] Application.ImportPackagesAndSetTemplateWhenCreatingProject                                                    :        1 samples, Peak.  98.0 ms (1.0x), Avg.  98.0 ms, Total. 97.98 ms (0.3%)
[Performance] Application.SyncCurrentColorSpace                                                                              :        1 samples, Peak.   855 ms (1.0x), Avg.   855 ms, Total. 854.9 ms (2.8%)
[Performance] Application.OnUsbDevicesChanged                                                                                :        1 samples, Peak.   769 us (1.0x), Avg.   769 us, Total. 769.0 us (0.0%)
[Performance] Application.AssetInstanceCacheUpdate                                                                           :        1 samples, Peak.  1.54 us (1.0x), Avg.  1.54 us, Total. 1.541 us (0.0%)
[Performance] Application.UnityExtensions.Initialize                                                                         :        1 samples, Peak.  16.3 ms (1.0x), Avg.  16.3 ms, Total. 16.28 ms (0.1%)
[Performance] CodeEditorProjectSync.SyncEditorProject                                                                        :        1 samples, Peak.   318 us (1.0x), Avg.   318 us, Total. 318.3 us (0.0%)
[Performance] Application.ExecuteStartups                                                                                    :        1 samples, Peak.  87.4 ms (1.0x), Avg.  87.4 ms, Total. 87.35 ms (0.3%)
[Performance] Menu.RegisterMenuInterface                                                                                     :       26 samples, Peak.   155 us (24.9x), Avg.  6.25 us, Total. 162.4 us (0.0%)
[Performance] Gizmo.RebuildRenderers                                                                                         :        1 samples, Peak.  80.1 ms (1.0x), Avg.  80.1 ms, Total. 80.12 ms (0.3%)
[Performance] Gizmo.AddGizmoRenderers                                                                                        :       55 samples, Peak.  8.74 ms (43.1x), Avg.   203 us, Total. 11.14 ms (0.0%)
[Performance] Application.editorInitializingProject                                                                          :        1 samples, Peak.   157 ms (1.0x), Avg.   157 ms, Total. 157.0 ms (0.5%)
[Performance] Application.InitializeMenu                                                                                     :        1 samples, Peak.   240 ms (1.0x), Avg.   240 ms, Total. 239.6 ms (0.8%)
[Performance] Menu.RebuildAll                                                                                                :        1 samples, Peak.   239 ms (1.0x), Avg.   239 ms, Total. 239.4 ms (0.8%)
[Performance] Menu.BuildRegisteredMenuInterfaces                                                                             :        1 samples, Peak.   229 ms (1.0x), Avg.   229 ms, Total. 228.8 ms (0.8%)
[Performance] Menu.FilterMenuItem                                                                                            :      587 samples, Peak.   184 ms (584.6x), Avg.   314 us, Total. 184.5 ms (0.6%)
[Performance] UpdateAllMenus                                                                                                 :        1 samples, Peak.   712 us (1.0x), Avg.   712 us, Total. 711.5 us (0.0%)
[Performance] Selection.selectionChanged: UnityEditor.PackageManager.UI.Internal.SelectionProxy.OnSelectionChanged           :        1 samples, Peak.  1.56 ms (1.0x), Avg.  1.56 ms, Total. 1.558 ms (0.0%)
[Performance] Selection.selectionChanged: UnityEditorInternal.EditMode.OnSelectionChange                                     :        1 samples, Peak.   327 us (1.0x), Avg.   327 us, Total. 326.9 us (0.0%)
[Performance] EditorSceneManager.sceneClosing: UnityEditor.SceneVisibilityManager.EditorSceneManagerOnSceneClosing           :        2 samples, Peak.   492 us (2.0x), Avg.   251 us, Total. 501.7 us (0.0%)
[Performance] EditorSceneManager.sceneClosed: callback in UnityEditor.Search.SearchMonitor                                   :        2 samples, Peak.   238 us (2.0x), Avg.   121 us, Total. 243.0 us (0.0%)
[Performance] EditorSceneManager.activeSceneChangedInEditMode: callback in UnityEditor.Search.SearchMonitor                  :        2 samples, Peak.  71.8 us (2.0x), Avg.  36.4 us, Total. 72.83 us (0.0%)
[Performance] GUIView.RepaintAll.PlayerLoopController                                                                        :        2 samples, Peak.  2.29 us (1.6x), Avg.  1.44 us, Total. 2.875 us (0.0%)
[Performance] EditorSceneManager.newSceneCreated: UnityEditor.SceneTemplate.SceneTemplateService.OnNewSceneCreated           :        2 samples, Peak.   339 us (2.0x), Avg.   172 us, Total. 343.5 us (0.0%)
[Performance] EditorSceneManager.newSceneCreated: UnityEditor.SceneVisibilityManager.EditorSceneManagerOnNewSceneCreated     :        2 samples, Peak.   165 us (1.9x), Avg.  86.7 us, Total. 173.5 us (0.0%)
[Performance] EditorSceneManager.newSceneCreated: UnityEditor.SceneManagement.StageNavigationManager.OnNewSceneCreated       :        2 samples, Peak.  58.9 us (2.0x), Avg.  30.0 us, Total. 59.92 us (0.0%)
[Performance] Application.InvokeFinishedLoadingProject                                                                       :        1 samples, Peak.  40.4 ms (1.0x), Avg.  40.4 ms, Total. 40.44 ms (0.1%)
[Performance] ProcessService.OnProjectLoaded                                                                                 :        1 samples, Peak.   113 us (1.0x), Avg.   113 us, Total. 112.6 us (0.0%)
[Performance] VersionControl.Task.Wait                                                                                       :        1 samples, Peak.   196 us (1.0x), Avg.   196 us, Total. 195.7 us (0.0%)
[Performance] AssetDatabase.Refresh                                                                                          :        1 samples, Peak.   588 ms (1.0x), Avg.   588 ms, Total. 587.8 ms (1.9%)
[Performance] SceneDataContainer.TransformHierarchyChangedSetParentCallback                                                  :       15 samples, Peak.  12.0 us (9.8x), Avg.  1.22 us, Total. 18.37 us (0.0%)
[Performance] SceneVisibilityState.IsFlagSetInParents                                                                        :       15 samples, Peak.  1.29 us (4.1x), Avg.   314 ns, Total. 4.710 us (0.0%)
[Performance] BuilderAssetModificationProcessor.OnWillSaveAssets                                                             :        2 samples, Peak.  2.33 ms (2.0x), Avg.  1.18 ms, Total. 2.352 ms (0.0%)
[Performance] TerrainModificationProcessor.OnWillSaveAssets                                                                  :        2 samples, Peak.   981 us (2.0x), Avg.   491 us, Total. 982.7 us (0.0%)
[Performance] AssetDatabase.ImportAssets                                                                                     :        6 samples, Peak.   214 ms (6.0x), Avg.  35.7 ms, Total. 214.1 ms (0.7%)
[Performance] PresetManagerPostProcessor.OnPreprocessAsset                                                                   :        9 samples, Peak.   860 us (7.8x), Avg.   110 us, Total. 989.3 us (0.0%)
[Performance] CancelSplashScreenOnAssetChange.OnPreprocessAsset                                                              :        9 samples, Peak.   802 us (8.8x), Avg.  91.2 us, Total. 821.0 us (0.0%)
[Performance] ShaderGraphAssetPostProcessor.OnPreprocessAsset                                                                :        9 samples, Peak.   297 us (7.6x), Avg.  39.2 us, Total. 353.0 us (0.0%)
[Performance] BuilderAssetPostprocessor.OnPostprocessAllAssets                                                               :        4 samples, Peak.  5.95 ms (2.0x), Avg.  2.94 ms, Total. 11.78 ms (0.0%)
[Performance] ArtifactBrowserPostProcessor.OnPostprocessAllAssets                                                            :        4 samples, Peak.   550 us (2.1x), Avg.   263 us, Total. 1.053 ms (0.0%)
[Performance] AssetEvents.OnPostprocessAllAssets                                                                             :        8 samples, Peak.   194 us (2.8x), Avg.  68.1 us, Total. 545.1 us (0.0%)
[Performance] AudioMixerPostprocessor.OnPostprocessAllAssets                                                                 :        4 samples, Peak.   345 us (2.0x), Avg.   175 us, Total. 701.9 us (0.0%)
[Performance] StyleCatalogPostProcessor.OnPostprocessAllAssets                                                               :        4 samples, Peak.  30.6 ms (2.0x), Avg.  15.3 ms, Total. 61.20 ms (0.2%)
[Performance] BuildCatalog                                                                                                   :        1 samples, Peak.  29.0 ms (1.0x), Avg.  29.0 ms, Total. 29.02 ms (0.1%)
[Performance] ModelImporterPostProcessor.OnPostprocessAllAssets                                                              :        4 samples, Peak.  4.48 ms (1.9x), Avg.  2.37 ms, Total. 9.489 ms (0.0%)
[Performance] MaterialPostprocessor.OnPostprocessAllAssets                                                                   :        8 samples, Peak.  3.91 ms (3.1x), Avg.  1.28 ms, Total. 10.25 ms (0.0%)
[Performance] RetainedModeAssetPostprocessor.OnPostprocessAllAssets                                                          :        4 samples, Peak.  2.63 ms (2.0x), Avg.  1.32 ms, Total. 5.282 ms (0.0%)
[Performance] AssetChangedListener.OnPostprocessAllAssets                                                                    :        4 samples, Peak.  10.0 ms (2.0x), Avg.  5.12 ms, Total. 20.49 ms (0.1%)
[Performance] PostProcessor.OnPostprocessAllAssets                                                                           :        4 samples, Peak.   387 us (1.7x), Avg.   227 us, Total. 909.6 us (0.0%)
[Performance] ShaderGraphAssetPostProcessor.OnPostprocessAllAssets                                                           :        4 samples, Peak.  4.37 ms (1.9x), Avg.  2.25 ms, Total. 8.983 ms (0.0%)
[Performance] SpeedTreePostProcessor.OnPostprocessAllAssets                                                                  :        4 samples, Peak.   214 us (2.0x), Avg.   106 us, Total. 423.7 us (0.0%)
[Performance] TextAssetPostProcessor.OnPostprocessAllAssets                                                                  :        4 samples, Peak.   446 us (2.0x), Avg.   226 us, Total. 902.5 us (0.0%)
[Performance] EditorSceneManager.sceneSaving: UnityEditor.SceneTemplate.SceneTemplateService.OnSceneSaving                   :        1 samples, Peak.   382 us (1.0x), Avg.   382 us, Total. 381.8 us (0.0%)
[Performance] EditorSceneManager.sceneSaving: UnityEditor.SceneVisibilityManager.EditorSceneManagerOnSceneSaving             :        1 samples, Peak.   915 us (1.0x), Avg.   915 us, Total. 915.1 us (0.0%)
[Performance] MaterialModificationProcessor.OnWillCreateAsset                                                                :        2 samples, Peak.   292 us (1.2x), Avg.   245 us, Total. 490.2 us (0.0%)
[Performance] BuilderAssetModificationProcessor.OnWillCreateAsset                                                            :        1 samples, Peak.   432 us (1.0x), Avg.   432 us, Total. 431.5 us (0.0%)
[Performance] AssetDatabase.ImportAsset                                                                                      :        1 samples, Peak.   187 ms (1.0x), Avg.   187 ms, Total. 187.5 ms (0.6%)
[Performance] ShaderImporter.SourceAssetModified                                                                             :        1 samples, Peak.   542 ns (1.0x), Avg.   542 ns, Total. 542.0 ns (0.0%)
[Performance] ShaderIncludeImporter.SourceAssetModified                                                                      :        1 samples, Peak.   917 ns (1.0x), Avg.   917 ns, Total. 917.0 ns (0.0%)
[Performance] EditorSceneManager.sceneSaved: UnityEditor.SceneTemplate.SceneTemplateService.OnSceneSaved                     :        1 samples, Peak.   233 ms (1.0x), Avg.   233 ms, Total. 233.1 ms (0.8%)
[Performance] EditorSceneManager.sceneSaved: UnityEditor.SceneVisibilityManager.EditorSceneManagerOnSceneSaved               :        1 samples, Peak.   157 us (1.0x), Avg.   157 us, Total. 157.0 us (0.0%)
[Performance] EditorApplication.quitting: UnityEditor.Search.SearchMonitor.OnQuitting                                        :        1 samples, Peak.  6.12 ms (1.0x), Avg.  6.12 ms, Total. 6.124 ms (0.0%)
[Performance] EditorApplication.quitting: Unity.Burst.Editor.BurstLoader.OnEditorApplicationQuitting                         :        1 samples, Peak.  50.3 us (1.0x), Avg.  50.3 us, Total. 50.25 us (0.0%)
[Performance] EditorApplication.quitting: callback in UnityEditor.TextCore.Text.EditorEventCallbacks                         :        1 samples, Peak.  11.4 ms (1.0x), Avg.  11.4 ms, Total. 11.40 ms (0.0%)
[Performance] Application.Shutdown.PauseProfilerSession                                                                      :        1 samples, Peak.  2.35 ms (1.0x), Avg.  2.35 ms, Total. 2.346 ms (0.0%)
[Performance] Application.Shutdown.PauseAssetImportWorkers                                                                   :        1 samples, Peak.   415 us (1.0x), Avg.   415 us, Total. 414.9 us (0.0%)
[Performance] Application.Shutdown.SaveAssets                                                                                :        1 samples, Peak.  33.6 ms (1.0x), Avg.  33.6 ms, Total. 33.55 ms (0.1%)
[Performance] Application.Shutdown.CleanupRenderPipeline                                                                     :        1 samples, Peak.  4.75 us (1.0x), Avg.  4.75 us, Total. 4.750 us (0.0%)
[Performance] Application.Shutdown.StopPreloadManager                                                                        :        1 samples, Peak.  11.1 ms (1.0x), Avg.  11.1 ms, Total. 11.07 ms (0.0%)
[Performance] Application.Shutdown.DestroyWorld                                                                              :        1 samples, Peak.  3.14 ms (1.0x), Avg.  3.14 ms, Total. 3.144 ms (0.0%)
[Performance] Application.Shutdown.CleanupAfterLoad                                                                          :        1 samples, Peak.   263 ms (1.0x), Avg.   263 ms, Total. 262.8 ms (0.9%)
[Performance] Application.Shutdown.Progress                                                                                  :        1 samples, Peak.   849 us (1.0x), Avg.   849 us, Total. 849.1 us (0.0%)
[Performance] Application.Shutdown.GICleanupManagers                                                                         :        1 samples, Peak.  25.3 ms (1.0x), Avg.  25.3 ms, Total. 25.31 ms (0.1%)
[Performance] Application.Shutdown.MenuCleanupClass                                                                          :        1 samples, Peak.   889 us (1.0x), Avg.   889 us, Total. 888.8 us (0.0%)
[Performance] Application.Shutdown.ADBSaveStateBeforeShutdown                                                                :        1 samples, Peak.  43.6 us (1.0x), Avg.  43.6 us, Total. 43.58 us (0.0%)
[Performance] Application.Shutdown.RemoteShutdown                                                                            :        1 samples, Peak.   439 us (1.0x), Avg.   439 us, Total. 438.7 us (0.0%)
[Performance] Application.Shutdown.CleanupVCProvider                                                                         :        1 samples, Peak.   431 us (1.0x), Avg.   431 us, Total. 431.0 us (0.0%)
[Performance] Application.Shutdown.InputShutdown                                                                             :        1 samples, Peak.  5.58 ms (1.0x), Avg.  5.58 ms, Total. 5.580 ms (0.0%)
[Performance] Application.Shutdown.GizmoManagerDestroy                                                                       :        1 samples, Peak.  1.89 ms (1.0x), Avg.  1.89 ms, Total. 1.891 ms (0.0%)
[Performance] Application.Shutdown.ProfilerSession                                                                           :        1 samples, Peak.  1.15 ms (1.0x), Avg.  1.15 ms, Total. 1.153 ms (0.0%)
[Performance] Application.Shutdown.ReleaseGfxWindowOnAllGUIViews                                                             :        1 samples, Peak.   625 ns (1.0x), Avg.   625 ns, Total. 625.0 ns (0.0%)
[Performance] Application.Shutdown.CleanupEngine                                                                             :        1 samples, Peak.   410 ms (1.0x), Avg.   410 ms, Total. 410.0 ms (1.4%)
[Performance] Application.Shutdown.CleanupAssetDatabase                                                                      :        1 samples, Peak.  14.4 ms (1.0x), Avg.  14.4 ms, Total. 14.43 ms (0.0%)
[Performance] Application.Shutdown.ScriptCompilationCleanUp                                                                  :        1 samples, Peak.   200 us (1.0x), Avg.   200 us, Total. 200.2 us (0.0%)
[Performance] Application.Shutdown.DestroyJobSystem                                                                          :        1 samples, Peak.   391 us (1.0x), Avg.   391 us, Total. 390.8 us (0.0%)
[Performance] Application.Shutdown.CleanupPersistentManager                                                                  :        1 samples, Peak.  2.97 ms (1.0x), Avg.  2.97 ms, Total. 2.965 ms (0.0%)
[Performance] Application.Shutdown.CleanupAsyncReadManager                                                                   :        1 samples, Peak.  83.1 us (1.0x), Avg.  83.1 us, Total. 83.12 us (0.0%)
[Performance] Application.Shutdown.CleanupMono                                                                               :        1 samples, Peak.  1.36 s (1.0x), Avg.  1.36 s, Total. 1.361 s (4.5%)
[Performance] Application.Shutdown.CleanupStdConverters                                                                      :        1 samples, Peak.  13.7 us (1.0x), Avg.  13.7 us, Total. 13.67 us (0.0%)
[Performance] Application.Shutdown.UnloadAllPlatformSupportModuleNativeDlls                                                  :        1 samples, Peak.   242 us (1.0x), Avg.   242 us, Total. 242.5 us (0.0%)
[Performance] Application.Shutdown.UnloadAllPlatformSupportNativeLibraries                                                   :        1 samples, Peak.  1.46 us (1.0x), Avg.  1.46 us, Total. 1.458 us (0.0%)
[Performance] Application.Shutdown.CleanupAutoDocumentation                                                                  :        1 samples, Peak.   901 us (1.0x), Avg.   901 us, Total. 901.2 us (0.0%)
[Performance] Application.Shutdown.ShaderNameManagerDestroy                                                                  :        1 samples, Peak.   258 us (1.0x), Avg.   258 us, Total. 258.5 us (0.0%)
[Performance] Application.Shutdown.CleanupCacheServer                                                                        :        1 samples, Peak.   167 ns (1.0x), Avg.   167 ns, Total. 167.0 ns (0.0%)
[Performance] Application.Shutdown.Virtualization_Shutdown                                                                   :        1 samples, Peak.   173 us (1.0x), Avg.   173 us, Total. 173.5 us (0.0%)
[Performance] Application.Shutdown.DevConnections                                                                            :        1 samples, Peak.   266 us (1.0x), Avg.   266 us, Total. 265.6 us (0.0%)
Exiting batchmode successfully now!
[Package Manager] Server::Kill -- Server was shutdown
